SQLcl: Release 4.2.0.16.153.2014 RC on Thu May 16 05:10:42 2019

Copyright (c) 1982, 2019, Oracle.  All rights reserved.

Username? (''?) hr
Password? (**********?) ******
Last Successful login time: Thu May 16 2019 05:11:20 -04:00

Connected to:
Oracle Database 12c Enterprise Edition Release 12.1.0.2.0 - 64bit Production
With the Partitioning, OLAP, Advanced Analytics and Real Application Testing options


SQL> create table school(regno number(3), name(30), mark(3));

Error starting at line : 1 in command -
create table school(regno number(3), name(30), mark(3))
Error report -
ORA-00902: invalid datatype
00902. 00000 -  "invalid datatype"
*Cause:    



SQL> create table school(regno number(3), name char(30), mark number(3));
Table SCHOOL created.

SQL> insert into school values (25,'Peter',75);

1 row inserted.

SQL> insert into school values (26, 'John', 70);

1 row inserted.

SQL> select * from school;

     REGNO NAME                                 MARK
---------- ------------------------------ ----------
        25 Peter                                  75
        26 John                                   70

SQL> insert into school (27,'Smith',80);

Error starting at line : 1 in command -
insert into school (27,'Smith',80)
Error at Command Line : 1 Column : 21
Error report -
SQL Error: ORA-00928: missing SELECT keyword
00928. 00000 -  "missing SELECT keyword"
*Cause:    



SQL> insert into schoolvalues (27,'Smith',80);
Error starting at line : 1 in command -
insert into schoolvalues (27,'Smith',80)
Error at Command Line : 1 Column : 27
Error report -
SQL Error: ORA-00928: missing SELECT keyword
00928. 00000 -  "missing SELECT keyword"
*Cause:    


SQL> insert into school values (27,'Smith',80);
1 row inserted.

SQL> select * from school;

     REGNO NAME                                 MARK
---------- ------------------------------ ----------
        25 Peter                                  75
        26 John                                   70
        27 Smith                                  80

SQL> insert into school vslues(28, "Ian', 60);

Error starting at line : 1 in command -
insert into school vslues(28, "Ian', 60)
Error at Command Line : 1 Column : 27
Error report -
SQL Error: ORA-01740: missing double quote in identifier
01740. 00000 -  "missing double quote in identifier"
*Cause:    


SQL> insert into school values(28, "Ian', 60);
Error starting at line : 1 in command -
insert into school values(28, "Ian', 60)
Error at Command Line : 1 Column : 31
Error report -
SQL Error: ORA-01740: missing double quote in identifier
01740. 00000 -  "missing double quote in identifier"
*Cause:    


SQL> insert into school values(28, 'Ian', 60);
1 row inserted.


SQL> select * from school;

     REGNO NAME                                 MARK
---------- ------------------------------ ----------
        25 Peter                                  75
        26 John                                   70
        27 Smith                                  80
        28 Ian                                    60

SQL> create table Tesco(Product char(30), price number(4), QTY number(3);

Error starting at line : 1 in command -
create table Tesco(Product char(30), price number(4), QTY number(3)
Error report -
ORA-00907: missing right parenthesis
00907. 00000 -  "missing right parenthesis"
*Cause:    


SQL> create table Tesco(Product char(30), price number(4), QTY number(3));
Table TESCO created.



SQL> create table Tesco(Product char(30), price float(4), QTY number(3));
Error starting at line : 1 in command -
create table Tesco(Product char(30), price float(4), QTY number(3))
Error report -
ORA-00955: name is already used by an existing object
00955. 00000 -  "name is already used by an existing object"
*Cause:    



SQL> insert into Tesco values('milk',1,100);
1 row inserted.

SQL> select name, marks*100/150 from school;

Error starting at line : 1 in command -
select name, marks*100/150 from school
Error at Command Line : 1 Column : 14
Error report -
SQL Error: ORA-00904: "MARKS": invalid identifier
00904. 00000 -  "%s: invalid identifier"
*Cause:    
*Action:
SQL> select * from school;

     REGNO NAME                                 MARK
---------- ------------------------------ ----------
        25 Peter                                  75
        26 John                                   70
        27 Smith                                  80
        28 Ian                                    60

SQL> select name, mark * 100/150 from school;

NAME                           MARK*100/150
------------------------------ ------------
Peter                                    50
John                             46.6666667
Smith                            53.3333333
Ian                                      40

SQL> slect * from Tesco;

Error starting at line : 1 in command -
slect * from Tesco
Error report -
Unknown Command

SQL> select * from Tesco;

PRODUCT                             PRICE        QTY
------------------------------ ---------- ----------
milk                                    1        100

SQL> select name, mark*100/150 from school;

NAME                           MARK*100/150
------------------------------ ------------
Peter                                    50
John                             46.6666667
Smith                            53.3333333
Ian                                      40



SQL> select name, mark*(100/150) from school;
NAME                           MARK*(100/150)
------------------------------ --------------
Peter                                      50
John                               46.6666667
Smith                              53.3333333
Ian                                        40


SQL> select name, mark*100/150 from school;

NAME                           MARK*100/150
------------------------------ ------------
Peter                                    50
John                             46.6666667
Smith                            53.3333333
Ian                                      40

SQL> tables

TABLES                                                                          
--------------------------------------------------------------------------------
REGIONS                                                                         
LOCATIONS                                                                       
DEPARTMENTS                                                                     
JOBS                                                                            
EMPLOYEES                                                                       
JOB_HISTORY                                                                     
SCHOOL                                                                          
TESCO                                                                           
COUNTRIES                                                                       

9 rows selected. 

SQL> slect * from countries;

Error starting at line : 1 in command -
slect * from countries
Error report -
Unknown Command


SQL> select * from countries;
CO COUNTRY_NAME                              REGION_ID
-- ---------------------------------------- ----------
AR Argentina                                         2
AU Australia                                         3
BE Belgium                                           1
BR Brazil                                            2
CA Canada                                            2
CH Switzerland                                       1
CN China                                             3
DE Germany                                           1
DK Denmark                                           1
EG Egypt                                             4
FR France                                            1
HK HongKong                                          3
IL Israel                                            4
IN India                                             3
IT Italy                                             1
JP Japan                                             3
KW Kuwait                                            4
MX Mexico                                            2
NG Nigeria                                           4
NL Netherlands                                       1
SG Singapore                                         3

CO COUNTRY_NAME                              REGION_ID
-- ---------------------------------------- ----------
UK United Kingdom                                    1
US United States of America                          2
ZM Zambia                                            4
ZW Zimbabwe                                          4

25 rows selected. 

SQL> select name, marks*100/150 from school;

Error starting at line : 1 in command -
select name, marks*100/150 from school
Error at Command Line : 1 Column : 14
Error report -
SQL Error: ORA-00904: "MARKS": invalid identifier
00904. 00000 -  "%s: invalid identifier"
*Cause:    


SQL> select name, mark*100/150 from school;
NAME                           MARK*100/150
------------------------------ ------------
Peter                                    50
John                             46.6666667
Smith                            53.3333333
Ian                                      40

SQL> select * from Tesco;

PRODUCT                             PRICE        QTY
------------------------------ ---------- ----------
milk                                    1        100

SQL> insert into Tesco values('bread', 200);

Error starting at line : 1 in command -
insert into Tesco values('bread', 200)
Error at Command Line : 1 Column : 13
Error report -
SQL Error: ORA-00947: not enough values
00947. 00000 -  "not enough values"
*Cause:    


SQL> insert into Tesco values('bread', 2, 200);
1 row inserted.


SQL> select product, price*qty as Amount, (price*qty)*15/100 as Vat, (price*qty)+((price*qty)*15/100) as Bill;
Error starting at line : 1 in command -
select product, price*qty as Amount, (price*qty)*15/100 as Vat, (price*qty)+((price*qty)*15/100) as Bill
Error at Command Line : 1 Column : 104
Error report -
SQL Error: ORA-00923: FROM keyword not found where expected
00923. 00000 -  "FROM keyword not found where expected"
*Cause:    


SQL> select product, price*qty as Amount, (price*qty)*15/100 as Vat, (price*qty)+((price*qty)*15/100) as Bill;

Error starting at line : 1 in command -
select product, price*qty as Amount, (price*qty)*15/100 as Vat, (price*qty)+((price*qty)*15/100) as Bill
Error at Command Line : 1 Column : 104
Error report -
SQL Error: ORA-00923: FROM keyword not found where expected
00923. 00000 -  "FROM keyword not found where expected"
*Cause:    
*Action:
SQL> describe Tesco;
Name    Null? Type      
------- ----- --------- 
PRODUCT       CHAR(30)  
PRICE         NUMBER(4) 


SQL> describe Tesco;
Name    Null? Type      
------- ----- --------- 
PRODUCT       CHAR(30)  
PRICE         NUMBER(4) 


SQL> select product, price*qty as Amount, (price*qty)*15/100 as Vat, (price*qty)+((price*qty)*15/100) as Bill;

Error starting at line : 1 in command -
select product, price*qty as Amount, (price*qty)*15/100 as Vat, (price*qty)+((price*qty)*15/100) as Bill
Error at Command Line : 1 Column : 104
Error report -
SQL Error: ORA-00923: FROM keyword not found where expected
00923. 00000 -  "FROM keyword not found where expected"
*Cause:    


SQL> select product, price*qty as Amount, (price*qty)*15/100 as Vat, (price*qty)+((price*qty)*15/100) as Bill from Tesco;
PRODUCT                            AMOUNT        VAT       BILL
------------------------------ ---------- ---------- ----------
milk                                  100         15        115
bread                                 400         60        460

SQL> 
SQL> insert into Tesco values('choclate', 1, 20);
1 row inserted.


SQL> select product, price*qty as Amount, (price*qty)*15/100 as Vat, (price*qty)+((price*qty)*15/100) as Bill from Tesco;

PRODUCT                            AMOUNT        VAT       BILL
------------------------------ ---------- ---------- ----------
milk                                  100         15        115
bread                                 400         60        460
choclate                               20          3         23


SQL> select product, price, qty,  price*qty as Amount, (price*qty)*15/100 as Vat, (price*qty)+((price*qty)*15/100) as Bill from Tesco;
PRODUCT                             PRICE        QTY     AMOUNT        VAT
------------------------------ ---------- ---------- ---------- ----------
      BILL
----------
milk                                    1        100        100         15 
       115

bread                                   2        200        400         60 
       460

choclate                                1         20         20          3 
        23



SQL> select product,price,qty,price*qty as Amount, (price*qty)*15/100 as Vat, (price*qty)+((price*qty)*15/100) as Bill from Tesco;
PRODUCT                             PRICE        QTY     AMOUNT        VAT
------------------------------ ---------- ---------- ---------- ----------
      BILL
----------
milk                                    1        100        100         15 
       115

bread                                   2        200        400         60 
       460

choclate                                1         20         20          3 
        23


SQL> create table asda(product char(20), price_purchesed number (5,2), price_sold number (5,2), qty_purchesed number (3), qty_sold number(3);
Error starting at line : 1 in command -
create table asda(product char(20), price_purchesed number (5,2), price_sold number (5,2), qty_purchesed number (3), qty_sold number(3)
Error report -
ORA-00907: missing right parenthesis
00907. 00000 -  "missing right parenthesis"
*Cause:    


SQL> create table asda(product char(20), price_purchesed number (5,2), price_sold number (5,2), qty_purchesed number (3), qty_sold number(3));
Table ASDA created.

SQL> insert into asda('7up', 1.75,2.00,15,10);

Error starting at line : 1 in command -
insert into asda('7up', 1.75,2.00,15,10)
Error at Command Line : 1 Column : 18
Error report -
SQL Error: ORA-00928: missing SELECT keyword
00928. 00000 -  "missing SELECT keyword"
*Cause:    


SQL> insert into asda values('7up', 1.75,2.00,15,10);
1 row inserted.


SQL> insert into asda values('coke', 2.50,3.50,20,15);
1 row inserted.

SQL> insert into asda values('fanta',2.20,3.10,10,5);

1 row inserted.

SQL> select product,(price_sold-price_purchesed)*qty_sold as profit from asda;

PRODUCT                  PROFIT
-------------------- ----------
7up                         2.5
coke                         15
fanta                       4.5

SQL> select product, (qty_purchesed-qty_sold) as stock from asda;
PRODUCT                   STOCK
-------------------- ----------
7up                           5
coke                          5
fanta                         5

SQL> insert into asda('pepsi', 1.20,2.0,20,15);

Error starting at line : 1 in command -
insert into asda('pepsi', 1.20,2.0,20,15)
Error at Command Line : 1 Column : 18
Error report -
SQL Error: ORA-00928: missing SELECT keyword
00928. 00000 -  "missing SELECT keyword"
*Cause:    


SQL> insert into asda values('pepsi', 1.20,2.0,20,15);
1 row inserted.

SQL> select * from asda;

PRODUCT              PRICE_PURCHESED PRICE_SOLD QTY_PURCHESED   QTY_SOLD
-------------------- --------------- ---------- ------------- ----------
7up                             1.75          2            15         10
coke                             2.5        3.5            20         15
fanta                            2.2        3.1            10          5
pepsi                            1.2          2            20         15


SQL> select product,(price_sold-price_purchesed)*qty_sold as profit from asda;

PRODUCT                  PROFIT
-------------------- ----------
7up                         2.5
coke                         15
fanta                       4.5
pepsi                        12


SQL> select product, (qty_purchesed-qty_sold) as stock from asda;

PRODUCT                   STOCK
-------------------- ----------
7up                           5
coke                          5
fanta                         5
pepsi                         5






SQL>    SELECT Your_Column_Name

Error starting at line : 1 in command -
SELECT Your_Column_Name
Error at Command Line : 1 Column : 23
Error report -
SQL Error: ORA-00923: FROM keyword not found where expected
00923. 00000 -  "FROM keyword not found where expected"
*Cause:    
*Action:
SQL>     FROM Your_Table_Name

Error starting at line : 1 in command -
FROM Your_Table_Name
Error report -
Unknown Command

SQL>     INTO OUTFILE 'Filename.csv'

Error starting at line : 1 in command -
INTO OUTFILE 'Filename.csv'
Error report -
Unknown Command

SQL>     FIELDS TERMINATED BY ','

Error starting at line : 1 in command -
FIELDS TERMINATED BY ','
Error report -
Unknown Command

SQL>     ENCLOSED BY '"'

Error starting at line : 1 in command -






SQL>    SELECT product, price_purchesed
  2      FROM asda
  3      INTO OUTFILE 'Filename.csv'
  4      FIELDS TERMINATED BY ','
  5      ENCLOSED BY '"'
  6*     LINES TERMINATED BY '\n';
Error starting at line : 1 in command -
SELECT product, price_purchesed
    FROM asda
    INTO OUTFILE 'Filename.csv'
    FIELDS TERMINATED BY ','
    ENCLOSED BY '"'
    LINES TERMINATED BY '\n'
Error at Command Line : 3 Column : 5








SQL> SELECT * from asda INTO OUTFILE 'Filename.csv'
  2      FIELDS TERMINATED BY ','
  3      ENCLOSED BY '"'
  4*     LINES TERMINATED BY '\n';
Error starting at line : 1 in command -
SELECT * from asda INTO OUTFILE 'Filename.csv'
    FIELDS TERMINATED BY ','
    ENCLOSED BY '"'
    LINES TERMINATED BY '\n'
Error at Command Line : 1 Column : 20
Error report -
SQL Error: ORA-00933: SQL command not properly ended









SQL> select * from asda;

PRODUCT              PRICE_PURCHESED PRICE_SOLD QTY_PURCHESED   QTY_SOLD
-------------------- --------------- ---------- ------------- ----------
7up                             1.75          2            15         10
coke                             2.5        3.5            20         15
fanta                            2.2        3.1            10          5








SQL> select product,(price_sold-price_purchesed)*qty_sold as profit from asda;

PRODUCT                  PROFIT
-------------------- ----------
7up                         2.5
coke                         15
fanta                       4.5








SQL> select product, (qty_purchesed-qty_sold) as stock from asda;

PRODUCT                   STOCK
-------------------- ----------
7up                           5
coke                          5
fanta                         5
pepsi                         5

SQL> select * from tesco where product ='7up';


SQL> select * from asda  where product ='7up';
PRODUCT              PRICE_PURCHESED PRICE_SOLD QTY_PURCHESED   QTY_SOLD
-------------------- --------------- ---------- ------------- ----------
7up                             1.75          2            15         10

SQL> select * from school;

     REGNO NAME                                 MARK
---------- ------------------------------ ----------
        25 Peter                                  75
        26 John                                   70
        27 Smith                                  80
        28 Ian                                    60

SQL> select name, marks*100/150 as percentage from school where regno =2;

Error starting at line : 1 in command -
select name, marks*100/150 as percentage from school where regno =2
Error at Command Line : 1 Column : 14
Error report -
SQL Error: ORA-00904: "MARKS": invalid identifier
00904. 00000 -  "%s: invalid identifier"
*Cause:    




SQL> select name, mark*100/150 as percentage from school where regno =26;
NAME                           PERCENTAGE
------------------------------ ----------
John                           46.6666667



SQL> select name, mark*100/150 as percentage from school where regno >26;
NAME                           PERCENTAGE
------------------------------ ----------
Smith                          53.3333333
Ian                                    40

SQL> select product,qty_purchesed, qty_sold as stock from asda where qty_purchersed-qty_sold < 10;

Error starting at line : 1 in command -
select product,qty_purchesed, qty_sold as stock from asda where qty_purchersed-qty_sold < 10
Error at Command Line : 1 Column : 65
Error report -
SQL Error: ORA-00904: "QTY_PURCHERSED": invalid identifier
00904. 00000 -  "%s: invalid identifier"
*Cause:    


SQL> select product,qty_purchesed, qty_sold as stock from asda where qty_purchersed-qty_sold < 5;
Error starting at line : 1 in command -
select product,qty_purchesed, qty_sold as stock from asda where qty_purchersed-qty_sold < 5
Error at Command Line : 1 Column : 65
Error report -
SQL Error: ORA-00904: "QTY_PURCHERSED": invalid identifier
00904. 00000 -  "%s: invalid identifier"
*Cause:    


SQL> select product,qty_purchesed, qty_sold as stock from asda where qty_purchersed-qty_sold < 2;
Error starting at line : 1 in command -
select product,qty_purchesed, qty_sold as stock from asda where qty_purchersed-qty_sold < 2
Error at Command Line : 1 Column : 65
Error report -
SQL Error: ORA-00904: "QTY_PURCHERSED": invalid identifier
00904. 00000 -  "%s: invalid identifier"
*Cause:    








SQL> select product,qty_purchesed, qty_sold as stock from asda where qty_purchesed-qty_sold < 10;
PRODUCT              QTY_PURCHESED      STOCK
-------------------- ------------- ----------
7up                             15         10
coke                            20         15
fanta                           10          5




SQL> create table consulants (regno number(2), name char(20), client char(20), software char(10), marks number(3);_
Error starting at line : 1 in command -
create table consulants (regno number(2), name char(20), client char(20), software char(10), marks number(3)
Error report -
ORA-00907: missing right parenthesis
00907. 00000 -  "missing right parenthesis"
*Cause:    
*Action:

Error starting at line : 1 in command -
_
Error report -
Unknown Command


SQL> create table consulants (regno number(2), name char(20), client char(20), software char(10), marks number(3));
Table CONSULANTS created.

SQL> select * from consultants;

Error starting at line : 1 in command -
select * from consultants
Error at Command Line : 1 Column : 15
Error report -
SQL Error: ORA-00942: table or view does not exist
00942. 00000 -  "table or view does not exist"
*Cause:    


SQL> insert into consultants values(1, 'a', 'ibm', 'java', 95);
Error starting at line : 1 in command -
insert into consultants values(1, 'a', 'ibm', 'java', 95)
Error at Command Line : 1 Column : 13
Error report -
SQL Error: ORA-00942: table or view does not exist
00942. 00000 -  "table or view does not exist"
*Cause:    


SQL> insert into consultants value(1, 'a', 'ibm', 'java', 95);
Error starting at line : 1 in command -
insert into consultants value(1, 'a', 'ibm', 'java', 95)
Error at Command Line : 1 Column : 31
Error report -
SQL Error: ORA-00928: missing SELECT keyword
00928. 00000 -  "missing SELECT keyword"
*Cause:    


SQL> insert into consultants values(1,'a','ibm','java',95);
Error starting at line : 1 in command -
insert into consultants values(1,'a','ibm','java',95)
Error at Command Line : 1 Column : 13
Error report -
SQL Error: ORA-00942: table or view does not exist
00942. 00000 -  "table or view does not exist"
*Cause:    


SQL> create table consulants (regno number(2), name char(20), client char(20), software char(10), marks number(3));

Error starting at line : 1 in command -
create table consulants (regno number(2), name char(20), client char(20), software char(10), marks number(3))
Error report -
ORA-00955: name is already used by an existing object
00955. 00000 -  "name is already used by an existing object"
*Cause:    


SQL> select * from consultants;

Error starting at line : 1 in command -
select * from consultants
Error at Command Line : 1 Column : 15
Error report -
SQL Error: ORA-00942: table or view does not exist
00942. 00000 -  "table or view does not exist"
*Cause:    


SQL> create table consulans (regno number(2), name char(20), client char(20), software char(10), marks number(3));
Table CONSULANS created.


SQL> create table consulans (regno number(2), name char(20), client char(20), software char(10), marks number(3));
Error starting at line : 1 in command -
create table consulans (regno number(2), name char(20), client char(20), software char(10), marks number(3))
Error report -
ORA-00955: name is already used by an existing object
00955. 00000 -  "name is already used by an existing object"
*Cause:    





SQL> insert into consulans values(1,'a','ibm','java',95);
1 row inserted.


SQL> insert into consulans values(2,'b','ons','java',80);
1 row inserted.


SQL> insert into consulans values(3,'c','ibm','python',90);
1 row inserted.


SQL> insert into consulans values(4,'d','ons','python',95);
1 row inserted.

SQL> select * from consulans;

     REGNO NAME                 CLIENT               SOFTWARE        MARKS
---------- -------------------- -------------------- ---------- ----------
         1 a                    ibm                  java               95
         2 b                    ons                  java               80
         3 c                    ibm                  python             90
         4 d                    ons                  python             95

SQL> select * from consulans where client 'ibm' and software = 'java';

Error starting at line : 1 in command -
select * from consulans where client 'ibm' and software = 'java'
Error at Command Line : 1 Column : 38
Error report -
SQL Error: ORA-00920: invalid relational operator
00920. 00000 -  "invalid relational operator"
*Cause:    



SQL> select * from consulans where client 'ibm' AND software = 'java';
Error starting at line : 1 in command -
select * from consulans where client 'ibm' AND software = 'java'
Error at Command Line : 1 Column : 38
Error report -
SQL Error: ORA-00920: invalid relational operator
00920. 00000 -  "invalid relational operator"
*Cause:    
*Action:
SQL> SETLINE SIZE 400;
SP2-0158: unknown SET option "size"


SQL> select * from consulans where client = 'ibm' AND software = 'java';
     REGNO NAME                 CLIENT               SOFTWARE        MARKS
---------- -------------------- -------------------- ---------- ----------
         1 a                    ibm                  java               95

SQL> select * from consulans where marks >= 80 and marks <=90;

     REGNO NAME                 CLIENT               SOFTWARE        MARKS
---------- -------------------- -------------------- ---------- ----------
         2 b                    ons                  java               80
         3 c                    ibm                  python             90

SQL> insert into cons


SQL> 


SQL> select * from consulans where (client in ('ibm', 'ons') or software ='java' and marks > 90;

Error starting at line : 1 in command -
select * from consulans where (client in ('ibm', 'ons') or software ='java' and marks > 90
Error at Command Line : 1 Column : 39
Error report -
SQL Error: ORA-00907: missing right parenthesis
00907. 00000 -  "missing right parenthesis"
*Cause:    


SQL> select * from consulans where (client in ('ibm', 'ons') or software ='java') and marks > 90;
     REGNO NAME                 CLIENT               SOFTWARE        MARKS
---------- -------------------- -------------------- ---------- ----------
         1 a                    ibm                  java               95
         4 d                    ons                  python             95

SQL> insert into consulans values(5,'e', 'bdi','vb',86);

1 row inserted.

SQL> insert into consulans values(6,'f','bdi','vb',78);

1 row inserted.


SQL> select * from consulans where (client in ('ibm', 'ons') or software ='java') and marks > 90;

     REGNO NAME                 CLIENT               SOFTWARE        MARKS
---------- -------------------- -------------------- ---------- ----------
         1 a                    ibm                  java               95
         4 d                    ons                  python             95

SQL> select * from consulans;

     REGNO NAME                 CLIENT               SOFTWARE        MARKS
---------- -------------------- -------------------- ---------- ----------
         1 a                    ibm                  java               95
         2 b                    ons                  java               80
         3 c                    ibm                  python             90
         4 d                    ons                  python             95
         5 e                    bdi                  vb                 86
         6 f                    bdi                  vb                 78

6 rows selected. 

SQL> s

Error starting at line : 1 in command -
s
Error report -
Unknown Command

SQL> select * from consulans where (client in('bdi','bm') or subject = 'vb') and marks >70;

Error starting at line : 1 in command -
select * from consulans where (client in('bdi','bm') or subject = 'vb') and marks >70
Error at Command Line : 1 Column : 57
Error report -
SQL Error: ORA-00904: "SUBJECT": invalid identifier
00904. 00000 -  "%s: invalid identifier"
*Cause:    



SQL> select * from consulans where (client in('bdi','bm') or subject = 'vb') and marks >70);
Error starting at line : 1 in command -
select * from consulans where (client in('bdi','bm') or subject = 'vb') and marks >70)
Error at Command Line : 1 Column : 86
Error report -
SQL Error: ORA-00933: SQL command not properly ended
00933. 00000 -  "SQL command not properly ended"
*Cause:    


SQL> select * from consulans where (client in('bdi','bm') or subject = 'vb') and marks >70);
Error starting at line : 1 in command -
select * from consulans where (client in('bdi','bm') or subject = 'vb') and marks >70)
Error at Command Line : 1 Column : 86
Error report -
SQL Error: ORA-00933: SQL command not properly ended
00933. 00000 -  "SQL command not properly ended"
*Cause:    


SQL> select * from consulans where (client in('bdi','bm') or subject = 'vb') and marks >70;
Error starting at line : 1 in command -
select * from consulans where (client in('bdi','bm') or subject = 'vb') and marks >70
Error at Command Line : 1 Column : 57
Error report -
SQL Error: ORA-00904: "SUBJECT": invalid identifier
00904. 00000 -  "%s: invalid identifier"
*Cause:    


SQL> select * from consulans where (client in ('ibm', 'ons') or software ='java') and marks > 90;

     REGNO NAME                 CLIENT               SOFTWARE        MARKS
---------- -------------------- -------------------- ---------- ----------
         1 a                    ibm                  java               95
         4 d                    ons                  python             95

SQL> select * from consulans;

     REGNO NAME                 CLIENT               SOFTWARE        MARKS
---------- -------------------- -------------------- ---------- ----------
         1 a                    ibm                  java               95
         2 b                    ons                  java               80
         3 c                    ibm                  python             90
         4 d                    ons                  python             95
         5 e                    bdi                  vb                 86
         6 f                    bdi                  vb                 78

6 rows selected. 

SQL> select * from consulans where not client in ('ons','bdi');

     REGNO NAME                 CLIENT               SOFTWARE        MARKS
---------- -------------------- -------------------- ---------- ----------
         1 a                    ibm                  java               95
         3 c                    ibm                  python             90

SQL> select * from consulans where not client in ('ons','java');

     REGNO NAME                 CLIENT               SOFTWARE        MARKS
---------- -------------------- -------------------- ---------- ----------
         1 a                    ibm                  java               95
         3 c                    ibm                  python             90
         5 e                    bdi                  vb                 86
         6 f                    bdi                  vb                 78



SQL> create table nationwide ('regno', 'name', 'salary');
Error starting at line : 1 in command -
create table nationwide ('regno', 'name', 'salary')
Error report -
ORA-00904: : invalid identifier
00904. 00000 -  "%s: invalid identifier"
*Cause:    


SQL> create table nationwide values('regno', 'name', 'salary');
Error starting at line : 1 in command -
create table nationwide values('regno', 'name', 'salary')
Error report -
ORA-00922: missing or invalid option
00922. 00000 -  "missing or invalid option"
*Cause:    


SQL> create table nationwide('regno', 'name', 'salary');
Error starting at line : 1 in command -
create table nationwide('regno', 'name', 'salary')
Error report -
ORA-00904: : invalid identifier
00904. 00000 -  "%s: invalid identifier"
*Cause:    


SQL> create table nationwide('regno'char(3), 'name' char(30), 'salary' number(6));
Error starting at line : 1 in command -
create table nationwide('regno'char(3), 'name' char(30), 'salary' number(6))
Error report -
ORA-00904: : invalid identifier
00904. 00000 -  "%s: invalid identifier"
*Cause:    


SQL> create table nationwide('regno' char(3), 'name' char(30), 'salary' number(6));
Error starting at line : 1 in command -
create table nationwide('regno' char(3), 'name' char(30), 'salary' number(6))
Error report -
ORA-00904: : invalid identifier
00904. 00000 -  "%s: invalid identifier"
*Cause:    


SQL> create table nationwide(regno char(3), name char(30), salary number(6));
Table NATIONWIDE created.

SQL> insert into nationwide values(1, 'john', 20000);

1 row inserted.

SQL> insert into nationwide values(2,'peter',21000);

1 row inserted.


SQL> insert into nationwide values(2,'smiyj',25000);
1 row inserted.


SQL> insert into nationwide values(2,'late ben',23000);
1 row inserted.

SQL> select * from nationwide;

REG NAME                               SALARY
--- ------------------------------ ----------
1   john                                20000
2   peter                               21000
2   smiyj                               25000
2   late ben                            23000

SQL> update nationwide set name ='smith' where name ='smiyj';

1 row updated.


SQL> select * from nationwide;

REG NAME                               SALARY
--- ------------------------------ ----------
1   john                                20000
2   peter                               21000
2   smith                               25000
2   late ben                            23000

SQL> update set reg = 3 where name ='smith';

Error starting at line : 1 in command -
update set reg = 3 where name ='smith'
Error at Command Line : 1 Column : 8
Error report -
SQL Error: ORA-00903: invalid table name
00903. 00000 -  "invalid table name"
*Cause:    


SQL> update nationwide set reg = 3 where name ='smith';
Error starting at line : 1 in command -
update nationwide set reg = 3 where name ='smith'
Error at Command Line : 1 Column : 23
Error report -
SQL Error: ORA-00904: "REG": invalid identifier
00904. 00000 -  "%s: invalid identifier"
*Cause:    


SQL> update nationwide set reg = '3' where name ='smith';
Error starting at line : 1 in command -
update nationwide set reg = '3' where name ='smith'
Error at Command Line : 1 Column : 23
Error report -
SQL Error: ORA-00904: "REG": invalid identifier
00904. 00000 -  "%s: invalid identifier"
*Cause:    


SQL> update nationwide set regno = 3 where name ='smith';
1 row updated.


SQL> select * from nationwide;

REG NAME                               SALARY
--- ------------------------------ ----------
1   john                                20000
2   peter                               21000
3   smith                               25000
2   late ben                            23000


SQL> update nationwide set regno = 4 where name ='late smith';
0 rows updated.


SQL> update nationwide set regno = 4 where name ='late ben';
1 row updated.


SQL> select * from nationwide;

REG NAME                               SALARY
--- ------------------------------ ----------
1   john                                20000
2   peter                               21000
3   smith                               25000
4   late ben                            23000

SQL> select * from employees;

EMPLOYEE_ID FIRST_NAME           LAST_NAME                 EMAIL                     PHONE_NUMBER         HIRE_DATE JOB_ID         SALARY COMMISSION_PCT MANAGER_ID DEPARTMENT_ID
----------- -------------------- ------------------------- ------------------------- -------------------- --------- ---------- ---------- -------------- ---------- -------------
        100 Steven               King                      SKING                     515.123.4567         17-JUN-87 AD_PRES         24000 NULL           NULL                  90
        101 Neena                Kochhar                   NKOCHHAR                  515.123.4568         21-SEP-89 AD_VP           17000 NULL                  100            90
        102 Lex                  De Haan                   LDEHAAN                   515.123.4569         13-JAN-93 AD_VP           17000 NULL                  100            90
        103 Alexander            Hunold                    AHUNOLD                   590.423.4567         03-JAN-90 IT_PROG          9000 NULL                  102            60
        104 Bruce                Ernst                     BERNST                    590.423.4568         21-MAY-91 IT_PROG          6000 NULL                  103            60
        105 David                Austin                    DAUSTIN                   590.423.4569         25-JUN-97 IT_PROG          4800 NULL                  103            60
        106 Valli                Pataballa                 VPATABAL                  590.423.4560         05-FEB-98 IT_PROG          4800 NULL                  103            60
        107 Diana                Lorentz                   DLORENTZ                  590.423.5567         07-FEB-99 IT_PROG          4200 NULL                  103            60
        108 Nancy                Greenberg                 NGREENBE                  515.124.4569         17-AUG-94 FI_MGR          12000 NULL                  101           100
        109 Daniel               Faviet                    DFAVIET                   515.124.4169         16-AUG-94 FI_ACCOUNT       9000 NULL                  108           100
        110 John                 Chen                      JCHEN                     515.124.4269         28-SEP-97 FI_ACCOUNT       8200 NULL                  108           100
        111 Ismael               Sciarra                   ISCIARRA                  515.124.4369         30-SEP-97 FI_ACCOUNT       7700 NULL                  108           100
        112 Jose Manuel          Urman                     JMURMAN                   515.124.4469         07-MAR-98 FI_ACCOUNT       7800 NULL                  108           100
        113 Luis                 Popp                      LPOPP                     515.124.4567         07-DEC-99 FI_ACCOUNT       6900 NULL                  108           100
        114 Den                  Raphaely                  DRAPHEAL                  515.127.4561         07-DEC-94 PU_MAN          11000 NULL                  100            30
        115 Alexander            Khoo                      AKHOO                     515.127.4562         18-MAY-95 PU_CLERK         3100 NULL                  114            30
        116 Shelli               Baida                     SBAIDA                    515.127.4563         24-DEC-97 PU_CLERK         2900 NULL                  114            30
        117 Sigal                Tobias                    STOBIAS                   515.127.4564         24-JUL-97 PU_CLERK         2800 NULL                  114            30
        118 Guy                  Himuro                    GHIMURO                   515.127.4565         15-NOV-98 PU_CLERK         2600 NULL                  114            30
        119 Karen                Colmenares                KCOLMENA                  515.127.4566         10-AUG-99 PU_CLERK         2500 NULL                  114            30
        120 Matthew              Weiss                     MWEISS                    650.123.1234         18-JUL-96 ST_MAN           8000 NULL                  100            50

EMPLOYEE_ID FIRST_NAME           LAST_NAME                 EMAIL                     PHONE_NUMBER         HIRE_DATE JOB_ID         SALARY COMMISSION_PCT MANAGER_ID DEPARTMENT_ID
----------- -------------------- ------------------------- ------------------------- -------------------- --------- ---------- ---------- -------------- ---------- -------------
        121 Adam                 Fripp                     AFRIPP                    650.123.2234         10-APR-97 ST_MAN           8200 NULL                  100            50
        122 Payam                Kaufling                  PKAUFLIN                  650.123.3234         01-MAY-95 ST_MAN           7900 NULL                  100            50
        123 Shanta               Vollman                   SVOLLMAN                  650.123.4234         10-OCT-97 ST_MAN           6500 NULL                  100            50
        124 Kevin                Mourgos                   KMOURGOS                  650.123.5234         16-NOV-99 ST_MAN           5800 NULL                  100            50
        125 Julia                Nayer                     JNAYER                    650.124.1214         16-JUL-97 ST_CLERK         3200 NULL                  120            50
        126 Irene                Mikkilineni               IMIKKILI                  650.124.1224         28-SEP-98 ST_CLERK         2700 NULL                  120            50
        127 James                Landry                    JLANDRY                   650.124.1334         14-JAN-99 ST_CLERK         2400 NULL                  120            50
        128 Steven               Markle                    SMARKLE                   650.124.1434         08-MAR-00 ST_CLERK         2200 NULL                  120            50
        129 Laura                Bissot                    LBISSOT                   650.124.5234         20-AUG-97 ST_CLERK         3300 NULL                  121            50
        130 Mozhe                Atkinson                  MATKINSO                  650.124.6234         30-OCT-97 ST_CLERK         2800 NULL                  121            50
        131 James                Marlow                    JAMRLOW                   650.124.7234         16-FEB-97 ST_CLERK         2500 NULL                  121            50
        132 TJ                   Olson                     TJOLSON                   650.124.8234         10-APR-99 ST_CLERK         2100 NULL                  121            50
        133 Jason                Mallin                    JMALLIN                   650.127.1934         14-JUN-96 ST_CLERK         3300 NULL                  122            50
        134 Michael              Rogers                    MROGERS                   650.127.1834         26-AUG-98 ST_CLERK         2900 NULL                  122            50
        135 Ki                   Gee                       KGEE                      650.127.1734         12-DEC-99 ST_CLERK         2400 NULL                  122            50
        136 Hazel                Philtanker                HPHILTAN                  650.127.1634         06-FEB-00 ST_CLERK         2200 NULL                  122            50
        137 Renske               Ladwig                    RLADWIG                   650.121.1234         14-JUL-95 ST_CLERK         3600 NULL                  123            50
        138 Stephen              Stiles                    SSTILES                   650.121.2034         26-OCT-97 ST_CLERK         3200 NULL                  123            50
        139 John                 Seo                       JSEO                      650.121.2019         12-FEB-98 ST_CLERK         2700 NULL                  123            50
        140 Joshua               Patel                     JPATEL                    650.121.1834         06-APR-98 ST_CLERK         2500 NULL                  123            50
        141 Trenna               Rajs                      TRAJS                     650.121.8009         17-OCT-95 ST_CLERK         3500 NULL                  124            50

EMPLOYEE_ID FIRST_NAME           LAST_NAME                 EMAIL                     PHONE_NUMBER         HIRE_DATE JOB_ID         SALARY COMMISSION_PCT MANAGER_ID DEPARTMENT_ID
----------- -------------------- ------------------------- ------------------------- -------------------- --------- ---------- ---------- -------------- ---------- -------------
        142 Curtis               Davies                    CDAVIES                   650.121.2994         29-JAN-97 ST_CLERK         3100 NULL                  124            50
        143 Randall              Matos                     RMATOS                    650.121.2874         15-MAR-98 ST_CLERK         2600 NULL                  124            50
        144 Peter                Vargas                    PVARGAS                   650.121.2004         09-JUL-98 ST_CLERK         2500 NULL                  124            50
        145 John                 Russell                   JRUSSEL                   011.44.1344.429268   01-OCT-96 SA_MAN          14000             .4        100            80
        146 Karen                Partners                  KPARTNER                  011.44.1344.467268   05-JAN-97 SA_MAN          13500             .3        100            80
        147 Alberto              Errazuriz                 AERRAZUR                  011.44.1344.429278   10-MAR-97 SA_MAN          12000             .3        100            80
        148 Gerald               Cambrault                 GCAMBRAU                  011.44.1344.619268   15-OCT-99 SA_MAN          11000             .3        100            80
        149 Eleni                Zlotkey                   EZLOTKEY                  011.44.1344.429018   29-JAN-00 SA_MAN          10500             .2        100            80
        150 Peter                Tucker                    PTUCKER                   011.44.1344.129268   30-JAN-97 SA_REP          10000             .3        145            80
        151 David                Bernstein                 DBERNSTE                  011.44.1344.345268   24-MAR-97 SA_REP           9500            .25        145            80
        152 Peter                Hall                      PHALL                     011.44.1344.478968   20-AUG-97 SA_REP           9000            .25        145            80
        153 Christopher          Olsen                     COLSEN                    011.44.1344.498718   30-MAR-98 SA_REP           8000             .2        145            80
        154 Nanette              Cambrault                 NCAMBRAU                  011.44.1344.987668   09-DEC-98 SA_REP           7500             .2        145            80
        155 Oliver               Tuvault                   OTUVAULT                  011.44.1344.486508   23-NOV-99 SA_REP           7000            .15        145            80
        156 Janette              King                      JKING                     011.44.1345.429268   30-JAN-96 SA_REP          10000            .35        146            80
        157 Patrick              Sully                     PSULLY                    011.44.1345.929268   04-MAR-96 SA_REP           9500            .35        146            80
        158 Allan                McEwen                    AMCEWEN                   011.44.1345.829268   01-AUG-96 SA_REP           9000            .35        146            80
        159 Lindsey              Smith                     LSMITH                    011.44.1345.729268   10-MAR-97 SA_REP           8000             .3        146            80
        160 Louise               Doran                     LDORAN                    011.44.1345.629268   15-DEC-97 SA_REP           7500             .3        146            80
        161 Sarath               Sewall                    SSEWALL                   011.44.1345.529268   03-NOV-98 SA_REP           7000            .25        146            80
        162 Clara                Vishney                   CVISHNEY                  011.44.1346.129268   11-NOV-97 SA_REP          10500            .25        147            80

EMPLOYEE_ID FIRST_NAME           LAST_NAME                 EMAIL                     PHONE_NUMBER         HIRE_DATE JOB_ID         SALARY COMMISSION_PCT MANAGER_ID DEPARTMENT_ID
----------- -------------------- ------------------------- ------------------------- -------------------- --------- ---------- ---------- -------------- ---------- -------------
        163 Danielle             Greene                    DGREENE                   011.44.1346.229268   19-MAR-99 SA_REP           9500            .15        147            80
        164 Mattea               Marvins                   MMARVINS                  011.44.1346.329268   24-JAN-00 SA_REP           7200             .1        147            80
        165 David                Lee                       DLEE                      011.44.1346.529268   23-FEB-00 SA_REP           6800             .1        147            80
        166 Sundar               Ande                      SANDE                     011.44.1346.629268   24-MAR-00 SA_REP           6400             .1        147            80
        167 Amit                 Banda                     ABANDA                    011.44.1346.729268   21-APR-00 SA_REP           6200             .1        147            80
        168 Lisa                 Ozer                      LOZER                     011.44.1343.929268   11-MAR-97 SA_REP          11500            .25        148            80
        169 Harrison             Bloom                     HBLOOM                    011.44.1343.829268   23-MAR-98 SA_REP          10000             .2        148            80
        170 Tayler               Fox                       TFOX                      011.44.1343.729268   24-JAN-98 SA_REP           9600             .2        148            80
        171 William              Smith                     WSMITH                    011.44.1343.629268   23-FEB-99 SA_REP           7400            .15        148            80
        172 Elizabeth            Bates                     EBATES                    011.44.1343.529268   24-MAR-99 SA_REP           7300            .15        148            80
        173 Sundita              Kumar                     SKUMAR                    011.44.1343.329268   21-APR-00 SA_REP           6100             .1        148            80
        174 Ellen                Abel                      EABEL                     011.44.1644.429267   11-MAY-96 SA_REP          11000             .3        149            80
        175 Alyssa               Hutton                    AHUTTON                   011.44.1644.429266   19-MAR-97 SA_REP           8800            .25        149            80
        176 Jonathon             Taylor                    JTAYLOR                   011.44.1644.429265   24-MAR-98 SA_REP           8600             .2        149            80
        177 Jack                 Livingston                JLIVINGS                  011.44.1644.429264   23-APR-98 SA_REP           8400             .2        149            80
        178 Kimberely            Grant                     KGRANT                    011.44.1644.429263   24-MAY-99 SA_REP           7000            .15        149 NULL         
        179 Charles              Johnson                   CJOHNSON                  011.44.1644.429262   04-JAN-00 SA_REP           6200             .1        149            80
        180 Winston              Taylor                    WTAYLOR                   650.507.9876         24-JAN-98 SH_CLERK         3200 NULL                  120            50
        181 Jean                 Fleaur                    JFLEAUR                   650.507.9877         23-FEB-98 SH_CLERK         3100 NULL                  120            50
        182 Martha               Sullivan                  MSULLIVA                  650.507.9878         21-JUN-99 SH_CLERK         2500 NULL                  120            50
        183 Girard               Geoni                     GGEONI                    650.507.9879         03-FEB-00 SH_CLERK         2800 NULL                  120            50

EMPLOYEE_ID FIRST_NAME           LAST_NAME                 EMAIL                     PHONE_NUMBER         HIRE_DATE JOB_ID         SALARY COMMISSION_PCT MANAGER_ID DEPARTMENT_ID
----------- -------------------- ------------------------- ------------------------- -------------------- --------- ---------- ---------- -------------- ---------- -------------
        184 Nandita              Sarchand                  NSARCHAN                  650.509.1876         27-JAN-96 SH_CLERK         4200 NULL                  121            50
        185 Alexis               Bull                      ABULL                     650.509.2876         20-FEB-97 SH_CLERK         4100 NULL                  121            50
        186 Julia                Dellinger                 JDELLING                  650.509.3876         24-JUN-98 SH_CLERK         3400 NULL                  121            50
        187 Anthony              Cabrio                    ACABRIO                   650.509.4876         07-FEB-99 SH_CLERK         3000 NULL                  121            50
        188 Kelly                Chung                     KCHUNG                    650.505.1876         14-JUN-97 SH_CLERK         3800 NULL                  122            50
        189 Jennifer             Dilly                     JDILLY                    650.505.2876         13-AUG-97 SH_CLERK         3600 NULL                  122            50
        190 Timothy              Gates                     TGATES                    650.505.3876         11-JUL-98 SH_CLERK         2900 NULL                  122            50
        191 Randall              Perkins                   RPERKINS                  650.505.4876         19-DEC-99 SH_CLERK         2500 NULL                  122            50
        192 Sarah                Bell                      SBELL                     650.501.1876         04-FEB-96 SH_CLERK         4000 NULL                  123            50
        193 Britney              Everett                   BEVERETT                  650.501.2876         03-MAR-97 SH_CLERK         3900 NULL                  123            50
        194 Samuel               McCain                    SMCCAIN                   650.501.3876         01-JUL-98 SH_CLERK         3200 NULL                  123            50
        195 Vance                Jones                     VJONES                    650.501.4876         17-MAR-99 SH_CLERK         2800 NULL                  123            50
        196 Alana                Walsh                     AWALSH                    650.507.9811         24-APR-98 SH_CLERK         3100 NULL                  124            50
        197 Kevin                Feeney                    KFEENEY                   650.507.9822         23-MAY-98 SH_CLERK         3000 NULL                  124            50
        198 Donald               OConnell                  DOCONNEL                  650.507.9833         21-JUN-99 SH_CLERK         2600 NULL                  124            50
        199 Douglas              Grant                     DGRANT                    650.507.9844         13-JAN-00 SH_CLERK         2600 NULL                  124            50
        200 Jennifer             Whalen                    JWHALEN                   515.123.4444         17-SEP-87 AD_ASST          4400 NULL                  101            10
        201 Michael              Hartstein                 MHARTSTE                  515.123.5555         17-FEB-96 MK_MAN          13000 NULL                  100            20
        202 Pat                  Fay                       PFAY                      603.123.6666         17-AUG-97 MK_REP           6000 NULL                  201            20
        203 Susan                Mavris                    SMAVRIS                   515.123.7777         07-JUN-94 HR_REP           6500 NULL                  101            40
        204 Hermann              Baer                      HBAER                     515.123.8888         07-JUN-94 PR_REP          10000 NULL                  101            70

EMPLOYEE_ID FIRST_NAME           LAST_NAME                 EMAIL                     PHONE_NUMBER         HIRE_DATE JOB_ID         SALARY COMMISSION_PCT MANAGER_ID DEPARTMENT_ID
----------- -------------------- ------------------------- ------------------------- -------------------- --------- ---------- ---------- -------------- ---------- -------------
        205 Shelley              Higgins                   SHIGGINS                  515.123.8080         07-JUN-94 AC_MGR          12000 NULL                  101           110
        206 William              Gietz                     WGIETZ                    515.123.8181         07-JUN-94 AC_ACCOUNT       8300 NULL                  205           110

107 rows selected. 

SQL> describe employyes

ERROR:
ORA-04043: object employyes does not exist
SQL> describe employes

ERROR:


SQL> describe employees;Name           Null?    Type         
-------------- -------- ------------ 
EMPLOYEE_ID    NOT NULL NUMBER(6)    
FIRST_NAME              VARCHAR2(20) 
LAST_NAME      NOT NULL VARCHAR2(25) 
EMAIL          NOT NULL VARCHAR2(25) 
PHONE_NUMBER            VARCHAR2(20) 
HIRE_DATE      NOT NULL DATE         
JOB_ID         NOT NULL VARCHAR2(10) 
SALARY                  NUMBER(8,2)  
COMMISSION_PCT          NUMBER(2,2)  
MANAGER_ID              NUMBER(6)    
DEPARTMENT_ID           NUMBER(4)    
SQL> select employees where salary between 9000 and 10000;

Error starting at line : 1 in command -
select employees where salary between 9000 and 10000
Error at Command Line : 1 Column : 18
Error report -
SQL Error: ORA-00923: FROM keyword not found where expected
00923. 00000 -  "FROM keyword not found where expected"
*Cause:    


SQL> select * from employees where salary between 9000 and 10000;
EMPLOYEE_ID FIRST_NAME           LAST_NAME                 EMAIL                     PHONE_NUMBER         HIRE_DATE JOB_ID         SALARY COMMISSION_PCT MANAGER_ID DEPARTMENT_ID
----------- -------------------- ------------------------- ------------------------- -------------------- --------- ---------- ---------- -------------- ---------- -------------
        103 Alexander            Hunold                    AHUNOLD                   590.423.4567         03-JAN-90 IT_PROG          9000 NULL                  102            60
        109 Daniel               Faviet                    DFAVIET                   515.124.4169         16-AUG-94 FI_ACCOUNT       9000 NULL                  108           100
        150 Peter                Tucker                    PTUCKER                   011.44.1344.129268   30-JAN-97 SA_REP          10000             .3        145            80
        151 David                Bernstein                 DBERNSTE                  011.44.1344.345268   24-MAR-97 SA_REP           9500            .25        145            80
        152 Peter                Hall                      PHALL                     011.44.1344.478968   20-AUG-97 SA_REP           9000            .25        145            80
        156 Janette              King                      JKING                     011.44.1345.429268   30-JAN-96 SA_REP          10000            .35        146            80
        157 Patrick              Sully                     PSULLY                    011.44.1345.929268   04-MAR-96 SA_REP           9500            .35        146            80
        158 Allan                McEwen                    AMCEWEN                   011.44.1345.829268   01-AUG-96 SA_REP           9000            .35        146            80
        163 Danielle             Greene                    DGREENE                   011.44.1346.229268   19-MAR-99 SA_REP           9500            .15        147            80
        169 Harrison             Bloom                     HBLOOM                    011.44.1343.829268   23-MAR-98 SA_REP          10000             .2        148            80
        170 Tayler               Fox                       TFOX                      011.44.1343.729268   24-JAN-98 SA_REP           9600             .2        148            80
        204 Hermann              Baer                      HBAER                     515.123.8888         07-JUN-94 PR_REP          10000 NULL                  101            70

12 rows selected. 

SQL> select * from employees where salary = 9000 or commision = 'null';

Error starting at line : 1 in command -
select * from employees where salary = 9000 or commision = 'null'
Error at Command Line : 1 Column : 48
Error report -
SQL Error: ORA-00904: "COMMISION": invalid identifier
00904. 00000 -  "%s: invalid identifier"
*Cause:    



SQL> select * from employees where salary = 9000 or commission = 'null';
Error starting at line : 1 in command -
select * from employees where salary = 9000 or commission = 'null'
Error at Command Line : 1 Column : 48
Error report -
SQL Error: ORA-00904: "COMMISSION": invalid identifier
00904. 00000 -  "%s: invalid identifier"
*Cause:    


SQL> select * from employees where salary = 9000 or commission = 'NULL';
Error starting at line : 1 in command -
select * from employees where salary = 9000 or commission = 'NULL'
Error at Command Line : 1 Column : 48
Error report -
SQL Error: ORA-00904: "COMMISSION": invalid identifier
00904. 00000 -  "%s: invalid identifier"
*Cause:    


SQL> select * from employees where salary = 9000 or commission_pct = 'NULL';
Error starting at line : 1 in command -
select * from employees where salary = 9000 or commission_pct = 'NULL'
Error report -
ORA-01722: invalid number


SQL> select * from employees where salary = 9000 or commission_pct = 'null';
Error starting at line : 1 in command -
select * from employees where salary = 9000 or commission_pct = 'null'
Error report -
ORA-01722: invalid number


SQL> select * from employees where salary = 9000 or job_id = 'sa_rep';
EMPLOYEE_ID FIRST_NAME           LAST_NAME                 EMAIL                     PHONE_NUMBER         HIRE_DATE JOB_ID         SALARY COMMISSION_PCT MANAGER_ID DEPARTMENT_ID
----------- -------------------- ------------------------- ------------------------- -------------------- --------- ---------- ---------- -------------- ---------- -------------
        103 Alexander            Hunold                    AHUNOLD                   590.423.4567         03-JAN-90 IT_PROG          9000 NULL                  102            60
        109 Daniel               Faviet                    DFAVIET                   515.124.4169         16-AUG-94 FI_ACCOUNT       9000 NULL                  108           100
        152 Peter                Hall                      PHALL                     011.44.1344.478968   20-AUG-97 SA_REP           9000            .25        145            80
        158 Allan                McEwen                    AMCEWEN                   011.44.1345.829268   01-AUG-96 SA_REP           9000            .35        146            80

SQL> select * from employees;

EMPLOYEE_ID FIRST_NAME           LAST_NAME                 EMAIL                     PHONE_NUMBER         HIRE_DATE JOB_ID         SALARY COMMISSION_PCT MANAGER_ID DEPARTMENT_ID
----------- -------------------- ------------------------- ------------------------- -------------------- --------- ---------- ---------- -------------- ---------- -------------
        100 Steven               King                      SKING                     515.123.4567         17-JUN-87 AD_PRES         24000 NULL           NULL                  90
        101 Neena                Kochhar                   NKOCHHAR                  515.123.4568         21-SEP-89 AD_VP           17000 NULL                  100            90
        102 Lex                  De Haan                   LDEHAAN                   515.123.4569         13-JAN-93 AD_VP           17000 NULL                  100            90
        103 Alexander            Hunold                    AHUNOLD                   590.423.4567         03-JAN-90 IT_PROG          9000 NULL                  102            60
        104 Bruce                Ernst                     BERNST                    590.423.4568         21-MAY-91 IT_PROG          6000 NULL                  103            60
        105 David                Austin                    DAUSTIN                   590.423.4569         25-JUN-97 IT_PROG          4800 NULL                  103            60
        106 Valli                Pataballa                 VPATABAL                  590.423.4560         05-FEB-98 IT_PROG          4800 NULL                  103            60
        107 Diana                Lorentz                   DLORENTZ                  590.423.5567         07-FEB-99 IT_PROG          4200 NULL                  103            60
        108 Nancy                Greenberg                 NGREENBE                  515.124.4569         17-AUG-94 FI_MGR          12000 NULL                  101           100
        109 Daniel               Faviet                    DFAVIET                   515.124.4169         16-AUG-94 FI_ACCOUNT       9000 NULL                  108           100
        110 John                 Chen                      JCHEN                     515.124.4269         28-SEP-97 FI_ACCOUNT       8200 NULL                  108           100
        111 Ismael               Sciarra                   ISCIARRA                  515.124.4369         30-SEP-97 FI_ACCOUNT       7700 NULL                  108           100
        112 Jose Manuel          Urman                     JMURMAN                   515.124.4469         07-MAR-98 FI_ACCOUNT       7800 NULL                  108           100
        113 Luis                 Popp                      LPOPP                     515.124.4567         07-DEC-99 FI_ACCOUNT       6900 NULL                  108           100
        114 Den                  Raphaely                  DRAPHEAL                  515.127.4561         07-DEC-94 PU_MAN          11000 NULL                  100            30
        115 Alexander            Khoo                      AKHOO                     515.127.4562         18-MAY-95 PU_CLERK         3100 NULL                  114            30
        116 Shelli               Baida                     SBAIDA                    515.127.4563         24-DEC-97 PU_CLERK         2900 NULL                  114            30
        117 Sigal                Tobias                    STOBIAS                   515.127.4564         24-JUL-97 PU_CLERK         2800 NULL                  114            30
        118 Guy                  Himuro                    GHIMURO                   515.127.4565         15-NOV-98 PU_CLERK         2600 NULL                  114            30
        119 Karen                Colmenares                KCOLMENA                  515.127.4566         10-AUG-99 PU_CLERK         2500 NULL                  114            30
        120 Matthew              Weiss                     MWEISS                    650.123.1234         18-JUL-96 ST_MAN           8000 NULL                  100            50

EMPLOYEE_ID FIRST_NAME           LAST_NAME                 EMAIL                     PHONE_NUMBER         HIRE_DATE JOB_ID         SALARY COMMISSION_PCT MANAGER_ID DEPARTMENT_ID
----------- -------------------- ------------------------- ------------------------- -------------------- --------- ---------- ---------- -------------- ---------- -------------
        121 Adam                 Fripp                     AFRIPP                    650.123.2234         10-APR-97 ST_MAN           8200 NULL                  100            50
        122 Payam                Kaufling                  PKAUFLIN                  650.123.3234         01-MAY-95 ST_MAN           7900 NULL                  100            50
        123 Shanta               Vollman                   SVOLLMAN                  650.123.4234         10-OCT-97 ST_MAN           6500 NULL                  100            50
        124 Kevin                Mourgos                   KMOURGOS                  650.123.5234         16-NOV-99 ST_MAN           5800 NULL                  100            50
        125 Julia                Nayer                     JNAYER                    650.124.1214         16-JUL-97 ST_CLERK         3200 NULL                  120            50
        126 Irene                Mikkilineni               IMIKKILI                  650.124.1224         28-SEP-98 ST_CLERK         2700 NULL                  120            50
        127 James                Landry                    JLANDRY                   650.124.1334         14-JAN-99 ST_CLERK         2400 NULL                  120            50
        128 Steven               Markle                    SMARKLE                   650.124.1434         08-MAR-00 ST_CLERK         2200 NULL                  120            50
        129 Laura                Bissot                    LBISSOT                   650.124.5234         20-AUG-97 ST_CLERK         3300 NULL                  121            50
        130 Mozhe                Atkinson                  MATKINSO                  650.124.6234         30-OCT-97 ST_CLERK         2800 NULL                  121            50
        131 James                Marlow                    JAMRLOW                   650.124.7234         16-FEB-97 ST_CLERK         2500 NULL                  121            50
        132 TJ                   Olson                     TJOLSON                   650.124.8234         10-APR-99 ST_CLERK         2100 NULL                  121            50
        133 Jason                Mallin                    JMALLIN                   650.127.1934         14-JUN-96 ST_CLERK         3300 NULL                  122            50
        134 Michael              Rogers                    MROGERS                   650.127.1834         26-AUG-98 ST_CLERK         2900 NULL                  122            50
        135 Ki                   Gee                       KGEE                      650.127.1734         12-DEC-99 ST_CLERK         2400 NULL                  122            50
        136 Hazel                Philtanker                HPHILTAN                  650.127.1634         06-FEB-00 ST_CLERK         2200 NULL                  122            50
        137 Renske               Ladwig                    RLADWIG                   650.121.1234         14-JUL-95 ST_CLERK         3600 NULL                  123            50
        138 Stephen              Stiles                    SSTILES                   650.121.2034         26-OCT-97 ST_CLERK         3200 NULL                  123            50
        139 John                 Seo                       JSEO                      650.121.2019         12-FEB-98 ST_CLERK         2700 NULL                  123            50
        140 Joshua               Patel                     JPATEL                    650.121.1834         06-APR-98 ST_CLERK         2500 NULL                  123            50
        141 Trenna               Rajs                      TRAJS                     650.121.8009         17-OCT-95 ST_CLERK         3500 NULL                  124            50

EMPLOYEE_ID FIRST_NAME           LAST_NAME                 EMAIL                     PHONE_NUMBER         HIRE_DATE JOB_ID         SALARY COMMISSION_PCT MANAGER_ID DEPARTMENT_ID
----------- -------------------- ------------------------- ------------------------- -------------------- --------- ---------- ---------- -------------- ---------- -------------
        142 Curtis               Davies                    CDAVIES                   650.121.2994         29-JAN-97 ST_CLERK         3100 NULL                  124            50
        143 Randall              Matos                     RMATOS                    650.121.2874         15-MAR-98 ST_CLERK         2600 NULL                  124            50
        144 Peter                Vargas                    PVARGAS                   650.121.2004         09-JUL-98 ST_CLERK         2500 NULL                  124            50
        145 John                 Russell                   JRUSSEL                   011.44.1344.429268   01-OCT-96 SA_MAN          14000             .4        100            80
        146 Karen                Partners                  KPARTNER                  011.44.1344.467268   05-JAN-97 SA_MAN          13500             .3        100            80
        147 Alberto              Errazuriz                 AERRAZUR                  011.44.1344.429278   10-MAR-97 SA_MAN          12000             .3        100            80
        148 Gerald               Cambrault                 GCAMBRAU                  011.44.1344.619268   15-OCT-99 SA_MAN          11000             .3        100            80
        149 Eleni                Zlotkey                   EZLOTKEY                  011.44.1344.429018   29-JAN-00 SA_MAN          10500             .2        100            80
        150 Peter                Tucker                    PTUCKER                   011.44.1344.129268   30-JAN-97 SA_REP          10000             .3        145            80
        151 David                Bernstein                 DBERNSTE                  011.44.1344.345268   24-MAR-97 SA_REP           9500            .25        145            80
        152 Peter                Hall                      PHALL                     011.44.1344.478968   20-AUG-97 SA_REP           9000            .25        145            80
        153 Christopher          Olsen                     COLSEN                    011.44.1344.498718   30-MAR-98 SA_REP           8000             .2        145            80
        154 Nanette              Cambrault                 NCAMBRAU                  011.44.1344.987668   09-DEC-98 SA_REP           7500             .2        145            80
        155 Oliver               Tuvault                   OTUVAULT                  011.44.1344.486508   23-NOV-99 SA_REP           7000            .15        145            80
        156 Janette              King                      JKING                     011.44.1345.429268   30-JAN-96 SA_REP          10000            .35        146            80
        157 Patrick              Sully                     PSULLY                    011.44.1345.929268   04-MAR-96 SA_REP           9500            .35        146            80
        158 Allan                McEwen                    AMCEWEN                   011.44.1345.829268   01-AUG-96 SA_REP           9000            .35        146            80
        159 Lindsey              Smith                     LSMITH                    011.44.1345.729268   10-MAR-97 SA_REP           8000             .3        146            80
        160 Louise               Doran                     LDORAN                    011.44.1345.629268   15-DEC-97 SA_REP           7500             .3        146            80
        161 Sarath               Sewall                    SSEWALL                   011.44.1345.529268   03-NOV-98 SA_REP           7000            .25        146            80
        162 Clara                Vishney                   CVISHNEY                  011.44.1346.129268   11-NOV-97 SA_REP          10500            .25        147            80

EMPLOYEE_ID FIRST_NAME           LAST_NAME                 EMAIL                     PHONE_NUMBER         HIRE_DATE JOB_ID         SALARY COMMISSION_PCT MANAGER_ID DEPARTMENT_ID
----------- -------------------- ------------------------- ------------------------- -------------------- --------- ---------- ---------- -------------- ---------- -------------
        163 Danielle             Greene                    DGREENE                   011.44.1346.229268   19-MAR-99 SA_REP           9500            .15        147            80
        164 Mattea               Marvins                   MMARVINS                  011.44.1346.329268   24-JAN-00 SA_REP           7200             .1        147            80
        165 David                Lee                       DLEE                      011.44.1346.529268   23-FEB-00 SA_REP           6800             .1        147            80
        166 Sundar               Ande                      SANDE                     011.44.1346.629268   24-MAR-00 SA_REP           6400             .1        147            80
        167 Amit                 Banda                     ABANDA                    011.44.1346.729268   21-APR-00 SA_REP           6200             .1        147            80
        168 Lisa                 Ozer                      LOZER                     011.44.1343.929268   11-MAR-97 SA_REP          11500            .25        148            80
        169 Harrison             Bloom                     HBLOOM                    011.44.1343.829268   23-MAR-98 SA_REP          10000             .2        148            80
        170 Tayler               Fox                       TFOX                      011.44.1343.729268   24-JAN-98 SA_REP           9600             .2        148            80
        171 William              Smith                     WSMITH                    011.44.1343.629268   23-FEB-99 SA_REP           7400            .15        148            80
        172 Elizabeth            Bates                     EBATES                    011.44.1343.529268   24-MAR-99 SA_REP           7300            .15        148            80
        173 Sundita              Kumar                     SKUMAR                    011.44.1343.329268   21-APR-00 SA_REP           6100             .1        148            80
        174 Ellen                Abel                      EABEL                     011.44.1644.429267   11-MAY-96 SA_REP          11000             .3        149            80
        175 Alyssa               Hutton                    AHUTTON                   011.44.1644.429266   19-MAR-97 SA_REP           8800            .25        149            80
        176 Jonathon             Taylor                    JTAYLOR                   011.44.1644.429265   24-MAR-98 SA_REP           8600             .2        149            80
        177 Jack                 Livingston                JLIVINGS                  011.44.1644.429264   23-APR-98 SA_REP           8400             .2        149            80
        178 Kimberely            Grant                     KGRANT                    011.44.1644.429263   24-MAY-99 SA_REP           7000            .15        149 NULL         
        179 Charles              Johnson                   CJOHNSON                  011.44.1644.429262   04-JAN-00 SA_REP           6200             .1        149            80
        180 Winston              Taylor                    WTAYLOR                   650.507.9876         24-JAN-98 SH_CLERK         3200 NULL                  120            50
        181 Jean                 Fleaur                    JFLEAUR                   650.507.9877         23-FEB-98 SH_CLERK         3100 NULL                  120            50
        182 Martha               Sullivan                  MSULLIVA                  650.507.9878         21-JUN-99 SH_CLERK         2500 NULL                  120            50
        183 Girard               Geoni                     GGEONI                    650.507.9879         03-FEB-00 SH_CLERK         2800 NULL                  120            50

EMPLOYEE_ID FIRST_NAME           LAST_NAME                 EMAIL                     PHONE_NUMBER         HIRE_DATE JOB_ID         SALARY COMMISSION_PCT MANAGER_ID DEPARTMENT_ID
----------- -------------------- ------------------------- ------------------------- -------------------- --------- ---------- ---------- -------------- ---------- -------------
        184 Nandita              Sarchand                  NSARCHAN                  650.509.1876         27-JAN-96 SH_CLERK         4200 NULL                  121            50
        185 Alexis               Bull                      ABULL                     650.509.2876         20-FEB-97 SH_CLERK         4100 NULL                  121            50
        186 Julia                Dellinger                 JDELLING                  650.509.3876         24-JUN-98 SH_CLERK         3400 NULL                  121            50
        187 Anthony              Cabrio                    ACABRIO                   650.509.4876         07-FEB-99 SH_CLERK         3000 NULL                  121            50
        188 Kelly                Chung                     KCHUNG                    650.505.1876         14-JUN-97 SH_CLERK         3800 NULL                  122            50
        189 Jennifer             Dilly                     JDILLY                    650.505.2876         13-AUG-97 SH_CLERK         3600 NULL                  122            50
        190 Timothy              Gates                     TGATES                    650.505.3876         11-JUL-98 SH_CLERK         2900 NULL                  122            50
        191 Randall              Perkins                   RPERKINS                  650.505.4876         19-DEC-99 SH_CLERK         2500 NULL                  122            50
        192 Sarah                Bell                      SBELL                     650.501.1876         04-FEB-96 SH_CLERK         4000 NULL                  123            50
        193 Britney              Everett                   BEVERETT                  650.501.2876         03-MAR-97 SH_CLERK         3900 NULL                  123            50
        194 Samuel               McCain                    SMCCAIN                   650.501.3876         01-JUL-98 SH_CLERK         3200 NULL                  123            50
        195 Vance                Jones                     VJONES                    650.501.4876         17-MAR-99 SH_CLERK         2800 NULL                  123            50
        196 Alana                Walsh                     AWALSH                    650.507.9811         24-APR-98 SH_CLERK         3100 NULL                  124            50
        197 Kevin                Feeney                    KFEENEY                   650.507.9822         23-MAY-98 SH_CLERK         3000 NULL                  124            50
        198 Donald               OConnell                  DOCONNEL                  650.507.9833         21-JUN-99 SH_CLERK         2600 NULL                  124            50
        199 Douglas              Grant                     DGRANT                    650.507.9844         13-JAN-00 SH_CLERK         2600 NULL                  124            50
        200 Jennifer             Whalen                    JWHALEN                   515.123.4444         17-SEP-87 AD_ASST          4400 NULL                  101            10
        201 Michael              Hartstein                 MHARTSTE                  515.123.5555         17-FEB-96 MK_MAN          13000 NULL                  100            20
        202 Pat                  Fay                       PFAY                      603.123.6666         17-AUG-97 MK_REP           6000 NULL                  201            20
        203 Susan                Mavris                    SMAVRIS                   515.123.7777         07-JUN-94 HR_REP           6500 NULL                  101            40
        204 Hermann              Baer                      HBAER                     515.123.8888         07-JUN-94 PR_REP          10000 NULL                  101            70

EMPLOYEE_ID FIRST_NAME           LAST_NAME                 EMAIL                     PHONE_NUMBER         HIRE_DATE JOB_ID         SALARY COMMISSION_PCT MANAGER_ID DEPARTMENT_ID
----------- -------------------- ------------------------- ------------------------- -------------------- --------- ---------- ---------- -------------- ---------- -------------
        205 Shelley              Higgins                   SHIGGINS                  515.123.8080         07-JUN-94 AC_MGR          12000 NULL                  101           110
        206 William              Gietz                     WGIETZ                    515.123.8181         07-JUN-94 AC_ACCOUNT       8300 NULL                  205           110

107 rows selected. 


SQL> select * from employees where salary = 9000 or job_id = 'sa_rep';

EMPLOYEE_ID FIRST_NAME           LAST_NAME                 EMAIL                     PHONE_NUMBER         HIRE_DATE JOB_ID         SALARY COMMISSION_PCT MANAGER_ID DEPARTMENT_ID
----------- -------------------- ------------------------- ------------------------- -------------------- --------- ---------- ---------- -------------- ---------- -------------
        103 Alexander            Hunold                    AHUNOLD                   590.423.4567         03-JAN-90 IT_PROG          9000 NULL                  102            60
        109 Daniel               Faviet                    DFAVIET                   515.124.4169         16-AUG-94 FI_ACCOUNT       9000 NULL                  108           100
        152 Peter                Hall                      PHALL                     011.44.1344.478968   20-AUG-97 SA_REP           9000            .25        145            80
        158 Allan                McEwen                    AMCEWEN                   011.44.1345.829268   01-AUG-96 SA_REP           9000            .35        146            80

SQL> select * from employees where salary between 8000 and 10000;

EMPLOYEE_ID FIRST_NAME           LAST_NAME                 EMAIL                     PHONE_NUMBER         HIRE_DATE JOB_ID         SALARY COMMISSION_PCT MANAGER_ID DEPARTMENT_ID
----------- -------------------- ------------------------- ------------------------- -------------------- --------- ---------- ---------- -------------- ---------- -------------
        103 Alexander            Hunold                    AHUNOLD                   590.423.4567         03-JAN-90 IT_PROG          9000 NULL                  102            60
        109 Daniel               Faviet                    DFAVIET                   515.124.4169         16-AUG-94 FI_ACCOUNT       9000 NULL                  108           100
        110 John                 Chen                      JCHEN                     515.124.4269         28-SEP-97 FI_ACCOUNT       8200 NULL                  108           100
        120 Matthew              Weiss                     MWEISS                    650.123.1234         18-JUL-96 ST_MAN           8000 NULL                  100            50
        121 Adam                 Fripp                     AFRIPP                    650.123.2234         10-APR-97 ST_MAN           8200 NULL                  100            50
        150 Peter                Tucker                    PTUCKER                   011.44.1344.129268   30-JAN-97 SA_REP          10000             .3        145            80
        151 David                Bernstein                 DBERNSTE                  011.44.1344.345268   24-MAR-97 SA_REP           9500            .25        145            80
        152 Peter                Hall                      PHALL                     011.44.1344.478968   20-AUG-97 SA_REP           9000            .25        145            80
        153 Christopher          Olsen                     COLSEN                    011.44.1344.498718   30-MAR-98 SA_REP           8000             .2        145            80
        156 Janette              King                      JKING                     011.44.1345.429268   30-JAN-96 SA_REP          10000            .35        146            80
        157 Patrick              Sully                     PSULLY                    011.44.1345.929268   04-MAR-96 SA_REP           9500            .35        146            80
        158 Allan                McEwen                    AMCEWEN                   011.44.1345.829268   01-AUG-96 SA_REP           9000            .35        146            80
        159 Lindsey              Smith                     LSMITH                    011.44.1345.729268   10-MAR-97 SA_REP           8000             .3        146            80
        163 Danielle             Greene                    DGREENE                   011.44.1346.229268   19-MAR-99 SA_REP           9500            .15        147            80
        169 Harrison             Bloom                     HBLOOM                    011.44.1343.829268   23-MAR-98 SA_REP          10000             .2        148            80
        170 Tayler               Fox                       TFOX                      011.44.1343.729268   24-JAN-98 SA_REP           9600             .2        148            80
        175 Alyssa               Hutton                    AHUTTON                   011.44.1644.429266   19-MAR-97 SA_REP           8800            .25        149            80
        176 Jonathon             Taylor                    JTAYLOR                   011.44.1644.429265   24-MAR-98 SA_REP           8600             .2        149            80
        177 Jack                 Livingston                JLIVINGS                  011.44.1644.429264   23-APR-98 SA_REP           8400             .2        149            80
        204 Hermann              Baer                      HBAER                     515.123.8888         07-JUN-94 PR_REP          10000 NULL                  101            70
        206 William              Gietz                     WGIETZ                    515.123.8181         07-JUN-94 AC_ACCOUNT       8300 NULL                  205           110

21 rows selected. 


SQL> select * from employees where salary between 8000 and 10000 and department_id =>80;
Error starting at line : 1 in command -
select * from employees where salary between 8000 and 10000 and department_id =>80
Error at Command Line : 1 Column : 79
Error report -
SQL Error: ORA-00920: invalid relational operator
00920. 00000 -  "invalid relational operator"
*Cause:    


SQL> select * from employees where salary between 8000 and 10000 and department_id =80;
EMPLOYEE_ID FIRST_NAME           LAST_NAME                 EMAIL                     PHONE_NUMBER         HIRE_DATE JOB_ID         SALARY COMMISSION_PCT MANAGER_ID DEPARTMENT_ID
----------- -------------------- ------------------------- ------------------------- -------------------- --------- ---------- ---------- -------------- ---------- -------------
        150 Peter                Tucker                    PTUCKER                   011.44.1344.129268   30-JAN-97 SA_REP          10000             .3        145            80
        151 David                Bernstein                 DBERNSTE                  011.44.1344.345268   24-MAR-97 SA_REP           9500            .25        145            80
        152 Peter                Hall                      PHALL                     011.44.1344.478968   20-AUG-97 SA_REP           9000            .25        145            80
        153 Christopher          Olsen                     COLSEN                    011.44.1344.498718   30-MAR-98 SA_REP           8000             .2        145            80
        156 Janette              King                      JKING                     011.44.1345.429268   30-JAN-96 SA_REP          10000            .35        146            80
        157 Patrick              Sully                     PSULLY                    011.44.1345.929268   04-MAR-96 SA_REP           9500            .35        146            80
        158 Allan                McEwen                    AMCEWEN                   011.44.1345.829268   01-AUG-96 SA_REP           9000            .35        146            80
        159 Lindsey              Smith                     LSMITH                    011.44.1345.729268   10-MAR-97 SA_REP           8000             .3        146            80
        163 Danielle             Greene                    DGREENE                   011.44.1346.229268   19-MAR-99 SA_REP           9500            .15        147            80
        169 Harrison             Bloom                     HBLOOM                    011.44.1343.829268   23-MAR-98 SA_REP          10000             .2        148            80
        170 Tayler               Fox                       TFOX                      011.44.1343.729268   24-JAN-98 SA_REP           9600             .2        148            80
        175 Alyssa               Hutton                    AHUTTON                   011.44.1644.429266   19-MAR-97 SA_REP           8800            .25        149            80
        176 Jonathon             Taylor                    JTAYLOR                   011.44.1644.429265   24-MAR-98 SA_REP           8600             .2        149            80
        177 Jack                 Livingston                JLIVINGS                  011.44.1644.429264   23-APR-98 SA_REP           8400             .2        149            80

14 rows selected. 



SQL> select * from employees where salary between 8000 and 10000 and department_id >80;
EMPLOYEE_ID FIRST_NAME           LAST_NAME                 EMAIL                     PHONE_NUMBER         HIRE_DATE JOB_ID         SALARY COMMISSION_PCT MANAGER_ID DEPARTMENT_ID
----------- -------------------- ------------------------- ------------------------- -------------------- --------- ---------- ---------- -------------- ---------- -------------
        109 Daniel               Faviet                    DFAVIET                   515.124.4169         16-AUG-94 FI_ACCOUNT       9000 NULL                  108           100
        110 John                 Chen                      JCHEN                     515.124.4269         28-SEP-97 FI_ACCOUNT       8200 NULL                  108           100
        206 William              Gietz                     WGIETZ                    515.123.8181         07-JUN-94 AC_ACCOUNT       8300 NULL                  205           110

SQL> select * asda;

Error starting at line : 1 in command -
select * asda
Error at Command Line : 1 Column : 10
Error report -
SQL Error: ORA-00923: FROM keyword not found where expected
00923. 00000 -  "FROM keyword not found where expected"
*Cause:    


SQL> select * from asda;
PRODUCT              PRICE_PURCHESED PRICE_SOLD QTY_PURCHESED   QTY_SOLD
-------------------- --------------- ---------- ------------- ----------
7up                             1.75          2            15         10
coke                             2.5        3.5            20         15
fanta                            2.2        3.1            10          5
pepsi                            1.2          2            20         15


SQL> select * from asda (price_sold - price_purchesed);
Error starting at line : 1 in command -
select * from asda (price_sold - price_purchesed)
Error at Command Line : 1 Column : 20
Error report -
SQL Error: ORA-00933: SQL command not properly ended
00933. 00000 -  "SQL command not properly ended"
*Cause:    


SQL> select * from asda (price_sold - price_purchesed);
Error starting at line : 1 in command -
select * from asda (price_sold - price_purchesed)
Error at Command Line : 1 Column : 20
Error report -
SQL Error: ORA-00933: SQL command not properly ended
00933. 00000 -  "SQL command not properly ended"
*Cause:    


SQL> select * from asda (price_sold - price_purchesed as profit);
Error starting at line : 1 in command -
select * from asda (price_sold - price_purchesed as profit)
Error at Command Line : 1 Column : 20
Error report -
SQL Error: ORA-00933: SQL command not properly ended
00933. 00000 -  "SQL command not properly ended"
*Cause:    
*Action:
SQL> select * price_sold - price_purchesed as profit;

Error starting at line : 1 in command -
select * price_sold - price_purchesed as profit
Error at Command Line : 1 Column : 10
Error report -
SQL Error: ORA-00923: FROM keyword not found where expected
00923. 00000 -  "FROM keyword not found where expected"
*Cause:    



SQL> select * from asda (price_sold - price_purchesed as profit) from asda;
Error starting at line : 1 in command -
select * from asda (price_sold - price_purchesed as profit) from asda
Error at Command Line : 1 Column : 20
Error report -
SQL Error: ORA-00933: SQL command not properly ended
00933. 00000 -  "SQL command not properly ended"
*Cause:    


SQL> select * price_sold - price_purchesed as profit from asda;
Error starting at line : 1 in command -
select * price_sold - price_purchesed as profit from asda
Error at Command Line : 1 Column : 10
Error report -
SQL Error: ORA-00923: FROM keyword not found where expected
00923. 00000 -  "FROM keyword not found where expected"
*Cause:    


SQL> select * from employees;
EMPLOYEE_ID FIRST_NAME           LAST_NAME                 EMAIL                     PHONE_NUMBER         HIRE_DATE JOB_ID         SALARY COMMISSION_PCT MANAGER_ID DEPARTMENT_ID
----------- -------------------- ------------------------- ------------------------- -------------------- --------- ---------- ---------- -------------- ---------- -------------
        100 Steven               King                      SKING                     515.123.4567         17-JUN-87 AD_PRES         24000 NULL           NULL                  90
        101 Neena                Kochhar                   NKOCHHAR                  515.123.4568         21-SEP-89 AD_VP           17000 NULL                  100            90
        102 Lex                  De Haan                   LDEHAAN                   515.123.4569         13-JAN-93 AD_VP           17000 NULL                  100            90
        103 Alexander            Hunold                    AHUNOLD                   590.423.4567         03-JAN-90 IT_PROG          9000 NULL                  102            60
        104 Bruce                Ernst                     BERNST                    590.423.4568         21-MAY-91 IT_PROG          6000 NULL                  103            60
        105 David                Austin                    DAUSTIN                   590.423.4569         25-JUN-97 IT_PROG          4800 NULL                  103            60
        106 Valli                Pataballa                 VPATABAL                  590.423.4560         05-FEB-98 IT_PROG          4800 NULL                  103            60
        107 Diana                Lorentz                   DLORENTZ                  590.423.5567         07-FEB-99 IT_PROG          4200 NULL                  103            60
        108 Nancy                Greenberg                 NGREENBE                  515.124.4569         17-AUG-94 FI_MGR          12000 NULL                  101           100
        109 Daniel               Faviet                    DFAVIET                   515.124.4169         16-AUG-94 FI_ACCOUNT       9000 NULL                  108           100
        110 John                 Chen                      JCHEN                     515.124.4269         28-SEP-97 FI_ACCOUNT       8200 NULL                  108           100
        111 Ismael               Sciarra                   ISCIARRA                  515.124.4369         30-SEP-97 FI_ACCOUNT       7700 NULL                  108           100
        112 Jose Manuel          Urman                     JMURMAN                   515.124.4469         07-MAR-98 FI_ACCOUNT       7800 NULL                  108           100
        113 Luis                 Popp                      LPOPP                     515.124.4567         07-DEC-99 FI_ACCOUNT       6900 NULL                  108           100
        114 Den                  Raphaely                  DRAPHEAL                  515.127.4561         07-DEC-94 PU_MAN          11000 NULL                  100            30
        115 Alexander            Khoo                      AKHOO                     515.127.4562         18-MAY-95 PU_CLERK         3100 NULL                  114            30
        116 Shelli               Baida                     SBAIDA                    515.127.4563         24-DEC-97 PU_CLERK         2900 NULL                  114            30
        117 Sigal                Tobias                    STOBIAS                   515.127.4564         24-JUL-97 PU_CLERK         2800 NULL                  114            30
        118 Guy                  Himuro                    GHIMURO                   515.127.4565         15-NOV-98 PU_CLERK         2600 NULL                  114            30
        119 Karen                Colmenares                KCOLMENA                  515.127.4566         10-AUG-99 PU_CLERK         2500 NULL                  114            30
        120 Matthew              Weiss                     MWEISS                    650.123.1234         18-JUL-96 ST_MAN           8000 NULL                  100            50

EMPLOYEE_ID FIRST_NAME           LAST_NAME                 EMAIL                     PHONE_NUMBER         HIRE_DATE JOB_ID         SALARY COMMISSION_PCT MANAGER_ID DEPARTMENT_ID
----------- -------------------- ------------------------- ------------------------- -------------------- --------- ---------- ---------- -------------- ---------- -------------
        121 Adam                 Fripp                     AFRIPP                    650.123.2234         10-APR-97 ST_MAN           8200 NULL                  100            50
        122 Payam                Kaufling                  PKAUFLIN                  650.123.3234         01-MAY-95 ST_MAN           7900 NULL                  100            50
        123 Shanta               Vollman                   SVOLLMAN                  650.123.4234         10-OCT-97 ST_MAN           6500 NULL                  100            50
        124 Kevin                Mourgos                   KMOURGOS                  650.123.5234         16-NOV-99 ST_MAN           5800 NULL                  100            50
        125 Julia                Nayer                     JNAYER                    650.124.1214         16-JUL-97 ST_CLERK         3200 NULL                  120            50
        126 Irene                Mikkilineni               IMIKKILI                  650.124.1224         28-SEP-98 ST_CLERK         2700 NULL                  120            50
        127 James                Landry                    JLANDRY                   650.124.1334         14-JAN-99 ST_CLERK         2400 NULL                  120            50
        128 Steven               Markle                    SMARKLE                   650.124.1434         08-MAR-00 ST_CLERK         2200 NULL                  120            50
        129 Laura                Bissot                    LBISSOT                   650.124.5234         20-AUG-97 ST_CLERK         3300 NULL                  121            50
        130 Mozhe                Atkinson                  MATKINSO                  650.124.6234         30-OCT-97 ST_CLERK         2800 NULL                  121            50
        131 James                Marlow                    JAMRLOW                   650.124.7234         16-FEB-97 ST_CLERK         2500 NULL                  121            50
        132 TJ                   Olson                     TJOLSON                   650.124.8234         10-APR-99 ST_CLERK         2100 NULL                  121            50
        133 Jason                Mallin                    JMALLIN                   650.127.1934         14-JUN-96 ST_CLERK         3300 NULL                  122            50
        134 Michael              Rogers                    MROGERS                   650.127.1834         26-AUG-98 ST_CLERK         2900 NULL                  122            50
        135 Ki                   Gee                       KGEE                      650.127.1734         12-DEC-99 ST_CLERK         2400 NULL                  122            50
        136 Hazel                Philtanker                HPHILTAN                  650.127.1634         06-FEB-00 ST_CLERK         2200 NULL                  122            50
        137 Renske               Ladwig                    RLADWIG                   650.121.1234         14-JUL-95 ST_CLERK         3600 NULL                  123            50
        138 Stephen              Stiles                    SSTILES                   650.121.2034         26-OCT-97 ST_CLERK         3200 NULL                  123            50
        139 John                 Seo                       JSEO                      650.121.2019         12-FEB-98 ST_CLERK         2700 NULL                  123            50
        140 Joshua               Patel                     JPATEL                    650.121.1834         06-APR-98 ST_CLERK         2500 NULL                  123            50
        141 Trenna               Rajs                      TRAJS                     650.121.8009         17-OCT-95 ST_CLERK         3500 NULL                  124            50

EMPLOYEE_ID FIRST_NAME           LAST_NAME                 EMAIL                     PHONE_NUMBER         HIRE_DATE JOB_ID         SALARY COMMISSION_PCT MANAGER_ID DEPARTMENT_ID
----------- -------------------- ------------------------- ------------------------- -------------------- --------- ---------- ---------- -------------- ---------- -------------
        142 Curtis               Davies                    CDAVIES                   650.121.2994         29-JAN-97 ST_CLERK         3100 NULL                  124            50
        143 Randall              Matos                     RMATOS                    650.121.2874         15-MAR-98 ST_CLERK         2600 NULL                  124            50
        144 Peter                Vargas                    PVARGAS                   650.121.2004         09-JUL-98 ST_CLERK         2500 NULL                  124            50
        145 John                 Russell                   JRUSSEL                   011.44.1344.429268   01-OCT-96 SA_MAN          14000             .4        100            80
        146 Karen                Partners                  KPARTNER                  011.44.1344.467268   05-JAN-97 SA_MAN          13500             .3        100            80
        147 Alberto              Errazuriz                 AERRAZUR                  011.44.1344.429278   10-MAR-97 SA_MAN          12000             .3        100            80
        148 Gerald               Cambrault                 GCAMBRAU                  011.44.1344.619268   15-OCT-99 SA_MAN          11000             .3        100            80
        149 Eleni                Zlotkey                   EZLOTKEY                  011.44.1344.429018   29-JAN-00 SA_MAN          10500             .2        100            80
        150 Peter                Tucker                    PTUCKER                   011.44.1344.129268   30-JAN-97 SA_REP          10000             .3        145            80
        151 David                Bernstein                 DBERNSTE                  011.44.1344.345268   24-MAR-97 SA_REP           9500            .25        145            80
        152 Peter                Hall                      PHALL                     011.44.1344.478968   20-AUG-97 SA_REP           9000            .25        145            80
        153 Christopher          Olsen                     COLSEN                    011.44.1344.498718   30-MAR-98 SA_REP           8000             .2        145            80
        154 Nanette              Cambrault                 NCAMBRAU                  011.44.1344.987668   09-DEC-98 SA_REP           7500             .2        145            80
        155 Oliver               Tuvault                   OTUVAULT                  011.44.1344.486508   23-NOV-99 SA_REP           7000            .15        145            80
        156 Janette              King                      JKING                     011.44.1345.429268   30-JAN-96 SA_REP          10000            .35        146            80
        157 Patrick              Sully                     PSULLY                    011.44.1345.929268   04-MAR-96 SA_REP           9500            .35        146            80
        158 Allan                McEwen                    AMCEWEN                   011.44.1345.829268   01-AUG-96 SA_REP           9000            .35        146            80
        159 Lindsey              Smith                     LSMITH                    011.44.1345.729268   10-MAR-97 SA_REP           8000             .3        146            80
        160 Louise               Doran                     LDORAN                    011.44.1345.629268   15-DEC-97 SA_REP           7500             .3        146            80
        161 Sarath               Sewall                    SSEWALL                   011.44.1345.529268   03-NOV-98 SA_REP           7000            .25        146            80
        162 Clara                Vishney                   CVISHNEY                  011.44.1346.129268   11-NOV-97 SA_REP          10500            .25        147            80

EMPLOYEE_ID FIRST_NAME           LAST_NAME                 EMAIL                     PHONE_NUMBER         HIRE_DATE JOB_ID         SALARY COMMISSION_PCT MANAGER_ID DEPARTMENT_ID
----------- -------------------- ------------------------- ------------------------- -------------------- --------- ---------- ---------- -------------- ---------- -------------
        163 Danielle             Greene                    DGREENE                   011.44.1346.229268   19-MAR-99 SA_REP           9500            .15        147            80
        164 Mattea               Marvins                   MMARVINS                  011.44.1346.329268   24-JAN-00 SA_REP           7200             .1        147            80
        165 David                Lee                       DLEE                      011.44.1346.529268   23-FEB-00 SA_REP           6800             .1        147            80
        166 Sundar               Ande                      SANDE                     011.44.1346.629268   24-MAR-00 SA_REP           6400             .1        147            80
        167 Amit                 Banda                     ABANDA                    011.44.1346.729268   21-APR-00 SA_REP           6200             .1        147            80
        168 Lisa                 Ozer                      LOZER                     011.44.1343.929268   11-MAR-97 SA_REP          11500            .25        148            80
        169 Harrison             Bloom                     HBLOOM                    011.44.1343.829268   23-MAR-98 SA_REP          10000             .2        148            80
        170 Tayler               Fox                       TFOX                      011.44.1343.729268   24-JAN-98 SA_REP           9600             .2        148            80
        171 William              Smith                     WSMITH                    011.44.1343.629268   23-FEB-99 SA_REP           7400            .15        148            80
        172 Elizabeth            Bates                     EBATES                    011.44.1343.529268   24-MAR-99 SA_REP           7300            .15        148            80
        173 Sundita              Kumar                     SKUMAR                    011.44.1343.329268   21-APR-00 SA_REP           6100             .1        148            80
        174 Ellen                Abel                      EABEL                     011.44.1644.429267   11-MAY-96 SA_REP          11000             .3        149            80
        175 Alyssa               Hutton                    AHUTTON                   011.44.1644.429266   19-MAR-97 SA_REP           8800            .25        149            80
        176 Jonathon             Taylor                    JTAYLOR                   011.44.1644.429265   24-MAR-98 SA_REP           8600             .2        149            80
        177 Jack                 Livingston                JLIVINGS                  011.44.1644.429264   23-APR-98 SA_REP           8400             .2        149            80
        178 Kimberely            Grant                     KGRANT                    011.44.1644.429263   24-MAY-99 SA_REP           7000            .15        149 NULL         
        179 Charles              Johnson                   CJOHNSON                  011.44.1644.429262   04-JAN-00 SA_REP           6200             .1        149            80
        180 Winston              Taylor                    WTAYLOR                   650.507.9876         24-JAN-98 SH_CLERK         3200 NULL                  120            50
        181 Jean                 Fleaur                    JFLEAUR                   650.507.9877         23-FEB-98 SH_CLERK         3100 NULL                  120            50
        182 Martha               Sullivan                  MSULLIVA                  650.507.9878         21-JUN-99 SH_CLERK         2500 NULL                  120            50
        183 Girard               Geoni                     GGEONI                    650.507.9879         03-FEB-00 SH_CLERK         2800 NULL                  120            50

EMPLOYEE_ID FIRST_NAME           LAST_NAME                 EMAIL                     PHONE_NUMBER         HIRE_DATE JOB_ID         SALARY COMMISSION_PCT MANAGER_ID DEPARTMENT_ID
----------- -------------------- ------------------------- ------------------------- -------------------- --------- ---------- ---------- -------------- ---------- -------------
        184 Nandita              Sarchand                  NSARCHAN                  650.509.1876         27-JAN-96 SH_CLERK         4200 NULL                  121            50
        185 Alexis               Bull                      ABULL                     650.509.2876         20-FEB-97 SH_CLERK         4100 NULL                  121            50
        186 Julia                Dellinger                 JDELLING                  650.509.3876         24-JUN-98 SH_CLERK         3400 NULL                  121            50
        187 Anthony              Cabrio                    ACABRIO                   650.509.4876         07-FEB-99 SH_CLERK         3000 NULL                  121            50
        188 Kelly                Chung                     KCHUNG                    650.505.1876         14-JUN-97 SH_CLERK         3800 NULL                  122            50
        189 Jennifer             Dilly                     JDILLY                    650.505.2876         13-AUG-97 SH_CLERK         3600 NULL                  122            50
        190 Timothy              Gates                     TGATES                    650.505.3876         11-JUL-98 SH_CLERK         2900 NULL                  122            50
        191 Randall              Perkins                   RPERKINS                  650.505.4876         19-DEC-99 SH_CLERK         2500 NULL                  122            50
        192 Sarah                Bell                      SBELL                     650.501.1876         04-FEB-96 SH_CLERK         4000 NULL                  123            50
        193 Britney              Everett                   BEVERETT                  650.501.2876         03-MAR-97 SH_CLERK         3900 NULL                  123            50
        194 Samuel               McCain                    SMCCAIN                   650.501.3876         01-JUL-98 SH_CLERK         3200 NULL                  123            50
        195 Vance                Jones                     VJONES                    650.501.4876         17-MAR-99 SH_CLERK         2800 NULL                  123            50
        196 Alana                Walsh                     AWALSH                    650.507.9811         24-APR-98 SH_CLERK         3100 NULL                  124            50
        197 Kevin                Feeney                    KFEENEY                   650.507.9822         23-MAY-98 SH_CLERK         3000 NULL                  124            50
        198 Donald               OConnell                  DOCONNEL                  650.507.9833         21-JUN-99 SH_CLERK         2600 NULL                  124            50
        199 Douglas              Grant                     DGRANT                    650.507.9844         13-JAN-00 SH_CLERK         2600 NULL                  124            50
        200 Jennifer             Whalen                    JWHALEN                   515.123.4444         17-SEP-87 AD_ASST          4400 NULL                  101            10
        201 Michael              Hartstein                 MHARTSTE                  515.123.5555         17-FEB-96 MK_MAN          13000 NULL                  100            20
        202 Pat                  Fay                       PFAY                      603.123.6666         17-AUG-97 MK_REP           6000 NULL                  201            20
        203 Susan                Mavris                    SMAVRIS                   515.123.7777         07-JUN-94 HR_REP           6500 NULL                  101            40
        204 Hermann              Baer                      HBAER                     515.123.8888         07-JUN-94 PR_REP          10000 NULL                  101            70

EMPLOYEE_ID FIRST_NAME           LAST_NAME                 EMAIL                     PHONE_NUMBER         HIRE_DATE JOB_ID         SALARY COMMISSION_PCT MANAGER_ID DEPARTMENT_ID
----------- -------------------- ------------------------- ------------------------- -------------------- --------- ---------- ---------- -------------- ---------- -------------
        205 Shelley              Higgins                   SHIGGINS                  515.123.8080         07-JUN-94 AC_MGR          12000 NULL                  101           110
        206 William              Gietz                     WGIETZ                    515.123.8181         07-JUN-94 AC_ACCOUNT       8300 NULL                  205           110

107 rows selected. 

SQL> select * from asda;

PRODUCT              PRICE_PURCHESED PRICE_SOLD QTY_PURCHESED   QTY_SOLD
-------------------- --------------- ---------- ------------- ----------
7up                             1.75          2            15         10
coke                             2.5        3.5            20         15
fanta                            2.2        3.1            10          5
pepsi                            1.2          2            20         15

SQL> select price_sold-price_purchesed as profit;

Error starting at line : 1 in command -
select price_sold-price_purchesed as profit
Error at Command Line : 1 Column : 43
Error report -
SQL Error: ORA-00923: FROM keyword not found where expected
00923. 00000 -  "FROM keyword not found where expected"
*Cause:    


SQL> select price_sold-price_purchesed as profit from asda;
    PROFIT
----------
       .25
         1
        .9
        .8


SQL> select *, price_sold-price_purchesed as profit from asda;
Error starting at line : 1 in command -
select *, price_sold-price_purchesed as profit from asda
Error at Command Line : 1 Column : 9
Error report -
SQL Error: ORA-00923: FROM keyword not found where expected
00923. 00000 -  "FROM keyword not found where expected"
*Cause:    


SQL> select * price_sold-price_purchesed as profit from asda;
Error starting at line : 1 in command -
select * price_sold-price_purchesed as profit from asda
Error at Command Line : 1 Column : 10
Error report -
SQL Error: ORA-00923: FROM keyword not found where expected
00923. 00000 -  "FROM keyword not found where expected"
*Cause:    


SQL> select price_sold-price_purchesed as profit from asda;

    PROFIT
----------
       .25
         1
        .9
        .8


SQL> select (price_sold*qty)*15/100 as vat from asda; 
Error starting at line : 1 in command -
select (price_sold*qty)*15/100 as vat from asda
Error at Command Line : 1 Column : 20
Error report -
SQL Error: ORA-00904: "QTY": invalid identifier
00904. 00000 -  "%s: invalid identifier"
*Cause:    


SQL> select (price_sold*qty_purchesed)*15/100 as vat from asda;
       VAT
----------
       4.5
      10.5
      4.65
         6


SQL> select (price_sold*qty_purchesed)*15/100 as vat, from asda;






SQL> select (price_sold*qty)*15/100 as vat,price_sold-price_purchesed as profit from asda;
Error starting at line : 1 in command -
select (price_sold*qty)*15/100 as vat,price_sold-price_purchesed as profit from asda
Error at Command Line : 1 Column : 20
Error report -
SQL Error: ORA-00904: "QTY": invalid identifier
00904. 00000 -  "%s: invalid identifier"
*Cause:    


SQL> select (price_sold*qty_purchesed)*15/100 as vat,price_sold-price_purchesed as profit from asda;
       VAT     PROFIT
---------- ----------
       4.5        .25
      10.5          1
      4.65         .9
         6         .8


SQL> select (price_sold*qty_purchesed)*15/100 as vat,price_sold-price_purchesed as profit,profit-vat as netprofit from asda;
Error starting at line : 1 in command -
select (price_sold*qty_purchesed)*15/100 as vat,price_sold-price_purchesed as profit,profit-vat as netprofit from asda
Error at Command Line : 1 Column : 93
Error report -
SQL Error: ORA-00904: "VAT": invalid identifier
00904. 00000 -  "%s: invalid identifier"
*Cause:    


SQL> select (price_sold*qty_purchesed)*15/100 as vat,price_sold-price_purchesed as profit,((price_sold*qty_purchesed)*15/100)-(price_sold-price_purchesed as profit) as net_profit from asda;
Error starting at line : 1 in command -
select (price_sold*qty_purchesed)*15/100 as vat,price_sold-price_purchesed as profit,((price_sold*qty_purchesed)*15/100)-(price_sold-price_purchesed as profit) as net_profit from asda
Error at Command Line : 1 Column : 150
Error report -
SQL Error: ORA-00907: missing right parenthesis
00907. 00000 -  "missing right parenthesis"
*Cause:    


SQL> select (price_sold*qty_purchesed)*15/100 as vat,price_sold-price_purchesed as profit,(price_sold*qty_purchesed)*15/100-price_sold-price_purchesed as profit as net_profit from asda;
Error starting at line : 1 in command -
select (price_sold*qty_purchesed)*15/100 as vat,price_sold-price_purchesed as profit,(price_sold*qty_purchesed)*15/100-price_sold-price_purchesed as profit as net_profit from asda
Error at Command Line : 1 Column : 157
Error report -
SQL Error: ORA-00923: FROM keyword not found where expected
00923. 00000 -  "FROM keyword not found where expected"
*Cause:    


SQL> select (price_sold*qty_purchesed)*15/100 as vat from asda;

       VAT
----------
       4.5
      10.5
      4.65
         6


SQL> select price_sold-price_purchesed as profit from asda;

    PROFIT
----------
       .25
         1
        .9
        .8



SQL> select PRODUCT,PRICE_PURCHESED,PRICE_SOLD QTY_PURCHESED,QTY_SOLd, price_sold-price_purchesed as profit from asda;
PRODUCT              PRICE_PURCHESED QTY_PURCHESED   QTY_SOLD     PROFIT
-------------------- --------------- ------------- ---------- ----------
7up                             1.75             2         10        .25
coke                             2.5           3.5         15          1
fanta                            2.2           3.1          5         .9
pepsi                            1.2             2         15         .8


SQL> select PRODUCT,PRICE_PURCHESED,PRICE_SOLD QTY_PURCHESED,QTY_SOLd, price_sold-price_purchesed as profit(price_sold*qty_purchesed)*15/100 as vat from asda;
Error starting at line : 1 in command -
select PRODUCT,PRICE_PURCHESED,PRICE_SOLD QTY_PURCHESED,QTY_SOLd, price_sold-price_purchesed as profit(price_sold*qty_purchesed)*15/100 as vat from asda
Error at Command Line : 1 Column : 103
Error report -
SQL Error: ORA-00923: FROM keyword not found where expected
00923. 00000 -  "FROM keyword not found where expected"
*Cause:    


SQL> select PRODUCT,PRICE_PURCHESED,PRICE_SOLD QTY_PURCHESED,QTY_SOLd, price_sold-price_purchesed as profit,(price_sold*qty_purchesed)*15/100 as vat from asda;
PRODUCT              PRICE_PURCHESED QTY_PURCHESED   QTY_SOLD     PROFIT        VAT
-------------------- --------------- ------------- ---------- ---------- ----------
7up                             1.75             2         10        .25        4.5
coke                             2.5           3.5         15          1       10.5
fanta                            2.2           3.1          5         .9       4.65
pepsi                            1.2             2         15         .8          6


SQL> select (price_sold*qty_purchesed)*15/100 as vat,price_sold-price_purchesed as profit,((price_sold*qty_purchesed)*15/100)-(price_sold-price_purchesed as profit) as net_profit from asda;
Error starting at line : 1 in command -
select (price_sold*qty_purchesed)*15/100 as vat,price_sold-price_purchesed as profit,((price_sold*qty_purchesed)*15/100)-(price_sold-price_purchesed as profit) as net_profit from asda
Error at Command Line : 1 Column : 150
Error report -
SQL Error: ORA-00907: missing right parenthesis
00907. 00000 -  "missing right parenthesis"
*Cause:    


SQL> select product, (price_sold*qty_sold)-(price_purchesed*qty_purchesed) as profit,price_purchesed*qty_purchesed)*15/100 as vat,((price_sold*qty_sold)-(price_purchesed*qty_sold)-(price_purchesed*qty_purchesed))-price_purchesed*qty+purchesed)*15/100 as net_profit from asda;
Error starting at line : 1 in command -
select product, (price_sold*qty_sold)-(price_purchesed*qty_purchesed) as profit,price_purchesed*qty_purchesed)*15/100 as vat,((price_sold*qty_sold)-(price_purchesed*qty_sold)-(price_purchesed*qty_purchesed))-price_purchesed*qty+purchesed)*15/100 as net_profit from asda
Error at Command Line : 1 Column : 110
Error report -
SQL Error: ORA-00923: FROM keyword not found where expected
00923. 00000 -  "FROM keyword not found where expected"
*Cause:    


SQL> select product, (price_sold*qty_sold)-(price_purchesed*qty_purchesed) as profit,(price_purchesed*qty_purchesed)*15/100 as vat,((price_sold*qty_sold)-(price_purchesed*qty_sold)-(price_purchesed*qty_purchesed))-price_purchesed*qty+purchesed)*15/100 as net_profit from asda;
Error starting at line : 1 in command -
select product, (price_sold*qty_sold)-(price_purchesed*qty_purchesed) as profit,(price_purchesed*qty_purchesed)*15/100 as vat,((price_sold*qty_sold)-(price_purchesed*qty_sold)-(price_purchesed*qty_purchesed))-price_purchesed*qty+purchesed)*15/100 as net_profit from asda
Error at Command Line : 1 Column : 239
Error report -
SQL Error: ORA-00923: FROM keyword not found where expected
00923. 00000 -  "FROM keyword not found where expected"
*Cause:    


SQL> select product, (price_sold*qty_sold)-(price_purchesed*qty_purchesed) as profit,(price_purchesed*qty_purchesed)*15/100 as vat,((price_sold*qty_sold)-(price_purchesed*qty_sold)-(price_purchesed*qty_purchesed))-(price_purchesed*qty_purchesed)*15/100 as net_profit from asda;
PRODUCT                  PROFIT        VAT NET_PROFIT
-------------------- ---------- ---------- ----------
7up                       -6.25     3.9375   -27.6875
coke                        2.5        7.5      -42.5
fanta                      -6.5        3.3      -20.8
pepsi                         6        3.6      -15.6


SQL> select product, (price_sold*qty_sold)-(price_purchesed*qty_purchesed) as profit,(price_sold-price_purchesed)*qty_sold*15/100 as vat,((price_sold*qty_sold)-(price_purchesed*qty_sold)-(price_purchesed*qty_purchesed))-(price_purchesed*qty_purchesed)*15/100 as net_profit from asda;
PRODUCT                  PROFIT        VAT NET_PROFIT
-------------------- ---------- ---------- ----------
7up                       -6.25       .375   -27.6875
coke                        2.5       2.25      -42.5
fanta                      -6.5       .675      -20.8
pepsi                         6        1.8      -15.6


SQL> select product, (price_sold*qty_sold)-(price_purchesed*qty_purchesed) as profit,(price_sold-price_purchesed)*qty_sold*15/100 as vat,(price_sold-price_purchesed)*qty_sold-(((price_sold-price_purchesed)*qty_sold)*15/100) as net_profit from asda;
PRODUCT                  PROFIT        VAT NET_PROFIT
-------------------- ---------- ---------- ----------
7up                       -6.25       .375      2.125
coke                        2.5       2.25      12.75
fanta                      -6.5       .675      3.825
pepsi                         6        1.8       10.2


SQL> select product, (price_sold*qty_sold)-(price_sold*qty_sold) as profit,(price_sold-price_purchesed)*qty_sold*15/100 as vat,(price_sold-price_purchesed)*qty_sold-(((price_sold-price_purchesed)*qty_sold)*15/100) as net_profit from asda;
PRODUCT                  PROFIT        VAT NET_PROFIT
-------------------- ---------- ---------- ----------
7up                           0       .375      2.125
coke                          0       2.25      12.75
fanta                         0       .675      3.825
pepsi                         0        1.8       10.2

SQL> select * from employee order by last_name;

Error starting at line : 1 in command -
select * from employee order by last_name
Error at Command Line : 1 Column : 15
Error report -
SQL Error: ORA-00942: table or view does not exist
00942. 00000 -  "table or view does not exist"
*Cause:    


SQL> select * from employee order by 'last_name';
Error starting at line : 1 in command -
select * from employee order by 'last_name'
Error at Command Line : 1 Column : 15
Error report -
SQL Error: ORA-00942: table or view does not exist
00942. 00000 -  "table or view does not exist"
*Cause:    


SQL> select * from employee order by email;
Error starting at line : 1 in command -
select * from employee order by email
Error at Command Line : 1 Column : 15
Error report -
SQL Error: ORA-00942: table or view does not exist
00942. 00000 -  "table or view does not exist"
*Cause:    



SQL> select * from employee;
Error starting at line : 1 in command -
select * from employee
Error at Command Line : 1 Column : 15
Error report -
SQL Error: ORA-00942: table or view does not exist
00942. 00000 -  "table or view does not exist"
*Cause:    


SQL> select * from employees;
EMPLOYEE_ID FIRST_NAME           LAST_NAME                 EMAIL                     PHONE_NUMBER         HIRE_DATE JOB_ID         SALARY COMMISSION_PCT MANAGER_ID DEPARTMENT_ID
----------- -------------------- ------------------------- ------------------------- -------------------- --------- ---------- ---------- -------------- ---------- -------------
        100 Steven               King                      SKING                     515.123.4567         17-JUN-87 AD_PRES         24000 NULL           NULL                  90
        101 Neena                Kochhar                   NKOCHHAR                  515.123.4568         21-SEP-89 AD_VP           17000 NULL                  100            90
        102 Lex                  De Haan                   LDEHAAN                   515.123.4569         13-JAN-93 AD_VP           17000 NULL                  100            90
        103 Alexander            Hunold                    AHUNOLD                   590.423.4567         03-JAN-90 IT_PROG          9000 NULL                  102            60
        104 Bruce                Ernst                     BERNST                    590.423.4568         21-MAY-91 IT_PROG          6000 NULL                  103            60
        105 David                Austin                    DAUSTIN                   590.423.4569         25-JUN-97 IT_PROG          4800 NULL                  103            60
        106 Valli                Pataballa                 VPATABAL                  590.423.4560         05-FEB-98 IT_PROG          4800 NULL                  103            60
        107 Diana                Lorentz                   DLORENTZ                  590.423.5567         07-FEB-99 IT_PROG          4200 NULL                  103            60
        108 Nancy                Greenberg                 NGREENBE                  515.124.4569         17-AUG-94 FI_MGR          12000 NULL                  101           100
        109 Daniel               Faviet                    DFAVIET                   515.124.4169         16-AUG-94 FI_ACCOUNT       9000 NULL                  108           100
        110 John                 Chen                      JCHEN                     515.124.4269         28-SEP-97 FI_ACCOUNT       8200 NULL                  108           100
        111 Ismael               Sciarra                   ISCIARRA                  515.124.4369         30-SEP-97 FI_ACCOUNT       7700 NULL                  108           100
        112 Jose Manuel          Urman                     JMURMAN                   515.124.4469         07-MAR-98 FI_ACCOUNT       7800 NULL                  108           100
        113 Luis                 Popp                      LPOPP                     515.124.4567         07-DEC-99 FI_ACCOUNT       6900 NULL                  108           100
        114 Den                  Raphaely                  DRAPHEAL                  515.127.4561         07-DEC-94 PU_MAN          11000 NULL                  100            30
        115 Alexander            Khoo                      AKHOO                     515.127.4562         18-MAY-95 PU_CLERK         3100 NULL                  114            30
        116 Shelli               Baida                     SBAIDA                    515.127.4563         24-DEC-97 PU_CLERK         2900 NULL                  114            30
        117 Sigal                Tobias                    STOBIAS                   515.127.4564         24-JUL-97 PU_CLERK         2800 NULL                  114            30
        118 Guy                  Himuro                    GHIMURO                   515.127.4565         15-NOV-98 PU_CLERK         2600 NULL                  114            30
        119 Karen                Colmenares                KCOLMENA                  515.127.4566         10-AUG-99 PU_CLERK         2500 NULL                  114            30
        120 Matthew              Weiss                     MWEISS                    650.123.1234         18-JUL-96 ST_MAN           8000 NULL                  100            50

EMPLOYEE_ID FIRST_NAME           LAST_NAME                 EMAIL                     PHONE_NUMBER         HIRE_DATE JOB_ID         SALARY COMMISSION_PCT MANAGER_ID DEPARTMENT_ID
----------- -------------------- ------------------------- ------------------------- -------------------- --------- ---------- ---------- -------------- ---------- -------------
        121 Adam                 Fripp                     AFRIPP                    650.123.2234         10-APR-97 ST_MAN           8200 NULL                  100            50
        122 Payam                Kaufling                  PKAUFLIN                  650.123.3234         01-MAY-95 ST_MAN           7900 NULL                  100            50
        123 Shanta               Vollman                   SVOLLMAN                  650.123.4234         10-OCT-97 ST_MAN           6500 NULL                  100            50
        124 Kevin                Mourgos                   KMOURGOS                  650.123.5234         16-NOV-99 ST_MAN           5800 NULL                  100            50
        125 Julia                Nayer                     JNAYER                    650.124.1214         16-JUL-97 ST_CLERK         3200 NULL                  120            50
        126 Irene                Mikkilineni               IMIKKILI                  650.124.1224         28-SEP-98 ST_CLERK         2700 NULL                  120            50
        127 James                Landry                    JLANDRY                   650.124.1334         14-JAN-99 ST_CLERK         2400 NULL                  120            50
        128 Steven               Markle                    SMARKLE                   650.124.1434         08-MAR-00 ST_CLERK         2200 NULL                  120            50
        129 Laura                Bissot                    LBISSOT                   650.124.5234         20-AUG-97 ST_CLERK         3300 NULL                  121            50
        130 Mozhe                Atkinson                  MATKINSO                  650.124.6234         30-OCT-97 ST_CLERK         2800 NULL                  121            50
        131 James                Marlow                    JAMRLOW                   650.124.7234         16-FEB-97 ST_CLERK         2500 NULL                  121            50
        132 TJ                   Olson                     TJOLSON                   650.124.8234         10-APR-99 ST_CLERK         2100 NULL                  121            50
        133 Jason                Mallin                    JMALLIN                   650.127.1934         14-JUN-96 ST_CLERK         3300 NULL                  122            50
        134 Michael              Rogers                    MROGERS                   650.127.1834         26-AUG-98 ST_CLERK         2900 NULL                  122            50
        135 Ki                   Gee                       KGEE                      650.127.1734         12-DEC-99 ST_CLERK         2400 NULL                  122            50
        136 Hazel                Philtanker                HPHILTAN                  650.127.1634         06-FEB-00 ST_CLERK         2200 NULL                  122            50
        137 Renske               Ladwig                    RLADWIG                   650.121.1234         14-JUL-95 ST_CLERK         3600 NULL                  123            50
        138 Stephen              Stiles                    SSTILES                   650.121.2034         26-OCT-97 ST_CLERK         3200 NULL                  123            50
        139 John                 Seo                       JSEO                      650.121.2019         12-FEB-98 ST_CLERK         2700 NULL                  123            50
        140 Joshua               Patel                     JPATEL                    650.121.1834         06-APR-98 ST_CLERK         2500 NULL                  123            50
        141 Trenna               Rajs                      TRAJS                     650.121.8009         17-OCT-95 ST_CLERK         3500 NULL                  124            50

EMPLOYEE_ID FIRST_NAME           LAST_NAME                 EMAIL                     PHONE_NUMBER         HIRE_DATE JOB_ID         SALARY COMMISSION_PCT MANAGER_ID DEPARTMENT_ID
----------- -------------------- ------------------------- ------------------------- -------------------- --------- ---------- ---------- -------------- ---------- -------------
        142 Curtis               Davies                    CDAVIES                   650.121.2994         29-JAN-97 ST_CLERK         3100 NULL                  124            50
        143 Randall              Matos                     RMATOS                    650.121.2874         15-MAR-98 ST_CLERK         2600 NULL                  124            50
        144 Peter                Vargas                    PVARGAS                   650.121.2004         09-JUL-98 ST_CLERK         2500 NULL                  124            50
        145 John                 Russell                   JRUSSEL                   011.44.1344.429268   01-OCT-96 SA_MAN          14000             .4        100            80
        146 Karen                Partners                  KPARTNER                  011.44.1344.467268   05-JAN-97 SA_MAN          13500             .3        100            80
        147 Alberto              Errazuriz                 AERRAZUR                  011.44.1344.429278   10-MAR-97 SA_MAN          12000             .3        100            80
        148 Gerald               Cambrault                 GCAMBRAU                  011.44.1344.619268   15-OCT-99 SA_MAN          11000             .3        100            80
        149 Eleni                Zlotkey                   EZLOTKEY                  011.44.1344.429018   29-JAN-00 SA_MAN          10500             .2        100            80
        150 Peter                Tucker                    PTUCKER                   011.44.1344.129268   30-JAN-97 SA_REP          10000             .3        145            80
        151 David                Bernstein                 DBERNSTE                  011.44.1344.345268   24-MAR-97 SA_REP           9500            .25        145            80
        152 Peter                Hall                      PHALL                     011.44.1344.478968   20-AUG-97 SA_REP           9000            .25        145            80
        153 Christopher          Olsen                     COLSEN                    011.44.1344.498718   30-MAR-98 SA_REP           8000             .2        145            80
        154 Nanette              Cambrault                 NCAMBRAU                  011.44.1344.987668   09-DEC-98 SA_REP           7500             .2        145            80
        155 Oliver               Tuvault                   OTUVAULT                  011.44.1344.486508   23-NOV-99 SA_REP           7000            .15        145            80
        156 Janette              King                      JKING                     011.44.1345.429268   30-JAN-96 SA_REP          10000            .35        146            80
        157 Patrick              Sully                     PSULLY                    011.44.1345.929268   04-MAR-96 SA_REP           9500            .35        146            80
        158 Allan                McEwen                    AMCEWEN                   011.44.1345.829268   01-AUG-96 SA_REP           9000            .35        146            80
        159 Lindsey              Smith                     LSMITH                    011.44.1345.729268   10-MAR-97 SA_REP           8000             .3        146            80
        160 Louise               Doran                     LDORAN                    011.44.1345.629268   15-DEC-97 SA_REP           7500             .3        146            80
        161 Sarath               Sewall                    SSEWALL                   011.44.1345.529268   03-NOV-98 SA_REP           7000            .25        146            80
        162 Clara                Vishney                   CVISHNEY                  011.44.1346.129268   11-NOV-97 SA_REP          10500            .25        147            80

EMPLOYEE_ID FIRST_NAME           LAST_NAME                 EMAIL                     PHONE_NUMBER         HIRE_DATE JOB_ID         SALARY COMMISSION_PCT MANAGER_ID DEPARTMENT_ID
----------- -------------------- ------------------------- ------------------------- -------------------- --------- ---------- ---------- -------------- ---------- -------------
        163 Danielle             Greene                    DGREENE                   011.44.1346.229268   19-MAR-99 SA_REP           9500            .15        147            80
        164 Mattea               Marvins                   MMARVINS                  011.44.1346.329268   24-JAN-00 SA_REP           7200             .1        147            80
        165 David                Lee                       DLEE                      011.44.1346.529268   23-FEB-00 SA_REP           6800             .1        147            80
        166 Sundar               Ande                      SANDE                     011.44.1346.629268   24-MAR-00 SA_REP           6400             .1        147            80
        167 Amit                 Banda                     ABANDA                    011.44.1346.729268   21-APR-00 SA_REP           6200             .1        147            80
        168 Lisa                 Ozer                      LOZER                     011.44.1343.929268   11-MAR-97 SA_REP          11500            .25        148            80
        169 Harrison             Bloom                     HBLOOM                    011.44.1343.829268   23-MAR-98 SA_REP          10000             .2        148            80
        170 Tayler               Fox                       TFOX                      011.44.1343.729268   24-JAN-98 SA_REP           9600             .2        148            80
        171 William              Smith                     WSMITH                    011.44.1343.629268   23-FEB-99 SA_REP           7400            .15        148            80
        172 Elizabeth            Bates                     EBATES                    011.44.1343.529268   24-MAR-99 SA_REP           7300            .15        148            80
        173 Sundita              Kumar                     SKUMAR                    011.44.1343.329268   21-APR-00 SA_REP           6100             .1        148            80
        174 Ellen                Abel                      EABEL                     011.44.1644.429267   11-MAY-96 SA_REP          11000             .3        149            80
        175 Alyssa               Hutton                    AHUTTON                   011.44.1644.429266   19-MAR-97 SA_REP           8800            .25        149            80
        176 Jonathon             Taylor                    JTAYLOR                   011.44.1644.429265   24-MAR-98 SA_REP           8600             .2        149            80
        177 Jack                 Livingston                JLIVINGS                  011.44.1644.429264   23-APR-98 SA_REP           8400             .2        149            80
        178 Kimberely            Grant                     KGRANT                    011.44.1644.429263   24-MAY-99 SA_REP           7000            .15        149 NULL         
        179 Charles              Johnson                   CJOHNSON                  011.44.1644.429262   04-JAN-00 SA_REP           6200             .1        149            80
        180 Winston              Taylor                    WTAYLOR                   650.507.9876         24-JAN-98 SH_CLERK         3200 NULL                  120            50
        181 Jean                 Fleaur                    JFLEAUR                   650.507.9877         23-FEB-98 SH_CLERK         3100 NULL                  120            50
        182 Martha               Sullivan                  MSULLIVA                  650.507.9878         21-JUN-99 SH_CLERK         2500 NULL                  120            50
        183 Girard               Geoni                     GGEONI                    650.507.9879         03-FEB-00 SH_CLERK         2800 NULL                  120            50

EMPLOYEE_ID FIRST_NAME           LAST_NAME                 EMAIL                     PHONE_NUMBER         HIRE_DATE JOB_ID         SALARY COMMISSION_PCT MANAGER_ID DEPARTMENT_ID
----------- -------------------- ------------------------- ------------------------- -------------------- --------- ---------- ---------- -------------- ---------- -------------
        184 Nandita              Sarchand                  NSARCHAN                  650.509.1876         27-JAN-96 SH_CLERK         4200 NULL                  121            50
        185 Alexis               Bull                      ABULL                     650.509.2876         20-FEB-97 SH_CLERK         4100 NULL                  121            50
        186 Julia                Dellinger                 JDELLING                  650.509.3876         24-JUN-98 SH_CLERK         3400 NULL                  121            50
        187 Anthony              Cabrio                    ACABRIO                   650.509.4876         07-FEB-99 SH_CLERK         3000 NULL                  121            50
        188 Kelly                Chung                     KCHUNG                    650.505.1876         14-JUN-97 SH_CLERK         3800 NULL                  122            50
        189 Jennifer             Dilly                     JDILLY                    650.505.2876         13-AUG-97 SH_CLERK         3600 NULL                  122            50
        190 Timothy              Gates                     TGATES                    650.505.3876         11-JUL-98 SH_CLERK         2900 NULL                  122            50
        191 Randall              Perkins                   RPERKINS                  650.505.4876         19-DEC-99 SH_CLERK         2500 NULL                  122            50
        192 Sarah                Bell                      SBELL                     650.501.1876         04-FEB-96 SH_CLERK         4000 NULL                  123            50
        193 Britney              Everett                   BEVERETT                  650.501.2876         03-MAR-97 SH_CLERK         3900 NULL                  123            50
        194 Samuel               McCain                    SMCCAIN                   650.501.3876         01-JUL-98 SH_CLERK         3200 NULL                  123            50
        195 Vance                Jones                     VJONES                    650.501.4876         17-MAR-99 SH_CLERK         2800 NULL                  123            50
        196 Alana                Walsh                     AWALSH                    650.507.9811         24-APR-98 SH_CLERK         3100 NULL                  124            50
        197 Kevin                Feeney                    KFEENEY                   650.507.9822         23-MAY-98 SH_CLERK         3000 NULL                  124            50
        198 Donald               OConnell                  DOCONNEL                  650.507.9833         21-JUN-99 SH_CLERK         2600 NULL                  124            50
        199 Douglas              Grant                     DGRANT                    650.507.9844         13-JAN-00 SH_CLERK         2600 NULL                  124            50
        200 Jennifer             Whalen                    JWHALEN                   515.123.4444         17-SEP-87 AD_ASST          4400 NULL                  101            10
        201 Michael              Hartstein                 MHARTSTE                  515.123.5555         17-FEB-96 MK_MAN          13000 NULL                  100            20
        202 Pat                  Fay                       PFAY                      603.123.6666         17-AUG-97 MK_REP           6000 NULL                  201            20
        203 Susan                Mavris                    SMAVRIS                   515.123.7777         07-JUN-94 HR_REP           6500 NULL                  101            40
        204 Hermann              Baer                      HBAER                     515.123.8888         07-JUN-94 PR_REP          10000 NULL                  101            70

EMPLOYEE_ID FIRST_NAME           LAST_NAME                 EMAIL                     PHONE_NUMBER         HIRE_DATE JOB_ID         SALARY COMMISSION_PCT MANAGER_ID DEPARTMENT_ID
----------- -------------------- ------------------------- ------------------------- -------------------- --------- ---------- ---------- -------------- ---------- -------------
        205 Shelley              Higgins                   SHIGGINS                  515.123.8080         07-JUN-94 AC_MGR          12000 NULL                  101           110
        206 William              Gietz                     WGIETZ                    515.123.8181         07-JUN-94 AC_ACCOUNT       8300 NULL                  205           110

107 rows selected. 


SQL> select * from employees order by email;
EMPLOYEE_ID FIRST_NAME           LAST_NAME                 EMAIL                     PHONE_NUMBER         HIRE_DATE JOB_ID         SALARY COMMISSION_PCT MANAGER_ID DEPARTMENT_ID
----------- -------------------- ------------------------- ------------------------- -------------------- --------- ---------- ---------- -------------- ---------- -------------
        167 Amit                 Banda                     ABANDA                    011.44.1346.729268   21-APR-00 SA_REP           6200             .1        147            80
        185 Alexis               Bull                      ABULL                     650.509.2876         20-FEB-97 SH_CLERK         4100 NULL                  121            50
        187 Anthony              Cabrio                    ACABRIO                   650.509.4876         07-FEB-99 SH_CLERK         3000 NULL                  121            50
        147 Alberto              Errazuriz                 AERRAZUR                  011.44.1344.429278   10-MAR-97 SA_MAN          12000             .3        100            80
        121 Adam                 Fripp                     AFRIPP                    650.123.2234         10-APR-97 ST_MAN           8200 NULL                  100            50
        103 Alexander            Hunold                    AHUNOLD                   590.423.4567         03-JAN-90 IT_PROG          9000 NULL                  102            60
        175 Alyssa               Hutton                    AHUTTON                   011.44.1644.429266   19-MAR-97 SA_REP           8800            .25        149            80
        115 Alexander            Khoo                      AKHOO                     515.127.4562         18-MAY-95 PU_CLERK         3100 NULL                  114            30
        158 Allan                McEwen                    AMCEWEN                   011.44.1345.829268   01-AUG-96 SA_REP           9000            .35        146            80
        196 Alana                Walsh                     AWALSH                    650.507.9811         24-APR-98 SH_CLERK         3100 NULL                  124            50
        104 Bruce                Ernst                     BERNST                    590.423.4568         21-MAY-91 IT_PROG          6000 NULL                  103            60
        193 Britney              Everett                   BEVERETT                  650.501.2876         03-MAR-97 SH_CLERK         3900 NULL                  123            50
        142 Curtis               Davies                    CDAVIES                   650.121.2994         29-JAN-97 ST_CLERK         3100 NULL                  124            50
        179 Charles              Johnson                   CJOHNSON                  011.44.1644.429262   04-JAN-00 SA_REP           6200             .1        149            80
        153 Christopher          Olsen                     COLSEN                    011.44.1344.498718   30-MAR-98 SA_REP           8000             .2        145            80
        162 Clara                Vishney                   CVISHNEY                  011.44.1346.129268   11-NOV-97 SA_REP          10500            .25        147            80
        105 David                Austin                    DAUSTIN                   590.423.4569         25-JUN-97 IT_PROG          4800 NULL                  103            60
        151 David                Bernstein                 DBERNSTE                  011.44.1344.345268   24-MAR-97 SA_REP           9500            .25        145            80
        109 Daniel               Faviet                    DFAVIET                   515.124.4169         16-AUG-94 FI_ACCOUNT       9000 NULL                  108           100
        199 Douglas              Grant                     DGRANT                    650.507.9844         13-JAN-00 SH_CLERK         2600 NULL                  124            50
        163 Danielle             Greene                    DGREENE                   011.44.1346.229268   19-MAR-99 SA_REP           9500            .15        147            80

EMPLOYEE_ID FIRST_NAME           LAST_NAME                 EMAIL                     PHONE_NUMBER         HIRE_DATE JOB_ID         SALARY COMMISSION_PCT MANAGER_ID DEPARTMENT_ID
----------- -------------------- ------------------------- ------------------------- -------------------- --------- ---------- ---------- -------------- ---------- -------------
        165 David                Lee                       DLEE                      011.44.1346.529268   23-FEB-00 SA_REP           6800             .1        147            80
        107 Diana                Lorentz                   DLORENTZ                  590.423.5567         07-FEB-99 IT_PROG          4200 NULL                  103            60
        198 Donald               OConnell                  DOCONNEL                  650.507.9833         21-JUN-99 SH_CLERK         2600 NULL                  124            50
        114 Den                  Raphaely                  DRAPHEAL                  515.127.4561         07-DEC-94 PU_MAN          11000 NULL                  100            30
        174 Ellen                Abel                      EABEL                     011.44.1644.429267   11-MAY-96 SA_REP          11000             .3        149            80
        172 Elizabeth            Bates                     EBATES                    011.44.1343.529268   24-MAR-99 SA_REP           7300            .15        148            80
        149 Eleni                Zlotkey                   EZLOTKEY                  011.44.1344.429018   29-JAN-00 SA_MAN          10500             .2        100            80
        148 Gerald               Cambrault                 GCAMBRAU                  011.44.1344.619268   15-OCT-99 SA_MAN          11000             .3        100            80
        183 Girard               Geoni                     GGEONI                    650.507.9879         03-FEB-00 SH_CLERK         2800 NULL                  120            50
        118 Guy                  Himuro                    GHIMURO                   515.127.4565         15-NOV-98 PU_CLERK         2600 NULL                  114            30
        204 Hermann              Baer                      HBAER                     515.123.8888         07-JUN-94 PR_REP          10000 NULL                  101            70
        169 Harrison             Bloom                     HBLOOM                    011.44.1343.829268   23-MAR-98 SA_REP          10000             .2        148            80
        136 Hazel                Philtanker                HPHILTAN                  650.127.1634         06-FEB-00 ST_CLERK         2200 NULL                  122            50
        126 Irene                Mikkilineni               IMIKKILI                  650.124.1224         28-SEP-98 ST_CLERK         2700 NULL                  120            50
        111 Ismael               Sciarra                   ISCIARRA                  515.124.4369         30-SEP-97 FI_ACCOUNT       7700 NULL                  108           100
        131 James                Marlow                    JAMRLOW                   650.124.7234         16-FEB-97 ST_CLERK         2500 NULL                  121            50
        110 John                 Chen                      JCHEN                     515.124.4269         28-SEP-97 FI_ACCOUNT       8200 NULL                  108           100
        186 Julia                Dellinger                 JDELLING                  650.509.3876         24-JUN-98 SH_CLERK         3400 NULL                  121            50
        189 Jennifer             Dilly                     JDILLY                    650.505.2876         13-AUG-97 SH_CLERK         3600 NULL                  122            50
        181 Jean                 Fleaur                    JFLEAUR                   650.507.9877         23-FEB-98 SH_CLERK         3100 NULL                  120            50
        156 Janette              King                      JKING                     011.44.1345.429268   30-JAN-96 SA_REP          10000            .35        146            80

EMPLOYEE_ID FIRST_NAME           LAST_NAME                 EMAIL                     PHONE_NUMBER         HIRE_DATE JOB_ID         SALARY COMMISSION_PCT MANAGER_ID DEPARTMENT_ID
----------- -------------------- ------------------------- ------------------------- -------------------- --------- ---------- ---------- -------------- ---------- -------------
        127 James                Landry                    JLANDRY                   650.124.1334         14-JAN-99 ST_CLERK         2400 NULL                  120            50
        177 Jack                 Livingston                JLIVINGS                  011.44.1644.429264   23-APR-98 SA_REP           8400             .2        149            80
        133 Jason                Mallin                    JMALLIN                   650.127.1934         14-JUN-96 ST_CLERK         3300 NULL                  122            50
        112 Jose Manuel          Urman                     JMURMAN                   515.124.4469         07-MAR-98 FI_ACCOUNT       7800 NULL                  108           100
        125 Julia                Nayer                     JNAYER                    650.124.1214         16-JUL-97 ST_CLERK         3200 NULL                  120            50
        140 Joshua               Patel                     JPATEL                    650.121.1834         06-APR-98 ST_CLERK         2500 NULL                  123            50
        145 John                 Russell                   JRUSSEL                   011.44.1344.429268   01-OCT-96 SA_MAN          14000             .4        100            80
        139 John                 Seo                       JSEO                      650.121.2019         12-FEB-98 ST_CLERK         2700 NULL                  123            50
        176 Jonathon             Taylor                    JTAYLOR                   011.44.1644.429265   24-MAR-98 SA_REP           8600             .2        149            80
        200 Jennifer             Whalen                    JWHALEN                   515.123.4444         17-SEP-87 AD_ASST          4400 NULL                  101            10
        188 Kelly                Chung                     KCHUNG                    650.505.1876         14-JUN-97 SH_CLERK         3800 NULL                  122            50
        119 Karen                Colmenares                KCOLMENA                  515.127.4566         10-AUG-99 PU_CLERK         2500 NULL                  114            30
        197 Kevin                Feeney                    KFEENEY                   650.507.9822         23-MAY-98 SH_CLERK         3000 NULL                  124            50
        135 Ki                   Gee                       KGEE                      650.127.1734         12-DEC-99 ST_CLERK         2400 NULL                  122            50
        178 Kimberely            Grant                     KGRANT                    011.44.1644.429263   24-MAY-99 SA_REP           7000            .15        149 NULL         
        124 Kevin                Mourgos                   KMOURGOS                  650.123.5234         16-NOV-99 ST_MAN           5800 NULL                  100            50
        146 Karen                Partners                  KPARTNER                  011.44.1344.467268   05-JAN-97 SA_MAN          13500             .3        100            80
        129 Laura                Bissot                    LBISSOT                   650.124.5234         20-AUG-97 ST_CLERK         3300 NULL                  121            50
        102 Lex                  De Haan                   LDEHAAN                   515.123.4569         13-JAN-93 AD_VP           17000 NULL                  100            90
        160 Louise               Doran                     LDORAN                    011.44.1345.629268   15-DEC-97 SA_REP           7500             .3        146            80
        168 Lisa                 Ozer                      LOZER                     011.44.1343.929268   11-MAR-97 SA_REP          11500            .25        148            80

EMPLOYEE_ID FIRST_NAME           LAST_NAME                 EMAIL                     PHONE_NUMBER         HIRE_DATE JOB_ID         SALARY COMMISSION_PCT MANAGER_ID DEPARTMENT_ID
----------- -------------------- ------------------------- ------------------------- -------------------- --------- ---------- ---------- -------------- ---------- -------------
        113 Luis                 Popp                      LPOPP                     515.124.4567         07-DEC-99 FI_ACCOUNT       6900 NULL                  108           100
        159 Lindsey              Smith                     LSMITH                    011.44.1345.729268   10-MAR-97 SA_REP           8000             .3        146            80
        130 Mozhe                Atkinson                  MATKINSO                  650.124.6234         30-OCT-97 ST_CLERK         2800 NULL                  121            50
        201 Michael              Hartstein                 MHARTSTE                  515.123.5555         17-FEB-96 MK_MAN          13000 NULL                  100            20
        164 Mattea               Marvins                   MMARVINS                  011.44.1346.329268   24-JAN-00 SA_REP           7200             .1        147            80
        134 Michael              Rogers                    MROGERS                   650.127.1834         26-AUG-98 ST_CLERK         2900 NULL                  122            50
        182 Martha               Sullivan                  MSULLIVA                  650.507.9878         21-JUN-99 SH_CLERK         2500 NULL                  120            50
        120 Matthew              Weiss                     MWEISS                    650.123.1234         18-JUL-96 ST_MAN           8000 NULL                  100            50
        154 Nanette              Cambrault                 NCAMBRAU                  011.44.1344.987668   09-DEC-98 SA_REP           7500             .2        145            80
        108 Nancy                Greenberg                 NGREENBE                  515.124.4569         17-AUG-94 FI_MGR          12000 NULL                  101           100
        101 Neena                Kochhar                   NKOCHHAR                  515.123.4568         21-SEP-89 AD_VP           17000 NULL                  100            90
        184 Nandita              Sarchand                  NSARCHAN                  650.509.1876         27-JAN-96 SH_CLERK         4200 NULL                  121            50
        155 Oliver               Tuvault                   OTUVAULT                  011.44.1344.486508   23-NOV-99 SA_REP           7000            .15        145            80
        202 Pat                  Fay                       PFAY                      603.123.6666         17-AUG-97 MK_REP           6000 NULL                  201            20
        152 Peter                Hall                      PHALL                     011.44.1344.478968   20-AUG-97 SA_REP           9000            .25        145            80
        122 Payam                Kaufling                  PKAUFLIN                  650.123.3234         01-MAY-95 ST_MAN           7900 NULL                  100            50
        157 Patrick              Sully                     PSULLY                    011.44.1345.929268   04-MAR-96 SA_REP           9500            .35        146            80
        150 Peter                Tucker                    PTUCKER                   011.44.1344.129268   30-JAN-97 SA_REP          10000             .3        145            80
        144 Peter                Vargas                    PVARGAS                   650.121.2004         09-JUL-98 ST_CLERK         2500 NULL                  124            50
        137 Renske               Ladwig                    RLADWIG                   650.121.1234         14-JUL-95 ST_CLERK         3600 NULL                  123            50
        143 Randall              Matos                     RMATOS                    650.121.2874         15-MAR-98 ST_CLERK         2600 NULL                  124            50

EMPLOYEE_ID FIRST_NAME           LAST_NAME                 EMAIL                     PHONE_NUMBER         HIRE_DATE JOB_ID         SALARY COMMISSION_PCT MANAGER_ID DEPARTMENT_ID
----------- -------------------- ------------------------- ------------------------- -------------------- --------- ---------- ---------- -------------- ---------- -------------
        191 Randall              Perkins                   RPERKINS                  650.505.4876         19-DEC-99 SH_CLERK         2500 NULL                  122            50
        166 Sundar               Ande                      SANDE                     011.44.1346.629268   24-MAR-00 SA_REP           6400             .1        147            80
        116 Shelli               Baida                     SBAIDA                    515.127.4563         24-DEC-97 PU_CLERK         2900 NULL                  114            30
        192 Sarah                Bell                      SBELL                     650.501.1876         04-FEB-96 SH_CLERK         4000 NULL                  123            50
        205 Shelley              Higgins                   SHIGGINS                  515.123.8080         07-JUN-94 AC_MGR          12000 NULL                  101           110
        100 Steven               King                      SKING                     515.123.4567         17-JUN-87 AD_PRES         24000 NULL           NULL                  90
        173 Sundita              Kumar                     SKUMAR                    011.44.1343.329268   21-APR-00 SA_REP           6100             .1        148            80
        128 Steven               Markle                    SMARKLE                   650.124.1434         08-MAR-00 ST_CLERK         2200 NULL                  120            50
        203 Susan                Mavris                    SMAVRIS                   515.123.7777         07-JUN-94 HR_REP           6500 NULL                  101            40
        194 Samuel               McCain                    SMCCAIN                   650.501.3876         01-JUL-98 SH_CLERK         3200 NULL                  123            50
        161 Sarath               Sewall                    SSEWALL                   011.44.1345.529268   03-NOV-98 SA_REP           7000            .25        146            80
        138 Stephen              Stiles                    SSTILES                   650.121.2034         26-OCT-97 ST_CLERK         3200 NULL                  123            50
        117 Sigal                Tobias                    STOBIAS                   515.127.4564         24-JUL-97 PU_CLERK         2800 NULL                  114            30
        123 Shanta               Vollman                   SVOLLMAN                  650.123.4234         10-OCT-97 ST_MAN           6500 NULL                  100            50
        170 Tayler               Fox                       TFOX                      011.44.1343.729268   24-JAN-98 SA_REP           9600             .2        148            80
        190 Timothy              Gates                     TGATES                    650.505.3876         11-JUL-98 SH_CLERK         2900 NULL                  122            50
        132 TJ                   Olson                     TJOLSON                   650.124.8234         10-APR-99 ST_CLERK         2100 NULL                  121            50
        141 Trenna               Rajs                      TRAJS                     650.121.8009         17-OCT-95 ST_CLERK         3500 NULL                  124            50
        195 Vance                Jones                     VJONES                    650.501.4876         17-MAR-99 SH_CLERK         2800 NULL                  123            50
        106 Valli                Pataballa                 VPATABAL                  590.423.4560         05-FEB-98 IT_PROG          4800 NULL                  103            60
        206 William              Gietz                     WGIETZ                    515.123.8181         07-JUN-94 AC_ACCOUNT       8300 NULL                  205           110

EMPLOYEE_ID FIRST_NAME           LAST_NAME                 EMAIL                     PHONE_NUMBER         HIRE_DATE JOB_ID         SALARY COMMISSION_PCT MANAGER_ID DEPARTMENT_ID
----------- -------------------- ------------------------- ------------------------- -------------------- --------- ---------- ---------- -------------- ---------- -------------
        171 William              Smith                     WSMITH                    011.44.1343.629268   23-FEB-99 SA_REP           7400            .15        148            80
        180 Winston              Taylor                    WTAYLOR                   650.507.9876         24-JAN-98 SH_CLERK         3200 NULL                  120            50

107 rows selected. 


SQL> select * from employees order by email desc;
EMPLOYEE_ID FIRST_NAME           LAST_NAME                 EMAIL                     PHONE_NUMBER         HIRE_DATE JOB_ID         SALARY COMMISSION_PCT MANAGER_ID DEPARTMENT_ID
----------- -------------------- ------------------------- ------------------------- -------------------- --------- ---------- ---------- -------------- ---------- -------------
        180 Winston              Taylor                    WTAYLOR                   650.507.9876         24-JAN-98 SH_CLERK         3200 NULL                  120            50
        171 William              Smith                     WSMITH                    011.44.1343.629268   23-FEB-99 SA_REP           7400            .15        148            80
        206 William              Gietz                     WGIETZ                    515.123.8181         07-JUN-94 AC_ACCOUNT       8300 NULL                  205           110
        106 Valli                Pataballa                 VPATABAL                  590.423.4560         05-FEB-98 IT_PROG          4800 NULL                  103            60
        195 Vance                Jones                     VJONES                    650.501.4876         17-MAR-99 SH_CLERK         2800 NULL                  123            50
        141 Trenna               Rajs                      TRAJS                     650.121.8009         17-OCT-95 ST_CLERK         3500 NULL                  124            50
        132 TJ                   Olson                     TJOLSON                   650.124.8234         10-APR-99 ST_CLERK         2100 NULL                  121            50
        190 Timothy              Gates                     TGATES                    650.505.3876         11-JUL-98 SH_CLERK         2900 NULL                  122            50
        170 Tayler               Fox                       TFOX                      011.44.1343.729268   24-JAN-98 SA_REP           9600             .2        148            80
        123 Shanta               Vollman                   SVOLLMAN                  650.123.4234         10-OCT-97 ST_MAN           6500 NULL                  100            50
        117 Sigal                Tobias                    STOBIAS                   515.127.4564         24-JUL-97 PU_CLERK         2800 NULL                  114            30
        138 Stephen              Stiles                    SSTILES                   650.121.2034         26-OCT-97 ST_CLERK         3200 NULL                  123            50
        161 Sarath               Sewall                    SSEWALL                   011.44.1345.529268   03-NOV-98 SA_REP           7000            .25        146            80
        194 Samuel               McCain                    SMCCAIN                   650.501.3876         01-JUL-98 SH_CLERK         3200 NULL                  123            50
        203 Susan                Mavris                    SMAVRIS                   515.123.7777         07-JUN-94 HR_REP           6500 NULL                  101            40
        128 Steven               Markle                    SMARKLE                   650.124.1434         08-MAR-00 ST_CLERK         2200 NULL                  120            50
        173 Sundita              Kumar                     SKUMAR                    011.44.1343.329268   21-APR-00 SA_REP           6100             .1        148            80
        100 Steven               King                      SKING                     515.123.4567         17-JUN-87 AD_PRES         24000 NULL           NULL                  90
        205 Shelley              Higgins                   SHIGGINS                  515.123.8080         07-JUN-94 AC_MGR          12000 NULL                  101           110
        192 Sarah                Bell                      SBELL                     650.501.1876         04-FEB-96 SH_CLERK         4000 NULL                  123            50
        116 Shelli               Baida                     SBAIDA                    515.127.4563         24-DEC-97 PU_CLERK         2900 NULL                  114            30

EMPLOYEE_ID FIRST_NAME           LAST_NAME                 EMAIL                     PHONE_NUMBER         HIRE_DATE JOB_ID         SALARY COMMISSION_PCT MANAGER_ID DEPARTMENT_ID
----------- -------------------- ------------------------- ------------------------- -------------------- --------- ---------- ---------- -------------- ---------- -------------
        166 Sundar               Ande                      SANDE                     011.44.1346.629268   24-MAR-00 SA_REP           6400             .1        147            80
        191 Randall              Perkins                   RPERKINS                  650.505.4876         19-DEC-99 SH_CLERK         2500 NULL                  122            50
        143 Randall              Matos                     RMATOS                    650.121.2874         15-MAR-98 ST_CLERK         2600 NULL                  124            50
        137 Renske               Ladwig                    RLADWIG                   650.121.1234         14-JUL-95 ST_CLERK         3600 NULL                  123            50
        144 Peter                Vargas                    PVARGAS                   650.121.2004         09-JUL-98 ST_CLERK         2500 NULL                  124            50
        150 Peter                Tucker                    PTUCKER                   011.44.1344.129268   30-JAN-97 SA_REP          10000             .3        145            80
        157 Patrick              Sully                     PSULLY                    011.44.1345.929268   04-MAR-96 SA_REP           9500            .35        146            80
        122 Payam                Kaufling                  PKAUFLIN                  650.123.3234         01-MAY-95 ST_MAN           7900 NULL                  100            50
        152 Peter                Hall                      PHALL                     011.44.1344.478968   20-AUG-97 SA_REP           9000            .25        145            80
        202 Pat                  Fay                       PFAY                      603.123.6666         17-AUG-97 MK_REP           6000 NULL                  201            20
        155 Oliver               Tuvault                   OTUVAULT                  011.44.1344.486508   23-NOV-99 SA_REP           7000            .15        145            80
        184 Nandita              Sarchand                  NSARCHAN                  650.509.1876         27-JAN-96 SH_CLERK         4200 NULL                  121            50
        101 Neena                Kochhar                   NKOCHHAR                  515.123.4568         21-SEP-89 AD_VP           17000 NULL                  100            90
        108 Nancy                Greenberg                 NGREENBE                  515.124.4569         17-AUG-94 FI_MGR          12000 NULL                  101           100
        154 Nanette              Cambrault                 NCAMBRAU                  011.44.1344.987668   09-DEC-98 SA_REP           7500             .2        145            80
        120 Matthew              Weiss                     MWEISS                    650.123.1234         18-JUL-96 ST_MAN           8000 NULL                  100            50
        182 Martha               Sullivan                  MSULLIVA                  650.507.9878         21-JUN-99 SH_CLERK         2500 NULL                  120            50
        134 Michael              Rogers                    MROGERS                   650.127.1834         26-AUG-98 ST_CLERK         2900 NULL                  122            50
        164 Mattea               Marvins                   MMARVINS                  011.44.1346.329268   24-JAN-00 SA_REP           7200             .1        147            80
        201 Michael              Hartstein                 MHARTSTE                  515.123.5555         17-FEB-96 MK_MAN          13000 NULL                  100            20
        130 Mozhe                Atkinson                  MATKINSO                  650.124.6234         30-OCT-97 ST_CLERK         2800 NULL                  121            50

EMPLOYEE_ID FIRST_NAME           LAST_NAME                 EMAIL                     PHONE_NUMBER         HIRE_DATE JOB_ID         SALARY COMMISSION_PCT MANAGER_ID DEPARTMENT_ID
----------- -------------------- ------------------------- ------------------------- -------------------- --------- ---------- ---------- -------------- ---------- -------------
        159 Lindsey              Smith                     LSMITH                    011.44.1345.729268   10-MAR-97 SA_REP           8000             .3        146            80
        113 Luis                 Popp                      LPOPP                     515.124.4567         07-DEC-99 FI_ACCOUNT       6900 NULL                  108           100
        168 Lisa                 Ozer                      LOZER                     011.44.1343.929268   11-MAR-97 SA_REP          11500            .25        148            80
        160 Louise               Doran                     LDORAN                    011.44.1345.629268   15-DEC-97 SA_REP           7500             .3        146            80
        102 Lex                  De Haan                   LDEHAAN                   515.123.4569         13-JAN-93 AD_VP           17000 NULL                  100            90
        129 Laura                Bissot                    LBISSOT                   650.124.5234         20-AUG-97 ST_CLERK         3300 NULL                  121            50
        146 Karen                Partners                  KPARTNER                  011.44.1344.467268   05-JAN-97 SA_MAN          13500             .3        100            80
        124 Kevin                Mourgos                   KMOURGOS                  650.123.5234         16-NOV-99 ST_MAN           5800 NULL                  100            50
        178 Kimberely            Grant                     KGRANT                    011.44.1644.429263   24-MAY-99 SA_REP           7000            .15        149 NULL         
        135 Ki                   Gee                       KGEE                      650.127.1734         12-DEC-99 ST_CLERK         2400 NULL                  122            50
        197 Kevin                Feeney                    KFEENEY                   650.507.9822         23-MAY-98 SH_CLERK         3000 NULL                  124            50
        119 Karen                Colmenares                KCOLMENA                  515.127.4566         10-AUG-99 PU_CLERK         2500 NULL                  114            30
        188 Kelly                Chung                     KCHUNG                    650.505.1876         14-JUN-97 SH_CLERK         3800 NULL                  122            50
        200 Jennifer             Whalen                    JWHALEN                   515.123.4444         17-SEP-87 AD_ASST          4400 NULL                  101            10
        176 Jonathon             Taylor                    JTAYLOR                   011.44.1644.429265   24-MAR-98 SA_REP           8600             .2        149            80
        139 John                 Seo                       JSEO                      650.121.2019         12-FEB-98 ST_CLERK         2700 NULL                  123            50
        145 John                 Russell                   JRUSSEL                   011.44.1344.429268   01-OCT-96 SA_MAN          14000             .4        100            80
        140 Joshua               Patel                     JPATEL                    650.121.1834         06-APR-98 ST_CLERK         2500 NULL                  123            50
        125 Julia                Nayer                     JNAYER                    650.124.1214         16-JUL-97 ST_CLERK         3200 NULL                  120            50
        112 Jose Manuel          Urman                     JMURMAN                   515.124.4469         07-MAR-98 FI_ACCOUNT       7800 NULL                  108           100
        133 Jason                Mallin                    JMALLIN                   650.127.1934         14-JUN-96 ST_CLERK         3300 NULL                  122            50

EMPLOYEE_ID FIRST_NAME           LAST_NAME                 EMAIL                     PHONE_NUMBER         HIRE_DATE JOB_ID         SALARY COMMISSION_PCT MANAGER_ID DEPARTMENT_ID
----------- -------------------- ------------------------- ------------------------- -------------------- --------- ---------- ---------- -------------- ---------- -------------
        177 Jack                 Livingston                JLIVINGS                  011.44.1644.429264   23-APR-98 SA_REP           8400             .2        149            80
        127 James                Landry                    JLANDRY                   650.124.1334         14-JAN-99 ST_CLERK         2400 NULL                  120            50
        156 Janette              King                      JKING                     011.44.1345.429268   30-JAN-96 SA_REP          10000            .35        146            80
        181 Jean                 Fleaur                    JFLEAUR                   650.507.9877         23-FEB-98 SH_CLERK         3100 NULL                  120            50
        189 Jennifer             Dilly                     JDILLY                    650.505.2876         13-AUG-97 SH_CLERK         3600 NULL                  122            50
        186 Julia                Dellinger                 JDELLING                  650.509.3876         24-JUN-98 SH_CLERK         3400 NULL                  121            50
        110 John                 Chen                      JCHEN                     515.124.4269         28-SEP-97 FI_ACCOUNT       8200 NULL                  108           100
        131 James                Marlow                    JAMRLOW                   650.124.7234         16-FEB-97 ST_CLERK         2500 NULL                  121            50
        111 Ismael               Sciarra                   ISCIARRA                  515.124.4369         30-SEP-97 FI_ACCOUNT       7700 NULL                  108           100
        126 Irene                Mikkilineni               IMIKKILI                  650.124.1224         28-SEP-98 ST_CLERK         2700 NULL                  120            50
        136 Hazel                Philtanker                HPHILTAN                  650.127.1634         06-FEB-00 ST_CLERK         2200 NULL                  122            50
        169 Harrison             Bloom                     HBLOOM                    011.44.1343.829268   23-MAR-98 SA_REP          10000             .2        148            80
        204 Hermann              Baer                      HBAER                     515.123.8888         07-JUN-94 PR_REP          10000 NULL                  101            70
        118 Guy                  Himuro                    GHIMURO                   515.127.4565         15-NOV-98 PU_CLERK         2600 NULL                  114            30
        183 Girard               Geoni                     GGEONI                    650.507.9879         03-FEB-00 SH_CLERK         2800 NULL                  120            50
        148 Gerald               Cambrault                 GCAMBRAU                  011.44.1344.619268   15-OCT-99 SA_MAN          11000             .3        100            80
        149 Eleni                Zlotkey                   EZLOTKEY                  011.44.1344.429018   29-JAN-00 SA_MAN          10500             .2        100            80
        172 Elizabeth            Bates                     EBATES                    011.44.1343.529268   24-MAR-99 SA_REP           7300            .15        148            80
        174 Ellen                Abel                      EABEL                     011.44.1644.429267   11-MAY-96 SA_REP          11000             .3        149            80
        114 Den                  Raphaely                  DRAPHEAL                  515.127.4561         07-DEC-94 PU_MAN          11000 NULL                  100            30
        198 Donald               OConnell                  DOCONNEL                  650.507.9833         21-JUN-99 SH_CLERK         2600 NULL                  124            50

EMPLOYEE_ID FIRST_NAME           LAST_NAME                 EMAIL                     PHONE_NUMBER         HIRE_DATE JOB_ID         SALARY COMMISSION_PCT MANAGER_ID DEPARTMENT_ID
----------- -------------------- ------------------------- ------------------------- -------------------- --------- ---------- ---------- -------------- ---------- -------------
        107 Diana                Lorentz                   DLORENTZ                  590.423.5567         07-FEB-99 IT_PROG          4200 NULL                  103            60
        165 David                Lee                       DLEE                      011.44.1346.529268   23-FEB-00 SA_REP           6800             .1        147            80
        163 Danielle             Greene                    DGREENE                   011.44.1346.229268   19-MAR-99 SA_REP           9500            .15        147            80
        199 Douglas              Grant                     DGRANT                    650.507.9844         13-JAN-00 SH_CLERK         2600 NULL                  124            50
        109 Daniel               Faviet                    DFAVIET                   515.124.4169         16-AUG-94 FI_ACCOUNT       9000 NULL                  108           100
        151 David                Bernstein                 DBERNSTE                  011.44.1344.345268   24-MAR-97 SA_REP           9500            .25        145            80
        105 David                Austin                    DAUSTIN                   590.423.4569         25-JUN-97 IT_PROG          4800 NULL                  103            60
        162 Clara                Vishney                   CVISHNEY                  011.44.1346.129268   11-NOV-97 SA_REP          10500            .25        147            80
        153 Christopher          Olsen                     COLSEN                    011.44.1344.498718   30-MAR-98 SA_REP           8000             .2        145            80
        179 Charles              Johnson                   CJOHNSON                  011.44.1644.429262   04-JAN-00 SA_REP           6200             .1        149            80
        142 Curtis               Davies                    CDAVIES                   650.121.2994         29-JAN-97 ST_CLERK         3100 NULL                  124            50
        193 Britney              Everett                   BEVERETT                  650.501.2876         03-MAR-97 SH_CLERK         3900 NULL                  123            50
        104 Bruce                Ernst                     BERNST                    590.423.4568         21-MAY-91 IT_PROG          6000 NULL                  103            60
        196 Alana                Walsh                     AWALSH                    650.507.9811         24-APR-98 SH_CLERK         3100 NULL                  124            50
        158 Allan                McEwen                    AMCEWEN                   011.44.1345.829268   01-AUG-96 SA_REP           9000            .35        146            80
        115 Alexander            Khoo                      AKHOO                     515.127.4562         18-MAY-95 PU_CLERK         3100 NULL                  114            30
        175 Alyssa               Hutton                    AHUTTON                   011.44.1644.429266   19-MAR-97 SA_REP           8800            .25        149            80
        103 Alexander            Hunold                    AHUNOLD                   590.423.4567         03-JAN-90 IT_PROG          9000 NULL                  102            60
        121 Adam                 Fripp                     AFRIPP                    650.123.2234         10-APR-97 ST_MAN           8200 NULL                  100            50
        147 Alberto              Errazuriz                 AERRAZUR                  011.44.1344.429278   10-MAR-97 SA_MAN          12000             .3        100            80
        187 Anthony              Cabrio                    ACABRIO                   650.509.4876         07-FEB-99 SH_CLERK         3000 NULL                  121            50

EMPLOYEE_ID FIRST_NAME           LAST_NAME                 EMAIL                     PHONE_NUMBER         HIRE_DATE JOB_ID         SALARY COMMISSION_PCT MANAGER_ID DEPARTMENT_ID
----------- -------------------- ------------------------- ------------------------- -------------------- --------- ---------- ---------- -------------- ---------- -------------
        185 Alexis               Bull                      ABULL                     650.509.2876         20-FEB-97 SH_CLERK         4100 NULL                  121            50
        167 Amit                 Banda                     ABANDA                    011.44.1346.729268   21-APR-00 SA_REP           6200             .1        147            80

107 rows selected. 


SQL> select * from employees order by last_name;
EMPLOYEE_ID FIRST_NAME           LAST_NAME                 EMAIL                     PHONE_NUMBER         HIRE_DATE JOB_ID         SALARY COMMISSION_PCT MANAGER_ID DEPARTMENT_ID
----------- -------------------- ------------------------- ------------------------- -------------------- --------- ---------- ---------- -------------- ---------- -------------
        174 Ellen                Abel                      EABEL                     011.44.1644.429267   11-MAY-96 SA_REP          11000             .3        149            80
        166 Sundar               Ande                      SANDE                     011.44.1346.629268   24-MAR-00 SA_REP           6400             .1        147            80
        130 Mozhe                Atkinson                  MATKINSO                  650.124.6234         30-OCT-97 ST_CLERK         2800 NULL                  121            50
        105 David                Austin                    DAUSTIN                   590.423.4569         25-JUN-97 IT_PROG          4800 NULL                  103            60
        204 Hermann              Baer                      HBAER                     515.123.8888         07-JUN-94 PR_REP          10000 NULL                  101            70
        116 Shelli               Baida                     SBAIDA                    515.127.4563         24-DEC-97 PU_CLERK         2900 NULL                  114            30
        167 Amit                 Banda                     ABANDA                    011.44.1346.729268   21-APR-00 SA_REP           6200             .1        147            80
        172 Elizabeth            Bates                     EBATES                    011.44.1343.529268   24-MAR-99 SA_REP           7300            .15        148            80
        192 Sarah                Bell                      SBELL                     650.501.1876         04-FEB-96 SH_CLERK         4000 NULL                  123            50
        151 David                Bernstein                 DBERNSTE                  011.44.1344.345268   24-MAR-97 SA_REP           9500            .25        145            80
        129 Laura                Bissot                    LBISSOT                   650.124.5234         20-AUG-97 ST_CLERK         3300 NULL                  121            50
        169 Harrison             Bloom                     HBLOOM                    011.44.1343.829268   23-MAR-98 SA_REP          10000             .2        148            80
        185 Alexis               Bull                      ABULL                     650.509.2876         20-FEB-97 SH_CLERK         4100 NULL                  121            50
        187 Anthony              Cabrio                    ACABRIO                   650.509.4876         07-FEB-99 SH_CLERK         3000 NULL                  121            50
        154 Nanette              Cambrault                 NCAMBRAU                  011.44.1344.987668   09-DEC-98 SA_REP           7500             .2        145            80
        148 Gerald               Cambrault                 GCAMBRAU                  011.44.1344.619268   15-OCT-99 SA_MAN          11000             .3        100            80
        110 John                 Chen                      JCHEN                     515.124.4269         28-SEP-97 FI_ACCOUNT       8200 NULL                  108           100
        188 Kelly                Chung                     KCHUNG                    650.505.1876         14-JUN-97 SH_CLERK         3800 NULL                  122            50
        119 Karen                Colmenares                KCOLMENA                  515.127.4566         10-AUG-99 PU_CLERK         2500 NULL                  114            30
        142 Curtis               Davies                    CDAVIES                   650.121.2994         29-JAN-97 ST_CLERK         3100 NULL                  124            50
        102 Lex                  De Haan                   LDEHAAN                   515.123.4569         13-JAN-93 AD_VP           17000 NULL                  100            90

EMPLOYEE_ID FIRST_NAME           LAST_NAME                 EMAIL                     PHONE_NUMBER         HIRE_DATE JOB_ID         SALARY COMMISSION_PCT MANAGER_ID DEPARTMENT_ID
----------- -------------------- ------------------------- ------------------------- -------------------- --------- ---------- ---------- -------------- ---------- -------------
        186 Julia                Dellinger                 JDELLING                  650.509.3876         24-JUN-98 SH_CLERK         3400 NULL                  121            50
        189 Jennifer             Dilly                     JDILLY                    650.505.2876         13-AUG-97 SH_CLERK         3600 NULL                  122            50
        160 Louise               Doran                     LDORAN                    011.44.1345.629268   15-DEC-97 SA_REP           7500             .3        146            80
        104 Bruce                Ernst                     BERNST                    590.423.4568         21-MAY-91 IT_PROG          6000 NULL                  103            60
        147 Alberto              Errazuriz                 AERRAZUR                  011.44.1344.429278   10-MAR-97 SA_MAN          12000             .3        100            80
        193 Britney              Everett                   BEVERETT                  650.501.2876         03-MAR-97 SH_CLERK         3900 NULL                  123            50
        109 Daniel               Faviet                    DFAVIET                   515.124.4169         16-AUG-94 FI_ACCOUNT       9000 NULL                  108           100
        202 Pat                  Fay                       PFAY                      603.123.6666         17-AUG-97 MK_REP           6000 NULL                  201            20
        197 Kevin                Feeney                    KFEENEY                   650.507.9822         23-MAY-98 SH_CLERK         3000 NULL                  124            50
        181 Jean                 Fleaur                    JFLEAUR                   650.507.9877         23-FEB-98 SH_CLERK         3100 NULL                  120            50
        170 Tayler               Fox                       TFOX                      011.44.1343.729268   24-JAN-98 SA_REP           9600             .2        148            80
        121 Adam                 Fripp                     AFRIPP                    650.123.2234         10-APR-97 ST_MAN           8200 NULL                  100            50
        190 Timothy              Gates                     TGATES                    650.505.3876         11-JUL-98 SH_CLERK         2900 NULL                  122            50
        135 Ki                   Gee                       KGEE                      650.127.1734         12-DEC-99 ST_CLERK         2400 NULL                  122            50
        183 Girard               Geoni                     GGEONI                    650.507.9879         03-FEB-00 SH_CLERK         2800 NULL                  120            50
        206 William              Gietz                     WGIETZ                    515.123.8181         07-JUN-94 AC_ACCOUNT       8300 NULL                  205           110
        178 Kimberely            Grant                     KGRANT                    011.44.1644.429263   24-MAY-99 SA_REP           7000            .15        149 NULL         
        199 Douglas              Grant                     DGRANT                    650.507.9844         13-JAN-00 SH_CLERK         2600 NULL                  124            50
        108 Nancy                Greenberg                 NGREENBE                  515.124.4569         17-AUG-94 FI_MGR          12000 NULL                  101           100
        163 Danielle             Greene                    DGREENE                   011.44.1346.229268   19-MAR-99 SA_REP           9500            .15        147            80
        152 Peter                Hall                      PHALL                     011.44.1344.478968   20-AUG-97 SA_REP           9000            .25        145            80

EMPLOYEE_ID FIRST_NAME           LAST_NAME                 EMAIL                     PHONE_NUMBER         HIRE_DATE JOB_ID         SALARY COMMISSION_PCT MANAGER_ID DEPARTMENT_ID
----------- -------------------- ------------------------- ------------------------- -------------------- --------- ---------- ---------- -------------- ---------- -------------
        201 Michael              Hartstein                 MHARTSTE                  515.123.5555         17-FEB-96 MK_MAN          13000 NULL                  100            20
        205 Shelley              Higgins                   SHIGGINS                  515.123.8080         07-JUN-94 AC_MGR          12000 NULL                  101           110
        118 Guy                  Himuro                    GHIMURO                   515.127.4565         15-NOV-98 PU_CLERK         2600 NULL                  114            30
        103 Alexander            Hunold                    AHUNOLD                   590.423.4567         03-JAN-90 IT_PROG          9000 NULL                  102            60
        175 Alyssa               Hutton                    AHUTTON                   011.44.1644.429266   19-MAR-97 SA_REP           8800            .25        149            80
        179 Charles              Johnson                   CJOHNSON                  011.44.1644.429262   04-JAN-00 SA_REP           6200             .1        149            80
        195 Vance                Jones                     VJONES                    650.501.4876         17-MAR-99 SH_CLERK         2800 NULL                  123            50
        122 Payam                Kaufling                  PKAUFLIN                  650.123.3234         01-MAY-95 ST_MAN           7900 NULL                  100            50
        115 Alexander            Khoo                      AKHOO                     515.127.4562         18-MAY-95 PU_CLERK         3100 NULL                  114            30
        100 Steven               King                      SKING                     515.123.4567         17-JUN-87 AD_PRES         24000 NULL           NULL                  90
        156 Janette              King                      JKING                     011.44.1345.429268   30-JAN-96 SA_REP          10000            .35        146            80
        101 Neena                Kochhar                   NKOCHHAR                  515.123.4568         21-SEP-89 AD_VP           17000 NULL                  100            90
        173 Sundita              Kumar                     SKUMAR                    011.44.1343.329268   21-APR-00 SA_REP           6100             .1        148            80
        137 Renske               Ladwig                    RLADWIG                   650.121.1234         14-JUL-95 ST_CLERK         3600 NULL                  123            50
        127 James                Landry                    JLANDRY                   650.124.1334         14-JAN-99 ST_CLERK         2400 NULL                  120            50
        165 David                Lee                       DLEE                      011.44.1346.529268   23-FEB-00 SA_REP           6800             .1        147            80
        177 Jack                 Livingston                JLIVINGS                  011.44.1644.429264   23-APR-98 SA_REP           8400             .2        149            80
        107 Diana                Lorentz                   DLORENTZ                  590.423.5567         07-FEB-99 IT_PROG          4200 NULL                  103            60
        133 Jason                Mallin                    JMALLIN                   650.127.1934         14-JUN-96 ST_CLERK         3300 NULL                  122            50
        128 Steven               Markle                    SMARKLE                   650.124.1434         08-MAR-00 ST_CLERK         2200 NULL                  120            50
        131 James                Marlow                    JAMRLOW                   650.124.7234         16-FEB-97 ST_CLERK         2500 NULL                  121            50

EMPLOYEE_ID FIRST_NAME           LAST_NAME                 EMAIL                     PHONE_NUMBER         HIRE_DATE JOB_ID         SALARY COMMISSION_PCT MANAGER_ID DEPARTMENT_ID
----------- -------------------- ------------------------- ------------------------- -------------------- --------- ---------- ---------- -------------- ---------- -------------
        164 Mattea               Marvins                   MMARVINS                  011.44.1346.329268   24-JAN-00 SA_REP           7200             .1        147            80
        143 Randall              Matos                     RMATOS                    650.121.2874         15-MAR-98 ST_CLERK         2600 NULL                  124            50
        203 Susan                Mavris                    SMAVRIS                   515.123.7777         07-JUN-94 HR_REP           6500 NULL                  101            40
        194 Samuel               McCain                    SMCCAIN                   650.501.3876         01-JUL-98 SH_CLERK         3200 NULL                  123            50
        158 Allan                McEwen                    AMCEWEN                   011.44.1345.829268   01-AUG-96 SA_REP           9000            .35        146            80
        126 Irene                Mikkilineni               IMIKKILI                  650.124.1224         28-SEP-98 ST_CLERK         2700 NULL                  120            50
        124 Kevin                Mourgos                   KMOURGOS                  650.123.5234         16-NOV-99 ST_MAN           5800 NULL                  100            50
        125 Julia                Nayer                     JNAYER                    650.124.1214         16-JUL-97 ST_CLERK         3200 NULL                  120            50
        198 Donald               OConnell                  DOCONNEL                  650.507.9833         21-JUN-99 SH_CLERK         2600 NULL                  124            50
        153 Christopher          Olsen                     COLSEN                    011.44.1344.498718   30-MAR-98 SA_REP           8000             .2        145            80
        132 TJ                   Olson                     TJOLSON                   650.124.8234         10-APR-99 ST_CLERK         2100 NULL                  121            50
        168 Lisa                 Ozer                      LOZER                     011.44.1343.929268   11-MAR-97 SA_REP          11500            .25        148            80
        146 Karen                Partners                  KPARTNER                  011.44.1344.467268   05-JAN-97 SA_MAN          13500             .3        100            80
        106 Valli                Pataballa                 VPATABAL                  590.423.4560         05-FEB-98 IT_PROG          4800 NULL                  103            60
        140 Joshua               Patel                     JPATEL                    650.121.1834         06-APR-98 ST_CLERK         2500 NULL                  123            50
        191 Randall              Perkins                   RPERKINS                  650.505.4876         19-DEC-99 SH_CLERK         2500 NULL                  122            50
        136 Hazel                Philtanker                HPHILTAN                  650.127.1634         06-FEB-00 ST_CLERK         2200 NULL                  122            50
        113 Luis                 Popp                      LPOPP                     515.124.4567         07-DEC-99 FI_ACCOUNT       6900 NULL                  108           100
        141 Trenna               Rajs                      TRAJS                     650.121.8009         17-OCT-95 ST_CLERK         3500 NULL                  124            50
        114 Den                  Raphaely                  DRAPHEAL                  515.127.4561         07-DEC-94 PU_MAN          11000 NULL                  100            30
        134 Michael              Rogers                    MROGERS                   650.127.1834         26-AUG-98 ST_CLERK         2900 NULL                  122            50

EMPLOYEE_ID FIRST_NAME           LAST_NAME                 EMAIL                     PHONE_NUMBER         HIRE_DATE JOB_ID         SALARY COMMISSION_PCT MANAGER_ID DEPARTMENT_ID
----------- -------------------- ------------------------- ------------------------- -------------------- --------- ---------- ---------- -------------- ---------- -------------
        145 John                 Russell                   JRUSSEL                   011.44.1344.429268   01-OCT-96 SA_MAN          14000             .4        100            80
        184 Nandita              Sarchand                  NSARCHAN                  650.509.1876         27-JAN-96 SH_CLERK         4200 NULL                  121            50
        111 Ismael               Sciarra                   ISCIARRA                  515.124.4369         30-SEP-97 FI_ACCOUNT       7700 NULL                  108           100
        139 John                 Seo                       JSEO                      650.121.2019         12-FEB-98 ST_CLERK         2700 NULL                  123            50
        161 Sarath               Sewall                    SSEWALL                   011.44.1345.529268   03-NOV-98 SA_REP           7000            .25        146            80
        159 Lindsey              Smith                     LSMITH                    011.44.1345.729268   10-MAR-97 SA_REP           8000             .3        146            80
        171 William              Smith                     WSMITH                    011.44.1343.629268   23-FEB-99 SA_REP           7400            .15        148            80
        138 Stephen              Stiles                    SSTILES                   650.121.2034         26-OCT-97 ST_CLERK         3200 NULL                  123            50
        182 Martha               Sullivan                  MSULLIVA                  650.507.9878         21-JUN-99 SH_CLERK         2500 NULL                  120            50
        157 Patrick              Sully                     PSULLY                    011.44.1345.929268   04-MAR-96 SA_REP           9500            .35        146            80
        180 Winston              Taylor                    WTAYLOR                   650.507.9876         24-JAN-98 SH_CLERK         3200 NULL                  120            50
        176 Jonathon             Taylor                    JTAYLOR                   011.44.1644.429265   24-MAR-98 SA_REP           8600             .2        149            80
        117 Sigal                Tobias                    STOBIAS                   515.127.4564         24-JUL-97 PU_CLERK         2800 NULL                  114            30
        150 Peter                Tucker                    PTUCKER                   011.44.1344.129268   30-JAN-97 SA_REP          10000             .3        145            80
        155 Oliver               Tuvault                   OTUVAULT                  011.44.1344.486508   23-NOV-99 SA_REP           7000            .15        145            80
        112 Jose Manuel          Urman                     JMURMAN                   515.124.4469         07-MAR-98 FI_ACCOUNT       7800 NULL                  108           100
        144 Peter                Vargas                    PVARGAS                   650.121.2004         09-JUL-98 ST_CLERK         2500 NULL                  124            50
        162 Clara                Vishney                   CVISHNEY                  011.44.1346.129268   11-NOV-97 SA_REP          10500            .25        147            80
        123 Shanta               Vollman                   SVOLLMAN                  650.123.4234         10-OCT-97 ST_MAN           6500 NULL                  100            50
        196 Alana                Walsh                     AWALSH                    650.507.9811         24-APR-98 SH_CLERK         3100 NULL                  124            50
        120 Matthew              Weiss                     MWEISS                    650.123.1234         18-JUL-96 ST_MAN           8000 NULL                  100            50

EMPLOYEE_ID FIRST_NAME           LAST_NAME                 EMAIL                     PHONE_NUMBER         HIRE_DATE JOB_ID         SALARY COMMISSION_PCT MANAGER_ID DEPARTMENT_ID
----------- -------------------- ------------------------- ------------------------- -------------------- --------- ---------- ---------- -------------- ---------- -------------
        200 Jennifer             Whalen                    JWHALEN                   515.123.4444         17-SEP-87 AD_ASST          4400 NULL                  101            10
        149 Eleni                Zlotkey                   EZLOTKEY                  011.44.1344.429018   29-JAN-00 SA_MAN          10500             .2        100            80

107 rows selected. 


SQL> select * from employees order by last_name where emplyee_id > 101;
Error starting at line : 1 in command -
select * from employees order by last_name where emplyee_id > 101
Error at Command Line : 1 Column : 44
Error report -
SQL Error: ORA-00933: SQL command not properly ended
00933. 00000 -  "SQL command not properly ended"
*Cause:    


SQL> select * from employees order by last_name;

EMPLOYEE_ID FIRST_NAME           LAST_NAME                 EMAIL                     PHONE_NUMBER         HIRE_DATE JOB_ID         SALARY COMMISSION_PCT MANAGER_ID DEPARTMENT_ID
----------- -------------------- ------------------------- ------------------------- -------------------- --------- ---------- ---------- -------------- ---------- -------------
        174 Ellen                Abel                      EABEL                     011.44.1644.429267   11-MAY-96 SA_REP          11000             .3        149            80
        166 Sundar               Ande                      SANDE                     011.44.1346.629268   24-MAR-00 SA_REP           6400             .1        147            80
        130 Mozhe                Atkinson                  MATKINSO                  650.124.6234         30-OCT-97 ST_CLERK         2800 NULL                  121            50
        105 David                Austin                    DAUSTIN                   590.423.4569         25-JUN-97 IT_PROG          4800 NULL                  103            60
        204 Hermann              Baer                      HBAER                     515.123.8888         07-JUN-94 PR_REP          10000 NULL                  101            70
        116 Shelli               Baida                     SBAIDA                    515.127.4563         24-DEC-97 PU_CLERK         2900 NULL                  114            30
        167 Amit                 Banda                     ABANDA                    011.44.1346.729268   21-APR-00 SA_REP           6200             .1        147            80
        172 Elizabeth            Bates                     EBATES                    011.44.1343.529268   24-MAR-99 SA_REP           7300            .15        148            80
        192 Sarah                Bell                      SBELL                     650.501.1876         04-FEB-96 SH_CLERK         4000 NULL                  123            50
        151 David                Bernstein                 DBERNSTE                  011.44.1344.345268   24-MAR-97 SA_REP           9500            .25        145            80
        129 Laura                Bissot                    LBISSOT                   650.124.5234         20-AUG-97 ST_CLERK         3300 NULL                  121            50
        169 Harrison             Bloom                     HBLOOM                    011.44.1343.829268   23-MAR-98 SA_REP          10000             .2        148            80
        185 Alexis               Bull                      ABULL                     650.509.2876         20-FEB-97 SH_CLERK         4100 NULL                  121            50
        187 Anthony              Cabrio                    ACABRIO                   650.509.4876         07-FEB-99 SH_CLERK         3000 NULL                  121            50
        154 Nanette              Cambrault                 NCAMBRAU                  011.44.1344.987668   09-DEC-98 SA_REP           7500             .2        145            80
        148 Gerald               Cambrault                 GCAMBRAU                  011.44.1344.619268   15-OCT-99 SA_MAN          11000             .3        100            80
        110 John                 Chen                      JCHEN                     515.124.4269         28-SEP-97 FI_ACCOUNT       8200 NULL                  108           100
        188 Kelly                Chung                     KCHUNG                    650.505.1876         14-JUN-97 SH_CLERK         3800 NULL                  122            50
        119 Karen                Colmenares                KCOLMENA                  515.127.4566         10-AUG-99 PU_CLERK         2500 NULL                  114            30
        142 Curtis               Davies                    CDAVIES                   650.121.2994         29-JAN-97 ST_CLERK         3100 NULL                  124            50
        102 Lex                  De Haan                   LDEHAAN                   515.123.4569         13-JAN-93 AD_VP           17000 NULL                  100            90

EMPLOYEE_ID FIRST_NAME           LAST_NAME                 EMAIL                     PHONE_NUMBER         HIRE_DATE JOB_ID         SALARY COMMISSION_PCT MANAGER_ID DEPARTMENT_ID
----------- -------------------- ------------------------- ------------------------- -------------------- --------- ---------- ---------- -------------- ---------- -------------
        186 Julia                Dellinger                 JDELLING                  650.509.3876         24-JUN-98 SH_CLERK         3400 NULL                  121            50
        189 Jennifer             Dilly                     JDILLY                    650.505.2876         13-AUG-97 SH_CLERK         3600 NULL                  122            50
        160 Louise               Doran                     LDORAN                    011.44.1345.629268   15-DEC-97 SA_REP           7500             .3        146            80
        104 Bruce                Ernst                     BERNST                    590.423.4568         21-MAY-91 IT_PROG          6000 NULL                  103            60
        147 Alberto              Errazuriz                 AERRAZUR                  011.44.1344.429278   10-MAR-97 SA_MAN          12000             .3        100            80
        193 Britney              Everett                   BEVERETT                  650.501.2876         03-MAR-97 SH_CLERK         3900 NULL                  123            50
        109 Daniel               Faviet                    DFAVIET                   515.124.4169         16-AUG-94 FI_ACCOUNT       9000 NULL                  108           100
        202 Pat                  Fay                       PFAY                      603.123.6666         17-AUG-97 MK_REP           6000 NULL                  201            20
        197 Kevin                Feeney                    KFEENEY                   650.507.9822         23-MAY-98 SH_CLERK         3000 NULL                  124            50
        181 Jean                 Fleaur                    JFLEAUR                   650.507.9877         23-FEB-98 SH_CLERK         3100 NULL                  120            50
        170 Tayler               Fox                       TFOX                      011.44.1343.729268   24-JAN-98 SA_REP           9600             .2        148            80
        121 Adam                 Fripp                     AFRIPP                    650.123.2234         10-APR-97 ST_MAN           8200 NULL                  100            50
        190 Timothy              Gates                     TGATES                    650.505.3876         11-JUL-98 SH_CLERK         2900 NULL                  122            50
        135 Ki                   Gee                       KGEE                      650.127.1734         12-DEC-99 ST_CLERK         2400 NULL                  122            50
        183 Girard               Geoni                     GGEONI                    650.507.9879         03-FEB-00 SH_CLERK         2800 NULL                  120            50
        206 William              Gietz                     WGIETZ                    515.123.8181         07-JUN-94 AC_ACCOUNT       8300 NULL                  205           110
        178 Kimberely            Grant                     KGRANT                    011.44.1644.429263   24-MAY-99 SA_REP           7000            .15        149 NULL         
        199 Douglas              Grant                     DGRANT                    650.507.9844         13-JAN-00 SH_CLERK         2600 NULL                  124            50
        108 Nancy                Greenberg                 NGREENBE                  515.124.4569         17-AUG-94 FI_MGR          12000 NULL                  101           100
        163 Danielle             Greene                    DGREENE                   011.44.1346.229268   19-MAR-99 SA_REP           9500            .15        147            80
        152 Peter                Hall                      PHALL                     011.44.1344.478968   20-AUG-97 SA_REP           9000            .25        145            80

EMPLOYEE_ID FIRST_NAME           LAST_NAME                 EMAIL                     PHONE_NUMBER         HIRE_DATE JOB_ID         SALARY COMMISSION_PCT MANAGER_ID DEPARTMENT_ID
----------- -------------------- ------------------------- ------------------------- -------------------- --------- ---------- ---------- -------------- ---------- -------------
        201 Michael              Hartstein                 MHARTSTE                  515.123.5555         17-FEB-96 MK_MAN          13000 NULL                  100            20
        205 Shelley              Higgins                   SHIGGINS                  515.123.8080         07-JUN-94 AC_MGR          12000 NULL                  101           110
        118 Guy                  Himuro                    GHIMURO                   515.127.4565         15-NOV-98 PU_CLERK         2600 NULL                  114            30
        103 Alexander            Hunold                    AHUNOLD                   590.423.4567         03-JAN-90 IT_PROG          9000 NULL                  102            60
        175 Alyssa               Hutton                    AHUTTON                   011.44.1644.429266   19-MAR-97 SA_REP           8800            .25        149            80
        179 Charles              Johnson                   CJOHNSON                  011.44.1644.429262   04-JAN-00 SA_REP           6200             .1        149            80
        195 Vance                Jones                     VJONES                    650.501.4876         17-MAR-99 SH_CLERK         2800 NULL                  123            50
        122 Payam                Kaufling                  PKAUFLIN                  650.123.3234         01-MAY-95 ST_MAN           7900 NULL                  100            50
        115 Alexander            Khoo                      AKHOO                     515.127.4562         18-MAY-95 PU_CLERK         3100 NULL                  114            30
        100 Steven               King                      SKING                     515.123.4567         17-JUN-87 AD_PRES         24000 NULL           NULL                  90
        156 Janette              King                      JKING                     011.44.1345.429268   30-JAN-96 SA_REP          10000            .35        146            80
        101 Neena                Kochhar                   NKOCHHAR                  515.123.4568         21-SEP-89 AD_VP           17000 NULL                  100            90
        173 Sundita              Kumar                     SKUMAR                    011.44.1343.329268   21-APR-00 SA_REP           6100             .1        148            80
        137 Renske               Ladwig                    RLADWIG                   650.121.1234         14-JUL-95 ST_CLERK         3600 NULL                  123            50
        127 James                Landry                    JLANDRY                   650.124.1334         14-JAN-99 ST_CLERK         2400 NULL                  120            50
        165 David                Lee                       DLEE                      011.44.1346.529268   23-FEB-00 SA_REP           6800             .1        147            80
        177 Jack                 Livingston                JLIVINGS                  011.44.1644.429264   23-APR-98 SA_REP           8400             .2        149            80
        107 Diana                Lorentz                   DLORENTZ                  590.423.5567         07-FEB-99 IT_PROG          4200 NULL                  103            60
        133 Jason                Mallin                    JMALLIN                   650.127.1934         14-JUN-96 ST_CLERK         3300 NULL                  122            50
        128 Steven               Markle                    SMARKLE                   650.124.1434         08-MAR-00 ST_CLERK         2200 NULL                  120            50
        131 James                Marlow                    JAMRLOW                   650.124.7234         16-FEB-97 ST_CLERK         2500 NULL                  121            50

EMPLOYEE_ID FIRST_NAME           LAST_NAME                 EMAIL                     PHONE_NUMBER         HIRE_DATE JOB_ID         SALARY COMMISSION_PCT MANAGER_ID DEPARTMENT_ID
----------- -------------------- ------------------------- ------------------------- -------------------- --------- ---------- ---------- -------------- ---------- -------------
        164 Mattea               Marvins                   MMARVINS                  011.44.1346.329268   24-JAN-00 SA_REP           7200             .1        147            80
        143 Randall              Matos                     RMATOS                    650.121.2874         15-MAR-98 ST_CLERK         2600 NULL                  124            50
        203 Susan                Mavris                    SMAVRIS                   515.123.7777         07-JUN-94 HR_REP           6500 NULL                  101            40
        194 Samuel               McCain                    SMCCAIN                   650.501.3876         01-JUL-98 SH_CLERK         3200 NULL                  123            50
        158 Allan                McEwen                    AMCEWEN                   011.44.1345.829268   01-AUG-96 SA_REP           9000            .35        146            80
        126 Irene                Mikkilineni               IMIKKILI                  650.124.1224         28-SEP-98 ST_CLERK         2700 NULL                  120            50
        124 Kevin                Mourgos                   KMOURGOS                  650.123.5234         16-NOV-99 ST_MAN           5800 NULL                  100            50
        125 Julia                Nayer                     JNAYER                    650.124.1214         16-JUL-97 ST_CLERK         3200 NULL                  120            50
        198 Donald               OConnell                  DOCONNEL                  650.507.9833         21-JUN-99 SH_CLERK         2600 NULL                  124            50
        153 Christopher          Olsen                     COLSEN                    011.44.1344.498718   30-MAR-98 SA_REP           8000             .2        145            80
        132 TJ                   Olson                     TJOLSON                   650.124.8234         10-APR-99 ST_CLERK         2100 NULL                  121            50
        168 Lisa                 Ozer                      LOZER                     011.44.1343.929268   11-MAR-97 SA_REP          11500            .25        148            80
        146 Karen                Partners                  KPARTNER                  011.44.1344.467268   05-JAN-97 SA_MAN          13500             .3        100            80
        106 Valli                Pataballa                 VPATABAL                  590.423.4560         05-FEB-98 IT_PROG          4800 NULL                  103            60
        140 Joshua               Patel                     JPATEL                    650.121.1834         06-APR-98 ST_CLERK         2500 NULL                  123            50
        191 Randall              Perkins                   RPERKINS                  650.505.4876         19-DEC-99 SH_CLERK         2500 NULL                  122            50
        136 Hazel                Philtanker                HPHILTAN                  650.127.1634         06-FEB-00 ST_CLERK         2200 NULL                  122            50
        113 Luis                 Popp                      LPOPP                     515.124.4567         07-DEC-99 FI_ACCOUNT       6900 NULL                  108           100
        141 Trenna               Rajs                      TRAJS                     650.121.8009         17-OCT-95 ST_CLERK         3500 NULL                  124            50
        114 Den                  Raphaely                  DRAPHEAL                  515.127.4561         07-DEC-94 PU_MAN          11000 NULL                  100            30
        134 Michael              Rogers                    MROGERS                   650.127.1834         26-AUG-98 ST_CLERK         2900 NULL                  122            50

EMPLOYEE_ID FIRST_NAME           LAST_NAME                 EMAIL                     PHONE_NUMBER         HIRE_DATE JOB_ID         SALARY COMMISSION_PCT MANAGER_ID DEPARTMENT_ID
----------- -------------------- ------------------------- ------------------------- -------------------- --------- ---------- ---------- -------------- ---------- -------------
        145 John                 Russell                   JRUSSEL                   011.44.1344.429268   01-OCT-96 SA_MAN          14000             .4        100            80
        184 Nandita              Sarchand                  NSARCHAN                  650.509.1876         27-JAN-96 SH_CLERK         4200 NULL                  121            50
        111 Ismael               Sciarra                   ISCIARRA                  515.124.4369         30-SEP-97 FI_ACCOUNT       7700 NULL                  108           100
        139 John                 Seo                       JSEO                      650.121.2019         12-FEB-98 ST_CLERK         2700 NULL                  123            50
        161 Sarath               Sewall                    SSEWALL                   011.44.1345.529268   03-NOV-98 SA_REP           7000            .25        146            80
        159 Lindsey              Smith                     LSMITH                    011.44.1345.729268   10-MAR-97 SA_REP           8000             .3        146            80
        171 William              Smith                     WSMITH                    011.44.1343.629268   23-FEB-99 SA_REP           7400            .15        148            80
        138 Stephen              Stiles                    SSTILES                   650.121.2034         26-OCT-97 ST_CLERK         3200 NULL                  123            50
        182 Martha               Sullivan                  MSULLIVA                  650.507.9878         21-JUN-99 SH_CLERK         2500 NULL                  120            50
        157 Patrick              Sully                     PSULLY                    011.44.1345.929268   04-MAR-96 SA_REP           9500            .35        146            80
        180 Winston              Taylor                    WTAYLOR                   650.507.9876         24-JAN-98 SH_CLERK         3200 NULL                  120            50
        176 Jonathon             Taylor                    JTAYLOR                   011.44.1644.429265   24-MAR-98 SA_REP           8600             .2        149            80
        117 Sigal                Tobias                    STOBIAS                   515.127.4564         24-JUL-97 PU_CLERK         2800 NULL                  114            30
        150 Peter                Tucker                    PTUCKER                   011.44.1344.129268   30-JAN-97 SA_REP          10000             .3        145            80
        155 Oliver               Tuvault                   OTUVAULT                  011.44.1344.486508   23-NOV-99 SA_REP           7000            .15        145            80
        112 Jose Manuel          Urman                     JMURMAN                   515.124.4469         07-MAR-98 FI_ACCOUNT       7800 NULL                  108           100
        144 Peter                Vargas                    PVARGAS                   650.121.2004         09-JUL-98 ST_CLERK         2500 NULL                  124            50
        162 Clara                Vishney                   CVISHNEY                  011.44.1346.129268   11-NOV-97 SA_REP          10500            .25        147            80
        123 Shanta               Vollman                   SVOLLMAN                  650.123.4234         10-OCT-97 ST_MAN           6500 NULL                  100            50
        196 Alana                Walsh                     AWALSH                    650.507.9811         24-APR-98 SH_CLERK         3100 NULL                  124            50
        120 Matthew              Weiss                     MWEISS                    650.123.1234         18-JUL-96 ST_MAN           8000 NULL                  100            50

EMPLOYEE_ID FIRST_NAME           LAST_NAME                 EMAIL                     PHONE_NUMBER         HIRE_DATE JOB_ID         SALARY COMMISSION_PCT MANAGER_ID DEPARTMENT_ID
----------- -------------------- ------------------------- ------------------------- -------------------- --------- ---------- ---------- -------------- ---------- -------------
        200 Jennifer             Whalen                    JWHALEN                   515.123.4444         17-SEP-87 AD_ASST          4400 NULL                  101            10
        149 Eleni                Zlotkey                   EZLOTKEY                  011.44.1344.429018   29-JAN-00 SA_MAN          10500             .2        100            80

107 rows selected. 


SQL> select * from employees order by email desc;

EMPLOYEE_ID FIRST_NAME           LAST_NAME                 EMAIL                     PHONE_NUMBER         HIRE_DATE JOB_ID         SALARY COMMISSION_PCT MANAGER_ID DEPARTMENT_ID
----------- -------------------- ------------------------- ------------------------- -------------------- --------- ---------- ---------- -------------- ---------- -------------
        180 Winston              Taylor                    WTAYLOR                   650.507.9876         24-JAN-98 SH_CLERK         3200 NULL                  120            50
        171 William              Smith                     WSMITH                    011.44.1343.629268   23-FEB-99 SA_REP           7400            .15        148            80
        206 William              Gietz                     WGIETZ                    515.123.8181         07-JUN-94 AC_ACCOUNT       8300 NULL                  205           110
        106 Valli                Pataballa                 VPATABAL                  590.423.4560         05-FEB-98 IT_PROG          4800 NULL                  103            60
        195 Vance                Jones                     VJONES                    650.501.4876         17-MAR-99 SH_CLERK         2800 NULL                  123            50
        141 Trenna               Rajs                      TRAJS                     650.121.8009         17-OCT-95 ST_CLERK         3500 NULL                  124            50
        132 TJ                   Olson                     TJOLSON                   650.124.8234         10-APR-99 ST_CLERK         2100 NULL                  121            50
        190 Timothy              Gates                     TGATES                    650.505.3876         11-JUL-98 SH_CLERK         2900 NULL                  122            50
        170 Tayler               Fox                       TFOX                      011.44.1343.729268   24-JAN-98 SA_REP           9600             .2        148            80
        123 Shanta               Vollman                   SVOLLMAN                  650.123.4234         10-OCT-97 ST_MAN           6500 NULL                  100            50
        117 Sigal                Tobias                    STOBIAS                   515.127.4564         24-JUL-97 PU_CLERK         2800 NULL                  114            30
        138 Stephen              Stiles                    SSTILES                   650.121.2034         26-OCT-97 ST_CLERK         3200 NULL                  123            50
        161 Sarath               Sewall                    SSEWALL                   011.44.1345.529268   03-NOV-98 SA_REP           7000            .25        146            80
        194 Samuel               McCain                    SMCCAIN                   650.501.3876         01-JUL-98 SH_CLERK         3200 NULL                  123            50
        203 Susan                Mavris                    SMAVRIS                   515.123.7777         07-JUN-94 HR_REP           6500 NULL                  101            40
        128 Steven               Markle                    SMARKLE                   650.124.1434         08-MAR-00 ST_CLERK         2200 NULL                  120            50
        173 Sundita              Kumar                     SKUMAR                    011.44.1343.329268   21-APR-00 SA_REP           6100             .1        148            80
        100 Steven               King                      SKING                     515.123.4567         17-JUN-87 AD_PRES         24000 NULL           NULL                  90
        205 Shelley              Higgins                   SHIGGINS                  515.123.8080         07-JUN-94 AC_MGR          12000 NULL                  101           110
        192 Sarah                Bell                      SBELL                     650.501.1876         04-FEB-96 SH_CLERK         4000 NULL                  123            50
        116 Shelli               Baida                     SBAIDA                    515.127.4563         24-DEC-97 PU_CLERK         2900 NULL                  114            30

EMPLOYEE_ID FIRST_NAME           LAST_NAME                 EMAIL                     PHONE_NUMBER         HIRE_DATE JOB_ID         SALARY COMMISSION_PCT MANAGER_ID DEPARTMENT_ID
----------- -------------------- ------------------------- ------------------------- -------------------- --------- ---------- ---------- -------------- ---------- -------------
        166 Sundar               Ande                      SANDE                     011.44.1346.629268   24-MAR-00 SA_REP           6400             .1        147            80
        191 Randall              Perkins                   RPERKINS                  650.505.4876         19-DEC-99 SH_CLERK         2500 NULL                  122            50
        143 Randall              Matos                     RMATOS                    650.121.2874         15-MAR-98 ST_CLERK         2600 NULL                  124            50
        137 Renske               Ladwig                    RLADWIG                   650.121.1234         14-JUL-95 ST_CLERK         3600 NULL                  123            50
        144 Peter                Vargas                    PVARGAS                   650.121.2004         09-JUL-98 ST_CLERK         2500 NULL                  124            50
        150 Peter                Tucker                    PTUCKER                   011.44.1344.129268   30-JAN-97 SA_REP          10000             .3        145            80
        157 Patrick              Sully                     PSULLY                    011.44.1345.929268   04-MAR-96 SA_REP           9500            .35        146            80
        122 Payam                Kaufling                  PKAUFLIN                  650.123.3234         01-MAY-95 ST_MAN           7900 NULL                  100            50
        152 Peter                Hall                      PHALL                     011.44.1344.478968   20-AUG-97 SA_REP           9000            .25        145            80
        202 Pat                  Fay                       PFAY                      603.123.6666         17-AUG-97 MK_REP           6000 NULL                  201            20
        155 Oliver               Tuvault                   OTUVAULT                  011.44.1344.486508   23-NOV-99 SA_REP           7000            .15        145            80
        184 Nandita              Sarchand                  NSARCHAN                  650.509.1876         27-JAN-96 SH_CLERK         4200 NULL                  121            50
        101 Neena                Kochhar                   NKOCHHAR                  515.123.4568         21-SEP-89 AD_VP           17000 NULL                  100            90
        108 Nancy                Greenberg                 NGREENBE                  515.124.4569         17-AUG-94 FI_MGR          12000 NULL                  101           100
        154 Nanette              Cambrault                 NCAMBRAU                  011.44.1344.987668   09-DEC-98 SA_REP           7500             .2        145            80
        120 Matthew              Weiss                     MWEISS                    650.123.1234         18-JUL-96 ST_MAN           8000 NULL                  100            50
        182 Martha               Sullivan                  MSULLIVA                  650.507.9878         21-JUN-99 SH_CLERK         2500 NULL                  120            50
        134 Michael              Rogers                    MROGERS                   650.127.1834         26-AUG-98 ST_CLERK         2900 NULL                  122            50
        164 Mattea               Marvins                   MMARVINS                  011.44.1346.329268   24-JAN-00 SA_REP           7200             .1        147            80
        201 Michael              Hartstein                 MHARTSTE                  515.123.5555         17-FEB-96 MK_MAN          13000 NULL                  100            20
        130 Mozhe                Atkinson                  MATKINSO                  650.124.6234         30-OCT-97 ST_CLERK         2800 NULL                  121            50

EMPLOYEE_ID FIRST_NAME           LAST_NAME                 EMAIL                     PHONE_NUMBER         HIRE_DATE JOB_ID         SALARY COMMISSION_PCT MANAGER_ID DEPARTMENT_ID
----------- -------------------- ------------------------- ------------------------- -------------------- --------- ---------- ---------- -------------- ---------- -------------
        159 Lindsey              Smith                     LSMITH                    011.44.1345.729268   10-MAR-97 SA_REP           8000             .3        146            80
        113 Luis                 Popp                      LPOPP                     515.124.4567         07-DEC-99 FI_ACCOUNT       6900 NULL                  108           100
        168 Lisa                 Ozer                      LOZER                     011.44.1343.929268   11-MAR-97 SA_REP          11500            .25        148            80
        160 Louise               Doran                     LDORAN                    011.44.1345.629268   15-DEC-97 SA_REP           7500             .3        146            80
        102 Lex                  De Haan                   LDEHAAN                   515.123.4569         13-JAN-93 AD_VP           17000 NULL                  100            90
        129 Laura                Bissot                    LBISSOT                   650.124.5234         20-AUG-97 ST_CLERK         3300 NULL                  121            50
        146 Karen                Partners                  KPARTNER                  011.44.1344.467268   05-JAN-97 SA_MAN          13500             .3        100            80
        124 Kevin                Mourgos                   KMOURGOS                  650.123.5234         16-NOV-99 ST_MAN           5800 NULL                  100            50
        178 Kimberely            Grant                     KGRANT                    011.44.1644.429263   24-MAY-99 SA_REP           7000            .15        149 NULL         
        135 Ki                   Gee                       KGEE                      650.127.1734         12-DEC-99 ST_CLERK         2400 NULL                  122            50
        197 Kevin                Feeney                    KFEENEY                   650.507.9822         23-MAY-98 SH_CLERK         3000 NULL                  124            50
        119 Karen                Colmenares                KCOLMENA                  515.127.4566         10-AUG-99 PU_CLERK         2500 NULL                  114            30
        188 Kelly                Chung                     KCHUNG                    650.505.1876         14-JUN-97 SH_CLERK         3800 NULL                  122            50
        200 Jennifer             Whalen                    JWHALEN                   515.123.4444         17-SEP-87 AD_ASST          4400 NULL                  101            10
        176 Jonathon             Taylor                    JTAYLOR                   011.44.1644.429265   24-MAR-98 SA_REP           8600             .2        149            80
        139 John                 Seo                       JSEO                      650.121.2019         12-FEB-98 ST_CLERK         2700 NULL                  123            50
        145 John                 Russell                   JRUSSEL                   011.44.1344.429268   01-OCT-96 SA_MAN          14000             .4        100            80
        140 Joshua               Patel                     JPATEL                    650.121.1834         06-APR-98 ST_CLERK         2500 NULL                  123            50
        125 Julia                Nayer                     JNAYER                    650.124.1214         16-JUL-97 ST_CLERK         3200 NULL                  120            50
        112 Jose Manuel          Urman                     JMURMAN                   515.124.4469         07-MAR-98 FI_ACCOUNT       7800 NULL                  108           100
        133 Jason                Mallin                    JMALLIN                   650.127.1934         14-JUN-96 ST_CLERK         3300 NULL                  122            50

EMPLOYEE_ID FIRST_NAME           LAST_NAME                 EMAIL                     PHONE_NUMBER         HIRE_DATE JOB_ID         SALARY COMMISSION_PCT MANAGER_ID DEPARTMENT_ID
----------- -------------------- ------------------------- ------------------------- -------------------- --------- ---------- ---------- -------------- ---------- -------------
        177 Jack                 Livingston                JLIVINGS                  011.44.1644.429264   23-APR-98 SA_REP           8400             .2        149            80
        127 James                Landry                    JLANDRY                   650.124.1334         14-JAN-99 ST_CLERK         2400 NULL                  120            50
        156 Janette              King                      JKING                     011.44.1345.429268   30-JAN-96 SA_REP          10000            .35        146            80
        181 Jean                 Fleaur                    JFLEAUR                   650.507.9877         23-FEB-98 SH_CLERK         3100 NULL                  120            50
        189 Jennifer             Dilly                     JDILLY                    650.505.2876         13-AUG-97 SH_CLERK         3600 NULL                  122            50
        186 Julia                Dellinger                 JDELLING                  650.509.3876         24-JUN-98 SH_CLERK         3400 NULL                  121            50
        110 John                 Chen                      JCHEN                     515.124.4269         28-SEP-97 FI_ACCOUNT       8200 NULL                  108           100
        131 James                Marlow                    JAMRLOW                   650.124.7234         16-FEB-97 ST_CLERK         2500 NULL                  121            50
        111 Ismael               Sciarra                   ISCIARRA                  515.124.4369         30-SEP-97 FI_ACCOUNT       7700 NULL                  108           100
        126 Irene                Mikkilineni               IMIKKILI                  650.124.1224         28-SEP-98 ST_CLERK         2700 NULL                  120            50
        136 Hazel                Philtanker                HPHILTAN                  650.127.1634         06-FEB-00 ST_CLERK         2200 NULL                  122            50
        169 Harrison             Bloom                     HBLOOM                    011.44.1343.829268   23-MAR-98 SA_REP          10000             .2        148            80
        204 Hermann              Baer                      HBAER                     515.123.8888         07-JUN-94 PR_REP          10000 NULL                  101            70
        118 Guy                  Himuro                    GHIMURO                   515.127.4565         15-NOV-98 PU_CLERK         2600 NULL                  114            30
        183 Girard               Geoni                     GGEONI                    650.507.9879         03-FEB-00 SH_CLERK         2800 NULL                  120            50
        148 Gerald               Cambrault                 GCAMBRAU                  011.44.1344.619268   15-OCT-99 SA_MAN          11000             .3        100            80
        149 Eleni                Zlotkey                   EZLOTKEY                  011.44.1344.429018   29-JAN-00 SA_MAN          10500             .2        100            80
        172 Elizabeth            Bates                     EBATES                    011.44.1343.529268   24-MAR-99 SA_REP           7300            .15        148            80
        174 Ellen                Abel                      EABEL                     011.44.1644.429267   11-MAY-96 SA_REP          11000             .3        149            80
        114 Den                  Raphaely                  DRAPHEAL                  515.127.4561         07-DEC-94 PU_MAN          11000 NULL                  100            30
        198 Donald               OConnell                  DOCONNEL                  650.507.9833         21-JUN-99 SH_CLERK         2600 NULL                  124            50

EMPLOYEE_ID FIRST_NAME           LAST_NAME                 EMAIL                     PHONE_NUMBER         HIRE_DATE JOB_ID         SALARY COMMISSION_PCT MANAGER_ID DEPARTMENT_ID
----------- -------------------- ------------------------- ------------------------- -------------------- --------- ---------- ---------- -------------- ---------- -------------
        107 Diana                Lorentz                   DLORENTZ                  590.423.5567         07-FEB-99 IT_PROG          4200 NULL                  103            60
        165 David                Lee                       DLEE                      011.44.1346.529268   23-FEB-00 SA_REP           6800             .1        147            80
        163 Danielle             Greene                    DGREENE                   011.44.1346.229268   19-MAR-99 SA_REP           9500            .15        147            80
        199 Douglas              Grant                     DGRANT                    650.507.9844         13-JAN-00 SH_CLERK         2600 NULL                  124            50
        109 Daniel               Faviet                    DFAVIET                   515.124.4169         16-AUG-94 FI_ACCOUNT       9000 NULL                  108           100
        151 David                Bernstein                 DBERNSTE                  011.44.1344.345268   24-MAR-97 SA_REP           9500            .25        145            80
        105 David                Austin                    DAUSTIN                   590.423.4569         25-JUN-97 IT_PROG          4800 NULL                  103            60
        162 Clara                Vishney                   CVISHNEY                  011.44.1346.129268   11-NOV-97 SA_REP          10500            .25        147            80
        153 Christopher          Olsen                     COLSEN                    011.44.1344.498718   30-MAR-98 SA_REP           8000             .2        145            80
        179 Charles              Johnson                   CJOHNSON                  011.44.1644.429262   04-JAN-00 SA_REP           6200             .1        149            80
        142 Curtis               Davies                    CDAVIES                   650.121.2994         29-JAN-97 ST_CLERK         3100 NULL                  124            50
        193 Britney              Everett                   BEVERETT                  650.501.2876         03-MAR-97 SH_CLERK         3900 NULL                  123            50
        104 Bruce                Ernst                     BERNST                    590.423.4568         21-MAY-91 IT_PROG          6000 NULL                  103            60
        196 Alana                Walsh                     AWALSH                    650.507.9811         24-APR-98 SH_CLERK         3100 NULL                  124            50
        158 Allan                McEwen                    AMCEWEN                   011.44.1345.829268   01-AUG-96 SA_REP           9000            .35        146            80
        115 Alexander            Khoo                      AKHOO                     515.127.4562         18-MAY-95 PU_CLERK         3100 NULL                  114            30
        175 Alyssa               Hutton                    AHUTTON                   011.44.1644.429266   19-MAR-97 SA_REP           8800            .25        149            80
        103 Alexander            Hunold                    AHUNOLD                   590.423.4567         03-JAN-90 IT_PROG          9000 NULL                  102            60
        121 Adam                 Fripp                     AFRIPP                    650.123.2234         10-APR-97 ST_MAN           8200 NULL                  100            50
        147 Alberto              Errazuriz                 AERRAZUR                  011.44.1344.429278   10-MAR-97 SA_MAN          12000             .3        100            80
        187 Anthony              Cabrio                    ACABRIO                   650.509.4876         07-FEB-99 SH_CLERK         3000 NULL                  121            50

EMPLOYEE_ID FIRST_NAME           LAST_NAME                 EMAIL                     PHONE_NUMBER         HIRE_DATE JOB_ID         SALARY COMMISSION_PCT MANAGER_ID DEPARTMENT_ID
----------- -------------------- ------------------------- ------------------------- -------------------- --------- ---------- ---------- -------------- ---------- -------------
        185 Alexis               Bull                      ABULL                     650.509.2876         20-FEB-97 SH_CLERK         4100 NULL                  121            50
        167 Amit                 Banda                     ABANDA                    011.44.1346.729268   21-APR-00 SA_REP           6200             .1        147            80

107 rows selected. 

SQL> command >> output.txt

Error starting at line : 1 in command -
command >> output.txt
Error report -
Unknown Command

SQLcl: Release 4.2.0.16.153.2014 RC on Thu May 16 05:10:42 2019

Copyright (c) 1982, 2019, Oracle.  All rights reserved.

Username? (''?) hr
Password? (**********?) ******
Last Successful login time: Thu May 16 2019 05:11:20 -04:00

Connected to:
Oracle Database 12c Enterprise Edition Release 12.1.0.2.0 - 64bit Production
With the Partitioning, OLAP, Advanced Analytics and Real Application Testing options


SQL> create table school(regno number(3), name(30), mark(3));

Error starting at line : 1 in command -
create table school(regno number(3), name(30), mark(3))
Error report -
ORA-00902: invalid datatype
00902. 00000 -  "invalid datatype"
*Cause:    



SQL> create table school(regno number(3), name char(30), mark number(3));
Table SCHOOL created.

SQL> insert into school values (25,'Peter',75);

1 row inserted.

SQL> insert into school values (26, 'John', 70);

1 row inserted.

SQL> select * from school;

     REGNO NAME                                 MARK
---------- ------------------------------ ----------
        25 Peter                                  75
        26 John                                   70

SQL> insert into school (27,'Smith',80);

Error starting at line : 1 in command -
insert into school (27,'Smith',80)
Error at Command Line : 1 Column : 21
Error report -
SQL Error: ORA-00928: missing SELECT keyword
00928. 00000 -  "missing SELECT keyword"
*Cause:    



SQL> insert into schoolvalues (27,'Smith',80);
Error starting at line : 1 in command -
insert into schoolvalues (27,'Smith',80)
Error at Command Line : 1 Column : 27
Error report -
SQL Error: ORA-00928: missing SELECT keyword
00928. 00000 -  "missing SELECT keyword"
*Cause:    


SQL> insert into school values (27,'Smith',80);
1 row inserted.

SQL> select * from school;

     REGNO NAME                                 MARK
---------- ------------------------------ ----------
        25 Peter                                  75
        26 John                                   70
        27 Smith                                  80

SQL> insert into school vslues(28, "Ian', 60);

Error starting at line : 1 in command -
insert into school vslues(28, "Ian', 60)
Error at Command Line : 1 Column : 27
Error report -
SQL Error: ORA-01740: missing double quote in identifier
01740. 00000 -  "missing double quote in identifier"
*Cause:    


SQL> insert into school values(28, "Ian', 60);
Error starting at line : 1 in command -
insert into school values(28, "Ian', 60)
Error at Command Line : 1 Column : 31
Error report -
SQL Error: ORA-01740: missing double quote in identifier
01740. 00000 -  "missing double quote in identifier"
*Cause:    


SQL> insert into school values(28, 'Ian', 60);
1 row inserted.


SQL> select * from school;

     REGNO NAME                                 MARK
---------- ------------------------------ ----------
        25 Peter                                  75
        26 John                                   70
        27 Smith                                  80
        28 Ian                                    60

SQL> create table Tesco(Product char(30), price number(4), QTY number(3);

Error starting at line : 1 in command -
create table Tesco(Product char(30), price number(4), QTY number(3)
Error report -
ORA-00907: missing right parenthesis
00907. 00000 -  "missing right parenthesis"
*Cause:    


SQL> create table Tesco(Product char(30), price number(4), QTY number(3));
Table TESCO created.



SQL> create table Tesco(Product char(30), price float(4), QTY number(3));
Error starting at line : 1 in command -
create table Tesco(Product char(30), price float(4), QTY number(3))
Error report -
ORA-00955: name is already used by an existing object
00955. 00000 -  "name is already used by an existing object"
*Cause:    



SQL> insert into Tesco values('milk',1,100);
1 row inserted.

SQL> select name, marks*100/150 from school;

Error starting at line : 1 in command -
select name, marks*100/150 from school
Error at Command Line : 1 Column : 14
Error report -
SQL Error: ORA-00904: "MARKS": invalid identifier
00904. 00000 -  "%s: invalid identifier"
*Cause:    
*Action:
SQL> select * from school;

     REGNO NAME                                 MARK
---------- ------------------------------ ----------
        25 Peter                                  75
        26 John                                   70
        27 Smith                                  80
        28 Ian                                    60

SQL> select name, mark * 100/150 from school;

NAME                           MARK*100/150
------------------------------ ------------
Peter                                    50
John                             46.6666667
Smith                            53.3333333
Ian                                      40

SQL> slect * from Tesco;

Error starting at line : 1 in command -
slect * from Tesco
Error report -
Unknown Command

SQL> select * from Tesco;

PRODUCT                             PRICE        QTY
------------------------------ ---------- ----------
milk                                    1        100

SQL> select name, mark*100/150 from school;

NAME                           MARK*100/150
------------------------------ ------------
Peter                                    50
John                             46.6666667
Smith                            53.3333333
Ian                                      40



SQL> select name, mark*(100/150) from school;
NAME                           MARK*(100/150)
------------------------------ --------------
Peter                                      50
John                               46.6666667
Smith                              53.3333333
Ian                                        40


SQL> select name, mark*100/150 from school;

NAME                           MARK*100/150
------------------------------ ------------
Peter                                    50
John                             46.6666667
Smith                            53.3333333
Ian                                      40

SQL> tables

TABLES                                                                          
--------------------------------------------------------------------------------
REGIONS                                                                         
LOCATIONS                                                                       
DEPARTMENTS                                                                     
JOBS                                                                            
EMPLOYEES                                                                       
JOB_HISTORY                                                                     
SCHOOL                                                                          
TESCO                                                                           
COUNTRIES                                                                       

9 rows selected. 

SQL> slect * from countries;

Error starting at line : 1 in command -
slect * from countries
Error report -
Unknown Command


SQL> select * from countries;
CO COUNTRY_NAME                              REGION_ID
-- ---------------------------------------- ----------
AR Argentina                                         2
AU Australia                                         3
BE Belgium                                           1
BR Brazil                                            2
CA Canada                                            2
CH Switzerland                                       1
CN China                                             3
DE Germany                                           1
DK Denmark                                           1
EG Egypt                                             4
FR France                                            1
HK HongKong                                          3
IL Israel                                            4
IN India                                             3
IT Italy                                             1
JP Japan                                             3
KW Kuwait                                            4
MX Mexico                                            2
NG Nigeria                                           4
NL Netherlands                                       1
SG Singapore                                         3

CO COUNTRY_NAME                              REGION_ID
-- ---------------------------------------- ----------
UK United Kingdom                                    1
US United States of America                          2
ZM Zambia                                            4
ZW Zimbabwe                                          4

25 rows selected. 

SQL> select name, marks*100/150 from school;

Error starting at line : 1 in command -
select name, marks*100/150 from school
Error at Command Line : 1 Column : 14
Error report -
SQL Error: ORA-00904: "MARKS": invalid identifier
00904. 00000 -  "%s: invalid identifier"
*Cause:    


SQL> select name, mark*100/150 from school;
NAME                           MARK*100/150
------------------------------ ------------
Peter                                    50
John                             46.6666667
Smith                            53.3333333
Ian                                      40

SQL> select * from Tesco;

PRODUCT                             PRICE        QTY
------------------------------ ---------- ----------
milk                                    1        100

SQL> insert into Tesco values('bread', 200);

Error starting at line : 1 in command -
insert into Tesco values('bread', 200)
Error at Command Line : 1 Column : 13
Error report -
SQL Error: ORA-00947: not enough values
00947. 00000 -  "not enough values"
*Cause:    


SQL> insert into Tesco values('bread', 2, 200);
1 row inserted.


SQL> select product, price*qty as Amount, (price*qty)*15/100 as Vat, (price*qty)+((price*qty)*15/100) as Bill;
Error starting at line : 1 in command -
select product, price*qty as Amount, (price*qty)*15/100 as Vat, (price*qty)+((price*qty)*15/100) as Bill
Error at Command Line : 1 Column : 104
Error report -
SQL Error: ORA-00923: FROM keyword not found where expected
00923. 00000 -  "FROM keyword not found where expected"
*Cause:    


SQL> select product, price*qty as Amount, (price*qty)*15/100 as Vat, (price*qty)+((price*qty)*15/100) as Bill;

Error starting at line : 1 in command -
select product, price*qty as Amount, (price*qty)*15/100 as Vat, (price*qty)+((price*qty)*15/100) as Bill
Error at Command Line : 1 Column : 104
Error report -
SQL Error: ORA-00923: FROM keyword not found where expected
00923. 00000 -  "FROM keyword not found where expected"
*Cause:    
*Action:
SQL> describe Tesco;
Name    Null? Type      
------- ----- --------- 
PRODUCT       CHAR(30)  
PRICE         NUMBER(4) 


SQL> describe Tesco;
Name    Null? Type      
------- ----- --------- 
PRODUCT       CHAR(30)  
PRICE         NUMBER(4) 


SQL> select product, price*qty as Amount, (price*qty)*15/100 as Vat, (price*qty)+((price*qty)*15/100) as Bill;

Error starting at line : 1 in command -
select product, price*qty as Amount, (price*qty)*15/100 as Vat, (price*qty)+((price*qty)*15/100) as Bill
Error at Command Line : 1 Column : 104
Error report -
SQL Error: ORA-00923: FROM keyword not found where expected
00923. 00000 -  "FROM keyword not found where expected"
*Cause:    


SQL> select product, price*qty as Amount, (price*qty)*15/100 as Vat, (price*qty)+((price*qty)*15/100) as Bill from Tesco;
PRODUCT                            AMOUNT        VAT       BILL
------------------------------ ---------- ---------- ----------
milk                                  100         15        115
bread                                 400         60        460

SQL> 
SQL> insert into Tesco values('choclate', 1, 20);
1 row inserted.


SQL> select product, price*qty as Amount, (price*qty)*15/100 as Vat, (price*qty)+((price*qty)*15/100) as Bill from Tesco;

PRODUCT                            AMOUNT        VAT       BILL
------------------------------ ---------- ---------- ----------
milk                                  100         15        115
bread                                 400         60        460
choclate                               20          3         23


SQL> select product, price, qty,  price*qty as Amount, (price*qty)*15/100 as Vat, (price*qty)+((price*qty)*15/100) as Bill from Tesco;
PRODUCT                             PRICE        QTY     AMOUNT        VAT
------------------------------ ---------- ---------- ---------- ----------
      BILL
----------
milk                                    1        100        100         15 
       115

bread                                   2        200        400         60 
       460

choclate                                1         20         20          3 
        23



SQL> select product,price,qty,price*qty as Amount, (price*qty)*15/100 as Vat, (price*qty)+((price*qty)*15/100) as Bill from Tesco;
PRODUCT                             PRICE        QTY     AMOUNT        VAT
------------------------------ ---------- ---------- ---------- ----------
      BILL
----------
milk                                    1        100        100         15 
       115

bread                                   2        200        400         60 
       460

choclate                                1         20         20          3 
        23


SQL> create table asda(product char(20), price_purchesed number (5,2), price_sold number (5,2), qty_purchesed number (3), qty_sold number(3);
Error starting at line : 1 in command -
create table asda(product char(20), price_purchesed number (5,2), price_sold number (5,2), qty_purchesed number (3), qty_sold number(3)
Error report -
ORA-00907: missing right parenthesis
00907. 00000 -  "missing right parenthesis"
*Cause:    


SQL> create table asda(product char(20), price_purchesed number (5,2), price_sold number (5,2), qty_purchesed number (3), qty_sold number(3));
Table ASDA created.

SQL> insert into asda('7up', 1.75,2.00,15,10);

Error starting at line : 1 in command -
insert into asda('7up', 1.75,2.00,15,10)
Error at Command Line : 1 Column : 18
Error report -
SQL Error: ORA-00928: missing SELECT keyword
00928. 00000 -  "missing SELECT keyword"
*Cause:    


SQL> insert into asda values('7up', 1.75,2.00,15,10);
1 row inserted.


SQL> insert into asda values('coke', 2.50,3.50,20,15);
1 row inserted.

SQL> insert into asda values('fanta',2.20,3.10,10,5);

1 row inserted.

SQL> select product,(price_sold-price_purchesed)*qty_sold as profit from asda;

PRODUCT                  PROFIT
-------------------- ----------
7up                         2.5
coke                         15
fanta                       4.5

SQL> select product, (qty_purchesed-qty_sold) as stock from asda;
PRODUCT                   STOCK
-------------------- ----------
7up                           5
coke                          5
fanta                         5

SQL> insert into asda('pepsi', 1.20,2.0,20,15);

Error starting at line : 1 in command -
insert into asda('pepsi', 1.20,2.0,20,15)
Error at Command Line : 1 Column : 18
Error report -
SQL Error: ORA-00928: missing SELECT keyword
00928. 00000 -  "missing SELECT keyword"
*Cause:    


SQL> insert into asda values('pepsi', 1.20,2.0,20,15);
1 row inserted.

SQL> select * from asda;

PRODUCT              PRICE_PURCHESED PRICE_SOLD QTY_PURCHESED   QTY_SOLD
-------------------- --------------- ---------- ------------- ----------
7up                             1.75          2            15         10
coke                             2.5        3.5            20         15
fanta                            2.2        3.1            10          5
pepsi                            1.2          2            20         15


SQL> select product,(price_sold-price_purchesed)*qty_sold as profit from asda;

PRODUCT                  PROFIT
-------------------- ----------
7up                         2.5
coke                         15
fanta                       4.5
pepsi                        12


SQL> select product, (qty_purchesed-qty_sold) as stock from asda;

PRODUCT                   STOCK
-------------------- ----------
7up                           5
coke                          5
fanta                         5
pepsi                         5






SQL>    SELECT Your_Column_Name

Error starting at line : 1 in command -
SELECT Your_Column_Name
Error at Command Line : 1 Column : 23
Error report -
SQL Error: ORA-00923: FROM keyword not found where expected
00923. 00000 -  "FROM keyword not found where expected"
*Cause:    
*Action:
SQL>     FROM Your_Table_Name

Error starting at line : 1 in command -
FROM Your_Table_Name
Error report -
Unknown Command

SQL>     INTO OUTFILE 'Filename.csv'

Error starting at line : 1 in command -
INTO OUTFILE 'Filename.csv'
Error report -
Unknown Command

SQL>     FIELDS TERMINATED BY ','

Error starting at line : 1 in command -
FIELDS TERMINATED BY ','
Error report -
Unknown Command

SQL>     ENCLOSED BY '"'

Error starting at line : 1 in command -






SQL>    SELECT product, price_purchesed
  2      FROM asda
  3      INTO OUTFILE 'Filename.csv'
  4      FIELDS TERMINATED BY ','
  5      ENCLOSED BY '"'
  6*     LINES TERMINATED BY '\n';
Error starting at line : 1 in command -
SELECT product, price_purchesed
    FROM asda
    INTO OUTFILE 'Filename.csv'
    FIELDS TERMINATED BY ','
    ENCLOSED BY '"'
    LINES TERMINATED BY '\n'
Error at Command Line : 3 Column : 5








SQL> SELECT * from asda INTO OUTFILE 'Filename.csv'
  2      FIELDS TERMINATED BY ','
  3      ENCLOSED BY '"'
  4*     LINES TERMINATED BY '\n';
Error starting at line : 1 in command -
SELECT * from asda INTO OUTFILE 'Filename.csv'
    FIELDS TERMINATED BY ','
    ENCLOSED BY '"'
    LINES TERMINATED BY '\n'
Error at Command Line : 1 Column : 20
Error report -
SQL Error: ORA-00933: SQL command not properly ended









SQL> select * from asda;

PRODUCT              PRICE_PURCHESED PRICE_SOLD QTY_PURCHESED   QTY_SOLD
-------------------- --------------- ---------- ------------- ----------
7up                             1.75          2            15         10
coke                             2.5        3.5            20         15
fanta                            2.2        3.1            10          5








SQL> select product,(price_sold-price_purchesed)*qty_sold as profit from asda;

PRODUCT                  PROFIT
-------------------- ----------
7up                         2.5
coke                         15
fanta                       4.5








SQL> select product, (qty_purchesed-qty_sold) as stock from asda;

PRODUCT                   STOCK
-------------------- ----------
7up                           5
coke                          5
fanta                         5
pepsi                         5

SQL> select * from tesco where product ='7up';


SQL> select * from asda  where product ='7up';
PRODUCT              PRICE_PURCHESED PRICE_SOLD QTY_PURCHESED   QTY_SOLD
-------------------- --------------- ---------- ------------- ----------
7up                             1.75          2            15         10

SQL> select * from school;

     REGNO NAME                                 MARK
---------- ------------------------------ ----------
        25 Peter                                  75
        26 John                                   70
        27 Smith                                  80
        28 Ian                                    60

SQL> select name, marks*100/150 as percentage from school where regno =2;

Error starting at line : 1 in command -
select name, marks*100/150 as percentage from school where regno =2
Error at Command Line : 1 Column : 14
Error report -
SQL Error: ORA-00904: "MARKS": invalid identifier
00904. 00000 -  "%s: invalid identifier"
*Cause:    




SQL> select name, mark*100/150 as percentage from school where regno =26;
NAME                           PERCENTAGE
------------------------------ ----------
John                           46.6666667



SQL> select name, mark*100/150 as percentage from school where regno >26;
NAME                           PERCENTAGE
------------------------------ ----------
Smith                          53.3333333
Ian                                    40

SQL> select product,qty_purchesed, qty_sold as stock from asda where qty_purchersed-qty_sold < 10;

Error starting at line : 1 in command -
select product,qty_purchesed, qty_sold as stock from asda where qty_purchersed-qty_sold < 10
Error at Command Line : 1 Column : 65
Error report -
SQL Error: ORA-00904: "QTY_PURCHERSED": invalid identifier
00904. 00000 -  "%s: invalid identifier"
*Cause:    


SQL> select product,qty_purchesed, qty_sold as stock from asda where qty_purchersed-qty_sold < 5;
Error starting at line : 1 in command -
select product,qty_purchesed, qty_sold as stock from asda where qty_purchersed-qty_sold < 5
Error at Command Line : 1 Column : 65
Error report -
SQL Error: ORA-00904: "QTY_PURCHERSED": invalid identifier
00904. 00000 -  "%s: invalid identifier"
*Cause:    


SQL> select product,qty_purchesed, qty_sold as stock from asda where qty_purchersed-qty_sold < 2;
Error starting at line : 1 in command -
select product,qty_purchesed, qty_sold as stock from asda where qty_purchersed-qty_sold < 2
Error at Command Line : 1 Column : 65
Error report -
SQL Error: ORA-00904: "QTY_PURCHERSED": invalid identifier
00904. 00000 -  "%s: invalid identifier"
*Cause:    








SQL> select product,qty_purchesed, qty_sold as stock from asda where qty_purchesed-qty_sold < 10;
PRODUCT              QTY_PURCHESED      STOCK
-------------------- ------------- ----------
7up                             15         10
coke                            20         15
fanta                           10          5




SQL> create table consulants (regno number(2), name char(20), client char(20), software char(10), marks number(3);_
Error starting at line : 1 in command -
create table consulants (regno number(2), name char(20), client char(20), software char(10), marks number(3)
Error report -
ORA-00907: missing right parenthesis
00907. 00000 -  "missing right parenthesis"
*Cause:    
*Action:

Error starting at line : 1 in command -
_
Error report -
Unknown Command


SQL> create table consulants (regno number(2), name char(20), client char(20), software char(10), marks number(3));
Table CONSULANTS created.

SQL> select * from consultants;

Error starting at line : 1 in command -
select * from consultants
Error at Command Line : 1 Column : 15
Error report -
SQL Error: ORA-00942: table or view does not exist
00942. 00000 -  "table or view does not exist"
*Cause:    


SQL> insert into consultants values(1, 'a', 'ibm', 'java', 95);
Error starting at line : 1 in command -
insert into consultants values(1, 'a', 'ibm', 'java', 95)
Error at Command Line : 1 Column : 13
Error report -
SQL Error: ORA-00942: table or view does not exist
00942. 00000 -  "table or view does not exist"
*Cause:    


SQL> insert into consultants value(1, 'a', 'ibm', 'java', 95);
Error starting at line : 1 in command -
insert into consultants value(1, 'a', 'ibm', 'java', 95)
Error at Command Line : 1 Column : 31
Error report -
SQL Error: ORA-00928: missing SELECT keyword
00928. 00000 -  "missing SELECT keyword"
*Cause:    


SQL> insert into consultants values(1,'a','ibm','java',95);
Error starting at line : 1 in command -
insert into consultants values(1,'a','ibm','java',95)
Error at Command Line : 1 Column : 13
Error report -
SQL Error: ORA-00942: table or view does not exist
00942. 00000 -  "table or view does not exist"
*Cause:    


SQL> create table consulants (regno number(2), name char(20), client char(20), software char(10), marks number(3));

Error starting at line : 1 in command -
create table consulants (regno number(2), name char(20), client char(20), software char(10), marks number(3))
Error report -
ORA-00955: name is already used by an existing object
00955. 00000 -  "name is already used by an existing object"
*Cause:    


SQL> select * from consultants;

Error starting at line : 1 in command -
select * from consultants
Error at Command Line : 1 Column : 15
Error report -
SQL Error: ORA-00942: table or view does not exist
00942. 00000 -  "table or view does not exist"
*Cause:    


SQL> create table consulans (regno number(2), name char(20), client char(20), software char(10), marks number(3));
Table CONSULANS created.


SQL> create table consulans (regno number(2), name char(20), client char(20), software char(10), marks number(3));
Error starting at line : 1 in command -
create table consulans (regno number(2), name char(20), client char(20), software char(10), marks number(3))
Error report -
ORA-00955: name is already used by an existing object
00955. 00000 -  "name is already used by an existing object"
*Cause:    





SQL> insert into consulans values(1,'a','ibm','java',95);
1 row inserted.


SQL> insert into consulans values(2,'b','ons','java',80);
1 row inserted.


SQL> insert into consulans values(3,'c','ibm','python',90);
1 row inserted.


SQL> insert into consulans values(4,'d','ons','python',95);
1 row inserted.

SQL> select * from consulans;

     REGNO NAME                 CLIENT               SOFTWARE        MARKS
---------- -------------------- -------------------- ---------- ----------
         1 a                    ibm                  java               95
         2 b                    ons                  java               80
         3 c                    ibm                  python             90
         4 d                    ons                  python             95

SQL> select * from consulans where client 'ibm' and software = 'java';

Error starting at line : 1 in command -
select * from consulans where client 'ibm' and software = 'java'
Error at Command Line : 1 Column : 38
Error report -
SQL Error: ORA-00920: invalid relational operator
00920. 00000 -  "invalid relational operator"
*Cause:    



SQL> select * from consulans where client 'ibm' AND software = 'java';
Error starting at line : 1 in command -
select * from consulans where client 'ibm' AND software = 'java'
Error at Command Line : 1 Column : 38
Error report -
SQL Error: ORA-00920: invalid relational operator
00920. 00000 -  "invalid relational operator"
*Cause:    
*Action:
SQL> SETLINE SIZE 400;
SP2-0158: unknown SET option "size"


SQL> select * from consulans where client = 'ibm' AND software = 'java';
     REGNO NAME                 CLIENT               SOFTWARE        MARKS
---------- -------------------- -------------------- ---------- ----------
         1 a                    ibm                  java               95

SQL> select * from consulans where marks >= 80 and marks <=90;

     REGNO NAME                 CLIENT               SOFTWARE        MARKS
---------- -------------------- -------------------- ---------- ----------
         2 b                    ons                  java               80
         3 c                    ibm                  python             90

SQL> insert into cons


SQL> 


SQL> select * from consulans where (client in ('ibm', 'ons') or software ='java' and marks > 90;

Error starting at line : 1 in command -
select * from consulans where (client in ('ibm', 'ons') or software ='java' and marks > 90
Error at Command Line : 1 Column : 39
Error report -
SQL Error: ORA-00907: missing right parenthesis
00907. 00000 -  "missing right parenthesis"
*Cause:    


SQL> select * from consulans where (client in ('ibm', 'ons') or software ='java') and marks > 90;
     REGNO NAME                 CLIENT               SOFTWARE        MARKS
---------- -------------------- -------------------- ---------- ----------
         1 a                    ibm                  java               95
         4 d                    ons                  python             95

SQL> insert into consulans values(5,'e', 'bdi','vb',86);

1 row inserted.

SQL> insert into consulans values(6,'f','bdi','vb',78);

1 row inserted.


SQL> select * from consulans where (client in ('ibm', 'ons') or software ='java') and marks > 90;

     REGNO NAME                 CLIENT               SOFTWARE        MARKS
---------- -------------------- -------------------- ---------- ----------
         1 a                    ibm                  java               95
         4 d                    ons                  python             95

SQL> select * from consulans;

     REGNO NAME                 CLIENT               SOFTWARE        MARKS
---------- -------------------- -------------------- ---------- ----------
         1 a                    ibm                  java               95
         2 b                    ons                  java               80
         3 c                    ibm                  python             90
         4 d                    ons                  python             95
         5 e                    bdi                  vb                 86
         6 f                    bdi                  vb                 78

6 rows selected. 

SQL> s

Error starting at line : 1 in command -
s
Error report -
Unknown Command

SQL> select * from consulans where (client in('bdi','bm') or subject = 'vb') and marks >70;

Error starting at line : 1 in command -
select * from consulans where (client in('bdi','bm') or subject = 'vb') and marks >70
Error at Command Line : 1 Column : 57
Error report -
SQL Error: ORA-00904: "SUBJECT": invalid identifier
00904. 00000 -  "%s: invalid identifier"
*Cause:    



SQL> select * from consulans where (client in('bdi','bm') or subject = 'vb') and marks >70);
Error starting at line : 1 in command -
select * from consulans where (client in('bdi','bm') or subject = 'vb') and marks >70)
Error at Command Line : 1 Column : 86
Error report -
SQL Error: ORA-00933: SQL command not properly ended
00933. 00000 -  "SQL command not properly ended"
*Cause:    


SQL> select * from consulans where (client in('bdi','bm') or subject = 'vb') and marks >70);
Error starting at line : 1 in command -
select * from consulans where (client in('bdi','bm') or subject = 'vb') and marks >70)
Error at Command Line : 1 Column : 86
Error report -
SQL Error: ORA-00933: SQL command not properly ended
00933. 00000 -  "SQL command not properly ended"
*Cause:    


SQL> select * from consulans where (client in('bdi','bm') or subject = 'vb') and marks >70;
Error starting at line : 1 in command -
select * from consulans where (client in('bdi','bm') or subject = 'vb') and marks >70
Error at Command Line : 1 Column : 57
Error report -
SQL Error: ORA-00904: "SUBJECT": invalid identifier
00904. 00000 -  "%s: invalid identifier"
*Cause:    


SQL> select * from consulans where (client in ('ibm', 'ons') or software ='java') and marks > 90;

     REGNO NAME                 CLIENT               SOFTWARE        MARKS
---------- -------------------- -------------------- ---------- ----------
         1 a                    ibm                  java               95
         4 d                    ons                  python             95

SQL> select * from consulans;

     REGNO NAME                 CLIENT               SOFTWARE        MARKS
---------- -------------------- -------------------- ---------- ----------
         1 a                    ibm                  java               95
         2 b                    ons                  java               80
         3 c                    ibm                  python             90
         4 d                    ons                  python             95
         5 e                    bdi                  vb                 86
         6 f                    bdi                  vb                 78

6 rows selected. 

SQL> select * from consulans where not client in ('ons','bdi');

     REGNO NAME                 CLIENT               SOFTWARE        MARKS
---------- -------------------- -------------------- ---------- ----------
         1 a                    ibm                  java               95
         3 c                    ibm                  python             90

SQL> select * from consulans where not client in ('ons','java');

     REGNO NAME                 CLIENT               SOFTWARE        MARKS
---------- -------------------- -------------------- ---------- ----------
         1 a                    ibm                  java               95
         3 c                    ibm                  python             90
         5 e                    bdi                  vb                 86
         6 f                    bdi                  vb                 78



SQL> create table nationwide ('regno', 'name', 'salary');
Error starting at line : 1 in command -
create table nationwide ('regno', 'name', 'salary')
Error report -
ORA-00904: : invalid identifier
00904. 00000 -  "%s: invalid identifier"
*Cause:    


SQL> create table nationwide values('regno', 'name', 'salary');
Error starting at line : 1 in command -
create table nationwide values('regno', 'name', 'salary')
Error report -
ORA-00922: missing or invalid option
00922. 00000 -  "missing or invalid option"
*Cause:    


SQL> create table nationwide('regno', 'name', 'salary');
Error starting at line : 1 in command -
create table nationwide('regno', 'name', 'salary')
Error report -
ORA-00904: : invalid identifier
00904. 00000 -  "%s: invalid identifier"
*Cause:    


SQL> create table nationwide('regno'char(3), 'name' char(30), 'salary' number(6));
Error starting at line : 1 in command -
create table nationwide('regno'char(3), 'name' char(30), 'salary' number(6))
Error report -
ORA-00904: : invalid identifier
00904. 00000 -  "%s: invalid identifier"
*Cause:    


SQL> create table nationwide('regno' char(3), 'name' char(30), 'salary' number(6));
Error starting at line : 1 in command -
create table nationwide('regno' char(3), 'name' char(30), 'salary' number(6))
Error report -
ORA-00904: : invalid identifier
00904. 00000 -  "%s: invalid identifier"
*Cause:    


SQL> create table nationwide(regno char(3), name char(30), salary number(6));
Table NATIONWIDE created.

SQL> insert into nationwide values(1, 'john', 20000);

1 row inserted.

SQL> insert into nationwide values(2,'peter',21000);

1 row inserted.


SQL> insert into nationwide values(2,'smiyj',25000);
1 row inserted.


SQL> insert into nationwide values(2,'late ben',23000);
1 row inserted.

SQL> select * from nationwide;

REG NAME                               SALARY
--- ------------------------------ ----------
1   john                                20000
2   peter                               21000
2   smiyj                               25000
2   late ben                            23000

SQL> update nationwide set name ='smith' where name ='smiyj';

1 row updated.


SQL> select * from nationwide;

REG NAME                               SALARY
--- ------------------------------ ----------
1   john                                20000
2   peter                               21000
2   smith                               25000
2   late ben                            23000

SQL> update set reg = 3 where name ='smith';

Error starting at line : 1 in command -
update set reg = 3 where name ='smith'
Error at Command Line : 1 Column : 8
Error report -
SQL Error: ORA-00903: invalid table name
00903. 00000 -  "invalid table name"
*Cause:    


SQL> update nationwide set reg = 3 where name ='smith';
Error starting at line : 1 in command -
update nationwide set reg = 3 where name ='smith'
Error at Command Line : 1 Column : 23
Error report -
SQL Error: ORA-00904: "REG": invalid identifier
00904. 00000 -  "%s: invalid identifier"
*Cause:    


SQL> update nationwide set reg = '3' where name ='smith';
Error starting at line : 1 in command -
update nationwide set reg = '3' where name ='smith'
Error at Command Line : 1 Column : 23
Error report -
SQL Error: ORA-00904: "REG": invalid identifier
00904. 00000 -  "%s: invalid identifier"
*Cause:    


SQL> update nationwide set regno = 3 where name ='smith';
1 row updated.


SQL> select * from nationwide;

REG NAME                               SALARY
--- ------------------------------ ----------
1   john                                20000
2   peter                               21000
3   smith                               25000
2   late ben                            23000


SQL> update nationwide set regno = 4 where name ='late smith';
0 rows updated.


SQL> update nationwide set regno = 4 where name ='late ben';
1 row updated.


SQL> select * from nationwide;

REG NAME                               SALARY
--- ------------------------------ ----------
1   john                                20000
2   peter                               21000
3   smith                               25000
4   late ben                            23000

SQL> select * from employees;

EMPLOYEE_ID FIRST_NAME           LAST_NAME                 EMAIL                     PHONE_NUMBER         HIRE_DATE JOB_ID         SALARY COMMISSION_PCT MANAGER_ID DEPARTMENT_ID
----------- -------------------- ------------------------- ------------------------- -------------------- --------- ---------- ---------- -------------- ---------- -------------
        100 Steven               King                      SKING                     515.123.4567         17-JUN-87 AD_PRES         24000 NULL           NULL                  90
        101 Neena                Kochhar                   NKOCHHAR                  515.123.4568         21-SEP-89 AD_VP           17000 NULL                  100            90
        102 Lex                  De Haan                   LDEHAAN                   515.123.4569         13-JAN-93 AD_VP           17000 NULL                  100            90
        103 Alexander            Hunold                    AHUNOLD                   590.423.4567         03-JAN-90 IT_PROG          9000 NULL                  102            60
        104 Bruce                Ernst                     BERNST                    590.423.4568         21-MAY-91 IT_PROG          6000 NULL                  103            60
        105 David                Austin                    DAUSTIN                   590.423.4569         25-JUN-97 IT_PROG          4800 NULL                  103            60
        106 Valli                Pataballa                 VPATABAL                  590.423.4560         05-FEB-98 IT_PROG          4800 NULL                  103            60
        107 Diana                Lorentz                   DLORENTZ                  590.423.5567         07-FEB-99 IT_PROG          4200 NULL                  103            60
        108 Nancy                Greenberg                 NGREENBE                  515.124.4569         17-AUG-94 FI_MGR          12000 NULL                  101           100
        109 Daniel               Faviet                    DFAVIET                   515.124.4169         16-AUG-94 FI_ACCOUNT       9000 NULL                  108           100
        110 John                 Chen                      JCHEN                     515.124.4269         28-SEP-97 FI_ACCOUNT       8200 NULL                  108           100
        111 Ismael               Sciarra                   ISCIARRA                  515.124.4369         30-SEP-97 FI_ACCOUNT       7700 NULL                  108           100
        112 Jose Manuel          Urman                     JMURMAN                   515.124.4469         07-MAR-98 FI_ACCOUNT       7800 NULL                  108           100
        113 Luis                 Popp                      LPOPP                     515.124.4567         07-DEC-99 FI_ACCOUNT       6900 NULL                  108           100
        114 Den                  Raphaely                  DRAPHEAL                  515.127.4561         07-DEC-94 PU_MAN          11000 NULL                  100            30
        115 Alexander            Khoo                      AKHOO                     515.127.4562         18-MAY-95 PU_CLERK         3100 NULL                  114            30
        116 Shelli               Baida                     SBAIDA                    515.127.4563         24-DEC-97 PU_CLERK         2900 NULL                  114            30
        117 Sigal                Tobias                    STOBIAS                   515.127.4564         24-JUL-97 PU_CLERK         2800 NULL                  114            30
        118 Guy                  Himuro                    GHIMURO                   515.127.4565         15-NOV-98 PU_CLERK         2600 NULL                  114            30
        119 Karen                Colmenares                KCOLMENA                  515.127.4566         10-AUG-99 PU_CLERK         2500 NULL                  114            30
        120 Matthew              Weiss                     MWEISS                    650.123.1234         18-JUL-96 ST_MAN           8000 NULL                  100            50

EMPLOYEE_ID FIRST_NAME           LAST_NAME                 EMAIL                     PHONE_NUMBER         HIRE_DATE JOB_ID         SALARY COMMISSION_PCT MANAGER_ID DEPARTMENT_ID
----------- -------------------- ------------------------- ------------------------- -------------------- --------- ---------- ---------- -------------- ---------- -------------
        121 Adam                 Fripp                     AFRIPP                    650.123.2234         10-APR-97 ST_MAN           8200 NULL                  100            50
        122 Payam                Kaufling                  PKAUFLIN                  650.123.3234         01-MAY-95 ST_MAN           7900 NULL                  100            50
        123 Shanta               Vollman                   SVOLLMAN                  650.123.4234         10-OCT-97 ST_MAN           6500 NULL                  100            50
        124 Kevin                Mourgos                   KMOURGOS                  650.123.5234         16-NOV-99 ST_MAN           5800 NULL                  100            50
        125 Julia                Nayer                     JNAYER                    650.124.1214         16-JUL-97 ST_CLERK         3200 NULL                  120            50
        126 Irene                Mikkilineni               IMIKKILI                  650.124.1224         28-SEP-98 ST_CLERK         2700 NULL                  120            50
        127 James                Landry                    JLANDRY                   650.124.1334         14-JAN-99 ST_CLERK         2400 NULL                  120            50
        128 Steven               Markle                    SMARKLE                   650.124.1434         08-MAR-00 ST_CLERK         2200 NULL                  120            50
        129 Laura                Bissot                    LBISSOT                   650.124.5234         20-AUG-97 ST_CLERK         3300 NULL                  121            50
        130 Mozhe                Atkinson                  MATKINSO                  650.124.6234         30-OCT-97 ST_CLERK         2800 NULL                  121            50
        131 James                Marlow                    JAMRLOW                   650.124.7234         16-FEB-97 ST_CLERK         2500 NULL                  121            50
        132 TJ                   Olson                     TJOLSON                   650.124.8234         10-APR-99 ST_CLERK         2100 NULL                  121            50
        133 Jason                Mallin                    JMALLIN                   650.127.1934         14-JUN-96 ST_CLERK         3300 NULL                  122            50
        134 Michael              Rogers                    MROGERS                   650.127.1834         26-AUG-98 ST_CLERK         2900 NULL                  122            50
        135 Ki                   Gee                       KGEE                      650.127.1734         12-DEC-99 ST_CLERK         2400 NULL                  122            50
        136 Hazel                Philtanker                HPHILTAN                  650.127.1634         06-FEB-00 ST_CLERK         2200 NULL                  122            50
        137 Renske               Ladwig                    RLADWIG                   650.121.1234         14-JUL-95 ST_CLERK         3600 NULL                  123            50
        138 Stephen              Stiles                    SSTILES                   650.121.2034         26-OCT-97 ST_CLERK         3200 NULL                  123            50
        139 John                 Seo                       JSEO                      650.121.2019         12-FEB-98 ST_CLERK         2700 NULL                  123            50
        140 Joshua               Patel                     JPATEL                    650.121.1834         06-APR-98 ST_CLERK         2500 NULL                  123            50
        141 Trenna               Rajs                      TRAJS                     650.121.8009         17-OCT-95 ST_CLERK         3500 NULL                  124            50

EMPLOYEE_ID FIRST_NAME           LAST_NAME                 EMAIL                     PHONE_NUMBER         HIRE_DATE JOB_ID         SALARY COMMISSION_PCT MANAGER_ID DEPARTMENT_ID
----------- -------------------- ------------------------- ------------------------- -------------------- --------- ---------- ---------- -------------- ---------- -------------
        142 Curtis               Davies                    CDAVIES                   650.121.2994         29-JAN-97 ST_CLERK         3100 NULL                  124            50
        143 Randall              Matos                     RMATOS                    650.121.2874         15-MAR-98 ST_CLERK         2600 NULL                  124            50
        144 Peter                Vargas                    PVARGAS                   650.121.2004         09-JUL-98 ST_CLERK         2500 NULL                  124            50
        145 John                 Russell                   JRUSSEL                   011.44.1344.429268   01-OCT-96 SA_MAN          14000             .4        100            80
        146 Karen                Partners                  KPARTNER                  011.44.1344.467268   05-JAN-97 SA_MAN          13500             .3        100            80
        147 Alberto              Errazuriz                 AERRAZUR                  011.44.1344.429278   10-MAR-97 SA_MAN          12000             .3        100            80
        148 Gerald               Cambrault                 GCAMBRAU                  011.44.1344.619268   15-OCT-99 SA_MAN          11000             .3        100            80
        149 Eleni                Zlotkey                   EZLOTKEY                  011.44.1344.429018   29-JAN-00 SA_MAN          10500             .2        100            80
        150 Peter                Tucker                    PTUCKER                   011.44.1344.129268   30-JAN-97 SA_REP          10000             .3        145            80
        151 David                Bernstein                 DBERNSTE                  011.44.1344.345268   24-MAR-97 SA_REP           9500            .25        145            80
        152 Peter                Hall                      PHALL                     011.44.1344.478968   20-AUG-97 SA_REP           9000            .25        145            80
        153 Christopher          Olsen                     COLSEN                    011.44.1344.498718   30-MAR-98 SA_REP           8000             .2        145            80
        154 Nanette              Cambrault                 NCAMBRAU                  011.44.1344.987668   09-DEC-98 SA_REP           7500             .2        145            80
        155 Oliver               Tuvault                   OTUVAULT                  011.44.1344.486508   23-NOV-99 SA_REP           7000            .15        145            80
        156 Janette              King                      JKING                     011.44.1345.429268   30-JAN-96 SA_REP          10000            .35        146            80
        157 Patrick              Sully                     PSULLY                    011.44.1345.929268   04-MAR-96 SA_REP           9500            .35        146            80
        158 Allan                McEwen                    AMCEWEN                   011.44.1345.829268   01-AUG-96 SA_REP           9000            .35        146            80
        159 Lindsey              Smith                     LSMITH                    011.44.1345.729268   10-MAR-97 SA_REP           8000             .3        146            80
        160 Louise               Doran                     LDORAN                    011.44.1345.629268   15-DEC-97 SA_REP           7500             .3        146            80
        161 Sarath               Sewall                    SSEWALL                   011.44.1345.529268   03-NOV-98 SA_REP           7000            .25        146            80
        162 Clara                Vishney                   CVISHNEY                  011.44.1346.129268   11-NOV-97 SA_REP          10500            .25        147            80

EMPLOYEE_ID FIRST_NAME           LAST_NAME                 EMAIL                     PHONE_NUMBER         HIRE_DATE JOB_ID         SALARY COMMISSION_PCT MANAGER_ID DEPARTMENT_ID
----------- -------------------- ------------------------- ------------------------- -------------------- --------- ---------- ---------- -------------- ---------- -------------
        163 Danielle             Greene                    DGREENE                   011.44.1346.229268   19-MAR-99 SA_REP           9500            .15        147            80
        164 Mattea               Marvins                   MMARVINS                  011.44.1346.329268   24-JAN-00 SA_REP           7200             .1        147            80
        165 David                Lee                       DLEE                      011.44.1346.529268   23-FEB-00 SA_REP           6800             .1        147            80
        166 Sundar               Ande                      SANDE                     011.44.1346.629268   24-MAR-00 SA_REP           6400             .1        147            80
        167 Amit                 Banda                     ABANDA                    011.44.1346.729268   21-APR-00 SA_REP           6200             .1        147            80
        168 Lisa                 Ozer                      LOZER                     011.44.1343.929268   11-MAR-97 SA_REP          11500            .25        148            80
        169 Harrison             Bloom                     HBLOOM                    011.44.1343.829268   23-MAR-98 SA_REP          10000             .2        148            80
        170 Tayler               Fox                       TFOX                      011.44.1343.729268   24-JAN-98 SA_REP           9600             .2        148            80
        171 William              Smith                     WSMITH                    011.44.1343.629268   23-FEB-99 SA_REP           7400            .15        148            80
        172 Elizabeth            Bates                     EBATES                    011.44.1343.529268   24-MAR-99 SA_REP           7300            .15        148            80
        173 Sundita              Kumar                     SKUMAR                    011.44.1343.329268   21-APR-00 SA_REP           6100             .1        148            80
        174 Ellen                Abel                      EABEL                     011.44.1644.429267   11-MAY-96 SA_REP          11000             .3        149            80
        175 Alyssa               Hutton                    AHUTTON                   011.44.1644.429266   19-MAR-97 SA_REP           8800            .25        149            80
        176 Jonathon             Taylor                    JTAYLOR                   011.44.1644.429265   24-MAR-98 SA_REP           8600             .2        149            80
        177 Jack                 Livingston                JLIVINGS                  011.44.1644.429264   23-APR-98 SA_REP           8400             .2        149            80
        178 Kimberely            Grant                     KGRANT                    011.44.1644.429263   24-MAY-99 SA_REP           7000            .15        149 NULL         
        179 Charles              Johnson                   CJOHNSON                  011.44.1644.429262   04-JAN-00 SA_REP           6200             .1        149            80
        180 Winston              Taylor                    WTAYLOR                   650.507.9876         24-JAN-98 SH_CLERK         3200 NULL                  120            50
        181 Jean                 Fleaur                    JFLEAUR                   650.507.9877         23-FEB-98 SH_CLERK         3100 NULL                  120            50
        182 Martha               Sullivan                  MSULLIVA                  650.507.9878         21-JUN-99 SH_CLERK         2500 NULL                  120            50
        183 Girard               Geoni                     GGEONI                    650.507.9879         03-FEB-00 SH_CLERK         2800 NULL                  120            50

EMPLOYEE_ID FIRST_NAME           LAST_NAME                 EMAIL                     PHONE_NUMBER         HIRE_DATE JOB_ID         SALARY COMMISSION_PCT MANAGER_ID DEPARTMENT_ID
----------- -------------------- ------------------------- ------------------------- -------------------- --------- ---------- ---------- -------------- ---------- -------------
        184 Nandita              Sarchand                  NSARCHAN                  650.509.1876         27-JAN-96 SH_CLERK         4200 NULL                  121            50
        185 Alexis               Bull                      ABULL                     650.509.2876         20-FEB-97 SH_CLERK         4100 NULL                  121            50
        186 Julia                Dellinger                 JDELLING                  650.509.3876         24-JUN-98 SH_CLERK         3400 NULL                  121            50
        187 Anthony              Cabrio                    ACABRIO                   650.509.4876         07-FEB-99 SH_CLERK         3000 NULL                  121            50
        188 Kelly                Chung                     KCHUNG                    650.505.1876         14-JUN-97 SH_CLERK         3800 NULL                  122            50
        189 Jennifer             Dilly                     JDILLY                    650.505.2876         13-AUG-97 SH_CLERK         3600 NULL                  122            50
        190 Timothy              Gates                     TGATES                    650.505.3876         11-JUL-98 SH_CLERK         2900 NULL                  122            50
        191 Randall              Perkins                   RPERKINS                  650.505.4876         19-DEC-99 SH_CLERK         2500 NULL                  122            50
        192 Sarah                Bell                      SBELL                     650.501.1876         04-FEB-96 SH_CLERK         4000 NULL                  123            50
        193 Britney              Everett                   BEVERETT                  650.501.2876         03-MAR-97 SH_CLERK         3900 NULL                  123            50
        194 Samuel               McCain                    SMCCAIN                   650.501.3876         01-JUL-98 SH_CLERK         3200 NULL                  123            50
        195 Vance                Jones                     VJONES                    650.501.4876         17-MAR-99 SH_CLERK         2800 NULL                  123            50
        196 Alana                Walsh                     AWALSH                    650.507.9811         24-APR-98 SH_CLERK         3100 NULL                  124            50
        197 Kevin                Feeney                    KFEENEY                   650.507.9822         23-MAY-98 SH_CLERK         3000 NULL                  124            50
        198 Donald               OConnell                  DOCONNEL                  650.507.9833         21-JUN-99 SH_CLERK         2600 NULL                  124            50
        199 Douglas              Grant                     DGRANT                    650.507.9844         13-JAN-00 SH_CLERK         2600 NULL                  124            50
        200 Jennifer             Whalen                    JWHALEN                   515.123.4444         17-SEP-87 AD_ASST          4400 NULL                  101            10
        201 Michael              Hartstein                 MHARTSTE                  515.123.5555         17-FEB-96 MK_MAN          13000 NULL                  100            20
        202 Pat                  Fay                       PFAY                      603.123.6666         17-AUG-97 MK_REP           6000 NULL                  201            20
        203 Susan                Mavris                    SMAVRIS                   515.123.7777         07-JUN-94 HR_REP           6500 NULL                  101            40
        204 Hermann              Baer                      HBAER                     515.123.8888         07-JUN-94 PR_REP          10000 NULL                  101            70

EMPLOYEE_ID FIRST_NAME           LAST_NAME                 EMAIL                     PHONE_NUMBER         HIRE_DATE JOB_ID         SALARY COMMISSION_PCT MANAGER_ID DEPARTMENT_ID
----------- -------------------- ------------------------- ------------------------- -------------------- --------- ---------- ---------- -------------- ---------- -------------
        205 Shelley              Higgins                   SHIGGINS                  515.123.8080         07-JUN-94 AC_MGR          12000 NULL                  101           110
        206 William              Gietz                     WGIETZ                    515.123.8181         07-JUN-94 AC_ACCOUNT       8300 NULL                  205           110

107 rows selected. 

SQL> describe employyes

ERROR:
ORA-04043: object employyes does not exist
SQL> describe employes

ERROR:


SQL> describe employees;Name           Null?    Type         
-------------- -------- ------------ 
EMPLOYEE_ID    NOT NULL NUMBER(6)    
FIRST_NAME              VARCHAR2(20) 
LAST_NAME      NOT NULL VARCHAR2(25) 
EMAIL          NOT NULL VARCHAR2(25) 
PHONE_NUMBER            VARCHAR2(20) 
HIRE_DATE      NOT NULL DATE         
JOB_ID         NOT NULL VARCHAR2(10) 
SALARY                  NUMBER(8,2)  
COMMISSION_PCT          NUMBER(2,2)  
MANAGER_ID              NUMBER(6)    
DEPARTMENT_ID           NUMBER(4)    
SQL> select employees where salary between 9000 and 10000;

Error starting at line : 1 in command -
select employees where salary between 9000 and 10000
Error at Command Line : 1 Column : 18
Error report -
SQL Error: ORA-00923: FROM keyword not found where expected
00923. 00000 -  "FROM keyword not found where expected"
*Cause:    


SQL> select * from employees where salary between 9000 and 10000;
EMPLOYEE_ID FIRST_NAME           LAST_NAME                 EMAIL                     PHONE_NUMBER         HIRE_DATE JOB_ID         SALARY COMMISSION_PCT MANAGER_ID DEPARTMENT_ID
----------- -------------------- ------------------------- ------------------------- -------------------- --------- ---------- ---------- -------------- ---------- -------------
        103 Alexander            Hunold                    AHUNOLD                   590.423.4567         03-JAN-90 IT_PROG          9000 NULL                  102            60
        109 Daniel               Faviet                    DFAVIET                   515.124.4169         16-AUG-94 FI_ACCOUNT       9000 NULL                  108           100
        150 Peter                Tucker                    PTUCKER                   011.44.1344.129268   30-JAN-97 SA_REP          10000             .3        145            80
        151 David                Bernstein                 DBERNSTE                  011.44.1344.345268   24-MAR-97 SA_REP           9500            .25        145            80
        152 Peter                Hall                      PHALL                     011.44.1344.478968   20-AUG-97 SA_REP           9000            .25        145            80
        156 Janette              King                      JKING                     011.44.1345.429268   30-JAN-96 SA_REP          10000            .35        146            80
        157 Patrick              Sully                     PSULLY                    011.44.1345.929268   04-MAR-96 SA_REP           9500            .35        146            80
        158 Allan                McEwen                    AMCEWEN                   011.44.1345.829268   01-AUG-96 SA_REP           9000            .35        146            80
        163 Danielle             Greene                    DGREENE                   011.44.1346.229268   19-MAR-99 SA_REP           9500            .15        147            80
        169 Harrison             Bloom                     HBLOOM                    011.44.1343.829268   23-MAR-98 SA_REP          10000             .2        148            80
        170 Tayler               Fox                       TFOX                      011.44.1343.729268   24-JAN-98 SA_REP           9600             .2        148            80
        204 Hermann              Baer                      HBAER                     515.123.8888         07-JUN-94 PR_REP          10000 NULL                  101            70

12 rows selected. 

SQL> select * from employees where salary = 9000 or commision = 'null';

Error starting at line : 1 in command -
select * from employees where salary = 9000 or commision = 'null'
Error at Command Line : 1 Column : 48
Error report -
SQL Error: ORA-00904: "COMMISION": invalid identifier
00904. 00000 -  "%s: invalid identifier"
*Cause:    



SQL> select * from employees where salary = 9000 or commission = 'null';
Error starting at line : 1 in command -
select * from employees where salary = 9000 or commission = 'null'
Error at Command Line : 1 Column : 48
Error report -
SQL Error: ORA-00904: "COMMISSION": invalid identifier
00904. 00000 -  "%s: invalid identifier"
*Cause:    


SQL> select * from employees where salary = 9000 or commission = 'NULL';
Error starting at line : 1 in command -
select * from employees where salary = 9000 or commission = 'NULL'
Error at Command Line : 1 Column : 48
Error report -
SQL Error: ORA-00904: "COMMISSION": invalid identifier
00904. 00000 -  "%s: invalid identifier"
*Cause:    


SQL> select * from employees where salary = 9000 or commission_pct = 'NULL';
Error starting at line : 1 in command -
select * from employees where salary = 9000 or commission_pct = 'NULL'
Error report -
ORA-01722: invalid number


SQL> select * from employees where salary = 9000 or commission_pct = 'null';
Error starting at line : 1 in command -
select * from employees where salary = 9000 or commission_pct = 'null'
Error report -
ORA-01722: invalid number


SQL> select * from employees where salary = 9000 or job_id = 'sa_rep';
EMPLOYEE_ID FIRST_NAME           LAST_NAME                 EMAIL                     PHONE_NUMBER         HIRE_DATE JOB_ID         SALARY COMMISSION_PCT MANAGER_ID DEPARTMENT_ID
----------- -------------------- ------------------------- ------------------------- -------------------- --------- ---------- ---------- -------------- ---------- -------------
        103 Alexander            Hunold                    AHUNOLD                   590.423.4567         03-JAN-90 IT_PROG          9000 NULL                  102            60
        109 Daniel               Faviet                    DFAVIET                   515.124.4169         16-AUG-94 FI_ACCOUNT       9000 NULL                  108           100
        152 Peter                Hall                      PHALL                     011.44.1344.478968   20-AUG-97 SA_REP           9000            .25        145            80
        158 Allan                McEwen                    AMCEWEN                   011.44.1345.829268   01-AUG-96 SA_REP           9000            .35        146            80

SQL> select * from employees;

EMPLOYEE_ID FIRST_NAME           LAST_NAME                 EMAIL                     PHONE_NUMBER         HIRE_DATE JOB_ID         SALARY COMMISSION_PCT MANAGER_ID DEPARTMENT_ID
----------- -------------------- ------------------------- ------------------------- -------------------- --------- ---------- ---------- -------------- ---------- -------------
        100 Steven               King                      SKING                     515.123.4567         17-JUN-87 AD_PRES         24000 NULL           NULL                  90
        101 Neena                Kochhar                   NKOCHHAR                  515.123.4568         21-SEP-89 AD_VP           17000 NULL                  100            90
        102 Lex                  De Haan                   LDEHAAN                   515.123.4569         13-JAN-93 AD_VP           17000 NULL                  100            90
        103 Alexander            Hunold                    AHUNOLD                   590.423.4567         03-JAN-90 IT_PROG          9000 NULL                  102            60
        104 Bruce                Ernst                     BERNST                    590.423.4568         21-MAY-91 IT_PROG          6000 NULL                  103            60
        105 David                Austin                    DAUSTIN                   590.423.4569         25-JUN-97 IT_PROG          4800 NULL                  103            60
        106 Valli                Pataballa                 VPATABAL                  590.423.4560         05-FEB-98 IT_PROG          4800 NULL                  103            60
        107 Diana                Lorentz                   DLORENTZ                  590.423.5567         07-FEB-99 IT_PROG          4200 NULL                  103            60
        108 Nancy                Greenberg                 NGREENBE                  515.124.4569         17-AUG-94 FI_MGR          12000 NULL                  101           100
        109 Daniel               Faviet                    DFAVIET                   515.124.4169         16-AUG-94 FI_ACCOUNT       9000 NULL                  108           100
        110 John                 Chen                      JCHEN                     515.124.4269         28-SEP-97 FI_ACCOUNT       8200 NULL                  108           100
        111 Ismael               Sciarra                   ISCIARRA                  515.124.4369         30-SEP-97 FI_ACCOUNT       7700 NULL                  108           100
        112 Jose Manuel          Urman                     JMURMAN                   515.124.4469         07-MAR-98 FI_ACCOUNT       7800 NULL                  108           100
        113 Luis                 Popp                      LPOPP                     515.124.4567         07-DEC-99 FI_ACCOUNT       6900 NULL                  108           100
        114 Den                  Raphaely                  DRAPHEAL                  515.127.4561         07-DEC-94 PU_MAN          11000 NULL                  100            30
        115 Alexander            Khoo                      AKHOO                     515.127.4562         18-MAY-95 PU_CLERK         3100 NULL                  114            30
        116 Shelli               Baida                     SBAIDA                    515.127.4563         24-DEC-97 PU_CLERK         2900 NULL                  114            30
        117 Sigal                Tobias                    STOBIAS                   515.127.4564         24-JUL-97 PU_CLERK         2800 NULL                  114            30
        118 Guy                  Himuro                    GHIMURO                   515.127.4565         15-NOV-98 PU_CLERK         2600 NULL                  114            30
        119 Karen                Colmenares                KCOLMENA                  515.127.4566         10-AUG-99 PU_CLERK         2500 NULL                  114            30
        120 Matthew              Weiss                     MWEISS                    650.123.1234         18-JUL-96 ST_MAN           8000 NULL                  100            50

EMPLOYEE_ID FIRST_NAME           LAST_NAME                 EMAIL                     PHONE_NUMBER         HIRE_DATE JOB_ID         SALARY COMMISSION_PCT MANAGER_ID DEPARTMENT_ID
----------- -------------------- ------------------------- ------------------------- -------------------- --------- ---------- ---------- -------------- ---------- -------------
        121 Adam                 Fripp                     AFRIPP                    650.123.2234         10-APR-97 ST_MAN           8200 NULL                  100            50
        122 Payam                Kaufling                  PKAUFLIN                  650.123.3234         01-MAY-95 ST_MAN           7900 NULL                  100            50
        123 Shanta               Vollman                   SVOLLMAN                  650.123.4234         10-OCT-97 ST_MAN           6500 NULL                  100            50
        124 Kevin                Mourgos                   KMOURGOS                  650.123.5234         16-NOV-99 ST_MAN           5800 NULL                  100            50
        125 Julia                Nayer                     JNAYER                    650.124.1214         16-JUL-97 ST_CLERK         3200 NULL                  120            50
        126 Irene                Mikkilineni               IMIKKILI                  650.124.1224         28-SEP-98 ST_CLERK         2700 NULL                  120            50
        127 James                Landry                    JLANDRY                   650.124.1334         14-JAN-99 ST_CLERK         2400 NULL                  120            50
        128 Steven               Markle                    SMARKLE                   650.124.1434         08-MAR-00 ST_CLERK         2200 NULL                  120            50
        129 Laura                Bissot                    LBISSOT                   650.124.5234         20-AUG-97 ST_CLERK         3300 NULL                  121            50
        130 Mozhe                Atkinson                  MATKINSO                  650.124.6234         30-OCT-97 ST_CLERK         2800 NULL                  121            50
        131 James                Marlow                    JAMRLOW                   650.124.7234         16-FEB-97 ST_CLERK         2500 NULL                  121            50
        132 TJ                   Olson                     TJOLSON                   650.124.8234         10-APR-99 ST_CLERK         2100 NULL                  121            50
        133 Jason                Mallin                    JMALLIN                   650.127.1934         14-JUN-96 ST_CLERK         3300 NULL                  122            50
        134 Michael              Rogers                    MROGERS                   650.127.1834         26-AUG-98 ST_CLERK         2900 NULL                  122            50
        135 Ki                   Gee                       KGEE                      650.127.1734         12-DEC-99 ST_CLERK         2400 NULL                  122            50
        136 Hazel                Philtanker                HPHILTAN                  650.127.1634         06-FEB-00 ST_CLERK         2200 NULL                  122            50
        137 Renske               Ladwig                    RLADWIG                   650.121.1234         14-JUL-95 ST_CLERK         3600 NULL                  123            50
        138 Stephen              Stiles                    SSTILES                   650.121.2034         26-OCT-97 ST_CLERK         3200 NULL                  123            50
        139 John                 Seo                       JSEO                      650.121.2019         12-FEB-98 ST_CLERK         2700 NULL                  123            50
        140 Joshua               Patel                     JPATEL                    650.121.1834         06-APR-98 ST_CLERK         2500 NULL                  123            50
        141 Trenna               Rajs                      TRAJS                     650.121.8009         17-OCT-95 ST_CLERK         3500 NULL                  124            50

EMPLOYEE_ID FIRST_NAME           LAST_NAME                 EMAIL                     PHONE_NUMBER         HIRE_DATE JOB_ID         SALARY COMMISSION_PCT MANAGER_ID DEPARTMENT_ID
----------- -------------------- ------------------------- ------------------------- -------------------- --------- ---------- ---------- -------------- ---------- -------------
        142 Curtis               Davies                    CDAVIES                   650.121.2994         29-JAN-97 ST_CLERK         3100 NULL                  124            50
        143 Randall              Matos                     RMATOS                    650.121.2874         15-MAR-98 ST_CLERK         2600 NULL                  124            50
        144 Peter                Vargas                    PVARGAS                   650.121.2004         09-JUL-98 ST_CLERK         2500 NULL                  124            50
        145 John                 Russell                   JRUSSEL                   011.44.1344.429268   01-OCT-96 SA_MAN          14000             .4        100            80
        146 Karen                Partners                  KPARTNER                  011.44.1344.467268   05-JAN-97 SA_MAN          13500             .3        100            80
        147 Alberto              Errazuriz                 AERRAZUR                  011.44.1344.429278   10-MAR-97 SA_MAN          12000             .3        100            80
        148 Gerald               Cambrault                 GCAMBRAU                  011.44.1344.619268   15-OCT-99 SA_MAN          11000             .3        100            80
        149 Eleni                Zlotkey                   EZLOTKEY                  011.44.1344.429018   29-JAN-00 SA_MAN          10500             .2        100            80
        150 Peter                Tucker                    PTUCKER                   011.44.1344.129268   30-JAN-97 SA_REP          10000             .3        145            80
        151 David                Bernstein                 DBERNSTE                  011.44.1344.345268   24-MAR-97 SA_REP           9500            .25        145            80
        152 Peter                Hall                      PHALL                     011.44.1344.478968   20-AUG-97 SA_REP           9000            .25        145            80
        153 Christopher          Olsen                     COLSEN                    011.44.1344.498718   30-MAR-98 SA_REP           8000             .2        145            80
        154 Nanette              Cambrault                 NCAMBRAU                  011.44.1344.987668   09-DEC-98 SA_REP           7500             .2        145            80
        155 Oliver               Tuvault                   OTUVAULT                  011.44.1344.486508   23-NOV-99 SA_REP           7000            .15        145            80
        156 Janette              King                      JKING                     011.44.1345.429268   30-JAN-96 SA_REP          10000            .35        146            80
        157 Patrick              Sully                     PSULLY                    011.44.1345.929268   04-MAR-96 SA_REP           9500            .35        146            80
        158 Allan                McEwen                    AMCEWEN                   011.44.1345.829268   01-AUG-96 SA_REP           9000            .35        146            80
        159 Lindsey              Smith                     LSMITH                    011.44.1345.729268   10-MAR-97 SA_REP           8000             .3        146            80
        160 Louise               Doran                     LDORAN                    011.44.1345.629268   15-DEC-97 SA_REP           7500             .3        146            80
        161 Sarath               Sewall                    SSEWALL                   011.44.1345.529268   03-NOV-98 SA_REP           7000            .25        146            80
        162 Clara                Vishney                   CVISHNEY                  011.44.1346.129268   11-NOV-97 SA_REP          10500            .25        147            80

EMPLOYEE_ID FIRST_NAME           LAST_NAME                 EMAIL                     PHONE_NUMBER         HIRE_DATE JOB_ID         SALARY COMMISSION_PCT MANAGER_ID DEPARTMENT_ID
----------- -------------------- ------------------------- ------------------------- -------------------- --------- ---------- ---------- -------------- ---------- -------------
        163 Danielle             Greene                    DGREENE                   011.44.1346.229268   19-MAR-99 SA_REP           9500            .15        147            80
        164 Mattea               Marvins                   MMARVINS                  011.44.1346.329268   24-JAN-00 SA_REP           7200             .1        147            80
        165 David                Lee                       DLEE                      011.44.1346.529268   23-FEB-00 SA_REP           6800             .1        147            80
        166 Sundar               Ande                      SANDE                     011.44.1346.629268   24-MAR-00 SA_REP           6400             .1        147            80
        167 Amit                 Banda                     ABANDA                    011.44.1346.729268   21-APR-00 SA_REP           6200             .1        147            80
        168 Lisa                 Ozer                      LOZER                     011.44.1343.929268   11-MAR-97 SA_REP          11500            .25        148            80
        169 Harrison             Bloom                     HBLOOM                    011.44.1343.829268   23-MAR-98 SA_REP          10000             .2        148            80
        170 Tayler               Fox                       TFOX                      011.44.1343.729268   24-JAN-98 SA_REP           9600             .2        148            80
        171 William              Smith                     WSMITH                    011.44.1343.629268   23-FEB-99 SA_REP           7400            .15        148            80
        172 Elizabeth            Bates                     EBATES                    011.44.1343.529268   24-MAR-99 SA_REP           7300            .15        148            80
        173 Sundita              Kumar                     SKUMAR                    011.44.1343.329268   21-APR-00 SA_REP           6100             .1        148            80
        174 Ellen                Abel                      EABEL                     011.44.1644.429267   11-MAY-96 SA_REP          11000             .3        149            80
        175 Alyssa               Hutton                    AHUTTON                   011.44.1644.429266   19-MAR-97 SA_REP           8800            .25        149            80
        176 Jonathon             Taylor                    JTAYLOR                   011.44.1644.429265   24-MAR-98 SA_REP           8600             .2        149            80
        177 Jack                 Livingston                JLIVINGS                  011.44.1644.429264   23-APR-98 SA_REP           8400             .2        149            80
        178 Kimberely            Grant                     KGRANT                    011.44.1644.429263   24-MAY-99 SA_REP           7000            .15        149 NULL         
        179 Charles              Johnson                   CJOHNSON                  011.44.1644.429262   04-JAN-00 SA_REP           6200             .1        149            80
        180 Winston              Taylor                    WTAYLOR                   650.507.9876         24-JAN-98 SH_CLERK         3200 NULL                  120            50
        181 Jean                 Fleaur                    JFLEAUR                   650.507.9877         23-FEB-98 SH_CLERK         3100 NULL                  120            50
        182 Martha               Sullivan                  MSULLIVA                  650.507.9878         21-JUN-99 SH_CLERK         2500 NULL                  120            50
        183 Girard               Geoni                     GGEONI                    650.507.9879         03-FEB-00 SH_CLERK         2800 NULL                  120            50

EMPLOYEE_ID FIRST_NAME           LAST_NAME                 EMAIL                     PHONE_NUMBER         HIRE_DATE JOB_ID         SALARY COMMISSION_PCT MANAGER_ID DEPARTMENT_ID
----------- -------------------- ------------------------- ------------------------- -------------------- --------- ---------- ---------- -------------- ---------- -------------
        184 Nandita              Sarchand                  NSARCHAN                  650.509.1876         27-JAN-96 SH_CLERK         4200 NULL                  121            50
        185 Alexis               Bull                      ABULL                     650.509.2876         20-FEB-97 SH_CLERK         4100 NULL                  121            50
        186 Julia                Dellinger                 JDELLING                  650.509.3876         24-JUN-98 SH_CLERK         3400 NULL                  121            50
        187 Anthony              Cabrio                    ACABRIO                   650.509.4876         07-FEB-99 SH_CLERK         3000 NULL                  121            50
        188 Kelly                Chung                     KCHUNG                    650.505.1876         14-JUN-97 SH_CLERK         3800 NULL                  122            50
        189 Jennifer             Dilly                     JDILLY                    650.505.2876         13-AUG-97 SH_CLERK         3600 NULL                  122            50
        190 Timothy              Gates                     TGATES                    650.505.3876         11-JUL-98 SH_CLERK         2900 NULL                  122            50
        191 Randall              Perkins                   RPERKINS                  650.505.4876         19-DEC-99 SH_CLERK         2500 NULL                  122            50
        192 Sarah                Bell                      SBELL                     650.501.1876         04-FEB-96 SH_CLERK         4000 NULL                  123            50
        193 Britney              Everett                   BEVERETT                  650.501.2876         03-MAR-97 SH_CLERK         3900 NULL                  123            50
        194 Samuel               McCain                    SMCCAIN                   650.501.3876         01-JUL-98 SH_CLERK         3200 NULL                  123            50
        195 Vance                Jones                     VJONES                    650.501.4876         17-MAR-99 SH_CLERK         2800 NULL                  123            50
        196 Alana                Walsh                     AWALSH                    650.507.9811         24-APR-98 SH_CLERK         3100 NULL                  124            50
        197 Kevin                Feeney                    KFEENEY                   650.507.9822         23-MAY-98 SH_CLERK         3000 NULL                  124            50
        198 Donald               OConnell                  DOCONNEL                  650.507.9833         21-JUN-99 SH_CLERK         2600 NULL                  124            50
        199 Douglas              Grant                     DGRANT                    650.507.9844         13-JAN-00 SH_CLERK         2600 NULL                  124            50
        200 Jennifer             Whalen                    JWHALEN                   515.123.4444         17-SEP-87 AD_ASST          4400 NULL                  101            10
        201 Michael              Hartstein                 MHARTSTE                  515.123.5555         17-FEB-96 MK_MAN          13000 NULL                  100            20
        202 Pat                  Fay                       PFAY                      603.123.6666         17-AUG-97 MK_REP           6000 NULL                  201            20
        203 Susan                Mavris                    SMAVRIS                   515.123.7777         07-JUN-94 HR_REP           6500 NULL                  101            40
        204 Hermann              Baer                      HBAER                     515.123.8888         07-JUN-94 PR_REP          10000 NULL                  101            70

EMPLOYEE_ID FIRST_NAME           LAST_NAME                 EMAIL                     PHONE_NUMBER         HIRE_DATE JOB_ID         SALARY COMMISSION_PCT MANAGER_ID DEPARTMENT_ID
----------- -------------------- ------------------------- ------------------------- -------------------- --------- ---------- ---------- -------------- ---------- -------------
        205 Shelley              Higgins                   SHIGGINS                  515.123.8080         07-JUN-94 AC_MGR          12000 NULL                  101           110
        206 William              Gietz                     WGIETZ                    515.123.8181         07-JUN-94 AC_ACCOUNT       8300 NULL                  205           110

107 rows selected. 


SQL> select * from employees where salary = 9000 or job_id = 'sa_rep';

EMPLOYEE_ID FIRST_NAME           LAST_NAME                 EMAIL                     PHONE_NUMBER         HIRE_DATE JOB_ID         SALARY COMMISSION_PCT MANAGER_ID DEPARTMENT_ID
----------- -------------------- ------------------------- ------------------------- -------------------- --------- ---------- ---------- -------------- ---------- -------------
        103 Alexander            Hunold                    AHUNOLD                   590.423.4567         03-JAN-90 IT_PROG          9000 NULL                  102            60
        109 Daniel               Faviet                    DFAVIET                   515.124.4169         16-AUG-94 FI_ACCOUNT       9000 NULL                  108           100
        152 Peter                Hall                      PHALL                     011.44.1344.478968   20-AUG-97 SA_REP           9000            .25        145            80
        158 Allan                McEwen                    AMCEWEN                   011.44.1345.829268   01-AUG-96 SA_REP           9000            .35        146            80

SQL> select * from employees where salary between 8000 and 10000;

EMPLOYEE_ID FIRST_NAME           LAST_NAME                 EMAIL                     PHONE_NUMBER         HIRE_DATE JOB_ID         SALARY COMMISSION_PCT MANAGER_ID DEPARTMENT_ID
----------- -------------------- ------------------------- ------------------------- -------------------- --------- ---------- ---------- -------------- ---------- -------------
        103 Alexander            Hunold                    AHUNOLD                   590.423.4567         03-JAN-90 IT_PROG          9000 NULL                  102            60
        109 Daniel               Faviet                    DFAVIET                   515.124.4169         16-AUG-94 FI_ACCOUNT       9000 NULL                  108           100
        110 John                 Chen                      JCHEN                     515.124.4269         28-SEP-97 FI_ACCOUNT       8200 NULL                  108           100
        120 Matthew              Weiss                     MWEISS                    650.123.1234         18-JUL-96 ST_MAN           8000 NULL                  100            50
        121 Adam                 Fripp                     AFRIPP                    650.123.2234         10-APR-97 ST_MAN           8200 NULL                  100            50
        150 Peter                Tucker                    PTUCKER                   011.44.1344.129268   30-JAN-97 SA_REP          10000             .3        145            80
        151 David                Bernstein                 DBERNSTE                  011.44.1344.345268   24-MAR-97 SA_REP           9500            .25        145            80
        152 Peter                Hall                      PHALL                     011.44.1344.478968   20-AUG-97 SA_REP           9000            .25        145            80
        153 Christopher          Olsen                     COLSEN                    011.44.1344.498718   30-MAR-98 SA_REP           8000             .2        145            80
        156 Janette              King                      JKING                     011.44.1345.429268   30-JAN-96 SA_REP          10000            .35        146            80
        157 Patrick              Sully                     PSULLY                    011.44.1345.929268   04-MAR-96 SA_REP           9500            .35        146            80
        158 Allan                McEwen                    AMCEWEN                   011.44.1345.829268   01-AUG-96 SA_REP           9000            .35        146            80
        159 Lindsey              Smith                     LSMITH                    011.44.1345.729268   10-MAR-97 SA_REP           8000             .3        146            80
        163 Danielle             Greene                    DGREENE                   011.44.1346.229268   19-MAR-99 SA_REP           9500            .15        147            80
        169 Harrison             Bloom                     HBLOOM                    011.44.1343.829268   23-MAR-98 SA_REP          10000             .2        148            80
        170 Tayler               Fox                       TFOX                      011.44.1343.729268   24-JAN-98 SA_REP           9600             .2        148            80
        175 Alyssa               Hutton                    AHUTTON                   011.44.1644.429266   19-MAR-97 SA_REP           8800            .25        149            80
        176 Jonathon             Taylor                    JTAYLOR                   011.44.1644.429265   24-MAR-98 SA_REP           8600             .2        149            80
        177 Jack                 Livingston                JLIVINGS                  011.44.1644.429264   23-APR-98 SA_REP           8400             .2        149            80
        204 Hermann              Baer                      HBAER                     515.123.8888         07-JUN-94 PR_REP          10000 NULL                  101            70
        206 William              Gietz                     WGIETZ                    515.123.8181         07-JUN-94 AC_ACCOUNT       8300 NULL                  205           110

21 rows selected. 


SQL> select * from employees where salary between 8000 and 10000 and department_id =>80;
Error starting at line : 1 in command -
select * from employees where salary between 8000 and 10000 and department_id =>80
Error at Command Line : 1 Column : 79
Error report -
SQL Error: ORA-00920: invalid relational operator
00920. 00000 -  "invalid relational operator"
*Cause:    


SQL> select * from employees where salary between 8000 and 10000 and department_id =80;
EMPLOYEE_ID FIRST_NAME           LAST_NAME                 EMAIL                     PHONE_NUMBER         HIRE_DATE JOB_ID         SALARY COMMISSION_PCT MANAGER_ID DEPARTMENT_ID
----------- -------------------- ------------------------- ------------------------- -------------------- --------- ---------- ---------- -------------- ---------- -------------
        150 Peter                Tucker                    PTUCKER                   011.44.1344.129268   30-JAN-97 SA_REP          10000             .3        145            80
        151 David                Bernstein                 DBERNSTE                  011.44.1344.345268   24-MAR-97 SA_REP           9500            .25        145            80
        152 Peter                Hall                      PHALL                     011.44.1344.478968   20-AUG-97 SA_REP           9000            .25        145            80
        153 Christopher          Olsen                     COLSEN                    011.44.1344.498718   30-MAR-98 SA_REP           8000             .2        145            80
        156 Janette              King                      JKING                     011.44.1345.429268   30-JAN-96 SA_REP          10000            .35        146            80
        157 Patrick              Sully                     PSULLY                    011.44.1345.929268   04-MAR-96 SA_REP           9500            .35        146            80
        158 Allan                McEwen                    AMCEWEN                   011.44.1345.829268   01-AUG-96 SA_REP           9000            .35        146            80
        159 Lindsey              Smith                     LSMITH                    011.44.1345.729268   10-MAR-97 SA_REP           8000             .3        146            80
        163 Danielle             Greene                    DGREENE                   011.44.1346.229268   19-MAR-99 SA_REP           9500            .15        147            80
        169 Harrison             Bloom                     HBLOOM                    011.44.1343.829268   23-MAR-98 SA_REP          10000             .2        148            80
        170 Tayler               Fox                       TFOX                      011.44.1343.729268   24-JAN-98 SA_REP           9600             .2        148            80
        175 Alyssa               Hutton                    AHUTTON                   011.44.1644.429266   19-MAR-97 SA_REP           8800            .25        149            80
        176 Jonathon             Taylor                    JTAYLOR                   011.44.1644.429265   24-MAR-98 SA_REP           8600             .2        149            80
        177 Jack                 Livingston                JLIVINGS                  011.44.1644.429264   23-APR-98 SA_REP           8400             .2        149            80

14 rows selected. 



SQL> select * from employees where salary between 8000 and 10000 and department_id >80;
EMPLOYEE_ID FIRST_NAME           LAST_NAME                 EMAIL                     PHONE_NUMBER         HIRE_DATE JOB_ID         SALARY COMMISSION_PCT MANAGER_ID DEPARTMENT_ID
----------- -------------------- ------------------------- ------------------------- -------------------- --------- ---------- ---------- -------------- ---------- -------------
        109 Daniel               Faviet                    DFAVIET                   515.124.4169         16-AUG-94 FI_ACCOUNT       9000 NULL                  108           100
        110 John                 Chen                      JCHEN                     515.124.4269         28-SEP-97 FI_ACCOUNT       8200 NULL                  108           100
        206 William              Gietz                     WGIETZ                    515.123.8181         07-JUN-94 AC_ACCOUNT       8300 NULL                  205           110

SQL> select * asda;

Error starting at line : 1 in command -
select * asda
Error at Command Line : 1 Column : 10
Error report -
SQL Error: ORA-00923: FROM keyword not found where expected
00923. 00000 -  "FROM keyword not found where expected"
*Cause:    


SQL> select * from asda;
PRODUCT              PRICE_PURCHESED PRICE_SOLD QTY_PURCHESED   QTY_SOLD
-------------------- --------------- ---------- ------------- ----------
7up                             1.75          2            15         10
coke                             2.5        3.5            20         15
fanta                            2.2        3.1            10          5
pepsi                            1.2          2            20         15


SQL> select * from asda (price_sold - price_purchesed);
Error starting at line : 1 in command -
select * from asda (price_sold - price_purchesed)
Error at Command Line : 1 Column : 20
Error report -
SQL Error: ORA-00933: SQL command not properly ended
00933. 00000 -  "SQL command not properly ended"
*Cause:    


SQL> select * from asda (price_sold - price_purchesed);
Error starting at line : 1 in command -
select * from asda (price_sold - price_purchesed)
Error at Command Line : 1 Column : 20
Error report -
SQL Error: ORA-00933: SQL command not properly ended
00933. 00000 -  "SQL command not properly ended"
*Cause:    


SQL> select * from asda (price_sold - price_purchesed as profit);
Error starting at line : 1 in command -
select * from asda (price_sold - price_purchesed as profit)
Error at Command Line : 1 Column : 20
Error report -
SQL Error: ORA-00933: SQL command not properly ended
00933. 00000 -  "SQL command not properly ended"
*Cause:    
*Action:
SQL> select * price_sold - price_purchesed as profit;

Error starting at line : 1 in command -
select * price_sold - price_purchesed as profit
Error at Command Line : 1 Column : 10
Error report -
SQL Error: ORA-00923: FROM keyword not found where expected
00923. 00000 -  "FROM keyword not found where expected"
*Cause:    



SQL> select * from asda (price_sold - price_purchesed as profit) from asda;
Error starting at line : 1 in command -
select * from asda (price_sold - price_purchesed as profit) from asda
Error at Command Line : 1 Column : 20
Error report -
SQL Error: ORA-00933: SQL command not properly ended
00933. 00000 -  "SQL command not properly ended"
*Cause:    


SQL> select * price_sold - price_purchesed as profit from asda;
Error starting at line : 1 in command -
select * price_sold - price_purchesed as profit from asda
Error at Command Line : 1 Column : 10
Error report -
SQL Error: ORA-00923: FROM keyword not found where expected
00923. 00000 -  "FROM keyword not found where expected"
*Cause:    


SQL> select * from employees;
EMPLOYEE_ID FIRST_NAME           LAST_NAME                 EMAIL                     PHONE_NUMBER         HIRE_DATE JOB_ID         SALARY COMMISSION_PCT MANAGER_ID DEPARTMENT_ID
----------- -------------------- ------------------------- ------------------------- -------------------- --------- ---------- ---------- -------------- ---------- -------------
        100 Steven               King                      SKING                     515.123.4567         17-JUN-87 AD_PRES         24000 NULL           NULL                  90
        101 Neena                Kochhar                   NKOCHHAR                  515.123.4568         21-SEP-89 AD_VP           17000 NULL                  100            90
        102 Lex                  De Haan                   LDEHAAN                   515.123.4569         13-JAN-93 AD_VP           17000 NULL                  100            90
        103 Alexander            Hunold                    AHUNOLD                   590.423.4567         03-JAN-90 IT_PROG          9000 NULL                  102            60
        104 Bruce                Ernst                     BERNST                    590.423.4568         21-MAY-91 IT_PROG          6000 NULL                  103            60
        105 David                Austin                    DAUSTIN                   590.423.4569         25-JUN-97 IT_PROG          4800 NULL                  103            60
        106 Valli                Pataballa                 VPATABAL                  590.423.4560         05-FEB-98 IT_PROG          4800 NULL                  103            60
        107 Diana                Lorentz                   DLORENTZ                  590.423.5567         07-FEB-99 IT_PROG          4200 NULL                  103            60
        108 Nancy                Greenberg                 NGREENBE                  515.124.4569         17-AUG-94 FI_MGR          12000 NULL                  101           100
        109 Daniel               Faviet                    DFAVIET                   515.124.4169         16-AUG-94 FI_ACCOUNT       9000 NULL                  108           100
        110 John                 Chen                      JCHEN                     515.124.4269         28-SEP-97 FI_ACCOUNT       8200 NULL                  108           100
        111 Ismael               Sciarra                   ISCIARRA                  515.124.4369         30-SEP-97 FI_ACCOUNT       7700 NULL                  108           100
        112 Jose Manuel          Urman                     JMURMAN                   515.124.4469         07-MAR-98 FI_ACCOUNT       7800 NULL                  108           100
        113 Luis                 Popp                      LPOPP                     515.124.4567         07-DEC-99 FI_ACCOUNT       6900 NULL                  108           100
        114 Den                  Raphaely                  DRAPHEAL                  515.127.4561         07-DEC-94 PU_MAN          11000 NULL                  100            30
        115 Alexander            Khoo                      AKHOO                     515.127.4562         18-MAY-95 PU_CLERK         3100 NULL                  114            30
        116 Shelli               Baida                     SBAIDA                    515.127.4563         24-DEC-97 PU_CLERK         2900 NULL                  114            30
        117 Sigal                Tobias                    STOBIAS                   515.127.4564         24-JUL-97 PU_CLERK         2800 NULL                  114            30
        118 Guy                  Himuro                    GHIMURO                   515.127.4565         15-NOV-98 PU_CLERK         2600 NULL                  114            30
        119 Karen                Colmenares                KCOLMENA                  515.127.4566         10-AUG-99 PU_CLERK         2500 NULL                  114            30
        120 Matthew              Weiss                     MWEISS                    650.123.1234         18-JUL-96 ST_MAN           8000 NULL                  100            50

EMPLOYEE_ID FIRST_NAME           LAST_NAME                 EMAIL                     PHONE_NUMBER         HIRE_DATE JOB_ID         SALARY COMMISSION_PCT MANAGER_ID DEPARTMENT_ID
----------- -------------------- ------------------------- ------------------------- -------------------- --------- ---------- ---------- -------------- ---------- -------------
        121 Adam                 Fripp                     AFRIPP                    650.123.2234         10-APR-97 ST_MAN           8200 NULL                  100            50
        122 Payam                Kaufling                  PKAUFLIN                  650.123.3234         01-MAY-95 ST_MAN           7900 NULL                  100            50
        123 Shanta               Vollman                   SVOLLMAN                  650.123.4234         10-OCT-97 ST_MAN           6500 NULL                  100            50
        124 Kevin                Mourgos                   KMOURGOS                  650.123.5234         16-NOV-99 ST_MAN           5800 NULL                  100            50
        125 Julia                Nayer                     JNAYER                    650.124.1214         16-JUL-97 ST_CLERK         3200 NULL                  120            50
        126 Irene                Mikkilineni               IMIKKILI                  650.124.1224         28-SEP-98 ST_CLERK         2700 NULL                  120            50
        127 James                Landry                    JLANDRY                   650.124.1334         14-JAN-99 ST_CLERK         2400 NULL                  120            50
        128 Steven               Markle                    SMARKLE                   650.124.1434         08-MAR-00 ST_CLERK         2200 NULL                  120            50
        129 Laura                Bissot                    LBISSOT                   650.124.5234         20-AUG-97 ST_CLERK         3300 NULL                  121            50
        130 Mozhe                Atkinson                  MATKINSO                  650.124.6234         30-OCT-97 ST_CLERK         2800 NULL                  121            50
        131 James                Marlow                    JAMRLOW                   650.124.7234         16-FEB-97 ST_CLERK         2500 NULL                  121            50
        132 TJ                   Olson                     TJOLSON                   650.124.8234         10-APR-99 ST_CLERK         2100 NULL                  121            50
        133 Jason                Mallin                    JMALLIN                   650.127.1934         14-JUN-96 ST_CLERK         3300 NULL                  122            50
        134 Michael              Rogers                    MROGERS                   650.127.1834         26-AUG-98 ST_CLERK         2900 NULL                  122            50
        135 Ki                   Gee                       KGEE                      650.127.1734         12-DEC-99 ST_CLERK         2400 NULL                  122            50
        136 Hazel                Philtanker                HPHILTAN                  650.127.1634         06-FEB-00 ST_CLERK         2200 NULL                  122            50
        137 Renske               Ladwig                    RLADWIG                   650.121.1234         14-JUL-95 ST_CLERK         3600 NULL                  123            50
        138 Stephen              Stiles                    SSTILES                   650.121.2034         26-OCT-97 ST_CLERK         3200 NULL                  123            50
        139 John                 Seo                       JSEO                      650.121.2019         12-FEB-98 ST_CLERK         2700 NULL                  123            50
        140 Joshua               Patel                     JPATEL                    650.121.1834         06-APR-98 ST_CLERK         2500 NULL                  123            50
        141 Trenna               Rajs                      TRAJS                     650.121.8009         17-OCT-95 ST_CLERK         3500 NULL                  124            50

EMPLOYEE_ID FIRST_NAME           LAST_NAME                 EMAIL                     PHONE_NUMBER         HIRE_DATE JOB_ID         SALARY COMMISSION_PCT MANAGER_ID DEPARTMENT_ID
----------- -------------------- ------------------------- ------------------------- -------------------- --------- ---------- ---------- -------------- ---------- -------------
        142 Curtis               Davies                    CDAVIES                   650.121.2994         29-JAN-97 ST_CLERK         3100 NULL                  124            50
        143 Randall              Matos                     RMATOS                    650.121.2874         15-MAR-98 ST_CLERK         2600 NULL                  124            50
        144 Peter                Vargas                    PVARGAS                   650.121.2004         09-JUL-98 ST_CLERK         2500 NULL                  124            50
        145 John                 Russell                   JRUSSEL                   011.44.1344.429268   01-OCT-96 SA_MAN          14000             .4        100            80
        146 Karen                Partners                  KPARTNER                  011.44.1344.467268   05-JAN-97 SA_MAN          13500             .3        100            80
        147 Alberto              Errazuriz                 AERRAZUR                  011.44.1344.429278   10-MAR-97 SA_MAN          12000             .3        100            80
        148 Gerald               Cambrault                 GCAMBRAU                  011.44.1344.619268   15-OCT-99 SA_MAN          11000             .3        100            80
        149 Eleni                Zlotkey                   EZLOTKEY                  011.44.1344.429018   29-JAN-00 SA_MAN          10500             .2        100            80
        150 Peter                Tucker                    PTUCKER                   011.44.1344.129268   30-JAN-97 SA_REP          10000             .3        145            80
        151 David                Bernstein                 DBERNSTE                  011.44.1344.345268   24-MAR-97 SA_REP           9500            .25        145            80
        152 Peter                Hall                      PHALL                     011.44.1344.478968   20-AUG-97 SA_REP           9000            .25        145            80
        153 Christopher          Olsen                     COLSEN                    011.44.1344.498718   30-MAR-98 SA_REP           8000             .2        145            80
        154 Nanette              Cambrault                 NCAMBRAU                  011.44.1344.987668   09-DEC-98 SA_REP           7500             .2        145            80
        155 Oliver               Tuvault                   OTUVAULT                  011.44.1344.486508   23-NOV-99 SA_REP           7000            .15        145            80
        156 Janette              King                      JKING                     011.44.1345.429268   30-JAN-96 SA_REP          10000            .35        146            80
        157 Patrick              Sully                     PSULLY                    011.44.1345.929268   04-MAR-96 SA_REP           9500            .35        146            80
        158 Allan                McEwen                    AMCEWEN                   011.44.1345.829268   01-AUG-96 SA_REP           9000            .35        146            80
        159 Lindsey              Smith                     LSMITH                    011.44.1345.729268   10-MAR-97 SA_REP           8000             .3        146            80
        160 Louise               Doran                     LDORAN                    011.44.1345.629268   15-DEC-97 SA_REP           7500             .3        146            80
        161 Sarath               Sewall                    SSEWALL                   011.44.1345.529268   03-NOV-98 SA_REP           7000            .25        146            80
        162 Clara                Vishney                   CVISHNEY                  011.44.1346.129268   11-NOV-97 SA_REP          10500            .25        147            80

EMPLOYEE_ID FIRST_NAME           LAST_NAME                 EMAIL                     PHONE_NUMBER         HIRE_DATE JOB_ID         SALARY COMMISSION_PCT MANAGER_ID DEPARTMENT_ID
----------- -------------------- ------------------------- ------------------------- -------------------- --------- ---------- ---------- -------------- ---------- -------------
        163 Danielle             Greene                    DGREENE                   011.44.1346.229268   19-MAR-99 SA_REP           9500            .15        147            80
        164 Mattea               Marvins                   MMARVINS                  011.44.1346.329268   24-JAN-00 SA_REP           7200             .1        147            80
        165 David                Lee                       DLEE                      011.44.1346.529268   23-FEB-00 SA_REP           6800             .1        147            80
        166 Sundar               Ande                      SANDE                     011.44.1346.629268   24-MAR-00 SA_REP           6400             .1        147            80
        167 Amit                 Banda                     ABANDA                    011.44.1346.729268   21-APR-00 SA_REP           6200             .1        147            80
        168 Lisa                 Ozer                      LOZER                     011.44.1343.929268   11-MAR-97 SA_REP          11500            .25        148            80
        169 Harrison             Bloom                     HBLOOM                    011.44.1343.829268   23-MAR-98 SA_REP          10000             .2        148            80
        170 Tayler               Fox                       TFOX                      011.44.1343.729268   24-JAN-98 SA_REP           9600             .2        148            80
        171 William              Smith                     WSMITH                    011.44.1343.629268   23-FEB-99 SA_REP           7400            .15        148            80
        172 Elizabeth            Bates                     EBATES                    011.44.1343.529268   24-MAR-99 SA_REP           7300            .15        148            80
        173 Sundita              Kumar                     SKUMAR                    011.44.1343.329268   21-APR-00 SA_REP           6100             .1        148            80
        174 Ellen                Abel                      EABEL                     011.44.1644.429267   11-MAY-96 SA_REP          11000             .3        149            80
        175 Alyssa               Hutton                    AHUTTON                   011.44.1644.429266   19-MAR-97 SA_REP           8800            .25        149            80
        176 Jonathon             Taylor                    JTAYLOR                   011.44.1644.429265   24-MAR-98 SA_REP           8600             .2        149            80
        177 Jack                 Livingston                JLIVINGS                  011.44.1644.429264   23-APR-98 SA_REP           8400             .2        149            80
        178 Kimberely            Grant                     KGRANT                    011.44.1644.429263   24-MAY-99 SA_REP           7000            .15        149 NULL         
        179 Charles              Johnson                   CJOHNSON                  011.44.1644.429262   04-JAN-00 SA_REP           6200             .1        149            80
        180 Winston              Taylor                    WTAYLOR                   650.507.9876         24-JAN-98 SH_CLERK         3200 NULL                  120            50
        181 Jean                 Fleaur                    JFLEAUR                   650.507.9877         23-FEB-98 SH_CLERK         3100 NULL                  120            50
        182 Martha               Sullivan                  MSULLIVA                  650.507.9878         21-JUN-99 SH_CLERK         2500 NULL                  120            50
        183 Girard               Geoni                     GGEONI                    650.507.9879         03-FEB-00 SH_CLERK         2800 NULL                  120            50

EMPLOYEE_ID FIRST_NAME           LAST_NAME                 EMAIL                     PHONE_NUMBER         HIRE_DATE JOB_ID         SALARY COMMISSION_PCT MANAGER_ID DEPARTMENT_ID
----------- -------------------- ------------------------- ------------------------- -------------------- --------- ---------- ---------- -------------- ---------- -------------
        184 Nandita              Sarchand                  NSARCHAN                  650.509.1876         27-JAN-96 SH_CLERK         4200 NULL                  121            50
        185 Alexis               Bull                      ABULL                     650.509.2876         20-FEB-97 SH_CLERK         4100 NULL                  121            50
        186 Julia                Dellinger                 JDELLING                  650.509.3876         24-JUN-98 SH_CLERK         3400 NULL                  121            50
        187 Anthony              Cabrio                    ACABRIO                   650.509.4876         07-FEB-99 SH_CLERK         3000 NULL                  121            50
        188 Kelly                Chung                     KCHUNG                    650.505.1876         14-JUN-97 SH_CLERK         3800 NULL                  122            50
        189 Jennifer             Dilly                     JDILLY                    650.505.2876         13-AUG-97 SH_CLERK         3600 NULL                  122            50
        190 Timothy              Gates                     TGATES                    650.505.3876         11-JUL-98 SH_CLERK         2900 NULL                  122            50
        191 Randall              Perkins                   RPERKINS                  650.505.4876         19-DEC-99 SH_CLERK         2500 NULL                  122            50
        192 Sarah                Bell                      SBELL                     650.501.1876         04-FEB-96 SH_CLERK         4000 NULL                  123            50
        193 Britney              Everett                   BEVERETT                  650.501.2876         03-MAR-97 SH_CLERK         3900 NULL                  123            50
        194 Samuel               McCain                    SMCCAIN                   650.501.3876         01-JUL-98 SH_CLERK         3200 NULL                  123            50
        195 Vance                Jones                     VJONES                    650.501.4876         17-MAR-99 SH_CLERK         2800 NULL                  123            50
        196 Alana                Walsh                     AWALSH                    650.507.9811         24-APR-98 SH_CLERK         3100 NULL                  124            50
        197 Kevin                Feeney                    KFEENEY                   650.507.9822         23-MAY-98 SH_CLERK         3000 NULL                  124            50
        198 Donald               OConnell                  DOCONNEL                  650.507.9833         21-JUN-99 SH_CLERK         2600 NULL                  124            50
        199 Douglas              Grant                     DGRANT                    650.507.9844         13-JAN-00 SH_CLERK         2600 NULL                  124            50
        200 Jennifer             Whalen                    JWHALEN                   515.123.4444         17-SEP-87 AD_ASST          4400 NULL                  101            10
        201 Michael              Hartstein                 MHARTSTE                  515.123.5555         17-FEB-96 MK_MAN          13000 NULL                  100            20
        202 Pat                  Fay                       PFAY                      603.123.6666         17-AUG-97 MK_REP           6000 NULL                  201            20
        203 Susan                Mavris                    SMAVRIS                   515.123.7777         07-JUN-94 HR_REP           6500 NULL                  101            40
        204 Hermann              Baer                      HBAER                     515.123.8888         07-JUN-94 PR_REP          10000 NULL                  101            70

EMPLOYEE_ID FIRST_NAME           LAST_NAME                 EMAIL                     PHONE_NUMBER         HIRE_DATE JOB_ID         SALARY COMMISSION_PCT MANAGER_ID DEPARTMENT_ID
----------- -------------------- ------------------------- ------------------------- -------------------- --------- ---------- ---------- -------------- ---------- -------------
        205 Shelley              Higgins                   SHIGGINS                  515.123.8080         07-JUN-94 AC_MGR          12000 NULL                  101           110
        206 William              Gietz                     WGIETZ                    515.123.8181         07-JUN-94 AC_ACCOUNT       8300 NULL                  205           110

107 rows selected. 

SQL> select * from asda;

PRODUCT              PRICE_PURCHESED PRICE_SOLD QTY_PURCHESED   QTY_SOLD
-------------------- --------------- ---------- ------------- ----------
7up                             1.75          2            15         10
coke                             2.5        3.5            20         15
fanta                            2.2        3.1            10          5
pepsi                            1.2          2            20         15

SQL> select price_sold-price_purchesed as profit;

Error starting at line : 1 in command -
select price_sold-price_purchesed as profit
Error at Command Line : 1 Column : 43
Error report -
SQL Error: ORA-00923: FROM keyword not found where expected
00923. 00000 -  "FROM keyword not found where expected"
*Cause:    


SQL> select price_sold-price_purchesed as profit from asda;
    PROFIT
----------
       .25
         1
        .9
        .8


SQL> select *, price_sold-price_purchesed as profit from asda;
Error starting at line : 1 in command -
select *, price_sold-price_purchesed as profit from asda
Error at Command Line : 1 Column : 9
Error report -
SQL Error: ORA-00923: FROM keyword not found where expected
00923. 00000 -  "FROM keyword not found where expected"
*Cause:    


SQL> select * price_sold-price_purchesed as profit from asda;
Error starting at line : 1 in command -
select * price_sold-price_purchesed as profit from asda
Error at Command Line : 1 Column : 10
Error report -
SQL Error: ORA-00923: FROM keyword not found where expected
00923. 00000 -  "FROM keyword not found where expected"
*Cause:    


SQL> select price_sold-price_purchesed as profit from asda;

    PROFIT
----------
       .25
         1
        .9
        .8


SQL> select (price_sold*qty)*15/100 as vat from asda; 
Error starting at line : 1 in command -
select (price_sold*qty)*15/100 as vat from asda
Error at Command Line : 1 Column : 20
Error report -
SQL Error: ORA-00904: "QTY": invalid identifier
00904. 00000 -  "%s: invalid identifier"
*Cause:    


SQL> select (price_sold*qty_purchesed)*15/100 as vat from asda;
       VAT
----------
       4.5
      10.5
      4.65
         6


SQL> select (price_sold*qty_purchesed)*15/100 as vat, from asda;






SQL> select (price_sold*qty)*15/100 as vat,price_sold-price_purchesed as profit from asda;
Error starting at line : 1 in command -
select (price_sold*qty)*15/100 as vat,price_sold-price_purchesed as profit from asda
Error at Command Line : 1 Column : 20
Error report -
SQL Error: ORA-00904: "QTY": invalid identifier
00904. 00000 -  "%s: invalid identifier"
*Cause:    


SQL> select (price_sold*qty_purchesed)*15/100 as vat,price_sold-price_purchesed as profit from asda;
       VAT     PROFIT
---------- ----------
       4.5        .25
      10.5          1
      4.65         .9
         6         .8


SQL> select (price_sold*qty_purchesed)*15/100 as vat,price_sold-price_purchesed as profit,profit-vat as netprofit from asda;
Error starting at line : 1 in command -
select (price_sold*qty_purchesed)*15/100 as vat,price_sold-price_purchesed as profit,profit-vat as netprofit from asda
Error at Command Line : 1 Column : 93
Error report -
SQL Error: ORA-00904: "VAT": invalid identifier
00904. 00000 -  "%s: invalid identifier"
*Cause:    


SQL> select (price_sold*qty_purchesed)*15/100 as vat,price_sold-price_purchesed as profit,((price_sold*qty_purchesed)*15/100)-(price_sold-price_purchesed as profit) as net_profit from asda;
Error starting at line : 1 in command -
select (price_sold*qty_purchesed)*15/100 as vat,price_sold-price_purchesed as profit,((price_sold*qty_purchesed)*15/100)-(price_sold-price_purchesed as profit) as net_profit from asda
Error at Command Line : 1 Column : 150
Error report -
SQL Error: ORA-00907: missing right parenthesis
00907. 00000 -  "missing right parenthesis"
*Cause:    


SQL> select (price_sold*qty_purchesed)*15/100 as vat,price_sold-price_purchesed as profit,(price_sold*qty_purchesed)*15/100-price_sold-price_purchesed as profit as net_profit from asda;
Error starting at line : 1 in command -
select (price_sold*qty_purchesed)*15/100 as vat,price_sold-price_purchesed as profit,(price_sold*qty_purchesed)*15/100-price_sold-price_purchesed as profit as net_profit from asda
Error at Command Line : 1 Column : 157
Error report -
SQL Error: ORA-00923: FROM keyword not found where expected
00923. 00000 -  "FROM keyword not found where expected"
*Cause:    


SQL> select (price_sold*qty_purchesed)*15/100 as vat from asda;

       VAT
----------
       4.5
      10.5
      4.65
         6


SQL> select price_sold-price_purchesed as profit from asda;

    PROFIT
----------
       .25
         1
        .9
        .8



SQL> select PRODUCT,PRICE_PURCHESED,PRICE_SOLD QTY_PURCHESED,QTY_SOLd, price_sold-price_purchesed as profit from asda;
PRODUCT              PRICE_PURCHESED QTY_PURCHESED   QTY_SOLD     PROFIT
-------------------- --------------- ------------- ---------- ----------
7up                             1.75             2         10        .25
coke                             2.5           3.5         15          1
fanta                            2.2           3.1          5         .9
pepsi                            1.2             2         15         .8


SQL> select PRODUCT,PRICE_PURCHESED,PRICE_SOLD QTY_PURCHESED,QTY_SOLd, price_sold-price_purchesed as profit(price_sold*qty_purchesed)*15/100 as vat from asda;
Error starting at line : 1 in command -
select PRODUCT,PRICE_PURCHESED,PRICE_SOLD QTY_PURCHESED,QTY_SOLd, price_sold-price_purchesed as profit(price_sold*qty_purchesed)*15/100 as vat from asda
Error at Command Line : 1 Column : 103
Error report -
SQL Error: ORA-00923: FROM keyword not found where expected
00923. 00000 -  "FROM keyword not found where expected"
*Cause:    


SQL> select PRODUCT,PRICE_PURCHESED,PRICE_SOLD QTY_PURCHESED,QTY_SOLd, price_sold-price_purchesed as profit,(price_sold*qty_purchesed)*15/100 as vat from asda;
PRODUCT              PRICE_PURCHESED QTY_PURCHESED   QTY_SOLD     PROFIT        VAT
-------------------- --------------- ------------- ---------- ---------- ----------
7up                             1.75             2         10        .25        4.5
coke                             2.5           3.5         15          1       10.5
fanta                            2.2           3.1          5         .9       4.65
pepsi                            1.2             2         15         .8          6


SQL> select (price_sold*qty_purchesed)*15/100 as vat,price_sold-price_purchesed as profit,((price_sold*qty_purchesed)*15/100)-(price_sold-price_purchesed as profit) as net_profit from asda;
Error starting at line : 1 in command -
select (price_sold*qty_purchesed)*15/100 as vat,price_sold-price_purchesed as profit,((price_sold*qty_purchesed)*15/100)-(price_sold-price_purchesed as profit) as net_profit from asda
Error at Command Line : 1 Column : 150
Error report -
SQL Error: ORA-00907: missing right parenthesis
00907. 00000 -  "missing right parenthesis"
*Cause:    


SQL> select product, (price_sold*qty_sold)-(price_purchesed*qty_purchesed) as profit,price_purchesed*qty_purchesed)*15/100 as vat,((price_sold*qty_sold)-(price_purchesed*qty_sold)-(price_purchesed*qty_purchesed))-price_purchesed*qty+purchesed)*15/100 as net_profit from asda;
Error starting at line : 1 in command -
select product, (price_sold*qty_sold)-(price_purchesed*qty_purchesed) as profit,price_purchesed*qty_purchesed)*15/100 as vat,((price_sold*qty_sold)-(price_purchesed*qty_sold)-(price_purchesed*qty_purchesed))-price_purchesed*qty+purchesed)*15/100 as net_profit from asda
Error at Command Line : 1 Column : 110
Error report -
SQL Error: ORA-00923: FROM keyword not found where expected
00923. 00000 -  "FROM keyword not found where expected"
*Cause:    


SQL> select product, (price_sold*qty_sold)-(price_purchesed*qty_purchesed) as profit,(price_purchesed*qty_purchesed)*15/100 as vat,((price_sold*qty_sold)-(price_purchesed*qty_sold)-(price_purchesed*qty_purchesed))-price_purchesed*qty+purchesed)*15/100 as net_profit from asda;
Error starting at line : 1 in command -
select product, (price_sold*qty_sold)-(price_purchesed*qty_purchesed) as profit,(price_purchesed*qty_purchesed)*15/100 as vat,((price_sold*qty_sold)-(price_purchesed*qty_sold)-(price_purchesed*qty_purchesed))-price_purchesed*qty+purchesed)*15/100 as net_profit from asda
Error at Command Line : 1 Column : 239
Error report -
SQL Error: ORA-00923: FROM keyword not found where expected
00923. 00000 -  "FROM keyword not found where expected"
*Cause:    


SQL> select product, (price_sold*qty_sold)-(price_purchesed*qty_purchesed) as profit,(price_purchesed*qty_purchesed)*15/100 as vat,((price_sold*qty_sold)-(price_purchesed*qty_sold)-(price_purchesed*qty_purchesed))-(price_purchesed*qty_purchesed)*15/100 as net_profit from asda;
PRODUCT                  PROFIT        VAT NET_PROFIT
-------------------- ---------- ---------- ----------
7up                       -6.25     3.9375   -27.6875
coke                        2.5        7.5      -42.5
fanta                      -6.5        3.3      -20.8
pepsi                         6        3.6      -15.6


SQL> select product, (price_sold*qty_sold)-(price_purchesed*qty_purchesed) as profit,(price_sold-price_purchesed)*qty_sold*15/100 as vat,((price_sold*qty_sold)-(price_purchesed*qty_sold)-(price_purchesed*qty_purchesed))-(price_purchesed*qty_purchesed)*15/100 as net_profit from asda;
PRODUCT                  PROFIT        VAT NET_PROFIT
-------------------- ---------- ---------- ----------
7up                       -6.25       .375   -27.6875
coke                        2.5       2.25      -42.5
fanta                      -6.5       .675      -20.8
pepsi                         6        1.8      -15.6


SQL> select product, (price_sold*qty_sold)-(price_purchesed*qty_purchesed) as profit,(price_sold-price_purchesed)*qty_sold*15/100 as vat,(price_sold-price_purchesed)*qty_sold-(((price_sold-price_purchesed)*qty_sold)*15/100) as net_profit from asda;
PRODUCT                  PROFIT        VAT NET_PROFIT
-------------------- ---------- ---------- ----------
7up                       -6.25       .375      2.125
coke                        2.5       2.25      12.75
fanta                      -6.5       .675      3.825
pepsi                         6        1.8       10.2


SQL> select product, (price_sold*qty_sold)-(price_sold*qty_sold) as profit,(price_sold-price_purchesed)*qty_sold*15/100 as vat,(price_sold-price_purchesed)*qty_sold-(((price_sold-price_purchesed)*qty_sold)*15/100) as net_profit from asda;
PRODUCT                  PROFIT        VAT NET_PROFIT
-------------------- ---------- ---------- ----------
7up                           0       .375      2.125
coke                          0       2.25      12.75
fanta                         0       .675      3.825
pepsi                         0        1.8       10.2

SQL> select * from employee order by last_name;

Error starting at line : 1 in command -
select * from employee order by last_name
Error at Command Line : 1 Column : 15
Error report -
SQL Error: ORA-00942: table or view does not exist
00942. 00000 -  "table or view does not exist"
*Cause:    


SQL> select * from employee order by 'last_name';
Error starting at line : 1 in command -
select * from employee order by 'last_name'
Error at Command Line : 1 Column : 15
Error report -
SQL Error: ORA-00942: table or view does not exist
00942. 00000 -  "table or view does not exist"
*Cause:    


SQL> select * from employee order by email;
Error starting at line : 1 in command -
select * from employee order by email
Error at Command Line : 1 Column : 15
Error report -
SQL Error: ORA-00942: table or view does not exist
00942. 00000 -  "table or view does not exist"
*Cause:    



SQL> select * from employee;
Error starting at line : 1 in command -
select * from employee
Error at Command Line : 1 Column : 15
Error report -
SQL Error: ORA-00942: table or view does not exist
00942. 00000 -  "table or view does not exist"
*Cause:    


SQL> select * from employees;
EMPLOYEE_ID FIRST_NAME           LAST_NAME                 EMAIL                     PHONE_NUMBER         HIRE_DATE JOB_ID         SALARY COMMISSION_PCT MANAGER_ID DEPARTMENT_ID
----------- -------------------- ------------------------- ------------------------- -------------------- --------- ---------- ---------- -------------- ---------- -------------
        100 Steven               King                      SKING                     515.123.4567         17-JUN-87 AD_PRES         24000 NULL           NULL                  90
        101 Neena                Kochhar                   NKOCHHAR                  515.123.4568         21-SEP-89 AD_VP           17000 NULL                  100            90
        102 Lex                  De Haan                   LDEHAAN                   515.123.4569         13-JAN-93 AD_VP           17000 NULL                  100            90
        103 Alexander            Hunold                    AHUNOLD                   590.423.4567         03-JAN-90 IT_PROG          9000 NULL                  102            60
        104 Bruce                Ernst                     BERNST                    590.423.4568         21-MAY-91 IT_PROG          6000 NULL                  103            60
        105 David                Austin                    DAUSTIN                   590.423.4569         25-JUN-97 IT_PROG          4800 NULL                  103            60
        106 Valli                Pataballa                 VPATABAL                  590.423.4560         05-FEB-98 IT_PROG          4800 NULL                  103            60
        107 Diana                Lorentz                   DLORENTZ                  590.423.5567         07-FEB-99 IT_PROG          4200 NULL                  103            60
        108 Nancy                Greenberg                 NGREENBE                  515.124.4569         17-AUG-94 FI_MGR          12000 NULL                  101           100
        109 Daniel               Faviet                    DFAVIET                   515.124.4169         16-AUG-94 FI_ACCOUNT       9000 NULL                  108           100
        110 John                 Chen                      JCHEN                     515.124.4269         28-SEP-97 FI_ACCOUNT       8200 NULL                  108           100
        111 Ismael               Sciarra                   ISCIARRA                  515.124.4369         30-SEP-97 FI_ACCOUNT       7700 NULL                  108           100
        112 Jose Manuel          Urman                     JMURMAN                   515.124.4469         07-MAR-98 FI_ACCOUNT       7800 NULL                  108           100
        113 Luis                 Popp                      LPOPP                     515.124.4567         07-DEC-99 FI_ACCOUNT       6900 NULL                  108           100
        114 Den                  Raphaely                  DRAPHEAL                  515.127.4561         07-DEC-94 PU_MAN          11000 NULL                  100            30
        115 Alexander            Khoo                      AKHOO                     515.127.4562         18-MAY-95 PU_CLERK         3100 NULL                  114            30
        116 Shelli               Baida                     SBAIDA                    515.127.4563         24-DEC-97 PU_CLERK         2900 NULL                  114            30
        117 Sigal                Tobias                    STOBIAS                   515.127.4564         24-JUL-97 PU_CLERK         2800 NULL                  114            30
        118 Guy                  Himuro                    GHIMURO                   515.127.4565         15-NOV-98 PU_CLERK         2600 NULL                  114            30
        119 Karen                Colmenares                KCOLMENA                  515.127.4566         10-AUG-99 PU_CLERK         2500 NULL                  114            30
        120 Matthew              Weiss                     MWEISS                    650.123.1234         18-JUL-96 ST_MAN           8000 NULL                  100            50

EMPLOYEE_ID FIRST_NAME           LAST_NAME                 EMAIL                     PHONE_NUMBER         HIRE_DATE JOB_ID         SALARY COMMISSION_PCT MANAGER_ID DEPARTMENT_ID
----------- -------------------- ------------------------- ------------------------- -------------------- --------- ---------- ---------- -------------- ---------- -------------
        121 Adam                 Fripp                     AFRIPP                    650.123.2234         10-APR-97 ST_MAN           8200 NULL                  100            50
        122 Payam                Kaufling                  PKAUFLIN                  650.123.3234         01-MAY-95 ST_MAN           7900 NULL                  100            50
        123 Shanta               Vollman                   SVOLLMAN                  650.123.4234         10-OCT-97 ST_MAN           6500 NULL                  100            50
        124 Kevin                Mourgos                   KMOURGOS                  650.123.5234         16-NOV-99 ST_MAN           5800 NULL                  100            50
        125 Julia                Nayer                     JNAYER                    650.124.1214         16-JUL-97 ST_CLERK         3200 NULL                  120            50
        126 Irene                Mikkilineni               IMIKKILI                  650.124.1224         28-SEP-98 ST_CLERK         2700 NULL                  120            50
        127 James                Landry                    JLANDRY                   650.124.1334         14-JAN-99 ST_CLERK         2400 NULL                  120            50
        128 Steven               Markle                    SMARKLE                   650.124.1434         08-MAR-00 ST_CLERK         2200 NULL                  120            50
        129 Laura                Bissot                    LBISSOT                   650.124.5234         20-AUG-97 ST_CLERK         3300 NULL                  121            50
        130 Mozhe                Atkinson                  MATKINSO                  650.124.6234         30-OCT-97 ST_CLERK         2800 NULL                  121            50
        131 James                Marlow                    JAMRLOW                   650.124.7234         16-FEB-97 ST_CLERK         2500 NULL                  121            50
        132 TJ                   Olson                     TJOLSON                   650.124.8234         10-APR-99 ST_CLERK         2100 NULL                  121            50
        133 Jason                Mallin                    JMALLIN                   650.127.1934         14-JUN-96 ST_CLERK         3300 NULL                  122            50
        134 Michael              Rogers                    MROGERS                   650.127.1834         26-AUG-98 ST_CLERK         2900 NULL                  122            50
        135 Ki                   Gee                       KGEE                      650.127.1734         12-DEC-99 ST_CLERK         2400 NULL                  122            50
        136 Hazel                Philtanker                HPHILTAN                  650.127.1634         06-FEB-00 ST_CLERK         2200 NULL                  122            50
        137 Renske               Ladwig                    RLADWIG                   650.121.1234         14-JUL-95 ST_CLERK         3600 NULL                  123            50
        138 Stephen              Stiles                    SSTILES                   650.121.2034         26-OCT-97 ST_CLERK         3200 NULL                  123            50
        139 John                 Seo                       JSEO                      650.121.2019         12-FEB-98 ST_CLERK         2700 NULL                  123            50
        140 Joshua               Patel                     JPATEL                    650.121.1834         06-APR-98 ST_CLERK         2500 NULL                  123            50
        141 Trenna               Rajs                      TRAJS                     650.121.8009         17-OCT-95 ST_CLERK         3500 NULL                  124            50

EMPLOYEE_ID FIRST_NAME           LAST_NAME                 EMAIL                     PHONE_NUMBER         HIRE_DATE JOB_ID         SALARY COMMISSION_PCT MANAGER_ID DEPARTMENT_ID
----------- -------------------- ------------------------- ------------------------- -------------------- --------- ---------- ---------- -------------- ---------- -------------
        142 Curtis               Davies                    CDAVIES                   650.121.2994         29-JAN-97 ST_CLERK         3100 NULL                  124            50
        143 Randall              Matos                     RMATOS                    650.121.2874         15-MAR-98 ST_CLERK         2600 NULL                  124            50
        144 Peter                Vargas                    PVARGAS                   650.121.2004         09-JUL-98 ST_CLERK         2500 NULL                  124            50
        145 John                 Russell                   JRUSSEL                   011.44.1344.429268   01-OCT-96 SA_MAN          14000             .4        100            80
        146 Karen                Partners                  KPARTNER                  011.44.1344.467268   05-JAN-97 SA_MAN          13500             .3        100            80
        147 Alberto              Errazuriz                 AERRAZUR                  011.44.1344.429278   10-MAR-97 SA_MAN          12000             .3        100            80
        148 Gerald               Cambrault                 GCAMBRAU                  011.44.1344.619268   15-OCT-99 SA_MAN          11000             .3        100            80
        149 Eleni                Zlotkey                   EZLOTKEY                  011.44.1344.429018   29-JAN-00 SA_MAN          10500             .2        100            80
        150 Peter                Tucker                    PTUCKER                   011.44.1344.129268   30-JAN-97 SA_REP          10000             .3        145            80
        151 David                Bernstein                 DBERNSTE                  011.44.1344.345268   24-MAR-97 SA_REP           9500            .25        145            80
        152 Peter                Hall                      PHALL                     011.44.1344.478968   20-AUG-97 SA_REP           9000            .25        145            80
        153 Christopher          Olsen                     COLSEN                    011.44.1344.498718   30-MAR-98 SA_REP           8000             .2        145            80
        154 Nanette              Cambrault                 NCAMBRAU                  011.44.1344.987668   09-DEC-98 SA_REP           7500             .2        145            80
        155 Oliver               Tuvault                   OTUVAULT                  011.44.1344.486508   23-NOV-99 SA_REP           7000            .15        145            80
        156 Janette              King                      JKING                     011.44.1345.429268   30-JAN-96 SA_REP          10000            .35        146            80
        157 Patrick              Sully                     PSULLY                    011.44.1345.929268   04-MAR-96 SA_REP           9500            .35        146            80
        158 Allan                McEwen                    AMCEWEN                   011.44.1345.829268   01-AUG-96 SA_REP           9000            .35        146            80
        159 Lindsey              Smith                     LSMITH                    011.44.1345.729268   10-MAR-97 SA_REP           8000             .3        146            80
        160 Louise               Doran                     LDORAN                    011.44.1345.629268   15-DEC-97 SA_REP           7500             .3        146            80
        161 Sarath               Sewall                    SSEWALL                   011.44.1345.529268   03-NOV-98 SA_REP           7000            .25        146            80
        162 Clara                Vishney                   CVISHNEY                  011.44.1346.129268   11-NOV-97 SA_REP          10500            .25        147            80

EMPLOYEE_ID FIRST_NAME           LAST_NAME                 EMAIL                     PHONE_NUMBER         HIRE_DATE JOB_ID         SALARY COMMISSION_PCT MANAGER_ID DEPARTMENT_ID
----------- -------------------- ------------------------- ------------------------- -------------------- --------- ---------- ---------- -------------- ---------- -------------
        163 Danielle             Greene                    DGREENE                   011.44.1346.229268   19-MAR-99 SA_REP           9500            .15        147            80
        164 Mattea               Marvins                   MMARVINS                  011.44.1346.329268   24-JAN-00 SA_REP           7200             .1        147            80
        165 David                Lee                       DLEE                      011.44.1346.529268   23-FEB-00 SA_REP           6800             .1        147            80
        166 Sundar               Ande                      SANDE                     011.44.1346.629268   24-MAR-00 SA_REP           6400             .1        147            80
        167 Amit                 Banda                     ABANDA                    011.44.1346.729268   21-APR-00 SA_REP           6200             .1        147            80
        168 Lisa                 Ozer                      LOZER                     011.44.1343.929268   11-MAR-97 SA_REP          11500            .25        148            80
        169 Harrison             Bloom                     HBLOOM                    011.44.1343.829268   23-MAR-98 SA_REP          10000             .2        148            80
        170 Tayler               Fox                       TFOX                      011.44.1343.729268   24-JAN-98 SA_REP           9600             .2        148            80
        171 William              Smith                     WSMITH                    011.44.1343.629268   23-FEB-99 SA_REP           7400            .15        148            80
        172 Elizabeth            Bates                     EBATES                    011.44.1343.529268   24-MAR-99 SA_REP           7300            .15        148            80
        173 Sundita              Kumar                     SKUMAR                    011.44.1343.329268   21-APR-00 SA_REP           6100             .1        148            80
        174 Ellen                Abel                      EABEL                     011.44.1644.429267   11-MAY-96 SA_REP          11000             .3        149            80
        175 Alyssa               Hutton                    AHUTTON                   011.44.1644.429266   19-MAR-97 SA_REP           8800            .25        149            80
        176 Jonathon             Taylor                    JTAYLOR                   011.44.1644.429265   24-MAR-98 SA_REP           8600             .2        149            80
        177 Jack                 Livingston                JLIVINGS                  011.44.1644.429264   23-APR-98 SA_REP           8400             .2        149            80
        178 Kimberely            Grant                     KGRANT                    011.44.1644.429263   24-MAY-99 SA_REP           7000            .15        149 NULL         
        179 Charles              Johnson                   CJOHNSON                  011.44.1644.429262   04-JAN-00 SA_REP           6200             .1        149            80
        180 Winston              Taylor                    WTAYLOR                   650.507.9876         24-JAN-98 SH_CLERK         3200 NULL                  120            50
        181 Jean                 Fleaur                    JFLEAUR                   650.507.9877         23-FEB-98 SH_CLERK         3100 NULL                  120            50
        182 Martha               Sullivan                  MSULLIVA                  650.507.9878         21-JUN-99 SH_CLERK         2500 NULL                  120            50
        183 Girard               Geoni                     GGEONI                    650.507.9879         03-FEB-00 SH_CLERK         2800 NULL                  120            50

EMPLOYEE_ID FIRST_NAME           LAST_NAME                 EMAIL                     PHONE_NUMBER         HIRE_DATE JOB_ID         SALARY COMMISSION_PCT MANAGER_ID DEPARTMENT_ID
----------- -------------------- ------------------------- ------------------------- -------------------- --------- ---------- ---------- -------------- ---------- -------------
        184 Nandita              Sarchand                  NSARCHAN                  650.509.1876         27-JAN-96 SH_CLERK         4200 NULL                  121            50
        185 Alexis               Bull                      ABULL                     650.509.2876         20-FEB-97 SH_CLERK         4100 NULL                  121            50
        186 Julia                Dellinger                 JDELLING                  650.509.3876         24-JUN-98 SH_CLERK         3400 NULL                  121            50
        187 Anthony              Cabrio                    ACABRIO                   650.509.4876         07-FEB-99 SH_CLERK         3000 NULL                  121            50
        188 Kelly                Chung                     KCHUNG                    650.505.1876         14-JUN-97 SH_CLERK         3800 NULL                  122            50
        189 Jennifer             Dilly                     JDILLY                    650.505.2876         13-AUG-97 SH_CLERK         3600 NULL                  122            50
        190 Timothy              Gates                     TGATES                    650.505.3876         11-JUL-98 SH_CLERK         2900 NULL                  122            50
        191 Randall              Perkins                   RPERKINS                  650.505.4876         19-DEC-99 SH_CLERK         2500 NULL                  122            50
        192 Sarah                Bell                      SBELL                     650.501.1876         04-FEB-96 SH_CLERK         4000 NULL                  123            50
        193 Britney              Everett                   BEVERETT                  650.501.2876         03-MAR-97 SH_CLERK         3900 NULL                  123            50
        194 Samuel               McCain                    SMCCAIN                   650.501.3876         01-JUL-98 SH_CLERK         3200 NULL                  123            50
        195 Vance                Jones                     VJONES                    650.501.4876         17-MAR-99 SH_CLERK         2800 NULL                  123            50
        196 Alana                Walsh                     AWALSH                    650.507.9811         24-APR-98 SH_CLERK         3100 NULL                  124            50
        197 Kevin                Feeney                    KFEENEY                   650.507.9822         23-MAY-98 SH_CLERK         3000 NULL                  124            50
        198 Donald               OConnell                  DOCONNEL                  650.507.9833         21-JUN-99 SH_CLERK         2600 NULL                  124            50
        199 Douglas              Grant                     DGRANT                    650.507.9844         13-JAN-00 SH_CLERK         2600 NULL                  124            50
        200 Jennifer             Whalen                    JWHALEN                   515.123.4444         17-SEP-87 AD_ASST          4400 NULL                  101            10
        201 Michael              Hartstein                 MHARTSTE                  515.123.5555         17-FEB-96 MK_MAN          13000 NULL                  100            20
        202 Pat                  Fay                       PFAY                      603.123.6666         17-AUG-97 MK_REP           6000 NULL                  201            20
        203 Susan                Mavris                    SMAVRIS                   515.123.7777         07-JUN-94 HR_REP           6500 NULL                  101            40
        204 Hermann              Baer                      HBAER                     515.123.8888         07-JUN-94 PR_REP          10000 NULL                  101            70

EMPLOYEE_ID FIRST_NAME           LAST_NAME                 EMAIL                     PHONE_NUMBER         HIRE_DATE JOB_ID         SALARY COMMISSION_PCT MANAGER_ID DEPARTMENT_ID
----------- -------------------- ------------------------- ------------------------- -------------------- --------- ---------- ---------- -------------- ---------- -------------
        205 Shelley              Higgins                   SHIGGINS                  515.123.8080         07-JUN-94 AC_MGR          12000 NULL                  101           110
        206 William              Gietz                     WGIETZ                    515.123.8181         07-JUN-94 AC_ACCOUNT       8300 NULL                  205           110

107 rows selected. 


SQL> select * from employees order by email;
EMPLOYEE_ID FIRST_NAME           LAST_NAME                 EMAIL                     PHONE_NUMBER         HIRE_DATE JOB_ID         SALARY COMMISSION_PCT MANAGER_ID DEPARTMENT_ID
----------- -------------------- ------------------------- ------------------------- -------------------- --------- ---------- ---------- -------------- ---------- -------------
        167 Amit                 Banda                     ABANDA                    011.44.1346.729268   21-APR-00 SA_REP           6200             .1        147            80
        185 Alexis               Bull                      ABULL                     650.509.2876         20-FEB-97 SH_CLERK         4100 NULL                  121            50
        187 Anthony              Cabrio                    ACABRIO                   650.509.4876         07-FEB-99 SH_CLERK         3000 NULL                  121            50
        147 Alberto              Errazuriz                 AERRAZUR                  011.44.1344.429278   10-MAR-97 SA_MAN          12000             .3        100            80
        121 Adam                 Fripp                     AFRIPP                    650.123.2234         10-APR-97 ST_MAN           8200 NULL                  100            50
        103 Alexander            Hunold                    AHUNOLD                   590.423.4567         03-JAN-90 IT_PROG          9000 NULL                  102            60
        175 Alyssa               Hutton                    AHUTTON                   011.44.1644.429266   19-MAR-97 SA_REP           8800            .25        149            80
        115 Alexander            Khoo                      AKHOO                     515.127.4562         18-MAY-95 PU_CLERK         3100 NULL                  114            30
        158 Allan                McEwen                    AMCEWEN                   011.44.1345.829268   01-AUG-96 SA_REP           9000            .35        146            80
        196 Alana                Walsh                     AWALSH                    650.507.9811         24-APR-98 SH_CLERK         3100 NULL                  124            50
        104 Bruce                Ernst                     BERNST                    590.423.4568         21-MAY-91 IT_PROG          6000 NULL                  103            60
        193 Britney              Everett                   BEVERETT                  650.501.2876         03-MAR-97 SH_CLERK         3900 NULL                  123            50
        142 Curtis               Davies                    CDAVIES                   650.121.2994         29-JAN-97 ST_CLERK         3100 NULL                  124            50
        179 Charles              Johnson                   CJOHNSON                  011.44.1644.429262   04-JAN-00 SA_REP           6200             .1        149            80
        153 Christopher          Olsen                     COLSEN                    011.44.1344.498718   30-MAR-98 SA_REP           8000             .2        145            80
        162 Clara                Vishney                   CVISHNEY                  011.44.1346.129268   11-NOV-97 SA_REP          10500            .25        147            80
        105 David                Austin                    DAUSTIN                   590.423.4569         25-JUN-97 IT_PROG          4800 NULL                  103            60
        151 David                Bernstein                 DBERNSTE                  011.44.1344.345268   24-MAR-97 SA_REP           9500            .25        145            80
        109 Daniel               Faviet                    DFAVIET                   515.124.4169         16-AUG-94 FI_ACCOUNT       9000 NULL                  108           100
        199 Douglas              Grant                     DGRANT                    650.507.9844         13-JAN-00 SH_CLERK         2600 NULL                  124            50
        163 Danielle             Greene                    DGREENE                   011.44.1346.229268   19-MAR-99 SA_REP           9500            .15        147            80

EMPLOYEE_ID FIRST_NAME           LAST_NAME                 EMAIL                     PHONE_NUMBER         HIRE_DATE JOB_ID         SALARY COMMISSION_PCT MANAGER_ID DEPARTMENT_ID
----------- -------------------- ------------------------- ------------------------- -------------------- --------- ---------- ---------- -------------- ---------- -------------
        165 David                Lee                       DLEE                      011.44.1346.529268   23-FEB-00 SA_REP           6800             .1        147            80
        107 Diana                Lorentz                   DLORENTZ                  590.423.5567         07-FEB-99 IT_PROG          4200 NULL                  103            60
        198 Donald               OConnell                  DOCONNEL                  650.507.9833         21-JUN-99 SH_CLERK         2600 NULL                  124            50
        114 Den                  Raphaely                  DRAPHEAL                  515.127.4561         07-DEC-94 PU_MAN          11000 NULL                  100            30
        174 Ellen                Abel                      EABEL                     011.44.1644.429267   11-MAY-96 SA_REP          11000             .3        149            80
        172 Elizabeth            Bates                     EBATES                    011.44.1343.529268   24-MAR-99 SA_REP           7300            .15        148            80
        149 Eleni                Zlotkey                   EZLOTKEY                  011.44.1344.429018   29-JAN-00 SA_MAN          10500             .2        100            80
        148 Gerald               Cambrault                 GCAMBRAU                  011.44.1344.619268   15-OCT-99 SA_MAN          11000             .3        100            80
        183 Girard               Geoni                     GGEONI                    650.507.9879         03-FEB-00 SH_CLERK         2800 NULL                  120            50
        118 Guy                  Himuro                    GHIMURO                   515.127.4565         15-NOV-98 PU_CLERK         2600 NULL                  114            30
        204 Hermann              Baer                      HBAER                     515.123.8888         07-JUN-94 PR_REP          10000 NULL                  101            70
        169 Harrison             Bloom                     HBLOOM                    011.44.1343.829268   23-MAR-98 SA_REP          10000             .2        148            80
        136 Hazel                Philtanker                HPHILTAN                  650.127.1634         06-FEB-00 ST_CLERK         2200 NULL                  122            50
        126 Irene                Mikkilineni               IMIKKILI                  650.124.1224         28-SEP-98 ST_CLERK         2700 NULL                  120            50
        111 Ismael               Sciarra                   ISCIARRA                  515.124.4369         30-SEP-97 FI_ACCOUNT       7700 NULL                  108           100
        131 James                Marlow                    JAMRLOW                   650.124.7234         16-FEB-97 ST_CLERK         2500 NULL                  121            50
        110 John                 Chen                      JCHEN                     515.124.4269         28-SEP-97 FI_ACCOUNT       8200 NULL                  108           100
        186 Julia                Dellinger                 JDELLING                  650.509.3876         24-JUN-98 SH_CLERK         3400 NULL                  121            50
        189 Jennifer             Dilly                     JDILLY                    650.505.2876         13-AUG-97 SH_CLERK         3600 NULL                  122            50
        181 Jean                 Fleaur                    JFLEAUR                   650.507.9877         23-FEB-98 SH_CLERK         3100 NULL                  120            50
        156 Janette              King                      JKING                     011.44.1345.429268   30-JAN-96 SA_REP          10000            .35        146            80

EMPLOYEE_ID FIRST_NAME           LAST_NAME                 EMAIL                     PHONE_NUMBER         HIRE_DATE JOB_ID         SALARY COMMISSION_PCT MANAGER_ID DEPARTMENT_ID
----------- -------------------- ------------------------- ------------------------- -------------------- --------- ---------- ---------- -------------- ---------- -------------
        127 James                Landry                    JLANDRY                   650.124.1334         14-JAN-99 ST_CLERK         2400 NULL                  120            50
        177 Jack                 Livingston                JLIVINGS                  011.44.1644.429264   23-APR-98 SA_REP           8400             .2        149            80
        133 Jason                Mallin                    JMALLIN                   650.127.1934         14-JUN-96 ST_CLERK         3300 NULL                  122            50
        112 Jose Manuel          Urman                     JMURMAN                   515.124.4469         07-MAR-98 FI_ACCOUNT       7800 NULL                  108           100
        125 Julia                Nayer                     JNAYER                    650.124.1214         16-JUL-97 ST_CLERK         3200 NULL                  120            50
        140 Joshua               Patel                     JPATEL                    650.121.1834         06-APR-98 ST_CLERK         2500 NULL                  123            50
        145 John                 Russell                   JRUSSEL                   011.44.1344.429268   01-OCT-96 SA_MAN          14000             .4        100            80
        139 John                 Seo                       JSEO                      650.121.2019         12-FEB-98 ST_CLERK         2700 NULL                  123            50
        176 Jonathon             Taylor                    JTAYLOR                   011.44.1644.429265   24-MAR-98 SA_REP           8600             .2        149            80
        200 Jennifer             Whalen                    JWHALEN                   515.123.4444         17-SEP-87 AD_ASST          4400 NULL                  101            10
        188 Kelly                Chung                     KCHUNG                    650.505.1876         14-JUN-97 SH_CLERK         3800 NULL                  122            50
        119 Karen                Colmenares                KCOLMENA                  515.127.4566         10-AUG-99 PU_CLERK         2500 NULL                  114            30
        197 Kevin                Feeney                    KFEENEY                   650.507.9822         23-MAY-98 SH_CLERK         3000 NULL                  124            50
        135 Ki                   Gee                       KGEE                      650.127.1734         12-DEC-99 ST_CLERK         2400 NULL                  122            50
        178 Kimberely            Grant                     KGRANT                    011.44.1644.429263   24-MAY-99 SA_REP           7000            .15        149 NULL         
        124 Kevin                Mourgos                   KMOURGOS                  650.123.5234         16-NOV-99 ST_MAN           5800 NULL                  100            50
        146 Karen                Partners                  KPARTNER                  011.44.1344.467268   05-JAN-97 SA_MAN          13500             .3        100            80
        129 Laura                Bissot                    LBISSOT                   650.124.5234         20-AUG-97 ST_CLERK         3300 NULL                  121            50
        102 Lex                  De Haan                   LDEHAAN                   515.123.4569         13-JAN-93 AD_VP           17000 NULL                  100            90
        160 Louise               Doran                     LDORAN                    011.44.1345.629268   15-DEC-97 SA_REP           7500             .3        146            80
        168 Lisa                 Ozer                      LOZER                     011.44.1343.929268   11-MAR-97 SA_REP          11500            .25        148            80

EMPLOYEE_ID FIRST_NAME           LAST_NAME                 EMAIL                     PHONE_NUMBER         HIRE_DATE JOB_ID         SALARY COMMISSION_PCT MANAGER_ID DEPARTMENT_ID
----------- -------------------- ------------------------- ------------------------- -------------------- --------- ---------- ---------- -------------- ---------- -------------
        113 Luis                 Popp                      LPOPP                     515.124.4567         07-DEC-99 FI_ACCOUNT       6900 NULL                  108           100
        159 Lindsey              Smith                     LSMITH                    011.44.1345.729268   10-MAR-97 SA_REP           8000             .3        146            80
        130 Mozhe                Atkinson                  MATKINSO                  650.124.6234         30-OCT-97 ST_CLERK         2800 NULL                  121            50
        201 Michael              Hartstein                 MHARTSTE                  515.123.5555         17-FEB-96 MK_MAN          13000 NULL                  100            20
        164 Mattea               Marvins                   MMARVINS                  011.44.1346.329268   24-JAN-00 SA_REP           7200             .1        147            80
        134 Michael              Rogers                    MROGERS                   650.127.1834         26-AUG-98 ST_CLERK         2900 NULL                  122            50
        182 Martha               Sullivan                  MSULLIVA                  650.507.9878         21-JUN-99 SH_CLERK         2500 NULL                  120            50
        120 Matthew              Weiss                     MWEISS                    650.123.1234         18-JUL-96 ST_MAN           8000 NULL                  100            50
        154 Nanette              Cambrault                 NCAMBRAU                  011.44.1344.987668   09-DEC-98 SA_REP           7500             .2        145            80
        108 Nancy                Greenberg                 NGREENBE                  515.124.4569         17-AUG-94 FI_MGR          12000 NULL                  101           100
        101 Neena                Kochhar                   NKOCHHAR                  515.123.4568         21-SEP-89 AD_VP           17000 NULL                  100            90
        184 Nandita              Sarchand                  NSARCHAN                  650.509.1876         27-JAN-96 SH_CLERK         4200 NULL                  121            50
        155 Oliver               Tuvault                   OTUVAULT                  011.44.1344.486508   23-NOV-99 SA_REP           7000            .15        145            80
        202 Pat                  Fay                       PFAY                      603.123.6666         17-AUG-97 MK_REP           6000 NULL                  201            20
        152 Peter                Hall                      PHALL                     011.44.1344.478968   20-AUG-97 SA_REP           9000            .25        145            80
        122 Payam                Kaufling                  PKAUFLIN                  650.123.3234         01-MAY-95 ST_MAN           7900 NULL                  100            50
        157 Patrick              Sully                     PSULLY                    011.44.1345.929268   04-MAR-96 SA_REP           9500            .35        146            80
        150 Peter                Tucker                    PTUCKER                   011.44.1344.129268   30-JAN-97 SA_REP          10000             .3        145            80
        144 Peter                Vargas                    PVARGAS                   650.121.2004         09-JUL-98 ST_CLERK         2500 NULL                  124            50
        137 Renske               Ladwig                    RLADWIG                   650.121.1234         14-JUL-95 ST_CLERK         3600 NULL                  123            50
        143 Randall              Matos                     RMATOS                    650.121.2874         15-MAR-98 ST_CLERK         2600 NULL                  124            50

EMPLOYEE_ID FIRST_NAME           LAST_NAME                 EMAIL                     PHONE_NUMBER         HIRE_DATE JOB_ID         SALARY COMMISSION_PCT MANAGER_ID DEPARTMENT_ID
----------- -------------------- ------------------------- ------------------------- -------------------- --------- ---------- ---------- -------------- ---------- -------------
        191 Randall              Perkins                   RPERKINS                  650.505.4876         19-DEC-99 SH_CLERK         2500 NULL                  122            50
        166 Sundar               Ande                      SANDE                     011.44.1346.629268   24-MAR-00 SA_REP           6400             .1        147            80
        116 Shelli               Baida                     SBAIDA                    515.127.4563         24-DEC-97 PU_CLERK         2900 NULL                  114            30
        192 Sarah                Bell                      SBELL                     650.501.1876         04-FEB-96 SH_CLERK         4000 NULL                  123            50
        205 Shelley              Higgins                   SHIGGINS                  515.123.8080         07-JUN-94 AC_MGR          12000 NULL                  101           110
        100 Steven               King                      SKING                     515.123.4567         17-JUN-87 AD_PRES         24000 NULL           NULL                  90
        173 Sundita              Kumar                     SKUMAR                    011.44.1343.329268   21-APR-00 SA_REP           6100             .1        148            80
        128 Steven               Markle                    SMARKLE                   650.124.1434         08-MAR-00 ST_CLERK         2200 NULL                  120            50
        203 Susan                Mavris                    SMAVRIS                   515.123.7777         07-JUN-94 HR_REP           6500 NULL                  101            40
        194 Samuel               McCain                    SMCCAIN                   650.501.3876         01-JUL-98 SH_CLERK         3200 NULL                  123            50
        161 Sarath               Sewall                    SSEWALL                   011.44.1345.529268   03-NOV-98 SA_REP           7000            .25        146            80
        138 Stephen              Stiles                    SSTILES                   650.121.2034         26-OCT-97 ST_CLERK         3200 NULL                  123            50
        117 Sigal                Tobias                    STOBIAS                   515.127.4564         24-JUL-97 PU_CLERK         2800 NULL                  114            30
        123 Shanta               Vollman                   SVOLLMAN                  650.123.4234         10-OCT-97 ST_MAN           6500 NULL                  100            50
        170 Tayler               Fox                       TFOX                      011.44.1343.729268   24-JAN-98 SA_REP           9600             .2        148            80
        190 Timothy              Gates                     TGATES                    650.505.3876         11-JUL-98 SH_CLERK         2900 NULL                  122            50
        132 TJ                   Olson                     TJOLSON                   650.124.8234         10-APR-99 ST_CLERK         2100 NULL                  121            50
        141 Trenna               Rajs                      TRAJS                     650.121.8009         17-OCT-95 ST_CLERK         3500 NULL                  124            50
        195 Vance                Jones                     VJONES                    650.501.4876         17-MAR-99 SH_CLERK         2800 NULL                  123            50
        106 Valli                Pataballa                 VPATABAL                  590.423.4560         05-FEB-98 IT_PROG          4800 NULL                  103            60
        206 William              Gietz                     WGIETZ                    515.123.8181         07-JUN-94 AC_ACCOUNT       8300 NULL                  205           110

EMPLOYEE_ID FIRST_NAME           LAST_NAME                 EMAIL                     PHONE_NUMBER         HIRE_DATE JOB_ID         SALARY COMMISSION_PCT MANAGER_ID DEPARTMENT_ID
----------- -------------------- ------------------------- ------------------------- -------------------- --------- ---------- ---------- -------------- ---------- -------------
        171 William              Smith                     WSMITH                    011.44.1343.629268   23-FEB-99 SA_REP           7400            .15        148            80
        180 Winston              Taylor                    WTAYLOR                   650.507.9876         24-JAN-98 SH_CLERK         3200 NULL                  120            50

107 rows selected. 


SQL> select * from employees order by email desc;
EMPLOYEE_ID FIRST_NAME           LAST_NAME                 EMAIL                     PHONE_NUMBER         HIRE_DATE JOB_ID         SALARY COMMISSION_PCT MANAGER_ID DEPARTMENT_ID
----------- -------------------- ------------------------- ------------------------- -------------------- --------- ---------- ---------- -------------- ---------- -------------
        180 Winston              Taylor                    WTAYLOR                   650.507.9876         24-JAN-98 SH_CLERK         3200 NULL                  120            50
        171 William              Smith                     WSMITH                    011.44.1343.629268   23-FEB-99 SA_REP           7400            .15        148            80
        206 William              Gietz                     WGIETZ                    515.123.8181         07-JUN-94 AC_ACCOUNT       8300 NULL                  205           110
        106 Valli                Pataballa                 VPATABAL                  590.423.4560         05-FEB-98 IT_PROG          4800 NULL                  103            60
        195 Vance                Jones                     VJONES                    650.501.4876         17-MAR-99 SH_CLERK         2800 NULL                  123            50
        141 Trenna               Rajs                      TRAJS                     650.121.8009         17-OCT-95 ST_CLERK         3500 NULL                  124            50
        132 TJ                   Olson                     TJOLSON                   650.124.8234         10-APR-99 ST_CLERK         2100 NULL                  121            50
        190 Timothy              Gates                     TGATES                    650.505.3876         11-JUL-98 SH_CLERK         2900 NULL                  122            50
        170 Tayler               Fox                       TFOX                      011.44.1343.729268   24-JAN-98 SA_REP           9600             .2        148            80
        123 Shanta               Vollman                   SVOLLMAN                  650.123.4234         10-OCT-97 ST_MAN           6500 NULL                  100            50
        117 Sigal                Tobias                    STOBIAS                   515.127.4564         24-JUL-97 PU_CLERK         2800 NULL                  114            30
        138 Stephen              Stiles                    SSTILES                   650.121.2034         26-OCT-97 ST_CLERK         3200 NULL                  123            50
        161 Sarath               Sewall                    SSEWALL                   011.44.1345.529268   03-NOV-98 SA_REP           7000            .25        146            80
        194 Samuel               McCain                    SMCCAIN                   650.501.3876         01-JUL-98 SH_CLERK         3200 NULL                  123            50
        203 Susan                Mavris                    SMAVRIS                   515.123.7777         07-JUN-94 HR_REP           6500 NULL                  101            40
        128 Steven               Markle                    SMARKLE                   650.124.1434         08-MAR-00 ST_CLERK         2200 NULL                  120            50
        173 Sundita              Kumar                     SKUMAR                    011.44.1343.329268   21-APR-00 SA_REP           6100             .1        148            80
        100 Steven               King                      SKING                     515.123.4567         17-JUN-87 AD_PRES         24000 NULL           NULL                  90
        205 Shelley              Higgins                   SHIGGINS                  515.123.8080         07-JUN-94 AC_MGR          12000 NULL                  101           110
        192 Sarah                Bell                      SBELL                     650.501.1876         04-FEB-96 SH_CLERK         4000 NULL                  123            50
        116 Shelli               Baida                     SBAIDA                    515.127.4563         24-DEC-97 PU_CLERK         2900 NULL                  114            30

EMPLOYEE_ID FIRST_NAME           LAST_NAME                 EMAIL                     PHONE_NUMBER         HIRE_DATE JOB_ID         SALARY COMMISSION_PCT MANAGER_ID DEPARTMENT_ID
----------- -------------------- ------------------------- ------------------------- -------------------- --------- ---------- ---------- -------------- ---------- -------------
        166 Sundar               Ande                      SANDE                     011.44.1346.629268   24-MAR-00 SA_REP           6400             .1        147            80
        191 Randall              Perkins                   RPERKINS                  650.505.4876         19-DEC-99 SH_CLERK         2500 NULL                  122            50
        143 Randall              Matos                     RMATOS                    650.121.2874         15-MAR-98 ST_CLERK         2600 NULL                  124            50
        137 Renske               Ladwig                    RLADWIG                   650.121.1234         14-JUL-95 ST_CLERK         3600 NULL                  123            50
        144 Peter                Vargas                    PVARGAS                   650.121.2004         09-JUL-98 ST_CLERK         2500 NULL                  124            50
        150 Peter                Tucker                    PTUCKER                   011.44.1344.129268   30-JAN-97 SA_REP          10000             .3        145            80
        157 Patrick              Sully                     PSULLY                    011.44.1345.929268   04-MAR-96 SA_REP           9500            .35        146            80
        122 Payam                Kaufling                  PKAUFLIN                  650.123.3234         01-MAY-95 ST_MAN           7900 NULL                  100            50
        152 Peter                Hall                      PHALL                     011.44.1344.478968   20-AUG-97 SA_REP           9000            .25        145            80
        202 Pat                  Fay                       PFAY                      603.123.6666         17-AUG-97 MK_REP           6000 NULL                  201            20
        155 Oliver               Tuvault                   OTUVAULT                  011.44.1344.486508   23-NOV-99 SA_REP           7000            .15        145            80
        184 Nandita              Sarchand                  NSARCHAN                  650.509.1876         27-JAN-96 SH_CLERK         4200 NULL                  121            50
        101 Neena                Kochhar                   NKOCHHAR                  515.123.4568         21-SEP-89 AD_VP           17000 NULL                  100            90
        108 Nancy                Greenberg                 NGREENBE                  515.124.4569         17-AUG-94 FI_MGR          12000 NULL                  101           100
        154 Nanette              Cambrault                 NCAMBRAU                  011.44.1344.987668   09-DEC-98 SA_REP           7500             .2        145            80
        120 Matthew              Weiss                     MWEISS                    650.123.1234         18-JUL-96 ST_MAN           8000 NULL                  100            50
        182 Martha               Sullivan                  MSULLIVA                  650.507.9878         21-JUN-99 SH_CLERK         2500 NULL                  120            50
        134 Michael              Rogers                    MROGERS                   650.127.1834         26-AUG-98 ST_CLERK         2900 NULL                  122            50
        164 Mattea               Marvins                   MMARVINS                  011.44.1346.329268   24-JAN-00 SA_REP           7200             .1        147            80
        201 Michael              Hartstein                 MHARTSTE                  515.123.5555         17-FEB-96 MK_MAN          13000 NULL                  100            20
        130 Mozhe                Atkinson                  MATKINSO                  650.124.6234         30-OCT-97 ST_CLERK         2800 NULL                  121            50

EMPLOYEE_ID FIRST_NAME           LAST_NAME                 EMAIL                     PHONE_NUMBER         HIRE_DATE JOB_ID         SALARY COMMISSION_PCT MANAGER_ID DEPARTMENT_ID
----------- -------------------- ------------------------- ------------------------- -------------------- --------- ---------- ---------- -------------- ---------- -------------
        159 Lindsey              Smith                     LSMITH                    011.44.1345.729268   10-MAR-97 SA_REP           8000             .3        146            80
        113 Luis                 Popp                      LPOPP                     515.124.4567         07-DEC-99 FI_ACCOUNT       6900 NULL                  108           100
        168 Lisa                 Ozer                      LOZER                     011.44.1343.929268   11-MAR-97 SA_REP          11500            .25        148            80
        160 Louise               Doran                     LDORAN                    011.44.1345.629268   15-DEC-97 SA_REP           7500             .3        146            80
        102 Lex                  De Haan                   LDEHAAN                   515.123.4569         13-JAN-93 AD_VP           17000 NULL                  100            90
        129 Laura                Bissot                    LBISSOT                   650.124.5234         20-AUG-97 ST_CLERK         3300 NULL                  121            50
        146 Karen                Partners                  KPARTNER                  011.44.1344.467268   05-JAN-97 SA_MAN          13500             .3        100            80
        124 Kevin                Mourgos                   KMOURGOS                  650.123.5234         16-NOV-99 ST_MAN           5800 NULL                  100            50
        178 Kimberely            Grant                     KGRANT                    011.44.1644.429263   24-MAY-99 SA_REP           7000            .15        149 NULL         
        135 Ki                   Gee                       KGEE                      650.127.1734         12-DEC-99 ST_CLERK         2400 NULL                  122            50
        197 Kevin                Feeney                    KFEENEY                   650.507.9822         23-MAY-98 SH_CLERK         3000 NULL                  124            50
        119 Karen                Colmenares                KCOLMENA                  515.127.4566         10-AUG-99 PU_CLERK         2500 NULL                  114            30
        188 Kelly                Chung                     KCHUNG                    650.505.1876         14-JUN-97 SH_CLERK         3800 NULL                  122            50
        200 Jennifer             Whalen                    JWHALEN                   515.123.4444         17-SEP-87 AD_ASST          4400 NULL                  101            10
        176 Jonathon             Taylor                    JTAYLOR                   011.44.1644.429265   24-MAR-98 SA_REP           8600             .2        149            80
        139 John                 Seo                       JSEO                      650.121.2019         12-FEB-98 ST_CLERK         2700 NULL                  123            50
        145 John                 Russell                   JRUSSEL                   011.44.1344.429268   01-OCT-96 SA_MAN          14000             .4        100            80
        140 Joshua               Patel                     JPATEL                    650.121.1834         06-APR-98 ST_CLERK         2500 NULL                  123            50
        125 Julia                Nayer                     JNAYER                    650.124.1214         16-JUL-97 ST_CLERK         3200 NULL                  120            50
        112 Jose Manuel          Urman                     JMURMAN                   515.124.4469         07-MAR-98 FI_ACCOUNT       7800 NULL                  108           100
        133 Jason                Mallin                    JMALLIN                   650.127.1934         14-JUN-96 ST_CLERK         3300 NULL                  122            50

EMPLOYEE_ID FIRST_NAME           LAST_NAME                 EMAIL                     PHONE_NUMBER         HIRE_DATE JOB_ID         SALARY COMMISSION_PCT MANAGER_ID DEPARTMENT_ID
----------- -------------------- ------------------------- ------------------------- -------------------- --------- ---------- ---------- -------------- ---------- -------------
        177 Jack                 Livingston                JLIVINGS                  011.44.1644.429264   23-APR-98 SA_REP           8400             .2        149            80
        127 James                Landry                    JLANDRY                   650.124.1334         14-JAN-99 ST_CLERK         2400 NULL                  120            50
        156 Janette              King                      JKING                     011.44.1345.429268   30-JAN-96 SA_REP          10000            .35        146            80
        181 Jean                 Fleaur                    JFLEAUR                   650.507.9877         23-FEB-98 SH_CLERK         3100 NULL                  120            50
        189 Jennifer             Dilly                     JDILLY                    650.505.2876         13-AUG-97 SH_CLERK         3600 NULL                  122            50
        186 Julia                Dellinger                 JDELLING                  650.509.3876         24-JUN-98 SH_CLERK         3400 NULL                  121            50
        110 John                 Chen                      JCHEN                     515.124.4269         28-SEP-97 FI_ACCOUNT       8200 NULL                  108           100
        131 James                Marlow                    JAMRLOW                   650.124.7234         16-FEB-97 ST_CLERK         2500 NULL                  121            50
        111 Ismael               Sciarra                   ISCIARRA                  515.124.4369         30-SEP-97 FI_ACCOUNT       7700 NULL                  108           100
        126 Irene                Mikkilineni               IMIKKILI                  650.124.1224         28-SEP-98 ST_CLERK         2700 NULL                  120            50
        136 Hazel                Philtanker                HPHILTAN                  650.127.1634         06-FEB-00 ST_CLERK         2200 NULL                  122            50
        169 Harrison             Bloom                     HBLOOM                    011.44.1343.829268   23-MAR-98 SA_REP          10000             .2        148            80
        204 Hermann              Baer                      HBAER                     515.123.8888         07-JUN-94 PR_REP          10000 NULL                  101            70
        118 Guy                  Himuro                    GHIMURO                   515.127.4565         15-NOV-98 PU_CLERK         2600 NULL                  114            30
        183 Girard               Geoni                     GGEONI                    650.507.9879         03-FEB-00 SH_CLERK         2800 NULL                  120            50
        148 Gerald               Cambrault                 GCAMBRAU                  011.44.1344.619268   15-OCT-99 SA_MAN          11000             .3        100            80
        149 Eleni                Zlotkey                   EZLOTKEY                  011.44.1344.429018   29-JAN-00 SA_MAN          10500             .2        100            80
        172 Elizabeth            Bates                     EBATES                    011.44.1343.529268   24-MAR-99 SA_REP           7300            .15        148            80
        174 Ellen                Abel                      EABEL                     011.44.1644.429267   11-MAY-96 SA_REP          11000             .3        149            80
        114 Den                  Raphaely                  DRAPHEAL                  515.127.4561         07-DEC-94 PU_MAN          11000 NULL                  100            30
        198 Donald               OConnell                  DOCONNEL                  650.507.9833         21-JUN-99 SH_CLERK         2600 NULL                  124            50

EMPLOYEE_ID FIRST_NAME           LAST_NAME                 EMAIL                     PHONE_NUMBER         HIRE_DATE JOB_ID         SALARY COMMISSION_PCT MANAGER_ID DEPARTMENT_ID
----------- -------------------- ------------------------- ------------------------- -------------------- --------- ---------- ---------- -------------- ---------- -------------
        107 Diana                Lorentz                   DLORENTZ                  590.423.5567         07-FEB-99 IT_PROG          4200 NULL                  103            60
        165 David                Lee                       DLEE                      011.44.1346.529268   23-FEB-00 SA_REP           6800             .1        147            80
        163 Danielle             Greene                    DGREENE                   011.44.1346.229268   19-MAR-99 SA_REP           9500            .15        147            80
        199 Douglas              Grant                     DGRANT                    650.507.9844         13-JAN-00 SH_CLERK         2600 NULL                  124            50
        109 Daniel               Faviet                    DFAVIET                   515.124.4169         16-AUG-94 FI_ACCOUNT       9000 NULL                  108           100
        151 David                Bernstein                 DBERNSTE                  011.44.1344.345268   24-MAR-97 SA_REP           9500            .25        145            80
        105 David                Austin                    DAUSTIN                   590.423.4569         25-JUN-97 IT_PROG          4800 NULL                  103            60
        162 Clara                Vishney                   CVISHNEY                  011.44.1346.129268   11-NOV-97 SA_REP          10500            .25        147            80
        153 Christopher          Olsen                     COLSEN                    011.44.1344.498718   30-MAR-98 SA_REP           8000             .2        145            80
        179 Charles              Johnson                   CJOHNSON                  011.44.1644.429262   04-JAN-00 SA_REP           6200             .1        149            80
        142 Curtis               Davies                    CDAVIES                   650.121.2994         29-JAN-97 ST_CLERK         3100 NULL                  124            50
        193 Britney              Everett                   BEVERETT                  650.501.2876         03-MAR-97 SH_CLERK         3900 NULL                  123            50
        104 Bruce                Ernst                     BERNST                    590.423.4568         21-MAY-91 IT_PROG          6000 NULL                  103            60
        196 Alana                Walsh                     AWALSH                    650.507.9811         24-APR-98 SH_CLERK         3100 NULL                  124            50
        158 Allan                McEwen                    AMCEWEN                   011.44.1345.829268   01-AUG-96 SA_REP           9000            .35        146            80
        115 Alexander            Khoo                      AKHOO                     515.127.4562         18-MAY-95 PU_CLERK         3100 NULL                  114            30
        175 Alyssa               Hutton                    AHUTTON                   011.44.1644.429266   19-MAR-97 SA_REP           8800            .25        149            80
        103 Alexander            Hunold                    AHUNOLD                   590.423.4567         03-JAN-90 IT_PROG          9000 NULL                  102            60
        121 Adam                 Fripp                     AFRIPP                    650.123.2234         10-APR-97 ST_MAN           8200 NULL                  100            50
        147 Alberto              Errazuriz                 AERRAZUR                  011.44.1344.429278   10-MAR-97 SA_MAN          12000             .3        100            80
        187 Anthony              Cabrio                    ACABRIO                   650.509.4876         07-FEB-99 SH_CLERK         3000 NULL                  121            50

EMPLOYEE_ID FIRST_NAME           LAST_NAME                 EMAIL                     PHONE_NUMBER         HIRE_DATE JOB_ID         SALARY COMMISSION_PCT MANAGER_ID DEPARTMENT_ID
----------- -------------------- ------------------------- ------------------------- -------------------- --------- ---------- ---------- -------------- ---------- -------------
        185 Alexis               Bull                      ABULL                     650.509.2876         20-FEB-97 SH_CLERK         4100 NULL                  121            50
        167 Amit                 Banda                     ABANDA                    011.44.1346.729268   21-APR-00 SA_REP           6200             .1        147            80

107 rows selected. 


SQL> select * from employees order by last_name;
EMPLOYEE_ID FIRST_NAME           LAST_NAME                 EMAIL                     PHONE_NUMBER         HIRE_DATE JOB_ID         SALARY COMMISSION_PCT MANAGER_ID DEPARTMENT_ID
----------- -------------------- ------------------------- ------------------------- -------------------- --------- ---------- ---------- -------------- ---------- -------------
        174 Ellen                Abel                      EABEL                     011.44.1644.429267   11-MAY-96 SA_REP          11000             .3        149            80
        166 Sundar               Ande                      SANDE                     011.44.1346.629268   24-MAR-00 SA_REP           6400             .1        147            80
        130 Mozhe                Atkinson                  MATKINSO                  650.124.6234         30-OCT-97 ST_CLERK         2800 NULL                  121            50
        105 David                Austin                    DAUSTIN                   590.423.4569         25-JUN-97 IT_PROG          4800 NULL                  103            60
        204 Hermann              Baer                      HBAER                     515.123.8888         07-JUN-94 PR_REP          10000 NULL                  101            70
        116 Shelli               Baida                     SBAIDA                    515.127.4563         24-DEC-97 PU_CLERK         2900 NULL                  114            30
        167 Amit                 Banda                     ABANDA                    011.44.1346.729268   21-APR-00 SA_REP           6200             .1        147            80
        172 Elizabeth            Bates                     EBATES                    011.44.1343.529268   24-MAR-99 SA_REP           7300            .15        148            80
        192 Sarah                Bell                      SBELL                     650.501.1876         04-FEB-96 SH_CLERK         4000 NULL                  123            50
        151 David                Bernstein                 DBERNSTE                  011.44.1344.345268   24-MAR-97 SA_REP           9500            .25        145            80
        129 Laura                Bissot                    LBISSOT                   650.124.5234         20-AUG-97 ST_CLERK         3300 NULL                  121            50
        169 Harrison             Bloom                     HBLOOM                    011.44.1343.829268   23-MAR-98 SA_REP          10000             .2        148            80
        185 Alexis               Bull                      ABULL                     650.509.2876         20-FEB-97 SH_CLERK         4100 NULL                  121            50
        187 Anthony              Cabrio                    ACABRIO                   650.509.4876         07-FEB-99 SH_CLERK         3000 NULL                  121            50
        154 Nanette              Cambrault                 NCAMBRAU                  011.44.1344.987668   09-DEC-98 SA_REP           7500             .2        145            80
        148 Gerald               Cambrault                 GCAMBRAU                  011.44.1344.619268   15-OCT-99 SA_MAN          11000             .3        100            80
        110 John                 Chen                      JCHEN                     515.124.4269         28-SEP-97 FI_ACCOUNT       8200 NULL                  108           100
        188 Kelly                Chung                     KCHUNG                    650.505.1876         14-JUN-97 SH_CLERK         3800 NULL                  122            50
        119 Karen                Colmenares                KCOLMENA                  515.127.4566         10-AUG-99 PU_CLERK         2500 NULL                  114            30
        142 Curtis               Davies                    CDAVIES                   650.121.2994         29-JAN-97 ST_CLERK         3100 NULL                  124            50
        102 Lex                  De Haan                   LDEHAAN                   515.123.4569         13-JAN-93 AD_VP           17000 NULL                  100            90

EMPLOYEE_ID FIRST_NAME           LAST_NAME                 EMAIL                     PHONE_NUMBER         HIRE_DATE JOB_ID         SALARY COMMISSION_PCT MANAGER_ID DEPARTMENT_ID
----------- -------------------- ------------------------- ------------------------- -------------------- --------- ---------- ---------- -------------- ---------- -------------
        186 Julia                Dellinger                 JDELLING                  650.509.3876         24-JUN-98 SH_CLERK         3400 NULL                  121            50
        189 Jennifer             Dilly                     JDILLY                    650.505.2876         13-AUG-97 SH_CLERK         3600 NULL                  122            50
        160 Louise               Doran                     LDORAN                    011.44.1345.629268   15-DEC-97 SA_REP           7500             .3        146            80
        104 Bruce                Ernst                     BERNST                    590.423.4568         21-MAY-91 IT_PROG          6000 NULL                  103            60
        147 Alberto              Errazuriz                 AERRAZUR                  011.44.1344.429278   10-MAR-97 SA_MAN          12000             .3        100            80
        193 Britney              Everett                   BEVERETT                  650.501.2876         03-MAR-97 SH_CLERK         3900 NULL                  123            50
        109 Daniel               Faviet                    DFAVIET                   515.124.4169         16-AUG-94 FI_ACCOUNT       9000 NULL                  108           100
        202 Pat                  Fay                       PFAY                      603.123.6666         17-AUG-97 MK_REP           6000 NULL                  201            20
        197 Kevin                Feeney                    KFEENEY                   650.507.9822         23-MAY-98 SH_CLERK         3000 NULL                  124            50
        181 Jean                 Fleaur                    JFLEAUR                   650.507.9877         23-FEB-98 SH_CLERK         3100 NULL                  120            50
        170 Tayler               Fox                       TFOX                      011.44.1343.729268   24-JAN-98 SA_REP           9600             .2        148            80
        121 Adam                 Fripp                     AFRIPP                    650.123.2234         10-APR-97 ST_MAN           8200 NULL                  100            50
        190 Timothy              Gates                     TGATES                    650.505.3876         11-JUL-98 SH_CLERK         2900 NULL                  122            50
        135 Ki                   Gee                       KGEE                      650.127.1734         12-DEC-99 ST_CLERK         2400 NULL                  122            50
        183 Girard               Geoni                     GGEONI                    650.507.9879         03-FEB-00 SH_CLERK         2800 NULL                  120            50
        206 William              Gietz                     WGIETZ                    515.123.8181         07-JUN-94 AC_ACCOUNT       8300 NULL                  205           110
        178 Kimberely            Grant                     KGRANT                    011.44.1644.429263   24-MAY-99 SA_REP           7000            .15        149 NULL         
        199 Douglas              Grant                     DGRANT                    650.507.9844         13-JAN-00 SH_CLERK         2600 NULL                  124            50
        108 Nancy                Greenberg                 NGREENBE                  515.124.4569         17-AUG-94 FI_MGR          12000 NULL                  101           100
        163 Danielle             Greene                    DGREENE                   011.44.1346.229268   19-MAR-99 SA_REP           9500            .15        147            80
        152 Peter                Hall                      PHALL                     011.44.1344.478968   20-AUG-97 SA_REP           9000            .25        145            80

EMPLOYEE_ID FIRST_NAME           LAST_NAME                 EMAIL                     PHONE_NUMBER         HIRE_DATE JOB_ID         SALARY COMMISSION_PCT MANAGER_ID DEPARTMENT_ID
----------- -------------------- ------------------------- ------------------------- -------------------- --------- ---------- ---------- -------------- ---------- -------------
        201 Michael              Hartstein                 MHARTSTE                  515.123.5555         17-FEB-96 MK_MAN          13000 NULL                  100            20
        205 Shelley              Higgins                   SHIGGINS                  515.123.8080         07-JUN-94 AC_MGR          12000 NULL                  101           110
        118 Guy                  Himuro                    GHIMURO                   515.127.4565         15-NOV-98 PU_CLERK         2600 NULL                  114            30
        103 Alexander            Hunold                    AHUNOLD                   590.423.4567         03-JAN-90 IT_PROG          9000 NULL                  102            60
        175 Alyssa               Hutton                    AHUTTON                   011.44.1644.429266   19-MAR-97 SA_REP           8800            .25        149            80
        179 Charles              Johnson                   CJOHNSON                  011.44.1644.429262   04-JAN-00 SA_REP           6200             .1        149            80
        195 Vance                Jones                     VJONES                    650.501.4876         17-MAR-99 SH_CLERK         2800 NULL                  123            50
        122 Payam                Kaufling                  PKAUFLIN                  650.123.3234         01-MAY-95 ST_MAN           7900 NULL                  100            50
        115 Alexander            Khoo                      AKHOO                     515.127.4562         18-MAY-95 PU_CLERK         3100 NULL                  114            30
        100 Steven               King                      SKING                     515.123.4567         17-JUN-87 AD_PRES         24000 NULL           NULL                  90
        156 Janette              King                      JKING                     011.44.1345.429268   30-JAN-96 SA_REP          10000            .35        146            80
        101 Neena                Kochhar                   NKOCHHAR                  515.123.4568         21-SEP-89 AD_VP           17000 NULL                  100            90
        173 Sundita              Kumar                     SKUMAR                    011.44.1343.329268   21-APR-00 SA_REP           6100             .1        148            80
        137 Renske               Ladwig                    RLADWIG                   650.121.1234         14-JUL-95 ST_CLERK         3600 NULL                  123            50
        127 James                Landry                    JLANDRY                   650.124.1334         14-JAN-99 ST_CLERK         2400 NULL                  120            50
        165 David                Lee                       DLEE                      011.44.1346.529268   23-FEB-00 SA_REP           6800             .1        147            80
        177 Jack                 Livingston                JLIVINGS                  011.44.1644.429264   23-APR-98 SA_REP           8400             .2        149            80
        107 Diana                Lorentz                   DLORENTZ                  590.423.5567         07-FEB-99 IT_PROG          4200 NULL                  103            60
        133 Jason                Mallin                    JMALLIN                   650.127.1934         14-JUN-96 ST_CLERK         3300 NULL                  122            50
        128 Steven               Markle                    SMARKLE                   650.124.1434         08-MAR-00 ST_CLERK         2200 NULL                  120            50
        131 James                Marlow                    JAMRLOW                   650.124.7234         16-FEB-97 ST_CLERK         2500 NULL                  121            50

EMPLOYEE_ID FIRST_NAME           LAST_NAME                 EMAIL                     PHONE_NUMBER         HIRE_DATE JOB_ID         SALARY COMMISSION_PCT MANAGER_ID DEPARTMENT_ID
----------- -------------------- ------------------------- ------------------------- -------------------- --------- ---------- ---------- -------------- ---------- -------------
        164 Mattea               Marvins                   MMARVINS                  011.44.1346.329268   24-JAN-00 SA_REP           7200             .1        147            80
        143 Randall              Matos                     RMATOS                    650.121.2874         15-MAR-98 ST_CLERK         2600 NULL                  124            50
        203 Susan                Mavris                    SMAVRIS                   515.123.7777         07-JUN-94 HR_REP           6500 NULL                  101            40
        194 Samuel               McCain                    SMCCAIN                   650.501.3876         01-JUL-98 SH_CLERK         3200 NULL                  123            50
        158 Allan                McEwen                    AMCEWEN                   011.44.1345.829268   01-AUG-96 SA_REP           9000            .35        146            80
        126 Irene                Mikkilineni               IMIKKILI                  650.124.1224         28-SEP-98 ST_CLERK         2700 NULL                  120            50
        124 Kevin                Mourgos                   KMOURGOS                  650.123.5234         16-NOV-99 ST_MAN           5800 NULL                  100            50
        125 Julia                Nayer                     JNAYER                    650.124.1214         16-JUL-97 ST_CLERK         3200 NULL                  120            50
        198 Donald               OConnell                  DOCONNEL                  650.507.9833         21-JUN-99 SH_CLERK         2600 NULL                  124            50
        153 Christopher          Olsen                     COLSEN                    011.44.1344.498718   30-MAR-98 SA_REP           8000             .2        145            80
        132 TJ                   Olson                     TJOLSON                   650.124.8234         10-APR-99 ST_CLERK         2100 NULL                  121            50
        168 Lisa                 Ozer                      LOZER                     011.44.1343.929268   11-MAR-97 SA_REP          11500            .25        148            80
        146 Karen                Partners                  KPARTNER                  011.44.1344.467268   05-JAN-97 SA_MAN          13500             .3        100            80
        106 Valli                Pataballa                 VPATABAL                  590.423.4560         05-FEB-98 IT_PROG          4800 NULL                  103            60
        140 Joshua               Patel                     JPATEL                    650.121.1834         06-APR-98 ST_CLERK         2500 NULL                  123            50
        191 Randall              Perkins                   RPERKINS                  650.505.4876         19-DEC-99 SH_CLERK         2500 NULL                  122            50
        136 Hazel                Philtanker                HPHILTAN                  650.127.1634         06-FEB-00 ST_CLERK         2200 NULL                  122            50
        113 Luis                 Popp                      LPOPP                     515.124.4567         07-DEC-99 FI_ACCOUNT       6900 NULL                  108           100
        141 Trenna               Rajs                      TRAJS                     650.121.8009         17-OCT-95 ST_CLERK         3500 NULL                  124            50
        114 Den                  Raphaely                  DRAPHEAL                  515.127.4561         07-DEC-94 PU_MAN          11000 NULL                  100            30
        134 Michael              Rogers                    MROGERS                   650.127.1834         26-AUG-98 ST_CLERK         2900 NULL                  122            50

EMPLOYEE_ID FIRST_NAME           LAST_NAME                 EMAIL                     PHONE_NUMBER         HIRE_DATE JOB_ID         SALARY COMMISSION_PCT MANAGER_ID DEPARTMENT_ID
----------- -------------------- ------------------------- ------------------------- -------------------- --------- ---------- ---------- -------------- ---------- -------------
        145 John                 Russell                   JRUSSEL                   011.44.1344.429268   01-OCT-96 SA_MAN          14000             .4        100            80
        184 Nandita              Sarchand                  NSARCHAN                  650.509.1876         27-JAN-96 SH_CLERK         4200 NULL                  121            50
        111 Ismael               Sciarra                   ISCIARRA                  515.124.4369         30-SEP-97 FI_ACCOUNT       7700 NULL                  108           100
        139 John                 Seo                       JSEO                      650.121.2019         12-FEB-98 ST_CLERK         2700 NULL                  123            50
        161 Sarath               Sewall                    SSEWALL                   011.44.1345.529268   03-NOV-98 SA_REP           7000            .25        146            80
        159 Lindsey              Smith                     LSMITH                    011.44.1345.729268   10-MAR-97 SA_REP           8000             .3        146            80
        171 William              Smith                     WSMITH                    011.44.1343.629268   23-FEB-99 SA_REP           7400            .15        148            80
        138 Stephen              Stiles                    SSTILES                   650.121.2034         26-OCT-97 ST_CLERK         3200 NULL                  123            50
        182 Martha               Sullivan                  MSULLIVA                  650.507.9878         21-JUN-99 SH_CLERK         2500 NULL                  120            50
        157 Patrick              Sully                     PSULLY                    011.44.1345.929268   04-MAR-96 SA_REP           9500            .35        146            80
        180 Winston              Taylor                    WTAYLOR                   650.507.9876         24-JAN-98 SH_CLERK         3200 NULL                  120            50
        176 Jonathon             Taylor                    JTAYLOR                   011.44.1644.429265   24-MAR-98 SA_REP           8600             .2        149            80
        117 Sigal                Tobias                    STOBIAS                   515.127.4564         24-JUL-97 PU_CLERK         2800 NULL                  114            30
        150 Peter                Tucker                    PTUCKER                   011.44.1344.129268   30-JAN-97 SA_REP          10000             .3        145            80
        155 Oliver               Tuvault                   OTUVAULT                  011.44.1344.486508   23-NOV-99 SA_REP           7000            .15        145            80
        112 Jose Manuel          Urman                     JMURMAN                   515.124.4469         07-MAR-98 FI_ACCOUNT       7800 NULL                  108           100
        144 Peter                Vargas                    PVARGAS                   650.121.2004         09-JUL-98 ST_CLERK         2500 NULL                  124            50
        162 Clara                Vishney                   CVISHNEY                  011.44.1346.129268   11-NOV-97 SA_REP          10500            .25        147            80
        123 Shanta               Vollman                   SVOLLMAN                  650.123.4234         10-OCT-97 ST_MAN           6500 NULL                  100            50
        196 Alana                Walsh                     AWALSH                    650.507.9811         24-APR-98 SH_CLERK         3100 NULL                  124            50
        120 Matthew              Weiss                     MWEISS                    650.123.1234         18-JUL-96 ST_MAN           8000 NULL                  100            50

EMPLOYEE_ID FIRST_NAME           LAST_NAME                 EMAIL                     PHONE_NUMBER         HIRE_DATE JOB_ID         SALARY COMMISSION_PCT MANAGER_ID DEPARTMENT_ID
----------- -------------------- ------------------------- ------------------------- -------------------- --------- ---------- ---------- -------------- ---------- -------------
        200 Jennifer             Whalen                    JWHALEN                   515.123.4444         17-SEP-87 AD_ASST          4400 NULL                  101            10
        149 Eleni                Zlotkey                   EZLOTKEY                  011.44.1344.429018   29-JAN-00 SA_MAN          10500             .2        100            80

107 rows selected. 


SQL> select * from employees order by last_name where emplyee_id > 101;
Error starting at line : 1 in command -
select * from employees order by last_name where emplyee_id > 101
Error at Command Line : 1 Column : 44
Error report -
SQL Error: ORA-00933: SQL command not properly ended
00933. 00000 -  "SQL command not properly ended"
*Cause:    


SQL> select * from employees order by last_name;

EMPLOYEE_ID FIRST_NAME           LAST_NAME                 EMAIL                     PHONE_NUMBER         HIRE_DATE JOB_ID         SALARY COMMISSION_PCT MANAGER_ID DEPARTMENT_ID
----------- -------------------- ------------------------- ------------------------- -------------------- --------- ---------- ---------- -------------- ---------- -------------
        174 Ellen                Abel                      EABEL                     011.44.1644.429267   11-MAY-96 SA_REP          11000             .3        149            80
        166 Sundar               Ande                      SANDE                     011.44.1346.629268   24-MAR-00 SA_REP           6400             .1        147            80
        130 Mozhe                Atkinson                  MATKINSO                  650.124.6234         30-OCT-97 ST_CLERK         2800 NULL                  121            50
        105 David                Austin                    DAUSTIN                   590.423.4569         25-JUN-97 IT_PROG          4800 NULL                  103            60
        204 Hermann              Baer                      HBAER                     515.123.8888         07-JUN-94 PR_REP          10000 NULL                  101            70
        116 Shelli               Baida                     SBAIDA                    515.127.4563         24-DEC-97 PU_CLERK         2900 NULL                  114            30
        167 Amit                 Banda                     ABANDA                    011.44.1346.729268   21-APR-00 SA_REP           6200             .1        147            80
        172 Elizabeth            Bates                     EBATES                    011.44.1343.529268   24-MAR-99 SA_REP           7300            .15        148            80
        192 Sarah                Bell                      SBELL                     650.501.1876         04-FEB-96 SH_CLERK         4000 NULL                  123            50
        151 David                Bernstein                 DBERNSTE                  011.44.1344.345268   24-MAR-97 SA_REP           9500            .25        145            80
        129 Laura                Bissot                    LBISSOT                   650.124.5234         20-AUG-97 ST_CLERK         3300 NULL                  121            50
        169 Harrison             Bloom                     HBLOOM                    011.44.1343.829268   23-MAR-98 SA_REP          10000             .2        148            80
        185 Alexis               Bull                      ABULL                     650.509.2876         20-FEB-97 SH_CLERK         4100 NULL                  121            50
        187 Anthony              Cabrio                    ACABRIO                   650.509.4876         07-FEB-99 SH_CLERK         3000 NULL                  121            50
        154 Nanette              Cambrault                 NCAMBRAU                  011.44.1344.987668   09-DEC-98 SA_REP           7500             .2        145            80
        148 Gerald               Cambrault                 GCAMBRAU                  011.44.1344.619268   15-OCT-99 SA_MAN          11000             .3        100            80
        110 John                 Chen                      JCHEN                     515.124.4269         28-SEP-97 FI_ACCOUNT       8200 NULL                  108           100
        188 Kelly                Chung                     KCHUNG                    650.505.1876         14-JUN-97 SH_CLERK         3800 NULL                  122            50
        119 Karen                Colmenares                KCOLMENA                  515.127.4566         10-AUG-99 PU_CLERK         2500 NULL                  114            30
        142 Curtis               Davies                    CDAVIES                   650.121.2994         29-JAN-97 ST_CLERK         3100 NULL                  124            50
        102 Lex                  De Haan                   LDEHAAN                   515.123.4569         13-JAN-93 AD_VP           17000 NULL                  100            90

EMPLOYEE_ID FIRST_NAME           LAST_NAME                 EMAIL                     PHONE_NUMBER         HIRE_DATE JOB_ID         SALARY COMMISSION_PCT MANAGER_ID DEPARTMENT_ID
----------- -------------------- ------------------------- ------------------------- -------------------- --------- ---------- ---------- -------------- ---------- -------------
        186 Julia                Dellinger                 JDELLING                  650.509.3876         24-JUN-98 SH_CLERK         3400 NULL                  121            50
        189 Jennifer             Dilly                     JDILLY                    650.505.2876         13-AUG-97 SH_CLERK         3600 NULL                  122            50
        160 Louise               Doran                     LDORAN                    011.44.1345.629268   15-DEC-97 SA_REP           7500             .3        146            80
        104 Bruce                Ernst                     BERNST                    590.423.4568         21-MAY-91 IT_PROG          6000 NULL                  103            60
        147 Alberto              Errazuriz                 AERRAZUR                  011.44.1344.429278   10-MAR-97 SA_MAN          12000             .3        100            80
        193 Britney              Everett                   BEVERETT                  650.501.2876         03-MAR-97 SH_CLERK         3900 NULL                  123            50
        109 Daniel               Faviet                    DFAVIET                   515.124.4169         16-AUG-94 FI_ACCOUNT       9000 NULL                  108           100
        202 Pat                  Fay                       PFAY                      603.123.6666         17-AUG-97 MK_REP           6000 NULL                  201            20
        197 Kevin                Feeney                    KFEENEY                   650.507.9822         23-MAY-98 SH_CLERK         3000 NULL                  124            50
        181 Jean                 Fleaur                    JFLEAUR                   650.507.9877         23-FEB-98 SH_CLERK         3100 NULL                  120            50
        170 Tayler               Fox                       TFOX                      011.44.1343.729268   24-JAN-98 SA_REP           9600             .2        148            80
        121 Adam                 Fripp                     AFRIPP                    650.123.2234         10-APR-97 ST_MAN           8200 NULL                  100            50
        190 Timothy              Gates                     TGATES                    650.505.3876         11-JUL-98 SH_CLERK         2900 NULL                  122            50
        135 Ki                   Gee                       KGEE                      650.127.1734         12-DEC-99 ST_CLERK         2400 NULL                  122            50
        183 Girard               Geoni                     GGEONI                    650.507.9879         03-FEB-00 SH_CLERK         2800 NULL                  120            50
        206 William              Gietz                     WGIETZ                    515.123.8181         07-JUN-94 AC_ACCOUNT       8300 NULL                  205           110
        178 Kimberely            Grant                     KGRANT                    011.44.1644.429263   24-MAY-99 SA_REP           7000            .15        149 NULL         
        199 Douglas              Grant                     DGRANT                    650.507.9844         13-JAN-00 SH_CLERK         2600 NULL                  124            50
        108 Nancy                Greenberg                 NGREENBE                  515.124.4569         17-AUG-94 FI_MGR          12000 NULL                  101           100
        163 Danielle             Greene                    DGREENE                   011.44.1346.229268   19-MAR-99 SA_REP           9500            .15        147            80
        152 Peter                Hall                      PHALL                     011.44.1344.478968   20-AUG-97 SA_REP           9000            .25        145            80

EMPLOYEE_ID FIRST_NAME           LAST_NAME                 EMAIL                     PHONE_NUMBER         HIRE_DATE JOB_ID         SALARY COMMISSION_PCT MANAGER_ID DEPARTMENT_ID
----------- -------------------- ------------------------- ------------------------- -------------------- --------- ---------- ---------- -------------- ---------- -------------
        201 Michael              Hartstein                 MHARTSTE                  515.123.5555         17-FEB-96 MK_MAN          13000 NULL                  100            20
        205 Shelley              Higgins                   SHIGGINS                  515.123.8080         07-JUN-94 AC_MGR          12000 NULL                  101           110
        118 Guy                  Himuro                    GHIMURO                   515.127.4565         15-NOV-98 PU_CLERK         2600 NULL                  114            30
        103 Alexander            Hunold                    AHUNOLD                   590.423.4567         03-JAN-90 IT_PROG          9000 NULL                  102            60
        175 Alyssa               Hutton                    AHUTTON                   011.44.1644.429266   19-MAR-97 SA_REP           8800            .25        149            80
        179 Charles              Johnson                   CJOHNSON                  011.44.1644.429262   04-JAN-00 SA_REP           6200             .1        149            80
        195 Vance                Jones                     VJONES                    650.501.4876         17-MAR-99 SH_CLERK         2800 NULL                  123            50
        122 Payam                Kaufling                  PKAUFLIN                  650.123.3234         01-MAY-95 ST_MAN           7900 NULL                  100            50
        115 Alexander            Khoo                      AKHOO                     515.127.4562         18-MAY-95 PU_CLERK         3100 NULL                  114            30
        100 Steven               King                      SKING                     515.123.4567         17-JUN-87 AD_PRES         24000 NULL           NULL                  90
        156 Janette              King                      JKING                     011.44.1345.429268   30-JAN-96 SA_REP          10000            .35        146            80
        101 Neena                Kochhar                   NKOCHHAR                  515.123.4568         21-SEP-89 AD_VP           17000 NULL                  100            90
        173 Sundita              Kumar                     SKUMAR                    011.44.1343.329268   21-APR-00 SA_REP           6100             .1        148            80
        137 Renske               Ladwig                    RLADWIG                   650.121.1234         14-JUL-95 ST_CLERK         3600 NULL                  123            50
        127 James                Landry                    JLANDRY                   650.124.1334         14-JAN-99 ST_CLERK         2400 NULL                  120            50
        165 David                Lee                       DLEE                      011.44.1346.529268   23-FEB-00 SA_REP           6800             .1        147            80
        177 Jack                 Livingston                JLIVINGS                  011.44.1644.429264   23-APR-98 SA_REP           8400             .2        149            80
        107 Diana                Lorentz                   DLORENTZ                  590.423.5567         07-FEB-99 IT_PROG          4200 NULL                  103            60
        133 Jason                Mallin                    JMALLIN                   650.127.1934         14-JUN-96 ST_CLERK         3300 NULL                  122            50
        128 Steven               Markle                    SMARKLE                   650.124.1434         08-MAR-00 ST_CLERK         2200 NULL                  120            50
        131 James                Marlow                    JAMRLOW                   650.124.7234         16-FEB-97 ST_CLERK         2500 NULL                  121            50

EMPLOYEE_ID FIRST_NAME           LAST_NAME                 EMAIL                     PHONE_NUMBER         HIRE_DATE JOB_ID         SALARY COMMISSION_PCT MANAGER_ID DEPARTMENT_ID
----------- -------------------- ------------------------- ------------------------- -------------------- --------- ---------- ---------- -------------- ---------- -------------
        164 Mattea               Marvins                   MMARVINS                  011.44.1346.329268   24-JAN-00 SA_REP           7200             .1        147            80
        143 Randall              Matos                     RMATOS                    650.121.2874         15-MAR-98 ST_CLERK         2600 NULL                  124            50
        203 Susan                Mavris                    SMAVRIS                   515.123.7777         07-JUN-94 HR_REP           6500 NULL                  101            40
        194 Samuel               McCain                    SMCCAIN                   650.501.3876         01-JUL-98 SH_CLERK         3200 NULL                  123            50
        158 Allan                McEwen                    AMCEWEN                   011.44.1345.829268   01-AUG-96 SA_REP           9000            .35        146            80
        126 Irene                Mikkilineni               IMIKKILI                  650.124.1224         28-SEP-98 ST_CLERK         2700 NULL                  120            50
        124 Kevin                Mourgos                   KMOURGOS                  650.123.5234         16-NOV-99 ST_MAN           5800 NULL                  100            50
        125 Julia                Nayer                     JNAYER                    650.124.1214         16-JUL-97 ST_CLERK         3200 NULL                  120            50
        198 Donald               OConnell                  DOCONNEL                  650.507.9833         21-JUN-99 SH_CLERK         2600 NULL                  124            50
        153 Christopher          Olsen                     COLSEN                    011.44.1344.498718   30-MAR-98 SA_REP           8000             .2        145            80
        132 TJ                   Olson                     TJOLSON                   650.124.8234         10-APR-99 ST_CLERK         2100 NULL                  121            50
        168 Lisa                 Ozer                      LOZER                     011.44.1343.929268   11-MAR-97 SA_REP          11500            .25        148            80
        146 Karen                Partners                  KPARTNER                  011.44.1344.467268   05-JAN-97 SA_MAN          13500             .3        100            80
        106 Valli                Pataballa                 VPATABAL                  590.423.4560         05-FEB-98 IT_PROG          4800 NULL                  103            60
        140 Joshua               Patel                     JPATEL                    650.121.1834         06-APR-98 ST_CLERK         2500 NULL                  123            50
        191 Randall              Perkins                   RPERKINS                  650.505.4876         19-DEC-99 SH_CLERK         2500 NULL                  122            50
        136 Hazel                Philtanker                HPHILTAN                  650.127.1634         06-FEB-00 ST_CLERK         2200 NULL                  122            50
        113 Luis                 Popp                      LPOPP                     515.124.4567         07-DEC-99 FI_ACCOUNT       6900 NULL                  108           100
        141 Trenna               Rajs                      TRAJS                     650.121.8009         17-OCT-95 ST_CLERK         3500 NULL                  124            50
        114 Den                  Raphaely                  DRAPHEAL                  515.127.4561         07-DEC-94 PU_MAN          11000 NULL                  100            30
        134 Michael              Rogers                    MROGERS                   650.127.1834         26-AUG-98 ST_CLERK         2900 NULL                  122            50

EMPLOYEE_ID FIRST_NAME           LAST_NAME                 EMAIL                     PHONE_NUMBER         HIRE_DATE JOB_ID         SALARY COMMISSION_PCT MANAGER_ID DEPARTMENT_ID
----------- -------------------- ------------------------- ------------------------- -------------------- --------- ---------- ---------- -------------- ---------- -------------
        145 John                 Russell                   JRUSSEL                   011.44.1344.429268   01-OCT-96 SA_MAN          14000             .4        100            80
        184 Nandita              Sarchand                  NSARCHAN                  650.509.1876         27-JAN-96 SH_CLERK         4200 NULL                  121            50
        111 Ismael               Sciarra                   ISCIARRA                  515.124.4369         30-SEP-97 FI_ACCOUNT       7700 NULL                  108           100
        139 John                 Seo                       JSEO                      650.121.2019         12-FEB-98 ST_CLERK         2700 NULL                  123            50
        161 Sarath               Sewall                    SSEWALL                   011.44.1345.529268   03-NOV-98 SA_REP           7000            .25        146            80
        159 Lindsey              Smith                     LSMITH                    011.44.1345.729268   10-MAR-97 SA_REP           8000             .3        146            80
        171 William              Smith                     WSMITH                    011.44.1343.629268   23-FEB-99 SA_REP           7400            .15        148            80
        138 Stephen              Stiles                    SSTILES                   650.121.2034         26-OCT-97 ST_CLERK         3200 NULL                  123            50
        182 Martha               Sullivan                  MSULLIVA                  650.507.9878         21-JUN-99 SH_CLERK         2500 NULL                  120            50
        157 Patrick              Sully                     PSULLY                    011.44.1345.929268   04-MAR-96 SA_REP           9500            .35        146            80
        180 Winston              Taylor                    WTAYLOR                   650.507.9876         24-JAN-98 SH_CLERK         3200 NULL                  120            50
        176 Jonathon             Taylor                    JTAYLOR                   011.44.1644.429265   24-MAR-98 SA_REP           8600             .2        149            80
        117 Sigal                Tobias                    STOBIAS                   515.127.4564         24-JUL-97 PU_CLERK         2800 NULL                  114            30
        150 Peter                Tucker                    PTUCKER                   011.44.1344.129268   30-JAN-97 SA_REP          10000             .3        145            80
        155 Oliver               Tuvault                   OTUVAULT                  011.44.1344.486508   23-NOV-99 SA_REP           7000            .15        145            80
        112 Jose Manuel          Urman                     JMURMAN                   515.124.4469         07-MAR-98 FI_ACCOUNT       7800 NULL                  108           100
        144 Peter                Vargas                    PVARGAS                   650.121.2004         09-JUL-98 ST_CLERK         2500 NULL                  124            50
        162 Clara                Vishney                   CVISHNEY                  011.44.1346.129268   11-NOV-97 SA_REP          10500            .25        147            80
        123 Shanta               Vollman                   SVOLLMAN                  650.123.4234         10-OCT-97 ST_MAN           6500 NULL                  100            50
        196 Alana                Walsh                     AWALSH                    650.507.9811         24-APR-98 SH_CLERK         3100 NULL                  124            50
        120 Matthew              Weiss                     MWEISS                    650.123.1234         18-JUL-96 ST_MAN           8000 NULL                  100            50

EMPLOYEE_ID FIRST_NAME           LAST_NAME                 EMAIL                     PHONE_NUMBER         HIRE_DATE JOB_ID         SALARY COMMISSION_PCT MANAGER_ID DEPARTMENT_ID
----------- -------------------- ------------------------- ------------------------- -------------------- --------- ---------- ---------- -------------- ---------- -------------
        200 Jennifer             Whalen                    JWHALEN                   515.123.4444         17-SEP-87 AD_ASST          4400 NULL                  101            10
        149 Eleni                Zlotkey                   EZLOTKEY                  011.44.1344.429018   29-JAN-00 SA_MAN          10500             .2        100            80

107 rows selected. 


SQL> select * from employees order by email desc;

EMPLOYEE_ID FIRST_NAME           LAST_NAME                 EMAIL                     PHONE_NUMBER         HIRE_DATE JOB_ID         SALARY COMMISSION_PCT MANAGER_ID DEPARTMENT_ID
----------- -------------------- ------------------------- ------------------------- -------------------- --------- ---------- ---------- -------------- ---------- -------------
        180 Winston              Taylor                    WTAYLOR                   650.507.9876         24-JAN-98 SH_CLERK         3200 NULL                  120            50
        171 William              Smith                     WSMITH                    011.44.1343.629268   23-FEB-99 SA_REP           7400            .15        148            80
        206 William              Gietz                     WGIETZ                    515.123.8181         07-JUN-94 AC_ACCOUNT       8300 NULL                  205           110
        106 Valli                Pataballa                 VPATABAL                  590.423.4560         05-FEB-98 IT_PROG          4800 NULL                  103            60
        195 Vance                Jones                     VJONES                    650.501.4876         17-MAR-99 SH_CLERK         2800 NULL                  123            50
        141 Trenna               Rajs                      TRAJS                     650.121.8009         17-OCT-95 ST_CLERK         3500 NULL                  124            50
        132 TJ                   Olson                     TJOLSON                   650.124.8234         10-APR-99 ST_CLERK         2100 NULL                  121            50
        190 Timothy              Gates                     TGATES                    650.505.3876         11-JUL-98 SH_CLERK         2900 NULL                  122            50
        170 Tayler               Fox                       TFOX                      011.44.1343.729268   24-JAN-98 SA_REP           9600             .2        148            80
        123 Shanta               Vollman                   SVOLLMAN                  650.123.4234         10-OCT-97 ST_MAN           6500 NULL                  100            50
        117 Sigal                Tobias                    STOBIAS                   515.127.4564         24-JUL-97 PU_CLERK         2800 NULL                  114            30
        138 Stephen              Stiles                    SSTILES                   650.121.2034         26-OCT-97 ST_CLERK         3200 NULL                  123            50
        161 Sarath               Sewall                    SSEWALL                   011.44.1345.529268   03-NOV-98 SA_REP           7000            .25        146            80
        194 Samuel               McCain                    SMCCAIN                   650.501.3876         01-JUL-98 SH_CLERK         3200 NULL                  123            50
        203 Susan                Mavris                    SMAVRIS                   515.123.7777         07-JUN-94 HR_REP           6500 NULL                  101            40
        128 Steven               Markle                    SMARKLE                   650.124.1434         08-MAR-00 ST_CLERK         2200 NULL                  120            50
        173 Sundita              Kumar                     SKUMAR                    011.44.1343.329268   21-APR-00 SA_REP           6100             .1        148            80
        100 Steven               King                      SKING                     515.123.4567         17-JUN-87 AD_PRES         24000 NULL           NULL                  90
        205 Shelley              Higgins                   SHIGGINS                  515.123.8080         07-JUN-94 AC_MGR          12000 NULL                  101           110
        192 Sarah                Bell                      SBELL                     650.501.1876         04-FEB-96 SH_CLERK         4000 NULL                  123            50
        116 Shelli               Baida                     SBAIDA                    515.127.4563         24-DEC-97 PU_CLERK         2900 NULL                  114            30

EMPLOYEE_ID FIRST_NAME           LAST_NAME                 EMAIL                     PHONE_NUMBER         HIRE_DATE JOB_ID         SALARY COMMISSION_PCT MANAGER_ID DEPARTMENT_ID
----------- -------------------- ------------------------- ------------------------- -------------------- --------- ---------- ---------- -------------- ---------- -------------
        166 Sundar               Ande                      SANDE                     011.44.1346.629268   24-MAR-00 SA_REP           6400             .1        147            80
        191 Randall              Perkins                   RPERKINS                  650.505.4876         19-DEC-99 SH_CLERK         2500 NULL                  122            50
        143 Randall              Matos                     RMATOS                    650.121.2874         15-MAR-98 ST_CLERK         2600 NULL                  124            50
        137 Renske               Ladwig                    RLADWIG                   650.121.1234         14-JUL-95 ST_CLERK         3600 NULL                  123            50
        144 Peter                Vargas                    PVARGAS                   650.121.2004         09-JUL-98 ST_CLERK         2500 NULL                  124            50
        150 Peter                Tucker                    PTUCKER                   011.44.1344.129268   30-JAN-97 SA_REP          10000             .3        145            80
        157 Patrick              Sully                     PSULLY                    011.44.1345.929268   04-MAR-96 SA_REP           9500            .35        146            80
        122 Payam                Kaufling                  PKAUFLIN                  650.123.3234         01-MAY-95 ST_MAN           7900 NULL                  100            50
        152 Peter                Hall                      PHALL                     011.44.1344.478968   20-AUG-97 SA_REP           9000            .25        145            80
        202 Pat                  Fay                       PFAY                      603.123.6666         17-AUG-97 MK_REP           6000 NULL                  201            20
        155 Oliver               Tuvault                   OTUVAULT                  011.44.1344.486508   23-NOV-99 SA_REP           7000            .15        145            80
        184 Nandita              Sarchand                  NSARCHAN                  650.509.1876         27-JAN-96 SH_CLERK         4200 NULL                  121            50
        101 Neena                Kochhar                   NKOCHHAR                  515.123.4568         21-SEP-89 AD_VP           17000 NULL                  100            90
        108 Nancy                Greenberg                 NGREENBE                  515.124.4569         17-AUG-94 FI_MGR          12000 NULL                  101           100
        154 Nanette              Cambrault                 NCAMBRAU                  011.44.1344.987668   09-DEC-98 SA_REP           7500             .2        145            80
        120 Matthew              Weiss                     MWEISS                    650.123.1234         18-JUL-96 ST_MAN           8000 NULL                  100            50
        182 Martha               Sullivan                  MSULLIVA                  650.507.9878         21-JUN-99 SH_CLERK         2500 NULL                  120            50
        134 Michael              Rogers                    MROGERS                   650.127.1834         26-AUG-98 ST_CLERK         2900 NULL                  122            50
        164 Mattea               Marvins                   MMARVINS                  011.44.1346.329268   24-JAN-00 SA_REP           7200             .1        147            80
        201 Michael              Hartstein                 MHARTSTE                  515.123.5555         17-FEB-96 MK_MAN          13000 NULL                  100            20
        130 Mozhe                Atkinson                  MATKINSO                  650.124.6234         30-OCT-97 ST_CLERK         2800 NULL                  121            50

EMPLOYEE_ID FIRST_NAME           LAST_NAME                 EMAIL                     PHONE_NUMBER         HIRE_DATE JOB_ID         SALARY COMMISSION_PCT MANAGER_ID DEPARTMENT_ID
----------- -------------------- ------------------------- ------------------------- -------------------- --------- ---------- ---------- -------------- ---------- -------------
        159 Lindsey              Smith                     LSMITH                    011.44.1345.729268   10-MAR-97 SA_REP           8000             .3        146            80
        113 Luis                 Popp                      LPOPP                     515.124.4567         07-DEC-99 FI_ACCOUNT       6900 NULL                  108           100
        168 Lisa                 Ozer                      LOZER                     011.44.1343.929268   11-MAR-97 SA_REP          11500            .25        148            80
        160 Louise               Doran                     LDORAN                    011.44.1345.629268   15-DEC-97 SA_REP           7500             .3        146            80
        102 Lex                  De Haan                   LDEHAAN                   515.123.4569         13-JAN-93 AD_VP           17000 NULL                  100            90
        129 Laura                Bissot                    LBISSOT                   650.124.5234         20-AUG-97 ST_CLERK         3300 NULL                  121            50
        146 Karen                Partners                  KPARTNER                  011.44.1344.467268   05-JAN-97 SA_MAN          13500             .3        100            80
        124 Kevin                Mourgos                   KMOURGOS                  650.123.5234         16-NOV-99 ST_MAN           5800 NULL                  100            50
        178 Kimberely            Grant                     KGRANT                    011.44.1644.429263   24-MAY-99 SA_REP           7000            .15        149 NULL         
        135 Ki                   Gee                       KGEE                      650.127.1734         12-DEC-99 ST_CLERK         2400 NULL                  122            50
        197 Kevin                Feeney                    KFEENEY                   650.507.9822         23-MAY-98 SH_CLERK         3000 NULL                  124            50
        119 Karen                Colmenares                KCOLMENA                  515.127.4566         10-AUG-99 PU_CLERK         2500 NULL                  114            30
        188 Kelly                Chung                     KCHUNG                    650.505.1876         14-JUN-97 SH_CLERK         3800 NULL                  122            50
        200 Jennifer             Whalen                    JWHALEN                   515.123.4444         17-SEP-87 AD_ASST          4400 NULL                  101            10
        176 Jonathon             Taylor                    JTAYLOR                   011.44.1644.429265   24-MAR-98 SA_REP           8600             .2        149            80
        139 John                 Seo                       JSEO                      650.121.2019         12-FEB-98 ST_CLERK         2700 NULL                  123            50
        145 John                 Russell                   JRUSSEL                   011.44.1344.429268   01-OCT-96 SA_MAN          14000             .4        100            80
        140 Joshua               Patel                     JPATEL                    650.121.1834         06-APR-98 ST_CLERK         2500 NULL                  123            50
        125 Julia                Nayer                     JNAYER                    650.124.1214         16-JUL-97 ST_CLERK         3200 NULL                  120            50
        112 Jose Manuel          Urman                     JMURMAN                   515.124.4469         07-MAR-98 FI_ACCOUNT       7800 NULL                  108           100
        133 Jason                Mallin                    JMALLIN                   650.127.1934         14-JUN-96 ST_CLERK         3300 NULL                  122            50

EMPLOYEE_ID FIRST_NAME           LAST_NAME                 EMAIL                     PHONE_NUMBER         HIRE_DATE JOB_ID         SALARY COMMISSION_PCT MANAGER_ID DEPARTMENT_ID
----------- -------------------- ------------------------- ------------------------- -------------------- --------- ---------- ---------- -------------- ---------- -------------
        177 Jack                 Livingston                JLIVINGS                  011.44.1644.429264   23-APR-98 SA_REP           8400             .2        149            80
        127 James                Landry                    JLANDRY                   650.124.1334         14-JAN-99 ST_CLERK         2400 NULL                  120            50
        156 Janette              King                      JKING                     011.44.1345.429268   30-JAN-96 SA_REP          10000            .35        146            80
        181 Jean                 Fleaur                    JFLEAUR                   650.507.9877         23-FEB-98 SH_CLERK         3100 NULL                  120            50
        189 Jennifer             Dilly                     JDILLY                    650.505.2876         13-AUG-97 SH_CLERK         3600 NULL                  122            50
        186 Julia                Dellinger                 JDELLING                  650.509.3876         24-JUN-98 SH_CLERK         3400 NULL                  121            50
        110 John                 Chen                      JCHEN                     515.124.4269         28-SEP-97 FI_ACCOUNT       8200 NULL                  108           100
        131 James                Marlow                    JAMRLOW                   650.124.7234         16-FEB-97 ST_CLERK         2500 NULL                  121            50
        111 Ismael               Sciarra                   ISCIARRA                  515.124.4369         30-SEP-97 FI_ACCOUNT       7700 NULL                  108           100
        126 Irene                Mikkilineni               IMIKKILI                  650.124.1224         28-SEP-98 ST_CLERK         2700 NULL                  120            50
        136 Hazel                Philtanker                HPHILTAN                  650.127.1634         06-FEB-00 ST_CLERK         2200 NULL                  122            50
        169 Harrison             Bloom                     HBLOOM                    011.44.1343.829268   23-MAR-98 SA_REP          10000             .2        148            80
        204 Hermann              Baer                      HBAER                     515.123.8888         07-JUN-94 PR_REP          10000 NULL                  101            70
        118 Guy                  Himuro                    GHIMURO                   515.127.4565         15-NOV-98 PU_CLERK         2600 NULL                  114            30
        183 Girard               Geoni                     GGEONI                    650.507.9879         03-FEB-00 SH_CLERK         2800 NULL                  120            50
        148 Gerald               Cambrault                 GCAMBRAU                  011.44.1344.619268   15-OCT-99 SA_MAN          11000             .3        100            80
        149 Eleni                Zlotkey                   EZLOTKEY                  011.44.1344.429018   29-JAN-00 SA_MAN          10500             .2        100            80
        172 Elizabeth            Bates                     EBATES                    011.44.1343.529268   24-MAR-99 SA_REP           7300            .15        148            80
        174 Ellen                Abel                      EABEL                     011.44.1644.429267   11-MAY-96 SA_REP          11000             .3        149            80
        114 Den                  Raphaely                  DRAPHEAL                  515.127.4561         07-DEC-94 PU_MAN          11000 NULL                  100            30
        198 Donald               OConnell                  DOCONNEL                  650.507.9833         21-JUN-99 SH_CLERK         2600 NULL                  124            50

EMPLOYEE_ID FIRST_NAME           LAST_NAME                 EMAIL                     PHONE_NUMBER         HIRE_DATE JOB_ID         SALARY COMMISSION_PCT MANAGER_ID DEPARTMENT_ID
----------- -------------------- ------------------------- ------------------------- -------------------- --------- ---------- ---------- -------------- ---------- -------------
        107 Diana                Lorentz                   DLORENTZ                  590.423.5567         07-FEB-99 IT_PROG          4200 NULL                  103            60
        165 David                Lee                       DLEE                      011.44.1346.529268   23-FEB-00 SA_REP           6800             .1        147            80
        163 Danielle             Greene                    DGREENE                   011.44.1346.229268   19-MAR-99 SA_REP           9500            .15        147            80
        199 Douglas              Grant                     DGRANT                    650.507.9844         13-JAN-00 SH_CLERK         2600 NULL                  124            50
        109 Daniel               Faviet                    DFAVIET                   515.124.4169         16-AUG-94 FI_ACCOUNT       9000 NULL                  108           100
        151 David                Bernstein                 DBERNSTE                  011.44.1344.345268   24-MAR-97 SA_REP           9500            .25        145            80
        105 David                Austin                    DAUSTIN                   590.423.4569         25-JUN-97 IT_PROG          4800 NULL                  103            60
        162 Clara                Vishney                   CVISHNEY                  011.44.1346.129268   11-NOV-97 SA_REP          10500            .25        147            80
        153 Christopher          Olsen                     COLSEN                    011.44.1344.498718   30-MAR-98 SA_REP           8000             .2        145            80
        179 Charles              Johnson                   CJOHNSON                  011.44.1644.429262   04-JAN-00 SA_REP           6200             .1        149            80
        142 Curtis               Davies                    CDAVIES                   650.121.2994         29-JAN-97 ST_CLERK         3100 NULL                  124            50
        193 Britney              Everett                   BEVERETT                  650.501.2876         03-MAR-97 SH_CLERK         3900 NULL                  123            50
        104 Bruce                Ernst                     BERNST                    590.423.4568         21-MAY-91 IT_PROG          6000 NULL                  103            60
        196 Alana                Walsh                     AWALSH                    650.507.9811         24-APR-98 SH_CLERK         3100 NULL                  124            50
        158 Allan                McEwen                    AMCEWEN                   011.44.1345.829268   01-AUG-96 SA_REP           9000            .35        146            80
        115 Alexander            Khoo                      AKHOO                     515.127.4562         18-MAY-95 PU_CLERK         3100 NULL                  114            30
        175 Alyssa               Hutton                    AHUTTON                   011.44.1644.429266   19-MAR-97 SA_REP           8800            .25        149            80
        103 Alexander            Hunold                    AHUNOLD                   590.423.4567         03-JAN-90 IT_PROG          9000 NULL                  102            60
        121 Adam                 Fripp                     AFRIPP                    650.123.2234         10-APR-97 ST_MAN           8200 NULL                  100            50
        147 Alberto              Errazuriz                 AERRAZUR                  011.44.1344.429278   10-MAR-97 SA_MAN          12000             .3        100            80
        187 Anthony              Cabrio                    ACABRIO                   650.509.4876         07-FEB-99 SH_CLERK         3000 NULL                  121            50

EMPLOYEE_ID FIRST_NAME           LAST_NAME                 EMAIL                     PHONE_NUMBER         HIRE_DATE JOB_ID         SALARY COMMISSION_PCT MANAGER_ID DEPARTMENT_ID
----------- -------------------- ------------------------- ------------------------- -------------------- --------- ---------- ---------- -------------- ---------- -------------
        185 Alexis               Bull                      ABULL                     650.509.2876         20-FEB-97 SH_CLERK         4100 NULL                  121            50
        167 Amit                 Banda                     ABANDA                    011.44.1346.729268   21-APR-00 SA_REP           6200             .1        147            80

107 rows selected. 

SQL> command >> output.txt

Error starting at line : 1 in command -
command >> output.txt
Error report -
Unknown Command

SQL> 


SQL> 
SQLcl: Release 4.2.0.16.153.2014 RC on Thu May 16 05:10:42 2019

Copyright (c) 1982, 2019, Oracle.  All rights reserved.

Username? (''?) hr
Password? (**********?) ******
Last Successful login time: Thu May 16 2019 05:11:20 -04:00

Connected to:
Oracle Database 12c Enterprise Edition Release 12.1.0.2.0 - 64bit Production
With the Partitioning, OLAP, Advanced Analytics and Real Application Testing options


SQL> create table school(regno number(3), name(30), mark(3));

Error starting at line : 1 in command -
create table school(regno number(3), name(30), mark(3))
Error report -
ORA-00902: invalid datatype
00902. 00000 -  "invalid datatype"
*Cause:    



SQL> create table school(regno number(3), name char(30), mark number(3));
Table SCHOOL created.

SQL> insert into school values (25,'Peter',75);

1 row inserted.

SQL> insert into school values (26, 'John', 70);

1 row inserted.

SQL> select * from school;

     REGNO NAME                                 MARK
---------- ------------------------------ ----------
        25 Peter                                  75
        26 John                                   70

SQL> insert into school (27,'Smith',80);

Error starting at line : 1 in command -
insert into school (27,'Smith',80)
Error at Command Line : 1 Column : 21
Error report -
SQL Error: ORA-00928: missing SELECT keyword
00928. 00000 -  "missing SELECT keyword"
*Cause:    



SQL> insert into schoolvalues (27,'Smith',80);
Error starting at line : 1 in command -
insert into schoolvalues (27,'Smith',80)
Error at Command Line : 1 Column : 27
Error report -
SQL Error: ORA-00928: missing SELECT keyword
00928. 00000 -  "missing SELECT keyword"
*Cause:    


SQL> insert into school values (27,'Smith',80);
1 row inserted.

SQL> select * from school;

     REGNO NAME                                 MARK
---------- ------------------------------ ----------
        25 Peter                                  75
        26 John                                   70
        27 Smith                                  80

SQL> insert into school vslues(28, "Ian', 60);

Error starting at line : 1 in command -
insert into school vslues(28, "Ian', 60)
Error at Command Line : 1 Column : 27
Error report -
SQL Error: ORA-01740: missing double quote in identifier
01740. 00000 -  "missing double quote in identifier"
*Cause:    


SQL> insert into school values(28, "Ian', 60);
Error starting at line : 1 in command -
insert into school values(28, "Ian', 60)
Error at Command Line : 1 Column : 31
Error report -
SQL Error: ORA-01740: missing double quote in identifier
01740. 00000 -  "missing double quote in identifier"
*Cause:    


SQL> insert into school values(28, 'Ian', 60);
1 row inserted.


SQL> select * from school;

     REGNO NAME                                 MARK
---------- ------------------------------ ----------
        25 Peter                                  75
        26 John                                   70
        27 Smith                                  80
        28 Ian                                    60

SQL> create table Tesco(Product char(30), price number(4), QTY number(3);

Error starting at line : 1 in command -
create table Tesco(Product char(30), price number(4), QTY number(3)
Error report -
ORA-00907: missing right parenthesis
00907. 00000 -  "missing right parenthesis"
*Cause:    


SQL> create table Tesco(Product char(30), price number(4), QTY number(3));
Table TESCO created.



SQL> create table Tesco(Product char(30), price float(4), QTY number(3));
Error starting at line : 1 in command -
create table Tesco(Product char(30), price float(4), QTY number(3))
Error report -
ORA-00955: name is already used by an existing object
00955. 00000 -  "name is already used by an existing object"
*Cause:    



SQL> insert into Tesco values('milk',1,100);
1 row inserted.

SQL> select name, marks*100/150 from school;

Error starting at line : 1 in command -
select name, marks*100/150 from school
Error at Command Line : 1 Column : 14
Error report -
SQL Error: ORA-00904: "MARKS": invalid identifier
00904. 00000 -  "%s: invalid identifier"
*Cause:    
*Action:
SQL> select * from school;

     REGNO NAME                                 MARK
---------- ------------------------------ ----------
        25 Peter                                  75
        26 John                                   70
        27 Smith                                  80
        28 Ian                                    60

SQL> select name, mark * 100/150 from school;

NAME                           MARK*100/150
------------------------------ ------------
Peter                                    50
John                             46.6666667
Smith                            53.3333333
Ian                                      40

SQL> slect * from Tesco;

Error starting at line : 1 in command -
slect * from Tesco
Error report -
Unknown Command

SQL> select * from Tesco;

PRODUCT                             PRICE        QTY
------------------------------ ---------- ----------
milk                                    1        100

SQL> select name, mark*100/150 from school;

NAME                           MARK*100/150
------------------------------ ------------
Peter                                    50
John                             46.6666667
Smith                            53.3333333
Ian                                      40



SQL> select name, mark*(100/150) from school;
NAME                           MARK*(100/150)
------------------------------ --------------
Peter                                      50
John                               46.6666667
Smith                              53.3333333
Ian                                        40


SQL> select name, mark*100/150 from school;

NAME                           MARK*100/150
------------------------------ ------------
Peter                                    50
John                             46.6666667
Smith                            53.3333333
Ian                                      40

SQL> tables

TABLES                                                                          
--------------------------------------------------------------------------------
REGIONS                                                                         
LOCATIONS                                                                       
DEPARTMENTS                                                                     
JOBS                                                                            
EMPLOYEES                                                                       
JOB_HISTORY                                                                     
SCHOOL                                                                          
TESCO                                                                           
COUNTRIES                                                                       

9 rows selected. 

SQL> slect * from countries;

Error starting at line : 1 in command -
slect * from countries
Error report -
Unknown Command


SQL> select * from countries;
CO COUNTRY_NAME                              REGION_ID
-- ---------------------------------------- ----------
AR Argentina                                         2
AU Australia                                         3
BE Belgium                                           1
BR Brazil                                            2
CA Canada                                            2
CH Switzerland                                       1
CN China                                             3
DE Germany                                           1
DK Denmark                                           1
EG Egypt                                             4
FR France                                            1
HK HongKong                                          3
IL Israel                                            4
IN India                                             3
IT Italy                                             1
JP Japan                                             3
KW Kuwait                                            4
MX Mexico                                            2
NG Nigeria                                           4
NL Netherlands                                       1
SG Singapore                                         3

CO COUNTRY_NAME                              REGION_ID
-- ---------------------------------------- ----------
UK United Kingdom                                    1
US United States of America                          2
ZM Zambia                                            4
ZW Zimbabwe                                          4

25 rows selected. 

SQL> select name, marks*100/150 from school;

Error starting at line : 1 in command -
select name, marks*100/150 from school
Error at Command Line : 1 Column : 14
Error report -
SQL Error: ORA-00904: "MARKS": invalid identifier
00904. 00000 -  "%s: invalid identifier"
*Cause:    


SQL> select name, mark*100/150 from school;
NAME                           MARK*100/150
------------------------------ ------------
Peter                                    50
John                             46.6666667
Smith                            53.3333333
Ian                                      40

SQL> select * from Tesco;

PRODUCT                             PRICE        QTY
------------------------------ ---------- ----------
milk                                    1        100

SQL> insert into Tesco values('bread', 200);

Error starting at line : 1 in command -
insert into Tesco values('bread', 200)
Error at Command Line : 1 Column : 13
Error report -
SQL Error: ORA-00947: not enough values
00947. 00000 -  "not enough values"
*Cause:    


SQL> insert into Tesco values('bread', 2, 200);
1 row inserted.


SQL> select product, price*qty as Amount, (price*qty)*15/100 as Vat, (price*qty)+((price*qty)*15/100) as Bill;
Error starting at line : 1 in command -
select product, price*qty as Amount, (price*qty)*15/100 as Vat, (price*qty)+((price*qty)*15/100) as Bill
Error at Command Line : 1 Column : 104
Error report -
SQL Error: ORA-00923: FROM keyword not found where expected
00923. 00000 -  "FROM keyword not found where expected"
*Cause:    


SQL> select product, price*qty as Amount, (price*qty)*15/100 as Vat, (price*qty)+((price*qty)*15/100) as Bill;

Error starting at line : 1 in command -
select product, price*qty as Amount, (price*qty)*15/100 as Vat, (price*qty)+((price*qty)*15/100) as Bill
Error at Command Line : 1 Column : 104
Error report -
SQL Error: ORA-00923: FROM keyword not found where expected
00923. 00000 -  "FROM keyword not found where expected"
*Cause:    
*Action:
SQL> describe Tesco;
Name    Null? Type      
------- ----- --------- 
PRODUCT       CHAR(30)  
PRICE         NUMBER(4) 


SQL> describe Tesco;
Name    Null? Type      
------- ----- --------- 
PRODUCT       CHAR(30)  
PRICE         NUMBER(4) 


SQL> select product, price*qty as Amount, (price*qty)*15/100 as Vat, (price*qty)+((price*qty)*15/100) as Bill;

Error starting at line : 1 in command -
select product, price*qty as Amount, (price*qty)*15/100 as Vat, (price*qty)+((price*qty)*15/100) as Bill
Error at Command Line : 1 Column : 104
Error report -
SQL Error: ORA-00923: FROM keyword not found where expected
00923. 00000 -  "FROM keyword not found where expected"
*Cause:    


SQL> select product, price*qty as Amount, (price*qty)*15/100 as Vat, (price*qty)+((price*qty)*15/100) as Bill from Tesco;
PRODUCT                            AMOUNT        VAT       BILL
------------------------------ ---------- ---------- ----------
milk                                  100         15        115
bread                                 400         60        460

SQL> 
SQL> insert into Tesco values('choclate', 1, 20);
1 row inserted.


SQL> select product, price*qty as Amount, (price*qty)*15/100 as Vat, (price*qty)+((price*qty)*15/100) as Bill from Tesco;

PRODUCT                            AMOUNT        VAT       BILL
------------------------------ ---------- ---------- ----------
milk                                  100         15        115
bread                                 400         60        460
choclate                               20          3         23


SQL> select product, price, qty,  price*qty as Amount, (price*qty)*15/100 as Vat, (price*qty)+((price*qty)*15/100) as Bill from Tesco;
PRODUCT                             PRICE        QTY     AMOUNT        VAT
------------------------------ ---------- ---------- ---------- ----------
      BILL
----------
milk                                    1        100        100         15 
       115

bread                                   2        200        400         60 
       460

choclate                                1         20         20          3 
        23



SQL> select product,price,qty,price*qty as Amount, (price*qty)*15/100 as Vat, (price*qty)+((price*qty)*15/100) as Bill from Tesco;
PRODUCT                             PRICE        QTY     AMOUNT        VAT
------------------------------ ---------- ---------- ---------- ----------
      BILL
----------
milk                                    1        100        100         15 
       115

bread                                   2        200        400         60 
       460

choclate                                1         20         20          3 
        23


SQL> create table asda(product char(20), price_purchesed number (5,2), price_sold number (5,2), qty_purchesed number (3), qty_sold number(3);
Error starting at line : 1 in command -
create table asda(product char(20), price_purchesed number (5,2), price_sold number (5,2), qty_purchesed number (3), qty_sold number(3)
Error report -
ORA-00907: missing right parenthesis
00907. 00000 -  "missing right parenthesis"
*Cause:    


SQL> create table asda(product char(20), price_purchesed number (5,2), price_sold number (5,2), qty_purchesed number (3), qty_sold number(3));
Table ASDA created.

SQL> insert into asda('7up', 1.75,2.00,15,10);

Error starting at line : 1 in command -
insert into asda('7up', 1.75,2.00,15,10)
Error at Command Line : 1 Column : 18
Error report -
SQL Error: ORA-00928: missing SELECT keyword
00928. 00000 -  "missing SELECT keyword"
*Cause:    


SQL> insert into asda values('7up', 1.75,2.00,15,10);
1 row inserted.


SQL> insert into asda values('coke', 2.50,3.50,20,15);
1 row inserted.

SQL> insert into asda values('fanta',2.20,3.10,10,5);

1 row inserted.

SQL> select product,(price_sold-price_purchesed)*qty_sold as profit from asda;

PRODUCT                  PROFIT
-------------------- ----------
7up                         2.5
coke                         15
fanta                       4.5

SQL> select product, (qty_purchesed-qty_sold) as stock from asda;
PRODUCT                   STOCK
-------------------- ----------
7up                           5
coke                          5
fanta                         5

SQL> insert into asda('pepsi', 1.20,2.0,20,15);

Error starting at line : 1 in command -
insert into asda('pepsi', 1.20,2.0,20,15)
Error at Command Line : 1 Column : 18
Error report -
SQL Error: ORA-00928: missing SELECT keyword
00928. 00000 -  "missing SELECT keyword"
*Cause:    


SQL> insert into asda values('pepsi', 1.20,2.0,20,15);
1 row inserted.

SQL> select * from asda;

PRODUCT              PRICE_PURCHESED PRICE_SOLD QTY_PURCHESED   QTY_SOLD
-------------------- --------------- ---------- ------------- ----------
7up                             1.75          2            15         10
coke                             2.5        3.5            20         15
fanta                            2.2        3.1            10          5
pepsi                            1.2          2            20         15


SQL> select product,(price_sold-price_purchesed)*qty_sold as profit from asda;

PRODUCT                  PROFIT
-------------------- ----------
7up                         2.5
coke                         15
fanta                       4.5
pepsi                        12


SQL> select product, (qty_purchesed-qty_sold) as stock from asda;

PRODUCT                   STOCK
-------------------- ----------
7up                           5
coke                          5
fanta                         5
pepsi                         5






SQL>    SELECT Your_Column_Name

Error starting at line : 1 in command -
SELECT Your_Column_Name
Error at Command Line : 1 Column : 23
Error report -
SQL Error: ORA-00923: FROM keyword not found where expected
00923. 00000 -  "FROM keyword not found where expected"
*Cause:    
*Action:
SQL>     FROM Your_Table_Name

Error starting at line : 1 in command -
FROM Your_Table_Name
Error report -
Unknown Command

SQL>     INTO OUTFILE 'Filename.csv'

Error starting at line : 1 in command -
INTO OUTFILE 'Filename.csv'
Error report -
Unknown Command

SQL>     FIELDS TERMINATED BY ','

Error starting at line : 1 in command -
FIELDS TERMINATED BY ','
Error report -
Unknown Command

SQL>     ENCLOSED BY '"'

Error starting at line : 1 in command -






SQL>    SELECT product, price_purchesed
  2      FROM asda
  3      INTO OUTFILE 'Filename.csv'
  4      FIELDS TERMINATED BY ','
  5      ENCLOSED BY '"'
  6*     LINES TERMINATED BY '\n';
Error starting at line : 1 in command -
SELECT product, price_purchesed
    FROM asda
    INTO OUTFILE 'Filename.csv'
    FIELDS TERMINATED BY ','
    ENCLOSED BY '"'
    LINES TERMINATED BY '\n'
Error at Command Line : 3 Column : 5








SQL> SELECT * from asda INTO OUTFILE 'Filename.csv'
  2      FIELDS TERMINATED BY ','
  3      ENCLOSED BY '"'
  4*     LINES TERMINATED BY '\n';
Error starting at line : 1 in command -
SELECT * from asda INTO OUTFILE 'Filename.csv'
    FIELDS TERMINATED BY ','
    ENCLOSED BY '"'
    LINES TERMINATED BY '\n'
Error at Command Line : 1 Column : 20
Error report -
SQL Error: ORA-00933: SQL command not properly ended









SQL> select * from asda;

PRODUCT              PRICE_PURCHESED PRICE_SOLD QTY_PURCHESED   QTY_SOLD
-------------------- --------------- ---------- ------------- ----------
7up                             1.75          2            15         10
coke                             2.5        3.5            20         15
fanta                            2.2        3.1            10          5








SQL> select product,(price_sold-price_purchesed)*qty_sold as profit from asda;

PRODUCT                  PROFIT
-------------------- ----------
7up                         2.5
coke                         15
fanta                       4.5








SQL> select product, (qty_purchesed-qty_sold) as stock from asda;

PRODUCT                   STOCK
-------------------- ----------
7up                           5
coke                          5
fanta                         5
pepsi                         5

SQL> select * from tesco where product ='7up';


SQL> select * from asda  where product ='7up';
PRODUCT              PRICE_PURCHESED PRICE_SOLD QTY_PURCHESED   QTY_SOLD
-------------------- --------------- ---------- ------------- ----------
7up                             1.75          2            15         10

SQL> select * from school;

     REGNO NAME                                 MARK
---------- ------------------------------ ----------
        25 Peter                                  75
        26 John                                   70
        27 Smith                                  80
        28 Ian                                    60

SQL> select name, marks*100/150 as percentage from school where regno =2;

Error starting at line : 1 in command -
select name, marks*100/150 as percentage from school where regno =2
Error at Command Line : 1 Column : 14
Error report -
SQL Error: ORA-00904: "MARKS": invalid identifier
00904. 00000 -  "%s: invalid identifier"
*Cause:    




SQL> select name, mark*100/150 as percentage from school where regno =26;
NAME                           PERCENTAGE
------------------------------ ----------
John                           46.6666667



SQL> select name, mark*100/150 as percentage from school where regno >26;
NAME                           PERCENTAGE
------------------------------ ----------
Smith                          53.3333333
Ian                                    40

SQL> select product,qty_purchesed, qty_sold as stock from asda where qty_purchersed-qty_sold < 10;

Error starting at line : 1 in command -
select product,qty_purchesed, qty_sold as stock from asda where qty_purchersed-qty_sold < 10
Error at Command Line : 1 Column : 65
Error report -
SQL Error: ORA-00904: "QTY_PURCHERSED": invalid identifier
00904. 00000 -  "%s: invalid identifier"
*Cause:    


SQL> select product,qty_purchesed, qty_sold as stock from asda where qty_purchersed-qty_sold < 5;
Error starting at line : 1 in command -
select product,qty_purchesed, qty_sold as stock from asda where qty_purchersed-qty_sold < 5
Error at Command Line : 1 Column : 65
Error report -
SQL Error: ORA-00904: "QTY_PURCHERSED": invalid identifier
00904. 00000 -  "%s: invalid identifier"
*Cause:    


SQL> select product,qty_purchesed, qty_sold as stock from asda where qty_purchersed-qty_sold < 2;
Error starting at line : 1 in command -
select product,qty_purchesed, qty_sold as stock from asda where qty_purchersed-qty_sold < 2
Error at Command Line : 1 Column : 65
Error report -
SQL Error: ORA-00904: "QTY_PURCHERSED": invalid identifier
00904. 00000 -  "%s: invalid identifier"
*Cause:    








SQL> select product,qty_purchesed, qty_sold as stock from asda where qty_purchesed-qty_sold < 10;
PRODUCT              QTY_PURCHESED      STOCK
-------------------- ------------- ----------
7up                             15         10
coke                            20         15
fanta                           10          5




SQL> create table consulants (regno number(2), name char(20), client char(20), software char(10), marks number(3);_
Error starting at line : 1 in command -
create table consulants (regno number(2), name char(20), client char(20), software char(10), marks number(3)
Error report -
ORA-00907: missing right parenthesis
00907. 00000 -  "missing right parenthesis"
*Cause:    
*Action:

Error starting at line : 1 in command -
_
Error report -
Unknown Command


SQL> create table consulants (regno number(2), name char(20), client char(20), software char(10), marks number(3));
Table CONSULANTS created.

SQL> select * from consultants;

Error starting at line : 1 in command -
select * from consultants
Error at Command Line : 1 Column : 15
Error report -
SQL Error: ORA-00942: table or view does not exist
00942. 00000 -  "table or view does not exist"
*Cause:    


SQL> insert into consultants values(1, 'a', 'ibm', 'java', 95);
Error starting at line : 1 in command -
insert into consultants values(1, 'a', 'ibm', 'java', 95)
Error at Command Line : 1 Column : 13
Error report -
SQL Error: ORA-00942: table or view does not exist
00942. 00000 -  "table or view does not exist"
*Cause:    


SQL> insert into consultants value(1, 'a', 'ibm', 'java', 95);
Error starting at line : 1 in command -
insert into consultants value(1, 'a', 'ibm', 'java', 95)
Error at Command Line : 1 Column : 31
Error report -
SQL Error: ORA-00928: missing SELECT keyword
00928. 00000 -  "missing SELECT keyword"
*Cause:    


SQL> insert into consultants values(1,'a','ibm','java',95);
Error starting at line : 1 in command -
insert into consultants values(1,'a','ibm','java',95)
Error at Command Line : 1 Column : 13
Error report -
SQL Error: ORA-00942: table or view does not exist
00942. 00000 -  "table or view does not exist"
*Cause:    


SQL> create table consulants (regno number(2), name char(20), client char(20), software char(10), marks number(3));

Error starting at line : 1 in command -
create table consulants (regno number(2), name char(20), client char(20), software char(10), marks number(3))
Error report -
ORA-00955: name is already used by an existing object
00955. 00000 -  "name is already used by an existing object"
*Cause:    


SQL> select * from consultants;

Error starting at line : 1 in command -
select * from consultants
Error at Command Line : 1 Column : 15
Error report -
SQL Error: ORA-00942: table or view does not exist
00942. 00000 -  "table or view does not exist"
*Cause:    


SQL> create table consulans (regno number(2), name char(20), client char(20), software char(10), marks number(3));
Table CONSULANS created.


SQL> create table consulans (regno number(2), name char(20), client char(20), software char(10), marks number(3));
Error starting at line : 1 in command -
create table consulans (regno number(2), name char(20), client char(20), software char(10), marks number(3))
Error report -
ORA-00955: name is already used by an existing object
00955. 00000 -  "name is already used by an existing object"
*Cause:    





SQL> insert into consulans values(1,'a','ibm','java',95);
1 row inserted.


SQL> insert into consulans values(2,'b','ons','java',80);
1 row inserted.


SQL> insert into consulans values(3,'c','ibm','python',90);
1 row inserted.


SQL> insert into consulans values(4,'d','ons','python',95);
1 row inserted.

SQL> select * from consulans;

     REGNO NAME                 CLIENT               SOFTWARE        MARKS
---------- -------------------- -------------------- ---------- ----------
         1 a                    ibm                  java               95
         2 b                    ons                  java               80
         3 c                    ibm                  python             90
         4 d                    ons                  python             95

SQL> select * from consulans where client 'ibm' and software = 'java';

Error starting at line : 1 in command -
select * from consulans where client 'ibm' and software = 'java'
Error at Command Line : 1 Column : 38
Error report -
SQL Error: ORA-00920: invalid relational operator
00920. 00000 -  "invalid relational operator"
*Cause:    



SQL> select * from consulans where client 'ibm' AND software = 'java';
Error starting at line : 1 in command -
select * from consulans where client 'ibm' AND software = 'java'
Error at Command Line : 1 Column : 38
Error report -
SQL Error: ORA-00920: invalid relational operator
00920. 00000 -  "invalid relational operator"
*Cause:    
*Action:
SQL> SETLINE SIZE 400;
SP2-0158: unknown SET option "size"


SQL> select * from consulans where client = 'ibm' AND software = 'java';
     REGNO NAME                 CLIENT               SOFTWARE        MARKS
---------- -------------------- -------------------- ---------- ----------
         1 a                    ibm                  java               95

SQL> select * from consulans where marks >= 80 and marks <=90;

     REGNO NAME                 CLIENT               SOFTWARE        MARKS
---------- -------------------- -------------------- ---------- ----------
         2 b                    ons                  java               80
         3 c                    ibm                  python             90

SQL> insert into cons


SQL> 


SQL> select * from consulans where (client in ('ibm', 'ons') or software ='java' and marks > 90;

Error starting at line : 1 in command -
select * from consulans where (client in ('ibm', 'ons') or software ='java' and marks > 90
Error at Command Line : 1 Column : 39
Error report -
SQL Error: ORA-00907: missing right parenthesis
00907. 00000 -  "missing right parenthesis"
*Cause:    


SQL> select * from consulans where (client in ('ibm', 'ons') or software ='java') and marks > 90;
     REGNO NAME                 CLIENT               SOFTWARE        MARKS
---------- -------------------- -------------------- ---------- ----------
         1 a                    ibm                  java               95
         4 d                    ons                  python             95

SQL> insert into consulans values(5,'e', 'bdi','vb',86);

1 row inserted.

SQL> insert into consulans values(6,'f','bdi','vb',78);

1 row inserted.


SQL> select * from consulans where (client in ('ibm', 'ons') or software ='java') and marks > 90;

     REGNO NAME                 CLIENT               SOFTWARE        MARKS
---------- -------------------- -------------------- ---------- ----------
         1 a                    ibm                  java               95
         4 d                    ons                  python             95

SQL> select * from consulans;

     REGNO NAME                 CLIENT               SOFTWARE        MARKS
---------- -------------------- -------------------- ---------- ----------
         1 a                    ibm                  java               95
         2 b                    ons                  java               80
         3 c                    ibm                  python             90
         4 d                    ons                  python             95
         5 e                    bdi                  vb                 86
         6 f                    bdi                  vb                 78

6 rows selected. 

SQL> s

Error starting at line : 1 in command -
s
Error report -
Unknown Command

SQL> select * from consulans where (client in('bdi','bm') or subject = 'vb') and marks >70;

Error starting at line : 1 in command -
select * from consulans where (client in('bdi','bm') or subject = 'vb') and marks >70
Error at Command Line : 1 Column : 57
Error report -
SQL Error: ORA-00904: "SUBJECT": invalid identifier
00904. 00000 -  "%s: invalid identifier"
*Cause:    



SQL> select * from consulans where (client in('bdi','bm') or subject = 'vb') and marks >70);
Error starting at line : 1 in command -
select * from consulans where (client in('bdi','bm') or subject = 'vb') and marks >70)
Error at Command Line : 1 Column : 86
Error report -
SQL Error: ORA-00933: SQL command not properly ended
00933. 00000 -  "SQL command not properly ended"
*Cause:    


SQL> select * from consulans where (client in('bdi','bm') or subject = 'vb') and marks >70);
Error starting at line : 1 in command -
select * from consulans where (client in('bdi','bm') or subject = 'vb') and marks >70)
Error at Command Line : 1 Column : 86
Error report -
SQL Error: ORA-00933: SQL command not properly ended
00933. 00000 -  "SQL command not properly ended"
*Cause:    


SQL> select * from consulans where (client in('bdi','bm') or subject = 'vb') and marks >70;
Error starting at line : 1 in command -
select * from consulans where (client in('bdi','bm') or subject = 'vb') and marks >70
Error at Command Line : 1 Column : 57
Error report -
SQL Error: ORA-00904: "SUBJECT": invalid identifier
00904. 00000 -  "%s: invalid identifier"
*Cause:    


SQL> select * from consulans where (client in ('ibm', 'ons') or software ='java') and marks > 90;

     REGNO NAME                 CLIENT               SOFTWARE        MARKS
---------- -------------------- -------------------- ---------- ----------
         1 a                    ibm                  java               95
         4 d                    ons                  python             95

SQL> select * from consulans;

     REGNO NAME                 CLIENT               SOFTWARE        MARKS
---------- -------------------- -------------------- ---------- ----------
         1 a                    ibm                  java               95
         2 b                    ons                  java               80
         3 c                    ibm                  python             90
         4 d                    ons                  python             95
         5 e                    bdi                  vb                 86
         6 f                    bdi                  vb                 78

6 rows selected. 

SQL> select * from consulans where not client in ('ons','bdi');

     REGNO NAME                 CLIENT               SOFTWARE        MARKS
---------- -------------------- -------------------- ---------- ----------
         1 a                    ibm                  java               95
         3 c                    ibm                  python             90

SQL> select * from consulans where not client in ('ons','java');

     REGNO NAME                 CLIENT               SOFTWARE        MARKS
---------- -------------------- -------------------- ---------- ----------
         1 a                    ibm                  java               95
         3 c                    ibm                  python             90
         5 e                    bdi                  vb                 86
         6 f                    bdi                  vb                 78



SQL> create table nationwide ('regno', 'name', 'salary');
Error starting at line : 1 in command -
create table nationwide ('regno', 'name', 'salary')
Error report -
ORA-00904: : invalid identifier
00904. 00000 -  "%s: invalid identifier"
*Cause:    


SQL> create table nationwide values('regno', 'name', 'salary');
Error starting at line : 1 in command -
create table nationwide values('regno', 'name', 'salary')
Error report -
ORA-00922: missing or invalid option
00922. 00000 -  "missing or invalid option"
*Cause:    


SQL> create table nationwide('regno', 'name', 'salary');
Error starting at line : 1 in command -
create table nationwide('regno', 'name', 'salary')
Error report -
ORA-00904: : invalid identifier
00904. 00000 -  "%s: invalid identifier"
*Cause:    


SQL> create table nationwide('regno'char(3), 'name' char(30), 'salary' number(6));
Error starting at line : 1 in command -
create table nationwide('regno'char(3), 'name' char(30), 'salary' number(6))
Error report -
ORA-00904: : invalid identifier
00904. 00000 -  "%s: invalid identifier"
*Cause:    


SQL> create table nationwide('regno' char(3), 'name' char(30), 'salary' number(6));
Error starting at line : 1 in command -
create table nationwide('regno' char(3), 'name' char(30), 'salary' number(6))
Error report -
ORA-00904: : invalid identifier
00904. 00000 -  "%s: invalid identifier"
*Cause:    


SQL> create table nationwide(regno char(3), name char(30), salary number(6));
Table NATIONWIDE created.

SQL> insert into nationwide values(1, 'john', 20000);

1 row inserted.

SQL> insert into nationwide values(2,'peter',21000);

1 row inserted.


SQL> insert into nationwide values(2,'smiyj',25000);
1 row inserted.


SQL> insert into nationwide values(2,'late ben',23000);
1 row inserted.

SQL> select * from nationwide;

REG NAME                               SALARY
--- ------------------------------ ----------
1   john                                20000
2   peter                               21000
2   smiyj                               25000
2   late ben                            23000

SQL> update nationwide set name ='smith' where name ='smiyj';

1 row updated.


SQL> select * from nationwide;

REG NAME                               SALARY
--- ------------------------------ ----------
1   john                                20000
2   peter                               21000
2   smith                               25000
2   late ben                            23000

SQL> update set reg = 3 where name ='smith';

Error starting at line : 1 in command -
update set reg = 3 where name ='smith'
Error at Command Line : 1 Column : 8
Error report -
SQL Error: ORA-00903: invalid table name
00903. 00000 -  "invalid table name"
*Cause:    


SQL> update nationwide set reg = 3 where name ='smith';
Error starting at line : 1 in command -
update nationwide set reg = 3 where name ='smith'
Error at Command Line : 1 Column : 23
Error report -
SQL Error: ORA-00904: "REG": invalid identifier
00904. 00000 -  "%s: invalid identifier"
*Cause:    


SQL> update nationwide set reg = '3' where name ='smith';
Error starting at line : 1 in command -
update nationwide set reg = '3' where name ='smith'
Error at Command Line : 1 Column : 23
Error report -
SQL Error: ORA-00904: "REG": invalid identifier
00904. 00000 -  "%s: invalid identifier"
*Cause:    


SQL> update nationwide set regno = 3 where name ='smith';
1 row updated.


SQL> select * from nationwide;

REG NAME                               SALARY
--- ------------------------------ ----------
1   john                                20000
2   peter                               21000
3   smith                               25000
2   late ben                            23000


SQL> update nationwide set regno = 4 where name ='late smith';
0 rows updated.


SQL> update nationwide set regno = 4 where name ='late ben';
1 row updated.


SQL> select * from nationwide;

REG NAME                               SALARY
--- ------------------------------ ----------
1   john                                20000
2   peter                               21000
3   smith                               25000
4   late ben                            23000

SQL> select * from employees;

EMPLOYEE_ID FIRST_NAME           LAST_NAME                 EMAIL                     PHONE_NUMBER         HIRE_DATE JOB_ID         SALARY COMMISSION_PCT MANAGER_ID DEPARTMENT_ID
----------- -------------------- ------------------------- ------------------------- -------------------- --------- ---------- ---------- -------------- ---------- -------------
        100 Steven               King                      SKING                     515.123.4567         17-JUN-87 AD_PRES         24000 NULL           NULL                  90
        101 Neena                Kochhar                   NKOCHHAR                  515.123.4568         21-SEP-89 AD_VP           17000 NULL                  100            90
        102 Lex                  De Haan                   LDEHAAN                   515.123.4569         13-JAN-93 AD_VP           17000 NULL                  100            90
        103 Alexander            Hunold                    AHUNOLD                   590.423.4567         03-JAN-90 IT_PROG          9000 NULL                  102            60
        104 Bruce                Ernst                     BERNST                    590.423.4568         21-MAY-91 IT_PROG          6000 NULL                  103            60
        105 David                Austin                    DAUSTIN                   590.423.4569         25-JUN-97 IT_PROG          4800 NULL                  103            60
        106 Valli                Pataballa                 VPATABAL                  590.423.4560         05-FEB-98 IT_PROG          4800 NULL                  103            60
        107 Diana                Lorentz                   DLORENTZ                  590.423.5567         07-FEB-99 IT_PROG          4200 NULL                  103            60
        108 Nancy                Greenberg                 NGREENBE                  515.124.4569         17-AUG-94 FI_MGR          12000 NULL                  101           100
        109 Daniel               Faviet                    DFAVIET                   515.124.4169         16-AUG-94 FI_ACCOUNT       9000 NULL                  108           100
        110 John                 Chen                      JCHEN                     515.124.4269         28-SEP-97 FI_ACCOUNT       8200 NULL                  108           100
        111 Ismael               Sciarra                   ISCIARRA                  515.124.4369         30-SEP-97 FI_ACCOUNT       7700 NULL                  108           100
        112 Jose Manuel          Urman                     JMURMAN                   515.124.4469         07-MAR-98 FI_ACCOUNT       7800 NULL                  108           100
        113 Luis                 Popp                      LPOPP                     515.124.4567         07-DEC-99 FI_ACCOUNT       6900 NULL                  108           100
        114 Den                  Raphaely                  DRAPHEAL                  515.127.4561         07-DEC-94 PU_MAN          11000 NULL                  100            30
        115 Alexander            Khoo                      AKHOO                     515.127.4562         18-MAY-95 PU_CLERK         3100 NULL                  114            30
        116 Shelli               Baida                     SBAIDA                    515.127.4563         24-DEC-97 PU_CLERK         2900 NULL                  114            30
        117 Sigal                Tobias                    STOBIAS                   515.127.4564         24-JUL-97 PU_CLERK         2800 NULL                  114            30
        118 Guy                  Himuro                    GHIMURO                   515.127.4565         15-NOV-98 PU_CLERK         2600 NULL                  114            30
        119 Karen                Colmenares                KCOLMENA                  515.127.4566         10-AUG-99 PU_CLERK         2500 NULL                  114            30
        120 Matthew              Weiss                     MWEISS                    650.123.1234         18-JUL-96 ST_MAN           8000 NULL                  100            50

EMPLOYEE_ID FIRST_NAME           LAST_NAME                 EMAIL                     PHONE_NUMBER         HIRE_DATE JOB_ID         SALARY COMMISSION_PCT MANAGER_ID DEPARTMENT_ID
----------- -------------------- ------------------------- ------------------------- -------------------- --------- ---------- ---------- -------------- ---------- -------------
        121 Adam                 Fripp                     AFRIPP                    650.123.2234         10-APR-97 ST_MAN           8200 NULL                  100            50
        122 Payam                Kaufling                  PKAUFLIN                  650.123.3234         01-MAY-95 ST_MAN           7900 NULL                  100            50
        123 Shanta               Vollman                   SVOLLMAN                  650.123.4234         10-OCT-97 ST_MAN           6500 NULL                  100            50
        124 Kevin                Mourgos                   KMOURGOS                  650.123.5234         16-NOV-99 ST_MAN           5800 NULL                  100            50
        125 Julia                Nayer                     JNAYER                    650.124.1214         16-JUL-97 ST_CLERK         3200 NULL                  120            50
        126 Irene                Mikkilineni               IMIKKILI                  650.124.1224         28-SEP-98 ST_CLERK         2700 NULL                  120            50
        127 James                Landry                    JLANDRY                   650.124.1334         14-JAN-99 ST_CLERK         2400 NULL                  120            50
        128 Steven               Markle                    SMARKLE                   650.124.1434         08-MAR-00 ST_CLERK         2200 NULL                  120            50
        129 Laura                Bissot                    LBISSOT                   650.124.5234         20-AUG-97 ST_CLERK         3300 NULL                  121            50
        130 Mozhe                Atkinson                  MATKINSO                  650.124.6234         30-OCT-97 ST_CLERK         2800 NULL                  121            50
        131 James                Marlow                    JAMRLOW                   650.124.7234         16-FEB-97 ST_CLERK         2500 NULL                  121            50
        132 TJ                   Olson                     TJOLSON                   650.124.8234         10-APR-99 ST_CLERK         2100 NULL                  121            50
        133 Jason                Mallin                    JMALLIN                   650.127.1934         14-JUN-96 ST_CLERK         3300 NULL                  122            50
        134 Michael              Rogers                    MROGERS                   650.127.1834         26-AUG-98 ST_CLERK         2900 NULL                  122            50
        135 Ki                   Gee                       KGEE                      650.127.1734         12-DEC-99 ST_CLERK         2400 NULL                  122            50
        136 Hazel                Philtanker                HPHILTAN                  650.127.1634         06-FEB-00 ST_CLERK         2200 NULL                  122            50
        137 Renske               Ladwig                    RLADWIG                   650.121.1234         14-JUL-95 ST_CLERK         3600 NULL                  123            50
        138 Stephen              Stiles                    SSTILES                   650.121.2034         26-OCT-97 ST_CLERK         3200 NULL                  123            50
        139 John                 Seo                       JSEO                      650.121.2019         12-FEB-98 ST_CLERK         2700 NULL                  123            50
        140 Joshua               Patel                     JPATEL                    650.121.1834         06-APR-98 ST_CLERK         2500 NULL                  123            50
        141 Trenna               Rajs                      TRAJS                     650.121.8009         17-OCT-95 ST_CLERK         3500 NULL                  124            50

EMPLOYEE_ID FIRST_NAME           LAST_NAME                 EMAIL                     PHONE_NUMBER         HIRE_DATE JOB_ID         SALARY COMMISSION_PCT MANAGER_ID DEPARTMENT_ID
----------- -------------------- ------------------------- ------------------------- -------------------- --------- ---------- ---------- -------------- ---------- -------------
        142 Curtis               Davies                    CDAVIES                   650.121.2994         29-JAN-97 ST_CLERK         3100 NULL                  124            50
        143 Randall              Matos                     RMATOS                    650.121.2874         15-MAR-98 ST_CLERK         2600 NULL                  124            50
        144 Peter                Vargas                    PVARGAS                   650.121.2004         09-JUL-98 ST_CLERK         2500 NULL                  124            50
        145 John                 Russell                   JRUSSEL                   011.44.1344.429268   01-OCT-96 SA_MAN          14000             .4        100            80
        146 Karen                Partners                  KPARTNER                  011.44.1344.467268   05-JAN-97 SA_MAN          13500             .3        100            80
        147 Alberto              Errazuriz                 AERRAZUR                  011.44.1344.429278   10-MAR-97 SA_MAN          12000             .3        100            80
        148 Gerald               Cambrault                 GCAMBRAU                  011.44.1344.619268   15-OCT-99 SA_MAN          11000             .3        100            80
        149 Eleni                Zlotkey                   EZLOTKEY                  011.44.1344.429018   29-JAN-00 SA_MAN          10500             .2        100            80
        150 Peter                Tucker                    PTUCKER                   011.44.1344.129268   30-JAN-97 SA_REP          10000             .3        145            80
        151 David                Bernstein                 DBERNSTE                  011.44.1344.345268   24-MAR-97 SA_REP           9500            .25        145            80
        152 Peter                Hall                      PHALL                     011.44.1344.478968   20-AUG-97 SA_REP           9000            .25        145            80
        153 Christopher          Olsen                     COLSEN                    011.44.1344.498718   30-MAR-98 SA_REP           8000             .2        145            80
        154 Nanette              Cambrault                 NCAMBRAU                  011.44.1344.987668   09-DEC-98 SA_REP           7500             .2        145            80
        155 Oliver               Tuvault                   OTUVAULT                  011.44.1344.486508   23-NOV-99 SA_REP           7000            .15        145            80
        156 Janette              King                      JKING                     011.44.1345.429268   30-JAN-96 SA_REP          10000            .35        146            80
        157 Patrick              Sully                     PSULLY                    011.44.1345.929268   04-MAR-96 SA_REP           9500            .35        146            80
        158 Allan                McEwen                    AMCEWEN                   011.44.1345.829268   01-AUG-96 SA_REP           9000            .35        146            80
        159 Lindsey              Smith                     LSMITH                    011.44.1345.729268   10-MAR-97 SA_REP           8000             .3        146            80
        160 Louise               Doran                     LDORAN                    011.44.1345.629268   15-DEC-97 SA_REP           7500             .3        146            80
        161 Sarath               Sewall                    SSEWALL                   011.44.1345.529268   03-NOV-98 SA_REP           7000            .25        146            80
        162 Clara                Vishney                   CVISHNEY                  011.44.1346.129268   11-NOV-97 SA_REP          10500            .25        147            80

EMPLOYEE_ID FIRST_NAME           LAST_NAME                 EMAIL                     PHONE_NUMBER         HIRE_DATE JOB_ID         SALARY COMMISSION_PCT MANAGER_ID DEPARTMENT_ID
----------- -------------------- ------------------------- ------------------------- -------------------- --------- ---------- ---------- -------------- ---------- -------------
        163 Danielle             Greene                    DGREENE                   011.44.1346.229268   19-MAR-99 SA_REP           9500            .15        147            80
        164 Mattea               Marvins                   MMARVINS                  011.44.1346.329268   24-JAN-00 SA_REP           7200             .1        147            80
        165 David                Lee                       DLEE                      011.44.1346.529268   23-FEB-00 SA_REP           6800             .1        147            80
        166 Sundar               Ande                      SANDE                     011.44.1346.629268   24-MAR-00 SA_REP           6400             .1        147            80
        167 Amit                 Banda                     ABANDA                    011.44.1346.729268   21-APR-00 SA_REP           6200             .1        147            80
        168 Lisa                 Ozer                      LOZER                     011.44.1343.929268   11-MAR-97 SA_REP          11500            .25        148            80
        169 Harrison             Bloom                     HBLOOM                    011.44.1343.829268   23-MAR-98 SA_REP          10000             .2        148            80
        170 Tayler               Fox                       TFOX                      011.44.1343.729268   24-JAN-98 SA_REP           9600             .2        148            80
        171 William              Smith                     WSMITH                    011.44.1343.629268   23-FEB-99 SA_REP           7400            .15        148            80
        172 Elizabeth            Bates                     EBATES                    011.44.1343.529268   24-MAR-99 SA_REP           7300            .15        148            80
        173 Sundita              Kumar                     SKUMAR                    011.44.1343.329268   21-APR-00 SA_REP           6100             .1        148            80
        174 Ellen                Abel                      EABEL                     011.44.1644.429267   11-MAY-96 SA_REP          11000             .3        149            80
        175 Alyssa               Hutton                    AHUTTON                   011.44.1644.429266   19-MAR-97 SA_REP           8800            .25        149            80
        176 Jonathon             Taylor                    JTAYLOR                   011.44.1644.429265   24-MAR-98 SA_REP           8600             .2        149            80
        177 Jack                 Livingston                JLIVINGS                  011.44.1644.429264   23-APR-98 SA_REP           8400             .2        149            80
        178 Kimberely            Grant                     KGRANT                    011.44.1644.429263   24-MAY-99 SA_REP           7000            .15        149 NULL         
        179 Charles              Johnson                   CJOHNSON                  011.44.1644.429262   04-JAN-00 SA_REP           6200             .1        149            80
        180 Winston              Taylor                    WTAYLOR                   650.507.9876         24-JAN-98 SH_CLERK         3200 NULL                  120            50
        181 Jean                 Fleaur                    JFLEAUR                   650.507.9877         23-FEB-98 SH_CLERK         3100 NULL                  120            50
        182 Martha               Sullivan                  MSULLIVA                  650.507.9878         21-JUN-99 SH_CLERK         2500 NULL                  120            50
        183 Girard               Geoni                     GGEONI                    650.507.9879         03-FEB-00 SH_CLERK         2800 NULL                  120            50

EMPLOYEE_ID FIRST_NAME           LAST_NAME                 EMAIL                     PHONE_NUMBER         HIRE_DATE JOB_ID         SALARY COMMISSION_PCT MANAGER_ID DEPARTMENT_ID
----------- -------------------- ------------------------- ------------------------- -------------------- --------- ---------- ---------- -------------- ---------- -------------
        184 Nandita              Sarchand                  NSARCHAN                  650.509.1876         27-JAN-96 SH_CLERK         4200 NULL                  121            50
        185 Alexis               Bull                      ABULL                     650.509.2876         20-FEB-97 SH_CLERK         4100 NULL                  121            50
        186 Julia                Dellinger                 JDELLING                  650.509.3876         24-JUN-98 SH_CLERK         3400 NULL                  121            50
        187 Anthony              Cabrio                    ACABRIO                   650.509.4876         07-FEB-99 SH_CLERK         3000 NULL                  121            50
        188 Kelly                Chung                     KCHUNG                    650.505.1876         14-JUN-97 SH_CLERK         3800 NULL                  122            50
        189 Jennifer             Dilly                     JDILLY                    650.505.2876         13-AUG-97 SH_CLERK         3600 NULL                  122            50
        190 Timothy              Gates                     TGATES                    650.505.3876         11-JUL-98 SH_CLERK         2900 NULL                  122            50
        191 Randall              Perkins                   RPERKINS                  650.505.4876         19-DEC-99 SH_CLERK         2500 NULL                  122            50
        192 Sarah                Bell                      SBELL                     650.501.1876         04-FEB-96 SH_CLERK         4000 NULL                  123            50
        193 Britney              Everett                   BEVERETT                  650.501.2876         03-MAR-97 SH_CLERK         3900 NULL                  123            50
        194 Samuel               McCain                    SMCCAIN                   650.501.3876         01-JUL-98 SH_CLERK         3200 NULL                  123            50
        195 Vance                Jones                     VJONES                    650.501.4876         17-MAR-99 SH_CLERK         2800 NULL                  123            50
        196 Alana                Walsh                     AWALSH                    650.507.9811         24-APR-98 SH_CLERK         3100 NULL                  124            50
        197 Kevin                Feeney                    KFEENEY                   650.507.9822         23-MAY-98 SH_CLERK         3000 NULL                  124            50
        198 Donald               OConnell                  DOCONNEL                  650.507.9833         21-JUN-99 SH_CLERK         2600 NULL                  124            50
        199 Douglas              Grant                     DGRANT                    650.507.9844         13-JAN-00 SH_CLERK         2600 NULL                  124            50
        200 Jennifer             Whalen                    JWHALEN                   515.123.4444         17-SEP-87 AD_ASST          4400 NULL                  101            10
        201 Michael              Hartstein                 MHARTSTE                  515.123.5555         17-FEB-96 MK_MAN          13000 NULL                  100            20
        202 Pat                  Fay                       PFAY                      603.123.6666         17-AUG-97 MK_REP           6000 NULL                  201            20
        203 Susan                Mavris                    SMAVRIS                   515.123.7777         07-JUN-94 HR_REP           6500 NULL                  101            40
        204 Hermann              Baer                      HBAER                     515.123.8888         07-JUN-94 PR_REP          10000 NULL                  101            70

EMPLOYEE_ID FIRST_NAME           LAST_NAME                 EMAIL                     PHONE_NUMBER         HIRE_DATE JOB_ID         SALARY COMMISSION_PCT MANAGER_ID DEPARTMENT_ID
----------- -------------------- ------------------------- ------------------------- -------------------- --------- ---------- ---------- -------------- ---------- -------------
        205 Shelley              Higgins                   SHIGGINS                  515.123.8080         07-JUN-94 AC_MGR          12000 NULL                  101           110
        206 William              Gietz                     WGIETZ                    515.123.8181         07-JUN-94 AC_ACCOUNT       8300 NULL                  205           110

107 rows selected. 

SQL> describe employyes

ERROR:
ORA-04043: object employyes does not exist
SQL> describe employes

ERROR:


SQL> describe employees;Name           Null?    Type         
-------------- -------- ------------ 
EMPLOYEE_ID    NOT NULL NUMBER(6)    
FIRST_NAME              VARCHAR2(20) 
LAST_NAME      NOT NULL VARCHAR2(25) 
EMAIL          NOT NULL VARCHAR2(25) 
PHONE_NUMBER            VARCHAR2(20) 
HIRE_DATE      NOT NULL DATE         
JOB_ID         NOT NULL VARCHAR2(10) 
SALARY                  NUMBER(8,2)  
COMMISSION_PCT          NUMBER(2,2)  
MANAGER_ID              NUMBER(6)    
DEPARTMENT_ID           NUMBER(4)    
SQL> select employees where salary between 9000 and 10000;

Error starting at line : 1 in command -
select employees where salary between 9000 and 10000
Error at Command Line : 1 Column : 18
Error report -
SQL Error: ORA-00923: FROM keyword not found where expected
00923. 00000 -  "FROM keyword not found where expected"
*Cause:    


SQL> select * from employees where salary between 9000 and 10000;
EMPLOYEE_ID FIRST_NAME           LAST_NAME                 EMAIL                     PHONE_NUMBER         HIRE_DATE JOB_ID         SALARY COMMISSION_PCT MANAGER_ID DEPARTMENT_ID
----------- -------------------- ------------------------- ------------------------- -------------------- --------- ---------- ---------- -------------- ---------- -------------
        103 Alexander            Hunold                    AHUNOLD                   590.423.4567         03-JAN-90 IT_PROG          9000 NULL                  102            60
        109 Daniel               Faviet                    DFAVIET                   515.124.4169         16-AUG-94 FI_ACCOUNT       9000 NULL                  108           100
        150 Peter                Tucker                    PTUCKER                   011.44.1344.129268   30-JAN-97 SA_REP          10000             .3        145            80
        151 David                Bernstein                 DBERNSTE                  011.44.1344.345268   24-MAR-97 SA_REP           9500            .25        145            80
        152 Peter                Hall                      PHALL                     011.44.1344.478968   20-AUG-97 SA_REP           9000            .25        145            80
        156 Janette              King                      JKING                     011.44.1345.429268   30-JAN-96 SA_REP          10000            .35        146            80
        157 Patrick              Sully                     PSULLY                    011.44.1345.929268   04-MAR-96 SA_REP           9500            .35        146            80
        158 Allan                McEwen                    AMCEWEN                   011.44.1345.829268   01-AUG-96 SA_REP           9000            .35        146            80
        163 Danielle             Greene                    DGREENE                   011.44.1346.229268   19-MAR-99 SA_REP           9500            .15        147            80
        169 Harrison             Bloom                     HBLOOM                    011.44.1343.829268   23-MAR-98 SA_REP          10000             .2        148            80
        170 Tayler               Fox                       TFOX                      011.44.1343.729268   24-JAN-98 SA_REP           9600             .2        148            80
        204 Hermann              Baer                      HBAER                     515.123.8888         07-JUN-94 PR_REP          10000 NULL                  101            70

12 rows selected. 

SQL> select * from employees where salary = 9000 or commision = 'null';

Error starting at line : 1 in command -
select * from employees where salary = 9000 or commision = 'null'
Error at Command Line : 1 Column : 48
Error report -
SQL Error: ORA-00904: "COMMISION": invalid identifier
00904. 00000 -  "%s: invalid identifier"
*Cause:    



SQL> select * from employees where salary = 9000 or commission = 'null';
Error starting at line : 1 in command -
select * from employees where salary = 9000 or commission = 'null'
Error at Command Line : 1 Column : 48
Error report -
SQL Error: ORA-00904: "COMMISSION": invalid identifier
00904. 00000 -  "%s: invalid identifier"
*Cause:    


SQL> select * from employees where salary = 9000 or commission = 'NULL';
Error starting at line : 1 in command -
select * from employees where salary = 9000 or commission = 'NULL'
Error at Command Line : 1 Column : 48
Error report -
SQL Error: ORA-00904: "COMMISSION": invalid identifier
00904. 00000 -  "%s: invalid identifier"
*Cause:    


SQL> select * from employees where salary = 9000 or commission_pct = 'NULL';
Error starting at line : 1 in command -
select * from employees where salary = 9000 or commission_pct = 'NULL'
Error report -
ORA-01722: invalid number


SQL> select * from employees where salary = 9000 or commission_pct = 'null';
Error starting at line : 1 in command -
select * from employees where salary = 9000 or commission_pct = 'null'
Error report -
ORA-01722: invalid number


SQL> select * from employees where salary = 9000 or job_id = 'sa_rep';
EMPLOYEE_ID FIRST_NAME           LAST_NAME                 EMAIL                     PHONE_NUMBER         HIRE_DATE JOB_ID         SALARY COMMISSION_PCT MANAGER_ID DEPARTMENT_ID
----------- -------------------- ------------------------- ------------------------- -------------------- --------- ---------- ---------- -------------- ---------- -------------
        103 Alexander            Hunold                    AHUNOLD                   590.423.4567         03-JAN-90 IT_PROG          9000 NULL                  102            60
        109 Daniel               Faviet                    DFAVIET                   515.124.4169         16-AUG-94 FI_ACCOUNT       9000 NULL                  108           100
        152 Peter                Hall                      PHALL                     011.44.1344.478968   20-AUG-97 SA_REP           9000            .25        145            80
        158 Allan                McEwen                    AMCEWEN                   011.44.1345.829268   01-AUG-96 SA_REP           9000            .35        146            80

SQL> select * from employees;

EMPLOYEE_ID FIRST_NAME           LAST_NAME                 EMAIL                     PHONE_NUMBER         HIRE_DATE JOB_ID         SALARY COMMISSION_PCT MANAGER_ID DEPARTMENT_ID
----------- -------------------- ------------------------- ------------------------- -------------------- --------- ---------- ---------- -------------- ---------- -------------
        100 Steven               King                      SKING                     515.123.4567         17-JUN-87 AD_PRES         24000 NULL           NULL                  90
        101 Neena                Kochhar                   NKOCHHAR                  515.123.4568         21-SEP-89 AD_VP           17000 NULL                  100            90
        102 Lex                  De Haan                   LDEHAAN                   515.123.4569         13-JAN-93 AD_VP           17000 NULL                  100            90
        103 Alexander            Hunold                    AHUNOLD                   590.423.4567         03-JAN-90 IT_PROG          9000 NULL                  102            60
        104 Bruce                Ernst                     BERNST                    590.423.4568         21-MAY-91 IT_PROG          6000 NULL                  103            60
        105 David                Austin                    DAUSTIN                   590.423.4569         25-JUN-97 IT_PROG          4800 NULL                  103            60
        106 Valli                Pataballa                 VPATABAL                  590.423.4560         05-FEB-98 IT_PROG          4800 NULL                  103            60
        107 Diana                Lorentz                   DLORENTZ                  590.423.5567         07-FEB-99 IT_PROG          4200 NULL                  103            60
        108 Nancy                Greenberg                 NGREENBE                  515.124.4569         17-AUG-94 FI_MGR          12000 NULL                  101           100
        109 Daniel               Faviet                    DFAVIET                   515.124.4169         16-AUG-94 FI_ACCOUNT       9000 NULL                  108           100
        110 John                 Chen                      JCHEN                     515.124.4269         28-SEP-97 FI_ACCOUNT       8200 NULL                  108           100
        111 Ismael               Sciarra                   ISCIARRA                  515.124.4369         30-SEP-97 FI_ACCOUNT       7700 NULL                  108           100
        112 Jose Manuel          Urman                     JMURMAN                   515.124.4469         07-MAR-98 FI_ACCOUNT       7800 NULL                  108           100
        113 Luis                 Popp                      LPOPP                     515.124.4567         07-DEC-99 FI_ACCOUNT       6900 NULL                  108           100
        114 Den                  Raphaely                  DRAPHEAL                  515.127.4561         07-DEC-94 PU_MAN          11000 NULL                  100            30
        115 Alexander            Khoo                      AKHOO                     515.127.4562         18-MAY-95 PU_CLERK         3100 NULL                  114            30
        116 Shelli               Baida                     SBAIDA                    515.127.4563         24-DEC-97 PU_CLERK         2900 NULL                  114            30
        117 Sigal                Tobias                    STOBIAS                   515.127.4564         24-JUL-97 PU_CLERK         2800 NULL                  114            30
        118 Guy                  Himuro                    GHIMURO                   515.127.4565         15-NOV-98 PU_CLERK         2600 NULL                  114            30
        119 Karen                Colmenares                KCOLMENA                  515.127.4566         10-AUG-99 PU_CLERK         2500 NULL                  114            30
        120 Matthew              Weiss                     MWEISS                    650.123.1234         18-JUL-96 ST_MAN           8000 NULL                  100            50

EMPLOYEE_ID FIRST_NAME           LAST_NAME                 EMAIL                     PHONE_NUMBER         HIRE_DATE JOB_ID         SALARY COMMISSION_PCT MANAGER_ID DEPARTMENT_ID
----------- -------------------- ------------------------- ------------------------- -------------------- --------- ---------- ---------- -------------- ---------- -------------
        121 Adam                 Fripp                     AFRIPP                    650.123.2234         10-APR-97 ST_MAN           8200 NULL                  100            50
        122 Payam                Kaufling                  PKAUFLIN                  650.123.3234         01-MAY-95 ST_MAN           7900 NULL                  100            50
        123 Shanta               Vollman                   SVOLLMAN                  650.123.4234         10-OCT-97 ST_MAN           6500 NULL                  100            50
        124 Kevin                Mourgos                   KMOURGOS                  650.123.5234         16-NOV-99 ST_MAN           5800 NULL                  100            50
        125 Julia                Nayer                     JNAYER                    650.124.1214         16-JUL-97 ST_CLERK         3200 NULL                  120            50
        126 Irene                Mikkilineni               IMIKKILI                  650.124.1224         28-SEP-98 ST_CLERK         2700 NULL                  120            50
        127 James                Landry                    JLANDRY                   650.124.1334         14-JAN-99 ST_CLERK         2400 NULL                  120            50
        128 Steven               Markle                    SMARKLE                   650.124.1434         08-MAR-00 ST_CLERK         2200 NULL                  120            50
        129 Laura                Bissot                    LBISSOT                   650.124.5234         20-AUG-97 ST_CLERK         3300 NULL                  121            50
        130 Mozhe                Atkinson                  MATKINSO                  650.124.6234         30-OCT-97 ST_CLERK         2800 NULL                  121            50
        131 James                Marlow                    JAMRLOW                   650.124.7234         16-FEB-97 ST_CLERK         2500 NULL                  121            50
        132 TJ                   Olson                     TJOLSON                   650.124.8234         10-APR-99 ST_CLERK         2100 NULL                  121            50
        133 Jason                Mallin                    JMALLIN                   650.127.1934         14-JUN-96 ST_CLERK         3300 NULL                  122            50
        134 Michael              Rogers                    MROGERS                   650.127.1834         26-AUG-98 ST_CLERK         2900 NULL                  122            50
        135 Ki                   Gee                       KGEE                      650.127.1734         12-DEC-99 ST_CLERK         2400 NULL                  122            50
        136 Hazel                Philtanker                HPHILTAN                  650.127.1634         06-FEB-00 ST_CLERK         2200 NULL                  122            50
        137 Renske               Ladwig                    RLADWIG                   650.121.1234         14-JUL-95 ST_CLERK         3600 NULL                  123            50
        138 Stephen              Stiles                    SSTILES                   650.121.2034         26-OCT-97 ST_CLERK         3200 NULL                  123            50
        139 John                 Seo                       JSEO                      650.121.2019         12-FEB-98 ST_CLERK         2700 NULL                  123            50
        140 Joshua               Patel                     JPATEL                    650.121.1834         06-APR-98 ST_CLERK         2500 NULL                  123            50
        141 Trenna               Rajs                      TRAJS                     650.121.8009         17-OCT-95 ST_CLERK         3500 NULL                  124            50

EMPLOYEE_ID FIRST_NAME           LAST_NAME                 EMAIL                     PHONE_NUMBER         HIRE_DATE JOB_ID         SALARY COMMISSION_PCT MANAGER_ID DEPARTMENT_ID
----------- -------------------- ------------------------- ------------------------- -------------------- --------- ---------- ---------- -------------- ---------- -------------
        142 Curtis               Davies                    CDAVIES                   650.121.2994         29-JAN-97 ST_CLERK         3100 NULL                  124            50
        143 Randall              Matos                     RMATOS                    650.121.2874         15-MAR-98 ST_CLERK         2600 NULL                  124            50
        144 Peter                Vargas                    PVARGAS                   650.121.2004         09-JUL-98 ST_CLERK         2500 NULL                  124            50
        145 John                 Russell                   JRUSSEL                   011.44.1344.429268   01-OCT-96 SA_MAN          14000             .4        100            80
        146 Karen                Partners                  KPARTNER                  011.44.1344.467268   05-JAN-97 SA_MAN          13500             .3        100            80
        147 Alberto              Errazuriz                 AERRAZUR                  011.44.1344.429278   10-MAR-97 SA_MAN          12000             .3        100            80
        148 Gerald               Cambrault                 GCAMBRAU                  011.44.1344.619268   15-OCT-99 SA_MAN          11000             .3        100            80
        149 Eleni                Zlotkey                   EZLOTKEY                  011.44.1344.429018   29-JAN-00 SA_MAN          10500             .2        100            80
        150 Peter                Tucker                    PTUCKER                   011.44.1344.129268   30-JAN-97 SA_REP          10000             .3        145            80
        151 David                Bernstein                 DBERNSTE                  011.44.1344.345268   24-MAR-97 SA_REP           9500            .25        145            80
        152 Peter                Hall                      PHALL                     011.44.1344.478968   20-AUG-97 SA_REP           9000            .25        145            80
        153 Christopher          Olsen                     COLSEN                    011.44.1344.498718   30-MAR-98 SA_REP           8000             .2        145            80
        154 Nanette              Cambrault                 NCAMBRAU                  011.44.1344.987668   09-DEC-98 SA_REP           7500             .2        145            80
        155 Oliver               Tuvault                   OTUVAULT                  011.44.1344.486508   23-NOV-99 SA_REP           7000            .15        145            80
        156 Janette              King                      JKING                     011.44.1345.429268   30-JAN-96 SA_REP          10000            .35        146            80
        157 Patrick              Sully                     PSULLY                    011.44.1345.929268   04-MAR-96 SA_REP           9500            .35        146            80
        158 Allan                McEwen                    AMCEWEN                   011.44.1345.829268   01-AUG-96 SA_REP           9000            .35        146            80
        159 Lindsey              Smith                     LSMITH                    011.44.1345.729268   10-MAR-97 SA_REP           8000             .3        146            80
        160 Louise               Doran                     LDORAN                    011.44.1345.629268   15-DEC-97 SA_REP           7500             .3        146            80
        161 Sarath               Sewall                    SSEWALL                   011.44.1345.529268   03-NOV-98 SA_REP           7000            .25        146            80
        162 Clara                Vishney                   CVISHNEY                  011.44.1346.129268   11-NOV-97 SA_REP          10500            .25        147            80

EMPLOYEE_ID FIRST_NAME           LAST_NAME                 EMAIL                     PHONE_NUMBER         HIRE_DATE JOB_ID         SALARY COMMISSION_PCT MANAGER_ID DEPARTMENT_ID
----------- -------------------- ------------------------- ------------------------- -------------------- --------- ---------- ---------- -------------- ---------- -------------
        163 Danielle             Greene                    DGREENE                   011.44.1346.229268   19-MAR-99 SA_REP           9500            .15        147            80
        164 Mattea               Marvins                   MMARVINS                  011.44.1346.329268   24-JAN-00 SA_REP           7200             .1        147            80
        165 David                Lee                       DLEE                      011.44.1346.529268   23-FEB-00 SA_REP           6800             .1        147            80
        166 Sundar               Ande                      SANDE                     011.44.1346.629268   24-MAR-00 SA_REP           6400             .1        147            80
        167 Amit                 Banda                     ABANDA                    011.44.1346.729268   21-APR-00 SA_REP           6200             .1        147            80
        168 Lisa                 Ozer                      LOZER                     011.44.1343.929268   11-MAR-97 SA_REP          11500            .25        148            80
        169 Harrison             Bloom                     HBLOOM                    011.44.1343.829268   23-MAR-98 SA_REP          10000             .2        148            80
        170 Tayler               Fox                       TFOX                      011.44.1343.729268   24-JAN-98 SA_REP           9600             .2        148            80
        171 William              Smith                     WSMITH                    011.44.1343.629268   23-FEB-99 SA_REP           7400            .15        148            80
        172 Elizabeth            Bates                     EBATES                    011.44.1343.529268   24-MAR-99 SA_REP           7300            .15        148            80
        173 Sundita              Kumar                     SKUMAR                    011.44.1343.329268   21-APR-00 SA_REP           6100             .1        148            80
        174 Ellen                Abel                      EABEL                     011.44.1644.429267   11-MAY-96 SA_REP          11000             .3        149            80
        175 Alyssa               Hutton                    AHUTTON                   011.44.1644.429266   19-MAR-97 SA_REP           8800            .25        149            80
        176 Jonathon             Taylor                    JTAYLOR                   011.44.1644.429265   24-MAR-98 SA_REP           8600             .2        149            80
        177 Jack                 Livingston                JLIVINGS                  011.44.1644.429264   23-APR-98 SA_REP           8400             .2        149            80
        178 Kimberely            Grant                     KGRANT                    011.44.1644.429263   24-MAY-99 SA_REP           7000            .15        149 NULL         
        179 Charles              Johnson                   CJOHNSON                  011.44.1644.429262   04-JAN-00 SA_REP           6200             .1        149            80
        180 Winston              Taylor                    WTAYLOR                   650.507.9876         24-JAN-98 SH_CLERK         3200 NULL                  120            50
        181 Jean                 Fleaur                    JFLEAUR                   650.507.9877         23-FEB-98 SH_CLERK         3100 NULL                  120            50
        182 Martha               Sullivan                  MSULLIVA                  650.507.9878         21-JUN-99 SH_CLERK         2500 NULL                  120            50
        183 Girard               Geoni                     GGEONI                    650.507.9879         03-FEB-00 SH_CLERK         2800 NULL                  120            50

EMPLOYEE_ID FIRST_NAME           LAST_NAME                 EMAIL                     PHONE_NUMBER         HIRE_DATE JOB_ID         SALARY COMMISSION_PCT MANAGER_ID DEPARTMENT_ID
----------- -------------------- ------------------------- ------------------------- -------------------- --------- ---------- ---------- -------------- ---------- -------------
        184 Nandita              Sarchand                  NSARCHAN                  650.509.1876         27-JAN-96 SH_CLERK         4200 NULL                  121            50
        185 Alexis               Bull                      ABULL                     650.509.2876         20-FEB-97 SH_CLERK         4100 NULL                  121            50
        186 Julia                Dellinger                 JDELLING                  650.509.3876         24-JUN-98 SH_CLERK         3400 NULL                  121            50
        187 Anthony              Cabrio                    ACABRIO                   650.509.4876         07-FEB-99 SH_CLERK         3000 NULL                  121            50
        188 Kelly                Chung                     KCHUNG                    650.505.1876         14-JUN-97 SH_CLERK         3800 NULL                  122            50
        189 Jennifer             Dilly                     JDILLY                    650.505.2876         13-AUG-97 SH_CLERK         3600 NULL                  122            50
        190 Timothy              Gates                     TGATES                    650.505.3876         11-JUL-98 SH_CLERK         2900 NULL                  122            50
        191 Randall              Perkins                   RPERKINS                  650.505.4876         19-DEC-99 SH_CLERK         2500 NULL                  122            50
        192 Sarah                Bell                      SBELL                     650.501.1876         04-FEB-96 SH_CLERK         4000 NULL                  123            50
        193 Britney              Everett                   BEVERETT                  650.501.2876         03-MAR-97 SH_CLERK         3900 NULL                  123            50
        194 Samuel               McCain                    SMCCAIN                   650.501.3876         01-JUL-98 SH_CLERK         3200 NULL                  123            50
        195 Vance                Jones                     VJONES                    650.501.4876         17-MAR-99 SH_CLERK         2800 NULL                  123            50
        196 Alana                Walsh                     AWALSH                    650.507.9811         24-APR-98 SH_CLERK         3100 NULL                  124            50
        197 Kevin                Feeney                    KFEENEY                   650.507.9822         23-MAY-98 SH_CLERK         3000 NULL                  124            50
        198 Donald               OConnell                  DOCONNEL                  650.507.9833         21-JUN-99 SH_CLERK         2600 NULL                  124            50
        199 Douglas              Grant                     DGRANT                    650.507.9844         13-JAN-00 SH_CLERK         2600 NULL                  124            50
        200 Jennifer             Whalen                    JWHALEN                   515.123.4444         17-SEP-87 AD_ASST          4400 NULL                  101            10
        201 Michael              Hartstein                 MHARTSTE                  515.123.5555         17-FEB-96 MK_MAN          13000 NULL                  100            20
        202 Pat                  Fay                       PFAY                      603.123.6666         17-AUG-97 MK_REP           6000 NULL                  201            20
        203 Susan                Mavris                    SMAVRIS                   515.123.7777         07-JUN-94 HR_REP           6500 NULL                  101            40
        204 Hermann              Baer                      HBAER                     515.123.8888         07-JUN-94 PR_REP          10000 NULL                  101            70

EMPLOYEE_ID FIRST_NAME           LAST_NAME                 EMAIL                     PHONE_NUMBER         HIRE_DATE JOB_ID         SALARY COMMISSION_PCT MANAGER_ID DEPARTMENT_ID
----------- -------------------- ------------------------- ------------------------- -------------------- --------- ---------- ---------- -------------- ---------- -------------
        205 Shelley              Higgins                   SHIGGINS                  515.123.8080         07-JUN-94 AC_MGR          12000 NULL                  101           110
        206 William              Gietz                     WGIETZ                    515.123.8181         07-JUN-94 AC_ACCOUNT       8300 NULL                  205           110

107 rows selected. 


SQL> select * from employees where salary = 9000 or job_id = 'sa_rep';

EMPLOYEE_ID FIRST_NAME           LAST_NAME                 EMAIL                     PHONE_NUMBER         HIRE_DATE JOB_ID         SALARY COMMISSION_PCT MANAGER_ID DEPARTMENT_ID
----------- -------------------- ------------------------- ------------------------- -------------------- --------- ---------- ---------- -------------- ---------- -------------
        103 Alexander            Hunold                    AHUNOLD                   590.423.4567         03-JAN-90 IT_PROG          9000 NULL                  102            60
        109 Daniel               Faviet                    DFAVIET                   515.124.4169         16-AUG-94 FI_ACCOUNT       9000 NULL                  108           100
        152 Peter                Hall                      PHALL                     011.44.1344.478968   20-AUG-97 SA_REP           9000            .25        145            80
        158 Allan                McEwen                    AMCEWEN                   011.44.1345.829268   01-AUG-96 SA_REP           9000            .35        146            80

SQL> select * from employees where salary between 8000 and 10000;

EMPLOYEE_ID FIRST_NAME           LAST_NAME                 EMAIL                     PHONE_NUMBER         HIRE_DATE JOB_ID         SALARY COMMISSION_PCT MANAGER_ID DEPARTMENT_ID
----------- -------------------- ------------------------- ------------------------- -------------------- --------- ---------- ---------- -------------- ---------- -------------
        103 Alexander            Hunold                    AHUNOLD                   590.423.4567         03-JAN-90 IT_PROG          9000 NULL                  102            60
        109 Daniel               Faviet                    DFAVIET                   515.124.4169         16-AUG-94 FI_ACCOUNT       9000 NULL                  108           100
        110 John                 Chen                      JCHEN                     515.124.4269         28-SEP-97 FI_ACCOUNT       8200 NULL                  108           100
        120 Matthew              Weiss                     MWEISS                    650.123.1234         18-JUL-96 ST_MAN           8000 NULL                  100            50
        121 Adam                 Fripp                     AFRIPP                    650.123.2234         10-APR-97 ST_MAN           8200 NULL                  100            50
        150 Peter                Tucker                    PTUCKER                   011.44.1344.129268   30-JAN-97 SA_REP          10000             .3        145            80
        151 David                Bernstein                 DBERNSTE                  011.44.1344.345268   24-MAR-97 SA_REP           9500            .25        145            80
        152 Peter                Hall                      PHALL                     011.44.1344.478968   20-AUG-97 SA_REP           9000            .25        145            80
        153 Christopher          Olsen                     COLSEN                    011.44.1344.498718   30-MAR-98 SA_REP           8000             .2        145            80
        156 Janette              King                      JKING                     011.44.1345.429268   30-JAN-96 SA_REP          10000            .35        146            80
        157 Patrick              Sully                     PSULLY                    011.44.1345.929268   04-MAR-96 SA_REP           9500            .35        146            80
        158 Allan                McEwen                    AMCEWEN                   011.44.1345.829268   01-AUG-96 SA_REP           9000            .35        146            80
        159 Lindsey              Smith                     LSMITH                    011.44.1345.729268   10-MAR-97 SA_REP           8000             .3        146            80
        163 Danielle             Greene                    DGREENE                   011.44.1346.229268   19-MAR-99 SA_REP           9500            .15        147            80
        169 Harrison             Bloom                     HBLOOM                    011.44.1343.829268   23-MAR-98 SA_REP          10000             .2        148            80
        170 Tayler               Fox                       TFOX                      011.44.1343.729268   24-JAN-98 SA_REP           9600             .2        148            80
        175 Alyssa               Hutton                    AHUTTON                   011.44.1644.429266   19-MAR-97 SA_REP           8800            .25        149            80
        176 Jonathon             Taylor                    JTAYLOR                   011.44.1644.429265   24-MAR-98 SA_REP           8600             .2        149            80
        177 Jack                 Livingston                JLIVINGS                  011.44.1644.429264   23-APR-98 SA_REP           8400             .2        149            80
        204 Hermann              Baer                      HBAER                     515.123.8888         07-JUN-94 PR_REP          10000 NULL                  101            70
        206 William              Gietz                     WGIETZ                    515.123.8181         07-JUN-94 AC_ACCOUNT       8300 NULL                  205           110

21 rows selected. 


SQL> select * from employees where salary between 8000 and 10000 and department_id =>80;
Error starting at line : 1 in command -
select * from employees where salary between 8000 and 10000 and department_id =>80
Error at Command Line : 1 Column : 79
Error report -
SQL Error: ORA-00920: invalid relational operator
00920. 00000 -  "invalid relational operator"
*Cause:    


SQL> select * from employees where salary between 8000 and 10000 and department_id =80;
EMPLOYEE_ID FIRST_NAME           LAST_NAME                 EMAIL                     PHONE_NUMBER         HIRE_DATE JOB_ID         SALARY COMMISSION_PCT MANAGER_ID DEPARTMENT_ID
----------- -------------------- ------------------------- ------------------------- -------------------- --------- ---------- ---------- -------------- ---------- -------------
        150 Peter                Tucker                    PTUCKER                   011.44.1344.129268   30-JAN-97 SA_REP          10000             .3        145            80
        151 David                Bernstein                 DBERNSTE                  011.44.1344.345268   24-MAR-97 SA_REP           9500            .25        145            80
        152 Peter                Hall                      PHALL                     011.44.1344.478968   20-AUG-97 SA_REP           9000            .25        145            80
        153 Christopher          Olsen                     COLSEN                    011.44.1344.498718   30-MAR-98 SA_REP           8000             .2        145            80
        156 Janette              King                      JKING                     011.44.1345.429268   30-JAN-96 SA_REP          10000            .35        146            80
        157 Patrick              Sully                     PSULLY                    011.44.1345.929268   04-MAR-96 SA_REP           9500            .35        146            80
        158 Allan                McEwen                    AMCEWEN                   011.44.1345.829268   01-AUG-96 SA_REP           9000            .35        146            80
        159 Lindsey              Smith                     LSMITH                    011.44.1345.729268   10-MAR-97 SA_REP           8000             .3        146            80
        163 Danielle             Greene                    DGREENE                   011.44.1346.229268   19-MAR-99 SA_REP           9500            .15        147            80
        169 Harrison             Bloom                     HBLOOM                    011.44.1343.829268   23-MAR-98 SA_REP          10000             .2        148            80
        170 Tayler               Fox                       TFOX                      011.44.1343.729268   24-JAN-98 SA_REP           9600             .2        148            80
        175 Alyssa               Hutton                    AHUTTON                   011.44.1644.429266   19-MAR-97 SA_REP           8800            .25        149            80
        176 Jonathon             Taylor                    JTAYLOR                   011.44.1644.429265   24-MAR-98 SA_REP           8600             .2        149            80
        177 Jack                 Livingston                JLIVINGS                  011.44.1644.429264   23-APR-98 SA_REP           8400             .2        149            80

14 rows selected. 



SQL> select * from employees where salary between 8000 and 10000 and department_id >80;
EMPLOYEE_ID FIRST_NAME           LAST_NAME                 EMAIL                     PHONE_NUMBER         HIRE_DATE JOB_ID         SALARY COMMISSION_PCT MANAGER_ID DEPARTMENT_ID
----------- -------------------- ------------------------- ------------------------- -------------------- --------- ---------- ---------- -------------- ---------- -------------
        109 Daniel               Faviet                    DFAVIET                   515.124.4169         16-AUG-94 FI_ACCOUNT       9000 NULL                  108           100
        110 John                 Chen                      JCHEN                     515.124.4269         28-SEP-97 FI_ACCOUNT       8200 NULL                  108           100
        206 William              Gietz                     WGIETZ                    515.123.8181         07-JUN-94 AC_ACCOUNT       8300 NULL                  205           110

SQL> select * asda;

Error starting at line : 1 in command -
select * asda
Error at Command Line : 1 Column : 10
Error report -
SQL Error: ORA-00923: FROM keyword not found where expected
00923. 00000 -  "FROM keyword not found where expected"
*Cause:    


SQL> select * from asda;
PRODUCT              PRICE_PURCHESED PRICE_SOLD QTY_PURCHESED   QTY_SOLD
-------------------- --------------- ---------- ------------- ----------
7up                             1.75          2            15         10
coke                             2.5        3.5            20         15
fanta                            2.2        3.1            10          5
pepsi                            1.2          2            20         15


SQL> select * from asda (price_sold - price_purchesed);
Error starting at line : 1 in command -
select * from asda (price_sold - price_purchesed)
Error at Command Line : 1 Column : 20
Error report -
SQL Error: ORA-00933: SQL command not properly ended
00933. 00000 -  "SQL command not properly ended"
*Cause:    


SQL> select * from asda (price_sold - price_purchesed);
Error starting at line : 1 in command -
select * from asda (price_sold - price_purchesed)
Error at Command Line : 1 Column : 20
Error report -
SQL Error: ORA-00933: SQL command not properly ended
00933. 00000 -  "SQL command not properly ended"
*Cause:    


SQL> select * from asda (price_sold - price_purchesed as profit);
Error starting at line : 1 in command -
select * from asda (price_sold - price_purchesed as profit)
Error at Command Line : 1 Column : 20
Error report -
SQL Error: ORA-00933: SQL command not properly ended
00933. 00000 -  "SQL command not properly ended"
*Cause:    
*Action:
SQL> select * price_sold - price_purchesed as profit;

Error starting at line : 1 in command -
select * price_sold - price_purchesed as profit
Error at Command Line : 1 Column : 10
Error report -
SQL Error: ORA-00923: FROM keyword not found where expected
00923. 00000 -  "FROM keyword not found where expected"
*Cause:    



SQL> select * from asda (price_sold - price_purchesed as profit) from asda;
Error starting at line : 1 in command -
select * from asda (price_sold - price_purchesed as profit) from asda
Error at Command Line : 1 Column : 20
Error report -
SQL Error: ORA-00933: SQL command not properly ended
00933. 00000 -  "SQL command not properly ended"
*Cause:    


SQL> select * price_sold - price_purchesed as profit from asda;
Error starting at line : 1 in command -
select * price_sold - price_purchesed as profit from asda
Error at Command Line : 1 Column : 10
Error report -
SQL Error: ORA-00923: FROM keyword not found where expected
00923. 00000 -  "FROM keyword not found where expected"
*Cause:    


SQL> select * from employees;
EMPLOYEE_ID FIRST_NAME           LAST_NAME                 EMAIL                     PHONE_NUMBER         HIRE_DATE JOB_ID         SALARY COMMISSION_PCT MANAGER_ID DEPARTMENT_ID
----------- -------------------- ------------------------- ------------------------- -------------------- --------- ---------- ---------- -------------- ---------- -------------
        100 Steven               King                      SKING                     515.123.4567         17-JUN-87 AD_PRES         24000 NULL           NULL                  90
        101 Neena                Kochhar                   NKOCHHAR                  515.123.4568         21-SEP-89 AD_VP           17000 NULL                  100            90
        102 Lex                  De Haan                   LDEHAAN                   515.123.4569         13-JAN-93 AD_VP           17000 NULL                  100            90
        103 Alexander            Hunold                    AHUNOLD                   590.423.4567         03-JAN-90 IT_PROG          9000 NULL                  102            60
        104 Bruce                Ernst                     BERNST                    590.423.4568         21-MAY-91 IT_PROG          6000 NULL                  103            60
        105 David                Austin                    DAUSTIN                   590.423.4569         25-JUN-97 IT_PROG          4800 NULL                  103            60
        106 Valli                Pataballa                 VPATABAL                  590.423.4560         05-FEB-98 IT_PROG          4800 NULL                  103            60
        107 Diana                Lorentz                   DLORENTZ                  590.423.5567         07-FEB-99 IT_PROG          4200 NULL                  103            60
        108 Nancy                Greenberg                 NGREENBE                  515.124.4569         17-AUG-94 FI_MGR          12000 NULL                  101           100
        109 Daniel               Faviet                    DFAVIET                   515.124.4169         16-AUG-94 FI_ACCOUNT       9000 NULL                  108           100
        110 John                 Chen                      JCHEN                     515.124.4269         28-SEP-97 FI_ACCOUNT       8200 NULL                  108           100
        111 Ismael               Sciarra                   ISCIARRA                  515.124.4369         30-SEP-97 FI_ACCOUNT       7700 NULL                  108           100
        112 Jose Manuel          Urman                     JMURMAN                   515.124.4469         07-MAR-98 FI_ACCOUNT       7800 NULL                  108           100
        113 Luis                 Popp                      LPOPP                     515.124.4567         07-DEC-99 FI_ACCOUNT       6900 NULL                  108           100
        114 Den                  Raphaely                  DRAPHEAL                  515.127.4561         07-DEC-94 PU_MAN          11000 NULL                  100            30
        115 Alexander            Khoo                      AKHOO                     515.127.4562         18-MAY-95 PU_CLERK         3100 NULL                  114            30
        116 Shelli               Baida                     SBAIDA                    515.127.4563         24-DEC-97 PU_CLERK         2900 NULL                  114            30
        117 Sigal                Tobias                    STOBIAS                   515.127.4564         24-JUL-97 PU_CLERK         2800 NULL                  114            30
        118 Guy                  Himuro                    GHIMURO                   515.127.4565         15-NOV-98 PU_CLERK         2600 NULL                  114            30
        119 Karen                Colmenares                KCOLMENA                  515.127.4566         10-AUG-99 PU_CLERK         2500 NULL                  114            30
        120 Matthew              Weiss                     MWEISS                    650.123.1234         18-JUL-96 ST_MAN           8000 NULL                  100            50

EMPLOYEE_ID FIRST_NAME           LAST_NAME                 EMAIL                     PHONE_NUMBER         HIRE_DATE JOB_ID         SALARY COMMISSION_PCT MANAGER_ID DEPARTMENT_ID
----------- -------------------- ------------------------- ------------------------- -------------------- --------- ---------- ---------- -------------- ---------- -------------
        121 Adam                 Fripp                     AFRIPP                    650.123.2234         10-APR-97 ST_MAN           8200 NULL                  100            50
        122 Payam                Kaufling                  PKAUFLIN                  650.123.3234         01-MAY-95 ST_MAN           7900 NULL                  100            50
        123 Shanta               Vollman                   SVOLLMAN                  650.123.4234         10-OCT-97 ST_MAN           6500 NULL                  100            50
        124 Kevin                Mourgos                   KMOURGOS                  650.123.5234         16-NOV-99 ST_MAN           5800 NULL                  100            50
        125 Julia                Nayer                     JNAYER                    650.124.1214         16-JUL-97 ST_CLERK         3200 NULL                  120            50
        126 Irene                Mikkilineni               IMIKKILI                  650.124.1224         28-SEP-98 ST_CLERK         2700 NULL                  120            50
        127 James                Landry                    JLANDRY                   650.124.1334         14-JAN-99 ST_CLERK         2400 NULL                  120            50
        128 Steven               Markle                    SMARKLE                   650.124.1434         08-MAR-00 ST_CLERK         2200 NULL                  120            50
        129 Laura                Bissot                    LBISSOT                   650.124.5234         20-AUG-97 ST_CLERK         3300 NULL                  121            50
        130 Mozhe                Atkinson                  MATKINSO                  650.124.6234         30-OCT-97 ST_CLERK         2800 NULL                  121            50
        131 James                Marlow                    JAMRLOW                   650.124.7234         16-FEB-97 ST_CLERK         2500 NULL                  121            50
        132 TJ                   Olson                     TJOLSON                   650.124.8234         10-APR-99 ST_CLERK         2100 NULL                  121            50
        133 Jason                Mallin                    JMALLIN                   650.127.1934         14-JUN-96 ST_CLERK         3300 NULL                  122            50
        134 Michael              Rogers                    MROGERS                   650.127.1834         26-AUG-98 ST_CLERK         2900 NULL                  122            50
        135 Ki                   Gee                       KGEE                      650.127.1734         12-DEC-99 ST_CLERK         2400 NULL                  122            50
        136 Hazel                Philtanker                HPHILTAN                  650.127.1634         06-FEB-00 ST_CLERK         2200 NULL                  122            50
        137 Renske               Ladwig                    RLADWIG                   650.121.1234         14-JUL-95 ST_CLERK         3600 NULL                  123            50
        138 Stephen              Stiles                    SSTILES                   650.121.2034         26-OCT-97 ST_CLERK         3200 NULL                  123            50
        139 John                 Seo                       JSEO                      650.121.2019         12-FEB-98 ST_CLERK         2700 NULL                  123            50
        140 Joshua               Patel                     JPATEL                    650.121.1834         06-APR-98 ST_CLERK         2500 NULL                  123            50
        141 Trenna               Rajs                      TRAJS                     650.121.8009         17-OCT-95 ST_CLERK         3500 NULL                  124            50

EMPLOYEE_ID FIRST_NAME           LAST_NAME                 EMAIL                     PHONE_NUMBER         HIRE_DATE JOB_ID         SALARY COMMISSION_PCT MANAGER_ID DEPARTMENT_ID
----------- -------------------- ------------------------- ------------------------- -------------------- --------- ---------- ---------- -------------- ---------- -------------
        142 Curtis               Davies                    CDAVIES                   650.121.2994         29-JAN-97 ST_CLERK         3100 NULL                  124            50
        143 Randall              Matos                     RMATOS                    650.121.2874         15-MAR-98 ST_CLERK         2600 NULL                  124            50
        144 Peter                Vargas                    PVARGAS                   650.121.2004         09-JUL-98 ST_CLERK         2500 NULL                  124            50
        145 John                 Russell                   JRUSSEL                   011.44.1344.429268   01-OCT-96 SA_MAN          14000             .4        100            80
        146 Karen                Partners                  KPARTNER                  011.44.1344.467268   05-JAN-97 SA_MAN          13500             .3        100            80
        147 Alberto              Errazuriz                 AERRAZUR                  011.44.1344.429278   10-MAR-97 SA_MAN          12000             .3        100            80
        148 Gerald               Cambrault                 GCAMBRAU                  011.44.1344.619268   15-OCT-99 SA_MAN          11000             .3        100            80
        149 Eleni                Zlotkey                   EZLOTKEY                  011.44.1344.429018   29-JAN-00 SA_MAN          10500             .2        100            80
        150 Peter                Tucker                    PTUCKER                   011.44.1344.129268   30-JAN-97 SA_REP          10000             .3        145            80
        151 David                Bernstein                 DBERNSTE                  011.44.1344.345268   24-MAR-97 SA_REP           9500            .25        145            80
        152 Peter                Hall                      PHALL                     011.44.1344.478968   20-AUG-97 SA_REP           9000            .25        145            80
        153 Christopher          Olsen                     COLSEN                    011.44.1344.498718   30-MAR-98 SA_REP           8000             .2        145            80
        154 Nanette              Cambrault                 NCAMBRAU                  011.44.1344.987668   09-DEC-98 SA_REP           7500             .2        145            80
        155 Oliver               Tuvault                   OTUVAULT                  011.44.1344.486508   23-NOV-99 SA_REP           7000            .15        145            80
        156 Janette              King                      JKING                     011.44.1345.429268   30-JAN-96 SA_REP          10000            .35        146            80
        157 Patrick              Sully                     PSULLY                    011.44.1345.929268   04-MAR-96 SA_REP           9500            .35        146            80
        158 Allan                McEwen                    AMCEWEN                   011.44.1345.829268   01-AUG-96 SA_REP           9000            .35        146            80
        159 Lindsey              Smith                     LSMITH                    011.44.1345.729268   10-MAR-97 SA_REP           8000             .3        146            80
        160 Louise               Doran                     LDORAN                    011.44.1345.629268   15-DEC-97 SA_REP           7500             .3        146            80
        161 Sarath               Sewall                    SSEWALL                   011.44.1345.529268   03-NOV-98 SA_REP           7000            .25        146            80
        162 Clara                Vishney                   CVISHNEY                  011.44.1346.129268   11-NOV-97 SA_REP          10500            .25        147            80

EMPLOYEE_ID FIRST_NAME           LAST_NAME                 EMAIL                     PHONE_NUMBER         HIRE_DATE JOB_ID         SALARY COMMISSION_PCT MANAGER_ID DEPARTMENT_ID
----------- -------------------- ------------------------- ------------------------- -------------------- --------- ---------- ---------- -------------- ---------- -------------
        163 Danielle             Greene                    DGREENE                   011.44.1346.229268   19-MAR-99 SA_REP           9500            .15        147            80
        164 Mattea               Marvins                   MMARVINS                  011.44.1346.329268   24-JAN-00 SA_REP           7200             .1        147            80
        165 David                Lee                       DLEE                      011.44.1346.529268   23-FEB-00 SA_REP           6800             .1        147            80
        166 Sundar               Ande                      SANDE                     011.44.1346.629268   24-MAR-00 SA_REP           6400             .1        147            80
        167 Amit                 Banda                     ABANDA                    011.44.1346.729268   21-APR-00 SA_REP           6200             .1        147            80
        168 Lisa                 Ozer                      LOZER                     011.44.1343.929268   11-MAR-97 SA_REP          11500            .25        148            80
        169 Harrison             Bloom                     HBLOOM                    011.44.1343.829268   23-MAR-98 SA_REP          10000             .2        148            80
        170 Tayler               Fox                       TFOX                      011.44.1343.729268   24-JAN-98 SA_REP           9600             .2        148            80
        171 William              Smith                     WSMITH                    011.44.1343.629268   23-FEB-99 SA_REP           7400            .15        148            80
        172 Elizabeth            Bates                     EBATES                    011.44.1343.529268   24-MAR-99 SA_REP           7300            .15        148            80
        173 Sundita              Kumar                     SKUMAR                    011.44.1343.329268   21-APR-00 SA_REP           6100             .1        148            80
        174 Ellen                Abel                      EABEL                     011.44.1644.429267   11-MAY-96 SA_REP          11000             .3        149            80
        175 Alyssa               Hutton                    AHUTTON                   011.44.1644.429266   19-MAR-97 SA_REP           8800            .25        149            80
        176 Jonathon             Taylor                    JTAYLOR                   011.44.1644.429265   24-MAR-98 SA_REP           8600             .2        149            80
        177 Jack                 Livingston                JLIVINGS                  011.44.1644.429264   23-APR-98 SA_REP           8400             .2        149            80
        178 Kimberely            Grant                     KGRANT                    011.44.1644.429263   24-MAY-99 SA_REP           7000            .15        149 NULL         
        179 Charles              Johnson                   CJOHNSON                  011.44.1644.429262   04-JAN-00 SA_REP           6200             .1        149            80
        180 Winston              Taylor                    WTAYLOR                   650.507.9876         24-JAN-98 SH_CLERK         3200 NULL                  120            50
        181 Jean                 Fleaur                    JFLEAUR                   650.507.9877         23-FEB-98 SH_CLERK         3100 NULL                  120            50
        182 Martha               Sullivan                  MSULLIVA                  650.507.9878         21-JUN-99 SH_CLERK         2500 NULL                  120            50
        183 Girard               Geoni                     GGEONI                    650.507.9879         03-FEB-00 SH_CLERK         2800 NULL                  120            50

EMPLOYEE_ID FIRST_NAME           LAST_NAME                 EMAIL                     PHONE_NUMBER         HIRE_DATE JOB_ID         SALARY COMMISSION_PCT MANAGER_ID DEPARTMENT_ID
----------- -------------------- ------------------------- ------------------------- -------------------- --------- ---------- ---------- -------------- ---------- -------------
        184 Nandita              Sarchand                  NSARCHAN                  650.509.1876         27-JAN-96 SH_CLERK         4200 NULL                  121            50
        185 Alexis               Bull                      ABULL                     650.509.2876         20-FEB-97 SH_CLERK         4100 NULL                  121            50
        186 Julia                Dellinger                 JDELLING                  650.509.3876         24-JUN-98 SH_CLERK         3400 NULL                  121            50
        187 Anthony              Cabrio                    ACABRIO                   650.509.4876         07-FEB-99 SH_CLERK         3000 NULL                  121            50
        188 Kelly                Chung                     KCHUNG                    650.505.1876         14-JUN-97 SH_CLERK         3800 NULL                  122            50
        189 Jennifer             Dilly                     JDILLY                    650.505.2876         13-AUG-97 SH_CLERK         3600 NULL                  122            50
        190 Timothy              Gates                     TGATES                    650.505.3876         11-JUL-98 SH_CLERK         2900 NULL                  122            50
        191 Randall              Perkins                   RPERKINS                  650.505.4876         19-DEC-99 SH_CLERK         2500 NULL                  122            50
        192 Sarah                Bell                      SBELL                     650.501.1876         04-FEB-96 SH_CLERK         4000 NULL                  123            50
        193 Britney              Everett                   BEVERETT                  650.501.2876         03-MAR-97 SH_CLERK         3900 NULL                  123            50
        194 Samuel               McCain                    SMCCAIN                   650.501.3876         01-JUL-98 SH_CLERK         3200 NULL                  123            50
        195 Vance                Jones                     VJONES                    650.501.4876         17-MAR-99 SH_CLERK         2800 NULL                  123            50
        196 Alana                Walsh                     AWALSH                    650.507.9811         24-APR-98 SH_CLERK         3100 NULL                  124            50
        197 Kevin                Feeney                    KFEENEY                   650.507.9822         23-MAY-98 SH_CLERK         3000 NULL                  124            50
        198 Donald               OConnell                  DOCONNEL                  650.507.9833         21-JUN-99 SH_CLERK         2600 NULL                  124            50
        199 Douglas              Grant                     DGRANT                    650.507.9844         13-JAN-00 SH_CLERK         2600 NULL                  124            50
        200 Jennifer             Whalen                    JWHALEN                   515.123.4444         17-SEP-87 AD_ASST          4400 NULL                  101            10
        201 Michael              Hartstein                 MHARTSTE                  515.123.5555         17-FEB-96 MK_MAN          13000 NULL                  100            20
        202 Pat                  Fay                       PFAY                      603.123.6666         17-AUG-97 MK_REP           6000 NULL                  201            20
        203 Susan                Mavris                    SMAVRIS                   515.123.7777         07-JUN-94 HR_REP           6500 NULL                  101            40
        204 Hermann              Baer                      HBAER                     515.123.8888         07-JUN-94 PR_REP          10000 NULL                  101            70

EMPLOYEE_ID FIRST_NAME           LAST_NAME                 EMAIL                     PHONE_NUMBER         HIRE_DATE JOB_ID         SALARY COMMISSION_PCT MANAGER_ID DEPARTMENT_ID
----------- -------------------- ------------------------- ------------------------- -------------------- --------- ---------- ---------- -------------- ---------- -------------
        205 Shelley              Higgins                   SHIGGINS                  515.123.8080         07-JUN-94 AC_MGR          12000 NULL                  101           110
        206 William              Gietz                     WGIETZ                    515.123.8181         07-JUN-94 AC_ACCOUNT       8300 NULL                  205           110

107 rows selected. 

SQL> select * from asda;

PRODUCT              PRICE_PURCHESED PRICE_SOLD QTY_PURCHESED   QTY_SOLD
-------------------- --------------- ---------- ------------- ----------
7up                             1.75          2            15         10
coke                             2.5        3.5            20         15
fanta                            2.2        3.1            10          5
pepsi                            1.2          2            20         15

SQL> select price_sold-price_purchesed as profit;

Error starting at line : 1 in command -
select price_sold-price_purchesed as profit
Error at Command Line : 1 Column : 43
Error report -
SQL Error: ORA-00923: FROM keyword not found where expected
00923. 00000 -  "FROM keyword not found where expected"
*Cause:    


SQL> select price_sold-price_purchesed as profit from asda;
    PROFIT
----------
       .25
         1
        .9
        .8


SQL> select *, price_sold-price_purchesed as profit from asda;
Error starting at line : 1 in command -
select *, price_sold-price_purchesed as profit from asda
Error at Command Line : 1 Column : 9
Error report -
SQL Error: ORA-00923: FROM keyword not found where expected
00923. 00000 -  "FROM keyword not found where expected"
*Cause:    


SQL> select * price_sold-price_purchesed as profit from asda;
Error starting at line : 1 in command -
select * price_sold-price_purchesed as profit from asda
Error at Command Line : 1 Column : 10
Error report -
SQL Error: ORA-00923: FROM keyword not found where expected
00923. 00000 -  "FROM keyword not found where expected"
*Cause:    


SQL> select price_sold-price_purchesed as profit from asda;

    PROFIT
----------
       .25
         1
        .9
        .8


SQL> select (price_sold*qty)*15/100 as vat from asda; 
Error starting at line : 1 in command -
select (price_sold*qty)*15/100 as vat from asda
Error at Command Line : 1 Column : 20
Error report -
SQL Error: ORA-00904: "QTY": invalid identifier
00904. 00000 -  "%s: invalid identifier"
*Cause:    


SQL> select (price_sold*qty_purchesed)*15/100 as vat from asda;
       VAT
----------
       4.5
      10.5
      4.65
         6


SQL> select (price_sold*qty_purchesed)*15/100 as vat, from asda;






SQL> select (price_sold*qty)*15/100 as vat,price_sold-price_purchesed as profit from asda;
Error starting at line : 1 in command -
select (price_sold*qty)*15/100 as vat,price_sold-price_purchesed as profit from asda
Error at Command Line : 1 Column : 20
Error report -
SQL Error: ORA-00904: "QTY": invalid identifier
00904. 00000 -  "%s: invalid identifier"
*Cause:    


SQL> select (price_sold*qty_purchesed)*15/100 as vat,price_sold-price_purchesed as profit from asda;
       VAT     PROFIT
---------- ----------
       4.5        .25
      10.5          1
      4.65         .9
         6         .8


SQL> select (price_sold*qty_purchesed)*15/100 as vat,price_sold-price_purchesed as profit,profit-vat as netprofit from asda;
Error starting at line : 1 in command -
select (price_sold*qty_purchesed)*15/100 as vat,price_sold-price_purchesed as profit,profit-vat as netprofit from asda
Error at Command Line : 1 Column : 93
Error report -
SQL Error: ORA-00904: "VAT": invalid identifier
00904. 00000 -  "%s: invalid identifier"
*Cause:    


SQL> select (price_sold*qty_purchesed)*15/100 as vat,price_sold-price_purchesed as profit,((price_sold*qty_purchesed)*15/100)-(price_sold-price_purchesed as profit) as net_profit from asda;
Error starting at line : 1 in command -
select (price_sold*qty_purchesed)*15/100 as vat,price_sold-price_purchesed as profit,((price_sold*qty_purchesed)*15/100)-(price_sold-price_purchesed as profit) as net_profit from asda
Error at Command Line : 1 Column : 150
Error report -
SQL Error: ORA-00907: missing right parenthesis
00907. 00000 -  "missing right parenthesis"
*Cause:    


SQL> select (price_sold*qty_purchesed)*15/100 as vat,price_sold-price_purchesed as profit,(price_sold*qty_purchesed)*15/100-price_sold-price_purchesed as profit as net_profit from asda;
Error starting at line : 1 in command -
select (price_sold*qty_purchesed)*15/100 as vat,price_sold-price_purchesed as profit,(price_sold*qty_purchesed)*15/100-price_sold-price_purchesed as profit as net_profit from asda
Error at Command Line : 1 Column : 157
Error report -
SQL Error: ORA-00923: FROM keyword not found where expected
00923. 00000 -  "FROM keyword not found where expected"
*Cause:    


SQL> select (price_sold*qty_purchesed)*15/100 as vat from asda;

       VAT
----------
       4.5
      10.5
      4.65
         6


SQL> select price_sold-price_purchesed as profit from asda;

    PROFIT
----------
       .25
         1
        .9
        .8



SQL> select PRODUCT,PRICE_PURCHESED,PRICE_SOLD QTY_PURCHESED,QTY_SOLd, price_sold-price_purchesed as profit from asda;
PRODUCT              PRICE_PURCHESED QTY_PURCHESED   QTY_SOLD     PROFIT
-------------------- --------------- ------------- ---------- ----------
7up                             1.75             2         10        .25
coke                             2.5           3.5         15          1
fanta                            2.2           3.1          5         .9
pepsi                            1.2             2         15         .8


SQL> select PRODUCT,PRICE_PURCHESED,PRICE_SOLD QTY_PURCHESED,QTY_SOLd, price_sold-price_purchesed as profit(price_sold*qty_purchesed)*15/100 as vat from asda;
Error starting at line : 1 in command -
select PRODUCT,PRICE_PURCHESED,PRICE_SOLD QTY_PURCHESED,QTY_SOLd, price_sold-price_purchesed as profit(price_sold*qty_purchesed)*15/100 as vat from asda
Error at Command Line : 1 Column : 103
Error report -
SQL Error: ORA-00923: FROM keyword not found where expected
00923. 00000 -  "FROM keyword not found where expected"
*Cause:    


SQL> select PRODUCT,PRICE_PURCHESED,PRICE_SOLD QTY_PURCHESED,QTY_SOLd, price_sold-price_purchesed as profit,(price_sold*qty_purchesed)*15/100 as vat from asda;
PRODUCT              PRICE_PURCHESED QTY_PURCHESED   QTY_SOLD     PROFIT        VAT
-------------------- --------------- ------------- ---------- ---------- ----------
7up                             1.75             2         10        .25        4.5
coke                             2.5           3.5         15          1       10.5
fanta                            2.2           3.1          5         .9       4.65
pepsi                            1.2             2         15         .8          6


SQL> select (price_sold*qty_purchesed)*15/100 as vat,price_sold-price_purchesed as profit,((price_sold*qty_purchesed)*15/100)-(price_sold-price_purchesed as profit) as net_profit from asda;
Error starting at line : 1 in command -
select (price_sold*qty_purchesed)*15/100 as vat,price_sold-price_purchesed as profit,((price_sold*qty_purchesed)*15/100)-(price_sold-price_purchesed as profit) as net_profit from asda
Error at Command Line : 1 Column : 150
Error report -
SQL Error: ORA-00907: missing right parenthesis
00907. 00000 -  "missing right parenthesis"
*Cause:    


SQL> select product, (price_sold*qty_sold)-(price_purchesed*qty_purchesed) as profit,price_purchesed*qty_purchesed)*15/100 as vat,((price_sold*qty_sold)-(price_purchesed*qty_sold)-(price_purchesed*qty_purchesed))-price_purchesed*qty+purchesed)*15/100 as net_profit from asda;
Error starting at line : 1 in command -
select product, (price_sold*qty_sold)-(price_purchesed*qty_purchesed) as profit,price_purchesed*qty_purchesed)*15/100 as vat,((price_sold*qty_sold)-(price_purchesed*qty_sold)-(price_purchesed*qty_purchesed))-price_purchesed*qty+purchesed)*15/100 as net_profit from asda
Error at Command Line : 1 Column : 110
Error report -
SQL Error: ORA-00923: FROM keyword not found where expected
00923. 00000 -  "FROM keyword not found where expected"
*Cause:    


SQL> select product, (price_sold*qty_sold)-(price_purchesed*qty_purchesed) as profit,(price_purchesed*qty_purchesed)*15/100 as vat,((price_sold*qty_sold)-(price_purchesed*qty_sold)-(price_purchesed*qty_purchesed))-price_purchesed*qty+purchesed)*15/100 as net_profit from asda;
Error starting at line : 1 in command -
select product, (price_sold*qty_sold)-(price_purchesed*qty_purchesed) as profit,(price_purchesed*qty_purchesed)*15/100 as vat,((price_sold*qty_sold)-(price_purchesed*qty_sold)-(price_purchesed*qty_purchesed))-price_purchesed*qty+purchesed)*15/100 as net_profit from asda
Error at Command Line : 1 Column : 239
Error report -
SQL Error: ORA-00923: FROM keyword not found where expected
00923. 00000 -  "FROM keyword not found where expected"
*Cause:    


SQL> select product, (price_sold*qty_sold)-(price_purchesed*qty_purchesed) as profit,(price_purchesed*qty_purchesed)*15/100 as vat,((price_sold*qty_sold)-(price_purchesed*qty_sold)-(price_purchesed*qty_purchesed))-(price_purchesed*qty_purchesed)*15/100 as net_profit from asda;
PRODUCT                  PROFIT        VAT NET_PROFIT
-------------------- ---------- ---------- ----------
7up                       -6.25     3.9375   -27.6875
coke                        2.5        7.5      -42.5
fanta                      -6.5        3.3      -20.8
pepsi                         6        3.6      -15.6


SQL> select product, (price_sold*qty_sold)-(price_purchesed*qty_purchesed) as profit,(price_sold-price_purchesed)*qty_sold*15/100 as vat,((price_sold*qty_sold)-(price_purchesed*qty_sold)-(price_purchesed*qty_purchesed))-(price_purchesed*qty_purchesed)*15/100 as net_profit from asda;
PRODUCT                  PROFIT        VAT NET_PROFIT
-------------------- ---------- ---------- ----------
7up                       -6.25       .375   -27.6875
coke                        2.5       2.25      -42.5
fanta                      -6.5       .675      -20.8
pepsi                         6        1.8      -15.6


SQL> select product, (price_sold*qty_sold)-(price_purchesed*qty_purchesed) as profit,(price_sold-price_purchesed)*qty_sold*15/100 as vat,(price_sold-price_purchesed)*qty_sold-(((price_sold-price_purchesed)*qty_sold)*15/100) as net_profit from asda;
PRODUCT                  PROFIT        VAT NET_PROFIT
-------------------- ---------- ---------- ----------
7up                       -6.25       .375      2.125
coke                        2.5       2.25      12.75
fanta                      -6.5       .675      3.825
pepsi                         6        1.8       10.2


SQL> select product, (price_sold*qty_sold)-(price_sold*qty_sold) as profit,(price_sold-price_purchesed)*qty_sold*15/100 as vat,(price_sold-price_purchesed)*qty_sold-(((price_sold-price_purchesed)*qty_sold)*15/100) as net_profit from asda;
PRODUCT                  PROFIT        VAT NET_PROFIT
-------------------- ---------- ---------- ----------
7up                           0       .375      2.125
coke                          0       2.25      12.75
fanta                         0       .675      3.825
pepsi                         0        1.8       10.2

SQL> select * from employee order by last_name;

Error starting at line : 1 in command -
select * from employee order by last_name
Error at Command Line : 1 Column : 15
Error report -
SQL Error: ORA-00942: table or view does not exist
00942. 00000 -  "table or view does not exist"
*Cause:    


SQL> select * from employee order by 'last_name';
Error starting at line : 1 in command -
select * from employee order by 'last_name'
Error at Command Line : 1 Column : 15
Error report -
SQL Error: ORA-00942: table or view does not exist
00942. 00000 -  "table or view does not exist"
*Cause:    


SQL> select * from employee order by email;
Error starting at line : 1 in command -
select * from employee order by email
Error at Command Line : 1 Column : 15
Error report -
SQL Error: ORA-00942: table or view does not exist
00942. 00000 -  "table or view does not exist"
*Cause:    



SQL> select * from employee;
Error starting at line : 1 in command -
select * from employee
Error at Command Line : 1 Column : 15
Error report -
SQL Error: ORA-00942: table or view does not exist
00942. 00000 -  "table or view does not exist"
*Cause:    


SQL> select * from employees;
EMPLOYEE_ID FIRST_NAME           LAST_NAME                 EMAIL                     PHONE_NUMBER         HIRE_DATE JOB_ID         SALARY COMMISSION_PCT MANAGER_ID DEPARTMENT_ID
----------- -------------------- ------------------------- ------------------------- -------------------- --------- ---------- ---------- -------------- ---------- -------------
        100 Steven               King                      SKING                     515.123.4567         17-JUN-87 AD_PRES         24000 NULL           NULL                  90
        101 Neena                Kochhar                   NKOCHHAR                  515.123.4568         21-SEP-89 AD_VP           17000 NULL                  100            90
        102 Lex                  De Haan                   LDEHAAN                   515.123.4569         13-JAN-93 AD_VP           17000 NULL                  100            90
        103 Alexander            Hunold                    AHUNOLD                   590.423.4567         03-JAN-90 IT_PROG          9000 NULL                  102            60
        104 Bruce                Ernst                     BERNST                    590.423.4568         21-MAY-91 IT_PROG          6000 NULL                  103            60
        105 David                Austin                    DAUSTIN                   590.423.4569         25-JUN-97 IT_PROG          4800 NULL                  103            60
        106 Valli                Pataballa                 VPATABAL                  590.423.4560         05-FEB-98 IT_PROG          4800 NULL                  103            60
        107 Diana                Lorentz                   DLORENTZ                  590.423.5567         07-FEB-99 IT_PROG          4200 NULL                  103            60
        108 Nancy                Greenberg                 NGREENBE                  515.124.4569         17-AUG-94 FI_MGR          12000 NULL                  101           100
        109 Daniel               Faviet                    DFAVIET                   515.124.4169         16-AUG-94 FI_ACCOUNT       9000 NULL                  108           100
        110 John                 Chen                      JCHEN                     515.124.4269         28-SEP-97 FI_ACCOUNT       8200 NULL                  108           100
        111 Ismael               Sciarra                   ISCIARRA                  515.124.4369         30-SEP-97 FI_ACCOUNT       7700 NULL                  108           100
        112 Jose Manuel          Urman                     JMURMAN                   515.124.4469         07-MAR-98 FI_ACCOUNT       7800 NULL                  108           100
        113 Luis                 Popp                      LPOPP                     515.124.4567         07-DEC-99 FI_ACCOUNT       6900 NULL                  108           100
        114 Den                  Raphaely                  DRAPHEAL                  515.127.4561         07-DEC-94 PU_MAN          11000 NULL                  100            30
        115 Alexander            Khoo                      AKHOO                     515.127.4562         18-MAY-95 PU_CLERK         3100 NULL                  114            30
        116 Shelli               Baida                     SBAIDA                    515.127.4563         24-DEC-97 PU_CLERK         2900 NULL                  114            30
        117 Sigal                Tobias                    STOBIAS                   515.127.4564         24-JUL-97 PU_CLERK         2800 NULL                  114            30
        118 Guy                  Himuro                    GHIMURO                   515.127.4565         15-NOV-98 PU_CLERK         2600 NULL                  114            30
        119 Karen                Colmenares                KCOLMENA                  515.127.4566         10-AUG-99 PU_CLERK         2500 NULL                  114            30
        120 Matthew              Weiss                     MWEISS                    650.123.1234         18-JUL-96 ST_MAN           8000 NULL                  100            50

EMPLOYEE_ID FIRST_NAME           LAST_NAME                 EMAIL                     PHONE_NUMBER         HIRE_DATE JOB_ID         SALARY COMMISSION_PCT MANAGER_ID DEPARTMENT_ID
----------- -------------------- ------------------------- ------------------------- -------------------- --------- ---------- ---------- -------------- ---------- -------------
        121 Adam                 Fripp                     AFRIPP                    650.123.2234         10-APR-97 ST_MAN           8200 NULL                  100            50
        122 Payam                Kaufling                  PKAUFLIN                  650.123.3234         01-MAY-95 ST_MAN           7900 NULL                  100            50
        123 Shanta               Vollman                   SVOLLMAN                  650.123.4234         10-OCT-97 ST_MAN           6500 NULL                  100            50
        124 Kevin                Mourgos                   KMOURGOS                  650.123.5234         16-NOV-99 ST_MAN           5800 NULL                  100            50
        125 Julia                Nayer                     JNAYER                    650.124.1214         16-JUL-97 ST_CLERK         3200 NULL                  120            50
        126 Irene                Mikkilineni               IMIKKILI                  650.124.1224         28-SEP-98 ST_CLERK         2700 NULL                  120            50
        127 James                Landry                    JLANDRY                   650.124.1334         14-JAN-99 ST_CLERK         2400 NULL                  120            50
        128 Steven               Markle                    SMARKLE                   650.124.1434         08-MAR-00 ST_CLERK         2200 NULL                  120            50
        129 Laura                Bissot                    LBISSOT                   650.124.5234         20-AUG-97 ST_CLERK         3300 NULL                  121            50
        130 Mozhe                Atkinson                  MATKINSO                  650.124.6234         30-OCT-97 ST_CLERK         2800 NULL                  121            50
        131 James                Marlow                    JAMRLOW                   650.124.7234         16-FEB-97 ST_CLERK         2500 NULL                  121            50
        132 TJ                   Olson                     TJOLSON                   650.124.8234         10-APR-99 ST_CLERK         2100 NULL                  121            50
        133 Jason                Mallin                    JMALLIN                   650.127.1934         14-JUN-96 ST_CLERK         3300 NULL                  122            50
        134 Michael              Rogers                    MROGERS                   650.127.1834         26-AUG-98 ST_CLERK         2900 NULL                  122            50
        135 Ki                   Gee                       KGEE                      650.127.1734         12-DEC-99 ST_CLERK         2400 NULL                  122            50
        136 Hazel                Philtanker                HPHILTAN                  650.127.1634         06-FEB-00 ST_CLERK         2200 NULL                  122            50
        137 Renske               Ladwig                    RLADWIG                   650.121.1234         14-JUL-95 ST_CLERK         3600 NULL                  123            50
        138 Stephen              Stiles                    SSTILES                   650.121.2034         26-OCT-97 ST_CLERK         3200 NULL                  123            50
        139 John                 Seo                       JSEO                      650.121.2019         12-FEB-98 ST_CLERK         2700 NULL                  123            50
        140 Joshua               Patel                     JPATEL                    650.121.1834         06-APR-98 ST_CLERK         2500 NULL                  123            50
        141 Trenna               Rajs                      TRAJS                     650.121.8009         17-OCT-95 ST_CLERK         3500 NULL                  124            50

EMPLOYEE_ID FIRST_NAME           LAST_NAME                 EMAIL                     PHONE_NUMBER         HIRE_DATE JOB_ID         SALARY COMMISSION_PCT MANAGER_ID DEPARTMENT_ID
----------- -------------------- ------------------------- ------------------------- -------------------- --------- ---------- ---------- -------------- ---------- -------------
        142 Curtis               Davies                    CDAVIES                   650.121.2994         29-JAN-97 ST_CLERK         3100 NULL                  124            50
        143 Randall              Matos                     RMATOS                    650.121.2874         15-MAR-98 ST_CLERK         2600 NULL                  124            50
        144 Peter                Vargas                    PVARGAS                   650.121.2004         09-JUL-98 ST_CLERK         2500 NULL                  124            50
        145 John                 Russell                   JRUSSEL                   011.44.1344.429268   01-OCT-96 SA_MAN          14000             .4        100            80
        146 Karen                Partners                  KPARTNER                  011.44.1344.467268   05-JAN-97 SA_MAN          13500             .3        100            80
        147 Alberto              Errazuriz                 AERRAZUR                  011.44.1344.429278   10-MAR-97 SA_MAN          12000             .3        100            80
        148 Gerald               Cambrault                 GCAMBRAU                  011.44.1344.619268   15-OCT-99 SA_MAN          11000             .3        100            80
        149 Eleni                Zlotkey                   EZLOTKEY                  011.44.1344.429018   29-JAN-00 SA_MAN          10500             .2        100            80
        150 Peter                Tucker                    PTUCKER                   011.44.1344.129268   30-JAN-97 SA_REP          10000             .3        145            80
        151 David                Bernstein                 DBERNSTE                  011.44.1344.345268   24-MAR-97 SA_REP           9500            .25        145            80
        152 Peter                Hall                      PHALL                     011.44.1344.478968   20-AUG-97 SA_REP           9000            .25        145            80
        153 Christopher          Olsen                     COLSEN                    011.44.1344.498718   30-MAR-98 SA_REP           8000             .2        145            80
        154 Nanette              Cambrault                 NCAMBRAU                  011.44.1344.987668   09-DEC-98 SA_REP           7500             .2        145            80
        155 Oliver               Tuvault                   OTUVAULT                  011.44.1344.486508   23-NOV-99 SA_REP           7000            .15        145            80
        156 Janette              King                      JKING                     011.44.1345.429268   30-JAN-96 SA_REP          10000            .35        146            80
        157 Patrick              Sully                     PSULLY                    011.44.1345.929268   04-MAR-96 SA_REP           9500            .35        146            80
        158 Allan                McEwen                    AMCEWEN                   011.44.1345.829268   01-AUG-96 SA_REP           9000            .35        146            80
        159 Lindsey              Smith                     LSMITH                    011.44.1345.729268   10-MAR-97 SA_REP           8000             .3        146            80
        160 Louise               Doran                     LDORAN                    011.44.1345.629268   15-DEC-97 SA_REP           7500             .3        146            80
        161 Sarath               Sewall                    SSEWALL                   011.44.1345.529268   03-NOV-98 SA_REP           7000            .25        146            80
        162 Clara                Vishney                   CVISHNEY                  011.44.1346.129268   11-NOV-97 SA_REP          10500            .25        147            80

EMPLOYEE_ID FIRST_NAME           LAST_NAME                 EMAIL                     PHONE_NUMBER         HIRE_DATE JOB_ID         SALARY COMMISSION_PCT MANAGER_ID DEPARTMENT_ID
----------- -------------------- ------------------------- ------------------------- -------------------- --------- ---------- ---------- -------------- ---------- -------------
        163 Danielle             Greene                    DGREENE                   011.44.1346.229268   19-MAR-99 SA_REP           9500            .15        147            80
        164 Mattea               Marvins                   MMARVINS                  011.44.1346.329268   24-JAN-00 SA_REP           7200             .1        147            80
        165 David                Lee                       DLEE                      011.44.1346.529268   23-FEB-00 SA_REP           6800             .1        147            80
        166 Sundar               Ande                      SANDE                     011.44.1346.629268   24-MAR-00 SA_REP           6400             .1        147            80
        167 Amit                 Banda                     ABANDA                    011.44.1346.729268   21-APR-00 SA_REP           6200             .1        147            80
        168 Lisa                 Ozer                      LOZER                     011.44.1343.929268   11-MAR-97 SA_REP          11500            .25        148            80
        169 Harrison             Bloom                     HBLOOM                    011.44.1343.829268   23-MAR-98 SA_REP          10000             .2        148            80
        170 Tayler               Fox                       TFOX                      011.44.1343.729268   24-JAN-98 SA_REP           9600             .2        148            80
        171 William              Smith                     WSMITH                    011.44.1343.629268   23-FEB-99 SA_REP           7400            .15        148            80
        172 Elizabeth            Bates                     EBATES                    011.44.1343.529268   24-MAR-99 SA_REP           7300            .15        148            80
        173 Sundita              Kumar                     SKUMAR                    011.44.1343.329268   21-APR-00 SA_REP           6100             .1        148            80
        174 Ellen                Abel                      EABEL                     011.44.1644.429267   11-MAY-96 SA_REP          11000             .3        149            80
        175 Alyssa               Hutton                    AHUTTON                   011.44.1644.429266   19-MAR-97 SA_REP           8800            .25        149            80
        176 Jonathon             Taylor                    JTAYLOR                   011.44.1644.429265   24-MAR-98 SA_REP           8600             .2        149            80
        177 Jack                 Livingston                JLIVINGS                  011.44.1644.429264   23-APR-98 SA_REP           8400             .2        149            80
        178 Kimberely            Grant                     KGRANT                    011.44.1644.429263   24-MAY-99 SA_REP           7000            .15        149 NULL         
        179 Charles              Johnson                   CJOHNSON                  011.44.1644.429262   04-JAN-00 SA_REP           6200             .1        149            80
        180 Winston              Taylor                    WTAYLOR                   650.507.9876         24-JAN-98 SH_CLERK         3200 NULL                  120            50
        181 Jean                 Fleaur                    JFLEAUR                   650.507.9877         23-FEB-98 SH_CLERK         3100 NULL                  120            50
        182 Martha               Sullivan                  MSULLIVA                  650.507.9878         21-JUN-99 SH_CLERK         2500 NULL                  120            50
        183 Girard               Geoni                     GGEONI                    650.507.9879         03-FEB-00 SH_CLERK         2800 NULL                  120            50

EMPLOYEE_ID FIRST_NAME           LAST_NAME                 EMAIL                     PHONE_NUMBER         HIRE_DATE JOB_ID         SALARY COMMISSION_PCT MANAGER_ID DEPARTMENT_ID
----------- -------------------- ------------------------- ------------------------- -------------------- --------- ---------- ---------- -------------- ---------- -------------
        184 Nandita              Sarchand                  NSARCHAN                  650.509.1876         27-JAN-96 SH_CLERK         4200 NULL                  121            50
        185 Alexis               Bull                      ABULL                     650.509.2876         20-FEB-97 SH_CLERK         4100 NULL                  121            50
        186 Julia                Dellinger                 JDELLING                  650.509.3876         24-JUN-98 SH_CLERK         3400 NULL                  121            50
        187 Anthony              Cabrio                    ACABRIO                   650.509.4876         07-FEB-99 SH_CLERK         3000 NULL                  121            50
        188 Kelly                Chung                     KCHUNG                    650.505.1876         14-JUN-97 SH_CLERK         3800 NULL                  122            50
        189 Jennifer             Dilly                     JDILLY                    650.505.2876         13-AUG-97 SH_CLERK         3600 NULL                  122            50
        190 Timothy              Gates                     TGATES                    650.505.3876         11-JUL-98 SH_CLERK         2900 NULL                  122            50
        191 Randall              Perkins                   RPERKINS                  650.505.4876         19-DEC-99 SH_CLERK         2500 NULL                  122            50
        192 Sarah                Bell                      SBELL                     650.501.1876         04-FEB-96 SH_CLERK         4000 NULL                  123            50
        193 Britney              Everett                   BEVERETT                  650.501.2876         03-MAR-97 SH_CLERK         3900 NULL                  123            50
        194 Samuel               McCain                    SMCCAIN                   650.501.3876         01-JUL-98 SH_CLERK         3200 NULL                  123            50
        195 Vance                Jones                     VJONES                    650.501.4876         17-MAR-99 SH_CLERK         2800 NULL                  123            50
        196 Alana                Walsh                     AWALSH                    650.507.9811         24-APR-98 SH_CLERK         3100 NULL                  124            50
        197 Kevin                Feeney                    KFEENEY                   650.507.9822         23-MAY-98 SH_CLERK         3000 NULL                  124            50
        198 Donald               OConnell                  DOCONNEL                  650.507.9833         21-JUN-99 SH_CLERK         2600 NULL                  124            50
        199 Douglas              Grant                     DGRANT                    650.507.9844         13-JAN-00 SH_CLERK         2600 NULL                  124            50
        200 Jennifer             Whalen                    JWHALEN                   515.123.4444         17-SEP-87 AD_ASST          4400 NULL                  101            10
        201 Michael              Hartstein                 MHARTSTE                  515.123.5555         17-FEB-96 MK_MAN          13000 NULL                  100            20
        202 Pat                  Fay                       PFAY                      603.123.6666         17-AUG-97 MK_REP           6000 NULL                  201            20
        203 Susan                Mavris                    SMAVRIS                   515.123.7777         07-JUN-94 HR_REP           6500 NULL                  101            40
        204 Hermann              Baer                      HBAER                     515.123.8888         07-JUN-94 PR_REP          10000 NULL                  101            70

EMPLOYEE_ID FIRST_NAME           LAST_NAME                 EMAIL                     PHONE_NUMBER         HIRE_DATE JOB_ID         SALARY COMMISSION_PCT MANAGER_ID DEPARTMENT_ID
----------- -------------------- ------------------------- ------------------------- -------------------- --------- ---------- ---------- -------------- ---------- -------------
        205 Shelley              Higgins                   SHIGGINS                  515.123.8080         07-JUN-94 AC_MGR          12000 NULL                  101           110
        206 William              Gietz                     WGIETZ                    515.123.8181         07-JUN-94 AC_ACCOUNT       8300 NULL                  205           110

107 rows selected. 


SQL> select * from employees order by email;
EMPLOYEE_ID FIRST_NAME           LAST_NAME                 EMAIL                     PHONE_NUMBER         HIRE_DATE JOB_ID         SALARY COMMISSION_PCT MANAGER_ID DEPARTMENT_ID
----------- -------------------- ------------------------- ------------------------- -------------------- --------- ---------- ---------- -------------- ---------- -------------
        167 Amit                 Banda                     ABANDA                    011.44.1346.729268   21-APR-00 SA_REP           6200             .1        147            80
        185 Alexis               Bull                      ABULL                     650.509.2876         20-FEB-97 SH_CLERK         4100 NULL                  121            50
        187 Anthony              Cabrio                    ACABRIO                   650.509.4876         07-FEB-99 SH_CLERK         3000 NULL                  121            50
        147 Alberto              Errazuriz                 AERRAZUR                  011.44.1344.429278   10-MAR-97 SA_MAN          12000             .3        100            80
        121 Adam                 Fripp                     AFRIPP                    650.123.2234         10-APR-97 ST_MAN           8200 NULL                  100            50
        103 Alexander            Hunold                    AHUNOLD                   590.423.4567         03-JAN-90 IT_PROG          9000 NULL                  102            60
        175 Alyssa               Hutton                    AHUTTON                   011.44.1644.429266   19-MAR-97 SA_REP           8800            .25        149            80
        115 Alexander            Khoo                      AKHOO                     515.127.4562         18-MAY-95 PU_CLERK         3100 NULL                  114            30
        158 Allan                McEwen                    AMCEWEN                   011.44.1345.829268   01-AUG-96 SA_REP           9000            .35        146            80
        196 Alana                Walsh                     AWALSH                    650.507.9811         24-APR-98 SH_CLERK         3100 NULL                  124            50
        104 Bruce                Ernst                     BERNST                    590.423.4568         21-MAY-91 IT_PROG          6000 NULL                  103            60
        193 Britney              Everett                   BEVERETT                  650.501.2876         03-MAR-97 SH_CLERK         3900 NULL                  123            50
        142 Curtis               Davies                    CDAVIES                   650.121.2994         29-JAN-97 ST_CLERK         3100 NULL                  124            50
        179 Charles              Johnson                   CJOHNSON                  011.44.1644.429262   04-JAN-00 SA_REP           6200             .1        149            80
        153 Christopher          Olsen                     COLSEN                    011.44.1344.498718   30-MAR-98 SA_REP           8000             .2        145            80
        162 Clara                Vishney                   CVISHNEY                  011.44.1346.129268   11-NOV-97 SA_REP          10500            .25        147            80
        105 David                Austin                    DAUSTIN                   590.423.4569         25-JUN-97 IT_PROG          4800 NULL                  103            60
        151 David                Bernstein                 DBERNSTE                  011.44.1344.345268   24-MAR-97 SA_REP           9500            .25        145            80
        109 Daniel               Faviet                    DFAVIET                   515.124.4169         16-AUG-94 FI_ACCOUNT       9000 NULL                  108           100
        199 Douglas              Grant                     DGRANT                    650.507.9844         13-JAN-00 SH_CLERK         2600 NULL                  124            50
        163 Danielle             Greene                    DGREENE                   011.44.1346.229268   19-MAR-99 SA_REP           9500            .15        147            80

EMPLOYEE_ID FIRST_NAME           LAST_NAME                 EMAIL                     PHONE_NUMBER         HIRE_DATE JOB_ID         SALARY COMMISSION_PCT MANAGER_ID DEPARTMENT_ID
----------- -------------------- ------------------------- ------------------------- -------------------- --------- ---------- ---------- -------------- ---------- -------------
        165 David                Lee                       DLEE                      011.44.1346.529268   23-FEB-00 SA_REP           6800             .1        147            80
        107 Diana                Lorentz                   DLORENTZ                  590.423.5567         07-FEB-99 IT_PROG          4200 NULL                  103            60
        198 Donald               OConnell                  DOCONNEL                  650.507.9833         21-JUN-99 SH_CLERK         2600 NULL                  124            50
        114 Den                  Raphaely                  DRAPHEAL                  515.127.4561         07-DEC-94 PU_MAN          11000 NULL                  100            30
        174 Ellen                Abel                      EABEL                     011.44.1644.429267   11-MAY-96 SA_REP          11000             .3        149            80
        172 Elizabeth            Bates                     EBATES                    011.44.1343.529268   24-MAR-99 SA_REP           7300            .15        148            80
        149 Eleni                Zlotkey                   EZLOTKEY                  011.44.1344.429018   29-JAN-00 SA_MAN          10500             .2        100            80
        148 Gerald               Cambrault                 GCAMBRAU                  011.44.1344.619268   15-OCT-99 SA_MAN          11000             .3        100            80
        183 Girard               Geoni                     GGEONI                    650.507.9879         03-FEB-00 SH_CLERK         2800 NULL                  120            50
        118 Guy                  Himuro                    GHIMURO                   515.127.4565         15-NOV-98 PU_CLERK         2600 NULL                  114            30
        204 Hermann              Baer                      HBAER                     515.123.8888         07-JUN-94 PR_REP          10000 NULL                  101            70
        169 Harrison             Bloom                     HBLOOM                    011.44.1343.829268   23-MAR-98 SA_REP          10000             .2        148            80
        136 Hazel                Philtanker                HPHILTAN                  650.127.1634         06-FEB-00 ST_CLERK         2200 NULL                  122            50
        126 Irene                Mikkilineni               IMIKKILI                  650.124.1224         28-SEP-98 ST_CLERK         2700 NULL                  120            50
        111 Ismael               Sciarra                   ISCIARRA                  515.124.4369         30-SEP-97 FI_ACCOUNT       7700 NULL                  108           100
        131 James                Marlow                    JAMRLOW                   650.124.7234         16-FEB-97 ST_CLERK         2500 NULL                  121            50
        110 John                 Chen                      JCHEN                     515.124.4269         28-SEP-97 FI_ACCOUNT       8200 NULL                  108           100
        186 Julia                Dellinger                 JDELLING                  650.509.3876         24-JUN-98 SH_CLERK         3400 NULL                  121            50
        189 Jennifer             Dilly                     JDILLY                    650.505.2876         13-AUG-97 SH_CLERK         3600 NULL                  122            50
        181 Jean                 Fleaur                    JFLEAUR                   650.507.9877         23-FEB-98 SH_CLERK         3100 NULL                  120            50
        156 Janette              King                      JKING                     011.44.1345.429268   30-JAN-96 SA_REP          10000            .35        146            80

EMPLOYEE_ID FIRST_NAME           LAST_NAME                 EMAIL                     PHONE_NUMBER         HIRE_DATE JOB_ID         SALARY COMMISSION_PCT MANAGER_ID DEPARTMENT_ID
----------- -------------------- ------------------------- ------------------------- -------------------- --------- ---------- ---------- -------------- ---------- -------------
        127 James                Landry                    JLANDRY                   650.124.1334         14-JAN-99 ST_CLERK         2400 NULL                  120            50
        177 Jack                 Livingston                JLIVINGS                  011.44.1644.429264   23-APR-98 SA_REP           8400             .2        149            80
        133 Jason                Mallin                    JMALLIN                   650.127.1934         14-JUN-96 ST_CLERK         3300 NULL                  122            50
        112 Jose Manuel          Urman                     JMURMAN                   515.124.4469         07-MAR-98 FI_ACCOUNT       7800 NULL                  108           100
        125 Julia                Nayer                     JNAYER                    650.124.1214         16-JUL-97 ST_CLERK         3200 NULL                  120            50
        140 Joshua               Patel                     JPATEL                    650.121.1834         06-APR-98 ST_CLERK         2500 NULL                  123            50
        145 John                 Russell                   JRUSSEL                   011.44.1344.429268   01-OCT-96 SA_MAN          14000             .4        100            80
        139 John                 Seo                       JSEO                      650.121.2019         12-FEB-98 ST_CLERK         2700 NULL                  123            50
        176 Jonathon             Taylor                    JTAYLOR                   011.44.1644.429265   24-MAR-98 SA_REP           8600             .2        149            80
        200 Jennifer             Whalen                    JWHALEN                   515.123.4444         17-SEP-87 AD_ASST          4400 NULL                  101            10
        188 Kelly                Chung                     KCHUNG                    650.505.1876         14-JUN-97 SH_CLERK         3800 NULL                  122            50
        119 Karen                Colmenares                KCOLMENA                  515.127.4566         10-AUG-99 PU_CLERK         2500 NULL                  114            30
        197 Kevin                Feeney                    KFEENEY                   650.507.9822         23-MAY-98 SH_CLERK         3000 NULL                  124            50
        135 Ki                   Gee                       KGEE                      650.127.1734         12-DEC-99 ST_CLERK         2400 NULL                  122            50
        178 Kimberely            Grant                     KGRANT                    011.44.1644.429263   24-MAY-99 SA_REP           7000            .15        149 NULL         
        124 Kevin                Mourgos                   KMOURGOS                  650.123.5234         16-NOV-99 ST_MAN           5800 NULL                  100            50
        146 Karen                Partners                  KPARTNER                  011.44.1344.467268   05-JAN-97 SA_MAN          13500             .3        100            80
        129 Laura                Bissot                    LBISSOT                   650.124.5234         20-AUG-97 ST_CLERK         3300 NULL                  121            50
        102 Lex                  De Haan                   LDEHAAN                   515.123.4569         13-JAN-93 AD_VP           17000 NULL                  100            90
        160 Louise               Doran                     LDORAN                    011.44.1345.629268   15-DEC-97 SA_REP           7500             .3        146            80
        168 Lisa                 Ozer                      LOZER                     011.44.1343.929268   11-MAR-97 SA_REP          11500            .25        148            80

EMPLOYEE_ID FIRST_NAME           LAST_NAME                 EMAIL                     PHONE_NUMBER         HIRE_DATE JOB_ID         SALARY COMMISSION_PCT MANAGER_ID DEPARTMENT_ID
----------- -------------------- ------------------------- ------------------------- -------------------- --------- ---------- ---------- -------------- ---------- -------------
        113 Luis                 Popp                      LPOPP                     515.124.4567         07-DEC-99 FI_ACCOUNT       6900 NULL                  108           100
        159 Lindsey              Smith                     LSMITH                    011.44.1345.729268   10-MAR-97 SA_REP           8000             .3        146            80
        130 Mozhe                Atkinson                  MATKINSO                  650.124.6234         30-OCT-97 ST_CLERK         2800 NULL                  121            50
        201 Michael              Hartstein                 MHARTSTE                  515.123.5555         17-FEB-96 MK_MAN          13000 NULL                  100            20
        164 Mattea               Marvins                   MMARVINS                  011.44.1346.329268   24-JAN-00 SA_REP           7200             .1        147            80
        134 Michael              Rogers                    MROGERS                   650.127.1834         26-AUG-98 ST_CLERK         2900 NULL                  122            50
        182 Martha               Sullivan                  MSULLIVA                  650.507.9878         21-JUN-99 SH_CLERK         2500 NULL                  120            50
        120 Matthew              Weiss                     MWEISS                    650.123.1234         18-JUL-96 ST_MAN           8000 NULL                  100            50
        154 Nanette              Cambrault                 NCAMBRAU                  011.44.1344.987668   09-DEC-98 SA_REP           7500             .2        145            80
        108 Nancy                Greenberg                 NGREENBE                  515.124.4569         17-AUG-94 FI_MGR          12000 NULL                  101           100
        101 Neena                Kochhar                   NKOCHHAR                  515.123.4568         21-SEP-89 AD_VP           17000 NULL                  100            90
        184 Nandita              Sarchand                  NSARCHAN                  650.509.1876         27-JAN-96 SH_CLERK         4200 NULL                  121            50
        155 Oliver               Tuvault                   OTUVAULT                  011.44.1344.486508   23-NOV-99 SA_REP           7000            .15        145            80
        202 Pat                  Fay                       PFAY                      603.123.6666         17-AUG-97 MK_REP           6000 NULL                  201            20
        152 Peter                Hall                      PHALL                     011.44.1344.478968   20-AUG-97 SA_REP           9000            .25        145            80
        122 Payam                Kaufling                  PKAUFLIN                  650.123.3234         01-MAY-95 ST_MAN           7900 NULL                  100            50
        157 Patrick              Sully                     PSULLY                    011.44.1345.929268   04-MAR-96 SA_REP           9500            .35        146            80
        150 Peter                Tucker                    PTUCKER                   011.44.1344.129268   30-JAN-97 SA_REP          10000             .3        145            80
        144 Peter                Vargas                    PVARGAS                   650.121.2004         09-JUL-98 ST_CLERK         2500 NULL                  124            50
        137 Renske               Ladwig                    RLADWIG                   650.121.1234         14-JUL-95 ST_CLERK         3600 NULL                  123            50
        143 Randall              Matos                     RMATOS                    650.121.2874         15-MAR-98 ST_CLERK         2600 NULL                  124            50

EMPLOYEE_ID FIRST_NAME           LAST_NAME                 EMAIL                     PHONE_NUMBER         HIRE_DATE JOB_ID         SALARY COMMISSION_PCT MANAGER_ID DEPARTMENT_ID
----------- -------------------- ------------------------- ------------------------- -------------------- --------- ---------- ---------- -------------- ---------- -------------
        191 Randall              Perkins                   RPERKINS                  650.505.4876         19-DEC-99 SH_CLERK         2500 NULL                  122            50
        166 Sundar               Ande                      SANDE                     011.44.1346.629268   24-MAR-00 SA_REP           6400             .1        147            80
        116 Shelli               Baida                     SBAIDA                    515.127.4563         24-DEC-97 PU_CLERK         2900 NULL                  114            30
        192 Sarah                Bell                      SBELL                     650.501.1876         04-FEB-96 SH_CLERK         4000 NULL                  123            50
        205 Shelley              Higgins                   SHIGGINS                  515.123.8080         07-JUN-94 AC_MGR          12000 NULL                  101           110
        100 Steven               King                      SKING                     515.123.4567         17-JUN-87 AD_PRES         24000 NULL           NULL                  90
        173 Sundita              Kumar                     SKUMAR                    011.44.1343.329268   21-APR-00 SA_REP           6100             .1        148            80
        128 Steven               Markle                    SMARKLE                   650.124.1434         08-MAR-00 ST_CLERK         2200 NULL                  120            50
        203 Susan                Mavris                    SMAVRIS                   515.123.7777         07-JUN-94 HR_REP           6500 NULL                  101            40
        194 Samuel               McCain                    SMCCAIN                   650.501.3876         01-JUL-98 SH_CLERK         3200 NULL                  123            50
        161 Sarath               Sewall                    SSEWALL                   011.44.1345.529268   03-NOV-98 SA_REP           7000            .25        146            80
        138 Stephen              Stiles                    SSTILES                   650.121.2034         26-OCT-97 ST_CLERK         3200 NULL                  123            50
        117 Sigal                Tobias                    STOBIAS                   515.127.4564         24-JUL-97 PU_CLERK         2800 NULL                  114            30
        123 Shanta               Vollman                   SVOLLMAN                  650.123.4234         10-OCT-97 ST_MAN           6500 NULL                  100            50
        170 Tayler               Fox                       TFOX                      011.44.1343.729268   24-JAN-98 SA_REP           9600             .2        148            80
        190 Timothy              Gates                     TGATES                    650.505.3876         11-JUL-98 SH_CLERK         2900 NULL                  122            50
        132 TJ                   Olson                     TJOLSON                   650.124.8234         10-APR-99 ST_CLERK         2100 NULL                  121            50
        141 Trenna               Rajs                      TRAJS                     650.121.8009         17-OCT-95 ST_CLERK         3500 NULL                  124            50
        195 Vance                Jones                     VJONES                    650.501.4876         17-MAR-99 SH_CLERK         2800 NULL                  123            50
        106 Valli                Pataballa                 VPATABAL                  590.423.4560         05-FEB-98 IT_PROG          4800 NULL                  103            60
        206 William              Gietz                     WGIETZ                    515.123.8181         07-JUN-94 AC_ACCOUNT       8300 NULL                  205           110

EMPLOYEE_ID FIRST_NAME           LAST_NAME                 EMAIL                     PHONE_NUMBER         HIRE_DATE JOB_ID         SALARY COMMISSION_PCT MANAGER_ID DEPARTMENT_ID
----------- -------------------- ------------------------- ------------------------- -------------------- --------- ---------- ---------- -------------- ---------- -------------
        171 William              Smith                     WSMITH                    011.44.1343.629268   23-FEB-99 SA_REP           7400            .15        148            80
        180 Winston              Taylor                    WTAYLOR                   650.507.9876         24-JAN-98 SH_CLERK         3200 NULL                  120            50

107 rows selected. 


SQL> select * from employees order by email desc;
EMPLOYEE_ID FIRST_NAME           LAST_NAME                 EMAIL                     PHONE_NUMBER         HIRE_DATE JOB_ID         SALARY COMMISSION_PCT MANAGER_ID DEPARTMENT_ID
----------- -------------------- ------------------------- ------------------------- -------------------- --------- ---------- ---------- -------------- ---------- -------------
        180 Winston              Taylor                    WTAYLOR                   650.507.9876         24-JAN-98 SH_CLERK         3200 NULL                  120            50
        171 William              Smith                     WSMITH                    011.44.1343.629268   23-FEB-99 SA_REP           7400            .15        148            80
        206 William              Gietz                     WGIETZ                    515.123.8181         07-JUN-94 AC_ACCOUNT       8300 NULL                  205           110
        106 Valli                Pataballa                 VPATABAL                  590.423.4560         05-FEB-98 IT_PROG          4800 NULL                  103            60
        195 Vance                Jones                     VJONES                    650.501.4876         17-MAR-99 SH_CLERK         2800 NULL                  123            50
        141 Trenna               Rajs                      TRAJS                     650.121.8009         17-OCT-95 ST_CLERK         3500 NULL                  124            50
        132 TJ                   Olson                     TJOLSON                   650.124.8234         10-APR-99 ST_CLERK         2100 NULL                  121            50
        190 Timothy              Gates                     TGATES                    650.505.3876         11-JUL-98 SH_CLERK         2900 NULL                  122            50
        170 Tayler               Fox                       TFOX                      011.44.1343.729268   24-JAN-98 SA_REP           9600             .2        148            80
        123 Shanta               Vollman                   SVOLLMAN                  650.123.4234         10-OCT-97 ST_MAN           6500 NULL                  100            50
        117 Sigal                Tobias                    STOBIAS                   515.127.4564         24-JUL-97 PU_CLERK         2800 NULL                  114            30
        138 Stephen              Stiles                    SSTILES                   650.121.2034         26-OCT-97 ST_CLERK         3200 NULL                  123            50
        161 Sarath               Sewall                    SSEWALL                   011.44.1345.529268   03-NOV-98 SA_REP           7000            .25        146            80
        194 Samuel               McCain                    SMCCAIN                   650.501.3876         01-JUL-98 SH_CLERK         3200 NULL                  123            50
        203 Susan                Mavris                    SMAVRIS                   515.123.7777         07-JUN-94 HR_REP           6500 NULL                  101            40
        128 Steven               Markle                    SMARKLE                   650.124.1434         08-MAR-00 ST_CLERK         2200 NULL                  120            50
        173 Sundita              Kumar                     SKUMAR                    011.44.1343.329268   21-APR-00 SA_REP           6100             .1        148            80
        100 Steven               King                      SKING                     515.123.4567         17-JUN-87 AD_PRES         24000 NULL           NULL                  90
        205 Shelley              Higgins                   SHIGGINS                  515.123.8080         07-JUN-94 AC_MGR          12000 NULL                  101           110
        192 Sarah                Bell                      SBELL                     650.501.1876         04-FEB-96 SH_CLERK         4000 NULL                  123            50
        116 Shelli               Baida                     SBAIDA                    515.127.4563         24-DEC-97 PU_CLERK         2900 NULL                  114            30

EMPLOYEE_ID FIRST_NAME           LAST_NAME                 EMAIL                     PHONE_NUMBER         HIRE_DATE JOB_ID         SALARY COMMISSION_PCT MANAGER_ID DEPARTMENT_ID
----------- -------------------- ------------------------- ------------------------- -------------------- --------- ---------- ---------- -------------- ---------- -------------
        166 Sundar               Ande                      SANDE                     011.44.1346.629268   24-MAR-00 SA_REP           6400             .1        147            80
        191 Randall              Perkins                   RPERKINS                  650.505.4876         19-DEC-99 SH_CLERK         2500 NULL                  122            50
        143 Randall              Matos                     RMATOS                    650.121.2874         15-MAR-98 ST_CLERK         2600 NULL                  124            50
        137 Renske               Ladwig                    RLADWIG                   650.121.1234         14-JUL-95 ST_CLERK         3600 NULL                  123            50
        144 Peter                Vargas                    PVARGAS                   650.121.2004         09-JUL-98 ST_CLERK         2500 NULL                  124            50
        150 Peter                Tucker                    PTUCKER                   011.44.1344.129268   30-JAN-97 SA_REP          10000             .3        145            80
        157 Patrick              Sully                     PSULLY                    011.44.1345.929268   04-MAR-96 SA_REP           9500            .35        146            80
        122 Payam                Kaufling                  PKAUFLIN                  650.123.3234         01-MAY-95 ST_MAN           7900 NULL                  100            50
        152 Peter                Hall                      PHALL                     011.44.1344.478968   20-AUG-97 SA_REP           9000            .25        145            80
        202 Pat                  Fay                       PFAY                      603.123.6666         17-AUG-97 MK_REP           6000 NULL                  201            20
        155 Oliver               Tuvault                   OTUVAULT                  011.44.1344.486508   23-NOV-99 SA_REP           7000            .15        145            80
        184 Nandita              Sarchand                  NSARCHAN                  650.509.1876         27-JAN-96 SH_CLERK         4200 NULL                  121            50
        101 Neena                Kochhar                   NKOCHHAR                  515.123.4568         21-SEP-89 AD_VP           17000 NULL                  100            90
        108 Nancy                Greenberg                 NGREENBE                  515.124.4569         17-AUG-94 FI_MGR          12000 NULL                  101           100
        154 Nanette              Cambrault                 NCAMBRAU                  011.44.1344.987668   09-DEC-98 SA_REP           7500             .2        145            80
        120 Matthew              Weiss                     MWEISS                    650.123.1234         18-JUL-96 ST_MAN           8000 NULL                  100            50
        182 Martha               Sullivan                  MSULLIVA                  650.507.9878         21-JUN-99 SH_CLERK         2500 NULL                  120            50
        134 Michael              Rogers                    MROGERS                   650.127.1834         26-AUG-98 ST_CLERK         2900 NULL                  122            50
        164 Mattea               Marvins                   MMARVINS                  011.44.1346.329268   24-JAN-00 SA_REP           7200             .1        147            80
        201 Michael              Hartstein                 MHARTSTE                  515.123.5555         17-FEB-96 MK_MAN          13000 NULL                  100            20
        130 Mozhe                Atkinson                  MATKINSO                  650.124.6234         30-OCT-97 ST_CLERK         2800 NULL                  121            50

EMPLOYEE_ID FIRST_NAME           LAST_NAME                 EMAIL                     PHONE_NUMBER         HIRE_DATE JOB_ID         SALARY COMMISSION_PCT MANAGER_ID DEPARTMENT_ID
----------- -------------------- ------------------------- ------------------------- -------------------- --------- ---------- ---------- -------------- ---------- -------------
        159 Lindsey              Smith                     LSMITH                    011.44.1345.729268   10-MAR-97 SA_REP           8000             .3        146            80
        113 Luis                 Popp                      LPOPP                     515.124.4567         07-DEC-99 FI_ACCOUNT       6900 NULL                  108           100
        168 Lisa                 Ozer                      LOZER                     011.44.1343.929268   11-MAR-97 SA_REP          11500            .25        148            80
        160 Louise               Doran                     LDORAN                    011.44.1345.629268   15-DEC-97 SA_REP           7500             .3        146            80
        102 Lex                  De Haan                   LDEHAAN                   515.123.4569         13-JAN-93 AD_VP           17000 NULL                  100            90
        129 Laura                Bissot                    LBISSOT                   650.124.5234         20-AUG-97 ST_CLERK         3300 NULL                  121            50
        146 Karen                Partners                  KPARTNER                  011.44.1344.467268   05-JAN-97 SA_MAN          13500             .3        100            80
        124 Kevin                Mourgos                   KMOURGOS                  650.123.5234         16-NOV-99 ST_MAN           5800 NULL                  100            50
        178 Kimberely            Grant                     KGRANT                    011.44.1644.429263   24-MAY-99 SA_REP           7000            .15        149 NULL         
        135 Ki                   Gee                       KGEE                      650.127.1734         12-DEC-99 ST_CLERK         2400 NULL                  122            50
        197 Kevin                Feeney                    KFEENEY                   650.507.9822         23-MAY-98 SH_CLERK         3000 NULL                  124            50
        119 Karen                Colmenares                KCOLMENA                  515.127.4566         10-AUG-99 PU_CLERK         2500 NULL                  114            30
        188 Kelly                Chung                     KCHUNG                    650.505.1876         14-JUN-97 SH_CLERK         3800 NULL                  122            50
        200 Jennifer             Whalen                    JWHALEN                   515.123.4444         17-SEP-87 AD_ASST          4400 NULL                  101            10
        176 Jonathon             Taylor                    JTAYLOR                   011.44.1644.429265   24-MAR-98 SA_REP           8600             .2        149            80
        139 John                 Seo                       JSEO                      650.121.2019         12-FEB-98 ST_CLERK         2700 NULL                  123            50
        145 John                 Russell                   JRUSSEL                   011.44.1344.429268   01-OCT-96 SA_MAN          14000             .4        100            80
        140 Joshua               Patel                     JPATEL                    650.121.1834         06-APR-98 ST_CLERK         2500 NULL                  123            50
        125 Julia                Nayer                     JNAYER                    650.124.1214         16-JUL-97 ST_CLERK         3200 NULL                  120            50
        112 Jose Manuel          Urman                     JMURMAN                   515.124.4469         07-MAR-98 FI_ACCOUNT       7800 NULL                  108           100
        133 Jason                Mallin                    JMALLIN                   650.127.1934         14-JUN-96 ST_CLERK         3300 NULL                  122            50

EMPLOYEE_ID FIRST_NAME           LAST_NAME                 EMAIL                     PHONE_NUMBER         HIRE_DATE JOB_ID         SALARY COMMISSION_PCT MANAGER_ID DEPARTMENT_ID
----------- -------------------- ------------------------- ------------------------- -------------------- --------- ---------- ---------- -------------- ---------- -------------
        177 Jack                 Livingston                JLIVINGS                  011.44.1644.429264   23-APR-98 SA_REP           8400             .2        149            80
        127 James                Landry                    JLANDRY                   650.124.1334         14-JAN-99 ST_CLERK         2400 NULL                  120            50
        156 Janette              King                      JKING                     011.44.1345.429268   30-JAN-96 SA_REP          10000            .35        146            80
        181 Jean                 Fleaur                    JFLEAUR                   650.507.9877         23-FEB-98 SH_CLERK         3100 NULL                  120            50
        189 Jennifer             Dilly                     JDILLY                    650.505.2876         13-AUG-97 SH_CLERK         3600 NULL                  122            50
        186 Julia                Dellinger                 JDELLING                  650.509.3876         24-JUN-98 SH_CLERK         3400 NULL                  121            50
        110 John                 Chen                      JCHEN                     515.124.4269         28-SEP-97 FI_ACCOUNT       8200 NULL                  108           100
        131 James                Marlow                    JAMRLOW                   650.124.7234         16-FEB-97 ST_CLERK         2500 NULL                  121            50
        111 Ismael               Sciarra                   ISCIARRA                  515.124.4369         30-SEP-97 FI_ACCOUNT       7700 NULL                  108           100
        126 Irene                Mikkilineni               IMIKKILI                  650.124.1224         28-SEP-98 ST_CLERK         2700 NULL                  120            50
        136 Hazel                Philtanker                HPHILTAN                  650.127.1634         06-FEB-00 ST_CLERK         2200 NULL                  122            50
        169 Harrison             Bloom                     HBLOOM                    011.44.1343.829268   23-MAR-98 SA_REP          10000             .2        148            80
        204 Hermann              Baer                      HBAER                     515.123.8888         07-JUN-94 PR_REP          10000 NULL                  101            70
        118 Guy                  Himuro                    GHIMURO                   515.127.4565         15-NOV-98 PU_CLERK         2600 NULL                  114            30
        183 Girard               Geoni                     GGEONI                    650.507.9879         03-FEB-00 SH_CLERK         2800 NULL                  120            50
        148 Gerald               Cambrault                 GCAMBRAU                  011.44.1344.619268   15-OCT-99 SA_MAN          11000             .3        100            80
        149 Eleni                Zlotkey                   EZLOTKEY                  011.44.1344.429018   29-JAN-00 SA_MAN          10500             .2        100            80
        172 Elizabeth            Bates                     EBATES                    011.44.1343.529268   24-MAR-99 SA_REP           7300            .15        148            80
        174 Ellen                Abel                      EABEL                     011.44.1644.429267   11-MAY-96 SA_REP          11000             .3        149            80
        114 Den                  Raphaely                  DRAPHEAL                  515.127.4561         07-DEC-94 PU_MAN          11000 NULL                  100            30
        198 Donald               OConnell                  DOCONNEL                  650.507.9833         21-JUN-99 SH_CLERK         2600 NULL                  124            50

EMPLOYEE_ID FIRST_NAME           LAST_NAME                 EMAIL                     PHONE_NUMBER         HIRE_DATE JOB_ID         SALARY COMMISSION_PCT MANAGER_ID DEPARTMENT_ID
----------- -------------------- ------------------------- ------------------------- -------------------- --------- ---------- ---------- -------------- ---------- -------------
        107 Diana                Lorentz                   DLORENTZ                  590.423.5567         07-FEB-99 IT_PROG          4200 NULL                  103            60
        165 David                Lee                       DLEE                      011.44.1346.529268   23-FEB-00 SA_REP           6800             .1        147            80
        163 Danielle             Greene                    DGREENE                   011.44.1346.229268   19-MAR-99 SA_REP           9500            .15        147            80
        199 Douglas              Grant                     DGRANT                    650.507.9844         13-JAN-00 SH_CLERK         2600 NULL                  124            50
        109 Daniel               Faviet                    DFAVIET                   515.124.4169         16-AUG-94 FI_ACCOUNT       9000 NULL                  108           100
        151 David                Bernstein                 DBERNSTE                  011.44.1344.345268   24-MAR-97 SA_REP           9500            .25        145            80
        105 David                Austin                    DAUSTIN                   590.423.4569         25-JUN-97 IT_PROG          4800 NULL                  103            60
        162 Clara                Vishney                   CVISHNEY                  011.44.1346.129268   11-NOV-97 SA_REP          10500            .25        147            80
        153 Christopher          Olsen                     COLSEN                    011.44.1344.498718   30-MAR-98 SA_REP           8000             .2        145            80
        179 Charles              Johnson                   CJOHNSON                  011.44.1644.429262   04-JAN-00 SA_REP           6200             .1        149            80
        142 Curtis               Davies                    CDAVIES                   650.121.2994         29-JAN-97 ST_CLERK         3100 NULL                  124            50
        193 Britney              Everett                   BEVERETT                  650.501.2876         03-MAR-97 SH_CLERK         3900 NULL                  123            50
        104 Bruce                Ernst                     BERNST                    590.423.4568         21-MAY-91 IT_PROG          6000 NULL                  103            60
        196 Alana                Walsh                     AWALSH                    650.507.9811         24-APR-98 SH_CLERK         3100 NULL                  124            50
        158 Allan                McEwen                    AMCEWEN                   011.44.1345.829268   01-AUG-96 SA_REP           9000            .35        146            80
        115 Alexander            Khoo                      AKHOO                     515.127.4562         18-MAY-95 PU_CLERK         3100 NULL                  114            30
        175 Alyssa               Hutton                    AHUTTON                   011.44.1644.429266   19-MAR-97 SA_REP           8800            .25        149            80
        103 Alexander            Hunold                    AHUNOLD                   590.423.4567         03-JAN-90 IT_PROG          9000 NULL                  102            60
        121 Adam                 Fripp                     AFRIPP                    650.123.2234         10-APR-97 ST_MAN           8200 NULL                  100            50
        147 Alberto              Errazuriz                 AERRAZUR                  011.44.1344.429278   10-MAR-97 SA_MAN          12000             .3        100            80
        187 Anthony              Cabrio                    ACABRIO                   650.509.4876         07-FEB-99 SH_CLERK         3000 NULL                  121            50

EMPLOYEE_ID FIRST_NAME           LAST_NAME                 EMAIL                     PHONE_NUMBER         HIRE_DATE JOB_ID         SALARY COMMISSION_PCT MANAGER_ID DEPARTMENT_ID
----------- -------------------- ------------------------- ------------------------- -------------------- --------- ---------- ---------- -------------- ---------- -------------
        185 Alexis               Bull                      ABULL                     650.509.2876         20-FEB-97 SH_CLERK         4100 NULL                  121            50
        167 Amit                 Banda                     ABANDA                    011.44.1346.729268   21-APR-00 SA_REP           6200             .1        147            80

107 rows selected. 


SQL> select * from employees order by last_name;
EMPLOYEE_ID FIRST_NAME           LAST_NAME                 EMAIL                     PHONE_NUMBER         HIRE_DATE JOB_ID         SALARY COMMISSION_PCT MANAGER_ID DEPARTMENT_ID
----------- -------------------- ------------------------- ------------------------- -------------------- --------- ---------- ---------- -------------- ---------- -------------
        174 Ellen                Abel                      EABEL                     011.44.1644.429267   11-MAY-96 SA_REP          11000             .3        149            80
        166 Sundar               Ande                      SANDE                     011.44.1346.629268   24-MAR-00 SA_REP           6400             .1        147            80
        130 Mozhe                Atkinson                  MATKINSO                  650.124.6234         30-OCT-97 ST_CLERK         2800 NULL                  121            50
        105 David                Austin                    DAUSTIN                   590.423.4569         25-JUN-97 IT_PROG          4800 NULL                  103            60
        204 Hermann              Baer                      HBAER                     515.123.8888         07-JUN-94 PR_REP          10000 NULL                  101            70
        116 Shelli               Baida                     SBAIDA                    515.127.4563         24-DEC-97 PU_CLERK         2900 NULL                  114            30
        167 Amit                 Banda                     ABANDA                    011.44.1346.729268   21-APR-00 SA_REP           6200             .1        147            80
        172 Elizabeth            Bates                     EBATES                    011.44.1343.529268   24-MAR-99 SA_REP           7300            .15        148            80
        192 Sarah                Bell                      SBELL                     650.501.1876         04-FEB-96 SH_CLERK         4000 NULL                  123            50
        151 David                Bernstein                 DBERNSTE                  011.44.1344.345268   24-MAR-97 SA_REP           9500            .25        145            80
        129 Laura                Bissot                    LBISSOT                   650.124.5234         20-AUG-97 ST_CLERK         3300 NULL                  121            50
        169 Harrison             Bloom                     HBLOOM                    011.44.1343.829268   23-MAR-98 SA_REP          10000             .2        148            80
        185 Alexis               Bull                      ABULL                     650.509.2876         20-FEB-97 SH_CLERK         4100 NULL                  121            50
        187 Anthony              Cabrio                    ACABRIO                   650.509.4876         07-FEB-99 SH_CLERK         3000 NULL                  121            50
        154 Nanette              Cambrault                 NCAMBRAU                  011.44.1344.987668   09-DEC-98 SA_REP           7500             .2        145            80
        148 Gerald               Cambrault                 GCAMBRAU                  011.44.1344.619268   15-OCT-99 SA_MAN          11000             .3        100            80
        110 John                 Chen                      JCHEN                     515.124.4269         28-SEP-97 FI_ACCOUNT       8200 NULL                  108           100
        188 Kelly                Chung                     KCHUNG                    650.505.1876         14-JUN-97 SH_CLERK         3800 NULL                  122            50
        119 Karen                Colmenares                KCOLMENA                  515.127.4566         10-AUG-99 PU_CLERK         2500 NULL                  114            30
        142 Curtis               Davies                    CDAVIES                   650.121.2994         29-JAN-97 ST_CLERK         3100 NULL                  124            50
        102 Lex                  De Haan                   LDEHAAN                   515.123.4569         13-JAN-93 AD_VP           17000 NULL                  100            90

EMPLOYEE_ID FIRST_NAME           LAST_NAME                 EMAIL                     PHONE_NUMBER         HIRE_DATE JOB_ID         SALARY COMMISSION_PCT MANAGER_ID DEPARTMENT_ID
----------- -------------------- ------------------------- ------------------------- -------------------- --------- ---------- ---------- -------------- ---------- -------------
        186 Julia                Dellinger                 JDELLING                  650.509.3876         24-JUN-98 SH_CLERK         3400 NULL                  121            50
        189 Jennifer             Dilly                     JDILLY                    650.505.2876         13-AUG-97 SH_CLERK         3600 NULL                  122            50
        160 Louise               Doran                     LDORAN                    011.44.1345.629268   15-DEC-97 SA_REP           7500             .3        146            80
        104 Bruce                Ernst                     BERNST                    590.423.4568         21-MAY-91 IT_PROG          6000 NULL                  103            60
        147 Alberto              Errazuriz                 AERRAZUR                  011.44.1344.429278   10-MAR-97 SA_MAN          12000             .3        100            80
        193 Britney              Everett                   BEVERETT                  650.501.2876         03-MAR-97 SH_CLERK         3900 NULL                  123            50
        109 Daniel               Faviet                    DFAVIET                   515.124.4169         16-AUG-94 FI_ACCOUNT       9000 NULL                  108           100
        202 Pat                  Fay                       PFAY                      603.123.6666         17-AUG-97 MK_REP           6000 NULL                  201            20
        197 Kevin                Feeney                    KFEENEY                   650.507.9822         23-MAY-98 SH_CLERK         3000 NULL                  124            50
        181 Jean                 Fleaur                    JFLEAUR                   650.507.9877         23-FEB-98 SH_CLERK         3100 NULL                  120            50
        170 Tayler               Fox                       TFOX                      011.44.1343.729268   24-JAN-98 SA_REP           9600             .2        148            80
        121 Adam                 Fripp                     AFRIPP                    650.123.2234         10-APR-97 ST_MAN           8200 NULL                  100            50
        190 Timothy              Gates                     TGATES                    650.505.3876         11-JUL-98 SH_CLERK         2900 NULL                  122            50
        135 Ki                   Gee                       KGEE                      650.127.1734         12-DEC-99 ST_CLERK         2400 NULL                  122            50
        183 Girard               Geoni                     GGEONI                    650.507.9879         03-FEB-00 SH_CLERK         2800 NULL                  120            50
        206 William              Gietz                     WGIETZ                    515.123.8181         07-JUN-94 AC_ACCOUNT       8300 NULL                  205           110
        178 Kimberely            Grant                     KGRANT                    011.44.1644.429263   24-MAY-99 SA_REP           7000            .15        149 NULL         
        199 Douglas              Grant                     DGRANT                    650.507.9844         13-JAN-00 SH_CLERK         2600 NULL                  124            50
        108 Nancy                Greenberg                 NGREENBE                  515.124.4569         17-AUG-94 FI_MGR          12000 NULL                  101           100
        163 Danielle             Greene                    DGREENE                   011.44.1346.229268   19-MAR-99 SA_REP           9500            .15        147            80
        152 Peter                Hall                      PHALL                     011.44.1344.478968   20-AUG-97 SA_REP           9000            .25        145            80

EMPLOYEE_ID FIRST_NAME           LAST_NAME                 EMAIL                     PHONE_NUMBER         HIRE_DATE JOB_ID         SALARY COMMISSION_PCT MANAGER_ID DEPARTMENT_ID
----------- -------------------- ------------------------- ------------------------- -------------------- --------- ---------- ---------- -------------- ---------- -------------
        201 Michael              Hartstein                 MHARTSTE                  515.123.5555         17-FEB-96 MK_MAN          13000 NULL                  100            20
        205 Shelley              Higgins                   SHIGGINS                  515.123.8080         07-JUN-94 AC_MGR          12000 NULL                  101           110
        118 Guy                  Himuro                    GHIMURO                   515.127.4565         15-NOV-98 PU_CLERK         2600 NULL                  114            30
        103 Alexander            Hunold                    AHUNOLD                   590.423.4567         03-JAN-90 IT_PROG          9000 NULL                  102            60
        175 Alyssa               Hutton                    AHUTTON                   011.44.1644.429266   19-MAR-97 SA_REP           8800            .25        149            80
        179 Charles              Johnson                   CJOHNSON                  011.44.1644.429262   04-JAN-00 SA_REP           6200             .1        149            80
        195 Vance                Jones                     VJONES                    650.501.4876         17-MAR-99 SH_CLERK         2800 NULL                  123            50
        122 Payam                Kaufling                  PKAUFLIN                  650.123.3234         01-MAY-95 ST_MAN           7900 NULL                  100            50
        115 Alexander            Khoo                      AKHOO                     515.127.4562         18-MAY-95 PU_CLERK         3100 NULL                  114            30
        100 Steven               King                      SKING                     515.123.4567         17-JUN-87 AD_PRES         24000 NULL           NULL                  90
        156 Janette              King                      JKING                     011.44.1345.429268   30-JAN-96 SA_REP          10000            .35        146            80
        101 Neena                Kochhar                   NKOCHHAR                  515.123.4568         21-SEP-89 AD_VP           17000 NULL                  100            90
        173 Sundita              Kumar                     SKUMAR                    011.44.1343.329268   21-APR-00 SA_REP           6100             .1        148            80
        137 Renske               Ladwig                    RLADWIG                   650.121.1234         14-JUL-95 ST_CLERK         3600 NULL                  123            50
        127 James                Landry                    JLANDRY                   650.124.1334         14-JAN-99 ST_CLERK         2400 NULL                  120            50
        165 David                Lee                       DLEE                      011.44.1346.529268   23-FEB-00 SA_REP           6800             .1        147            80
        177 Jack                 Livingston                JLIVINGS                  011.44.1644.429264   23-APR-98 SA_REP           8400             .2        149            80
        107 Diana                Lorentz                   DLORENTZ                  590.423.5567         07-FEB-99 IT_PROG          4200 NULL                  103            60
        133 Jason                Mallin                    JMALLIN                   650.127.1934         14-JUN-96 ST_CLERK         3300 NULL                  122            50
        128 Steven               Markle                    SMARKLE                   650.124.1434         08-MAR-00 ST_CLERK         2200 NULL                  120            50
        131 James                Marlow                    JAMRLOW                   650.124.7234         16-FEB-97 ST_CLERK         2500 NULL                  121            50

EMPLOYEE_ID FIRST_NAME           LAST_NAME                 EMAIL                     PHONE_NUMBER         HIRE_DATE JOB_ID         SALARY COMMISSION_PCT MANAGER_ID DEPARTMENT_ID
----------- -------------------- ------------------------- ------------------------- -------------------- --------- ---------- ---------- -------------- ---------- -------------
        164 Mattea               Marvins                   MMARVINS                  011.44.1346.329268   24-JAN-00 SA_REP           7200             .1        147            80
        143 Randall              Matos                     RMATOS                    650.121.2874         15-MAR-98 ST_CLERK         2600 NULL                  124            50
        203 Susan                Mavris                    SMAVRIS                   515.123.7777         07-JUN-94 HR_REP           6500 NULL                  101            40
        194 Samuel               McCain                    SMCCAIN                   650.501.3876         01-JUL-98 SH_CLERK         3200 NULL                  123            50
        158 Allan                McEwen                    AMCEWEN                   011.44.1345.829268   01-AUG-96 SA_REP           9000            .35        146            80
        126 Irene                Mikkilineni               IMIKKILI                  650.124.1224         28-SEP-98 ST_CLERK         2700 NULL                  120            50
        124 Kevin                Mourgos                   KMOURGOS                  650.123.5234         16-NOV-99 ST_MAN           5800 NULL                  100            50
        125 Julia                Nayer                     JNAYER                    650.124.1214         16-JUL-97 ST_CLERK         3200 NULL                  120            50
        198 Donald               OConnell                  DOCONNEL                  650.507.9833         21-JUN-99 SH_CLERK         2600 NULL                  124            50
        153 Christopher          Olsen                     COLSEN                    011.44.1344.498718   30-MAR-98 SA_REP           8000             .2        145            80
        132 TJ                   Olson                     TJOLSON                   650.124.8234         10-APR-99 ST_CLERK         2100 NULL                  121            50
        168 Lisa                 Ozer                      LOZER                     011.44.1343.929268   11-MAR-97 SA_REP          11500            .25        148            80
        146 Karen                Partners                  KPARTNER                  011.44.1344.467268   05-JAN-97 SA_MAN          13500             .3        100            80
        106 Valli                Pataballa                 VPATABAL                  590.423.4560         05-FEB-98 IT_PROG          4800 NULL                  103            60
        140 Joshua               Patel                     JPATEL                    650.121.1834         06-APR-98 ST_CLERK         2500 NULL                  123            50
        191 Randall              Perkins                   RPERKINS                  650.505.4876         19-DEC-99 SH_CLERK         2500 NULL                  122            50
        136 Hazel                Philtanker                HPHILTAN                  650.127.1634         06-FEB-00 ST_CLERK         2200 NULL                  122            50
        113 Luis                 Popp                      LPOPP                     515.124.4567         07-DEC-99 FI_ACCOUNT       6900 NULL                  108           100
        141 Trenna               Rajs                      TRAJS                     650.121.8009         17-OCT-95 ST_CLERK         3500 NULL                  124            50
        114 Den                  Raphaely                  DRAPHEAL                  515.127.4561         07-DEC-94 PU_MAN          11000 NULL                  100            30
        134 Michael              Rogers                    MROGERS                   650.127.1834         26-AUG-98 ST_CLERK         2900 NULL                  122            50

EMPLOYEE_ID FIRST_NAME           LAST_NAME                 EMAIL                     PHONE_NUMBER         HIRE_DATE JOB_ID         SALARY COMMISSION_PCT MANAGER_ID DEPARTMENT_ID
----------- -------------------- ------------------------- ------------------------- -------------------- --------- ---------- ---------- -------------- ---------- -------------
        145 John                 Russell                   JRUSSEL                   011.44.1344.429268   01-OCT-96 SA_MAN          14000             .4        100            80
        184 Nandita              Sarchand                  NSARCHAN                  650.509.1876         27-JAN-96 SH_CLERK         4200 NULL                  121            50
        111 Ismael               Sciarra                   ISCIARRA                  515.124.4369         30-SEP-97 FI_ACCOUNT       7700 NULL                  108           100
        139 John                 Seo                       JSEO                      650.121.2019         12-FEB-98 ST_CLERK         2700 NULL                  123            50
        161 Sarath               Sewall                    SSEWALL                   011.44.1345.529268   03-NOV-98 SA_REP           7000            .25        146            80
        159 Lindsey              Smith                     LSMITH                    011.44.1345.729268   10-MAR-97 SA_REP           8000             .3        146            80
        171 William              Smith                     WSMITH                    011.44.1343.629268   23-FEB-99 SA_REP           7400            .15        148            80
        138 Stephen              Stiles                    SSTILES                   650.121.2034         26-OCT-97 ST_CLERK         3200 NULL                  123            50
        182 Martha               Sullivan                  MSULLIVA                  650.507.9878         21-JUN-99 SH_CLERK         2500 NULL                  120            50
        157 Patrick              Sully                     PSULLY                    011.44.1345.929268   04-MAR-96 SA_REP           9500            .35        146            80
        180 Winston              Taylor                    WTAYLOR                   650.507.9876         24-JAN-98 SH_CLERK         3200 NULL                  120            50
        176 Jonathon             Taylor                    JTAYLOR                   011.44.1644.429265   24-MAR-98 SA_REP           8600             .2        149            80
        117 Sigal                Tobias                    STOBIAS                   515.127.4564         24-JUL-97 PU_CLERK         2800 NULL                  114            30
        150 Peter                Tucker                    PTUCKER                   011.44.1344.129268   30-JAN-97 SA_REP          10000             .3        145            80
        155 Oliver               Tuvault                   OTUVAULT                  011.44.1344.486508   23-NOV-99 SA_REP           7000            .15        145            80
        112 Jose Manuel          Urman                     JMURMAN                   515.124.4469         07-MAR-98 FI_ACCOUNT       7800 NULL                  108           100
        144 Peter                Vargas                    PVARGAS                   650.121.2004         09-JUL-98 ST_CLERK         2500 NULL                  124            50
        162 Clara                Vishney                   CVISHNEY                  011.44.1346.129268   11-NOV-97 SA_REP          10500            .25        147            80
        123 Shanta               Vollman                   SVOLLMAN                  650.123.4234         10-OCT-97 ST_MAN           6500 NULL                  100            50
        196 Alana                Walsh                     AWALSH                    650.507.9811         24-APR-98 SH_CLERK         3100 NULL                  124            50
        120 Matthew              Weiss                     MWEISS                    650.123.1234         18-JUL-96 ST_MAN           8000 NULL                  100            50

EMPLOYEE_ID FIRST_NAME           LAST_NAME                 EMAIL                     PHONE_NUMBER         HIRE_DATE JOB_ID         SALARY COMMISSION_PCT MANAGER_ID DEPARTMENT_ID
----------- -------------------- ------------------------- ------------------------- -------------------- --------- ---------- ---------- -------------- ---------- -------------
        200 Jennifer             Whalen                    JWHALEN                   515.123.4444         17-SEP-87 AD_ASST          4400 NULL                  101            10
        149 Eleni                Zlotkey                   EZLOTKEY                  011.44.1344.429018   29-JAN-00 SA_MAN          10500             .2        100            80

107 rows selected. 


SQL> select * from employees order by last_name where emplyee_id > 101;
Error starting at line : 1 in command -
select * from employees order by last_name where emplyee_id > 101
Error at Command Line : 1 Column : 44
Error report -
SQL Error: ORA-00933: SQL command not properly ended
00933. 00000 -  "SQL command not properly ended"
*Cause:    


SQL> select * from employees order by last_name;

EMPLOYEE_ID FIRST_NAME           LAST_NAME                 EMAIL                     PHONE_NUMBER         HIRE_DATE JOB_ID         SALARY COMMISSION_PCT MANAGER_ID DEPARTMENT_ID
----------- -------------------- ------------------------- ------------------------- -------------------- --------- ---------- ---------- -------------- ---------- -------------
        174 Ellen                Abel                      EABEL                     011.44.1644.429267   11-MAY-96 SA_REP          11000             .3        149            80
        166 Sundar               Ande                      SANDE                     011.44.1346.629268   24-MAR-00 SA_REP           6400             .1        147            80
        130 Mozhe                Atkinson                  MATKINSO                  650.124.6234         30-OCT-97 ST_CLERK         2800 NULL                  121            50
        105 David                Austin                    DAUSTIN                   590.423.4569         25-JUN-97 IT_PROG          4800 NULL                  103            60
        204 Hermann              Baer                      HBAER                     515.123.8888         07-JUN-94 PR_REP          10000 NULL                  101            70
        116 Shelli               Baida                     SBAIDA                    515.127.4563         24-DEC-97 PU_CLERK         2900 NULL                  114            30
        167 Amit                 Banda                     ABANDA                    011.44.1346.729268   21-APR-00 SA_REP           6200             .1        147            80
        172 Elizabeth            Bates                     EBATES                    011.44.1343.529268   24-MAR-99 SA_REP           7300            .15        148            80
        192 Sarah                Bell                      SBELL                     650.501.1876         04-FEB-96 SH_CLERK         4000 NULL                  123            50
        151 David                Bernstein                 DBERNSTE                  011.44.1344.345268   24-MAR-97 SA_REP           9500            .25        145            80
        129 Laura                Bissot                    LBISSOT                   650.124.5234         20-AUG-97 ST_CLERK         3300 NULL                  121            50
        169 Harrison             Bloom                     HBLOOM                    011.44.1343.829268   23-MAR-98 SA_REP          10000             .2        148            80
        185 Alexis               Bull                      ABULL                     650.509.2876         20-FEB-97 SH_CLERK         4100 NULL                  121            50
        187 Anthony              Cabrio                    ACABRIO                   650.509.4876         07-FEB-99 SH_CLERK         3000 NULL                  121            50
        154 Nanette              Cambrault                 NCAMBRAU                  011.44.1344.987668   09-DEC-98 SA_REP           7500             .2        145            80
        148 Gerald               Cambrault                 GCAMBRAU                  011.44.1344.619268   15-OCT-99 SA_MAN          11000             .3        100            80
        110 John                 Chen                      JCHEN                     515.124.4269         28-SEP-97 FI_ACCOUNT       8200 NULL                  108           100
        188 Kelly                Chung                     KCHUNG                    650.505.1876         14-JUN-97 SH_CLERK         3800 NULL                  122            50
        119 Karen                Colmenares                KCOLMENA                  515.127.4566         10-AUG-99 PU_CLERK         2500 NULL                  114            30
        142 Curtis               Davies                    CDAVIES                   650.121.2994         29-JAN-97 ST_CLERK         3100 NULL                  124            50
        102 Lex                  De Haan                   LDEHAAN                   515.123.4569         13-JAN-93 AD_VP           17000 NULL                  100            90

EMPLOYEE_ID FIRST_NAME           LAST_NAME                 EMAIL                     PHONE_NUMBER         HIRE_DATE JOB_ID         SALARY COMMISSION_PCT MANAGER_ID DEPARTMENT_ID
----------- -------------------- ------------------------- ------------------------- -------------------- --------- ---------- ---------- -------------- ---------- -------------
        186 Julia                Dellinger                 JDELLING                  650.509.3876         24-JUN-98 SH_CLERK         3400 NULL                  121            50
        189 Jennifer             Dilly                     JDILLY                    650.505.2876         13-AUG-97 SH_CLERK         3600 NULL                  122            50
        160 Louise               Doran                     LDORAN                    011.44.1345.629268   15-DEC-97 SA_REP           7500             .3        146            80
        104 Bruce                Ernst                     BERNST                    590.423.4568         21-MAY-91 IT_PROG          6000 NULL                  103            60
        147 Alberto              Errazuriz                 AERRAZUR                  011.44.1344.429278   10-MAR-97 SA_MAN          12000             .3        100            80
        193 Britney              Everett                   BEVERETT                  650.501.2876         03-MAR-97 SH_CLERK         3900 NULL                  123            50
        109 Daniel               Faviet                    DFAVIET                   515.124.4169         16-AUG-94 FI_ACCOUNT       9000 NULL                  108           100
        202 Pat                  Fay                       PFAY                      603.123.6666         17-AUG-97 MK_REP           6000 NULL                  201            20
        197 Kevin                Feeney                    KFEENEY                   650.507.9822         23-MAY-98 SH_CLERK         3000 NULL                  124            50
        181 Jean                 Fleaur                    JFLEAUR                   650.507.9877         23-FEB-98 SH_CLERK         3100 NULL                  120            50
        170 Tayler               Fox                       TFOX                      011.44.1343.729268   24-JAN-98 SA_REP           9600             .2        148            80
        121 Adam                 Fripp                     AFRIPP                    650.123.2234         10-APR-97 ST_MAN           8200 NULL                  100            50
        190 Timothy              Gates                     TGATES                    650.505.3876         11-JUL-98 SH_CLERK         2900 NULL                  122            50
        135 Ki                   Gee                       KGEE                      650.127.1734         12-DEC-99 ST_CLERK         2400 NULL                  122            50
        183 Girard               Geoni                     GGEONI                    650.507.9879         03-FEB-00 SH_CLERK         2800 NULL                  120            50
        206 William              Gietz                     WGIETZ                    515.123.8181         07-JUN-94 AC_ACCOUNT       8300 NULL                  205           110
        178 Kimberely            Grant                     KGRANT                    011.44.1644.429263   24-MAY-99 SA_REP           7000            .15        149 NULL         
        199 Douglas              Grant                     DGRANT                    650.507.9844         13-JAN-00 SH_CLERK         2600 NULL                  124            50
        108 Nancy                Greenberg                 NGREENBE                  515.124.4569         17-AUG-94 FI_MGR          12000 NULL                  101           100
        163 Danielle             Greene                    DGREENE                   011.44.1346.229268   19-MAR-99 SA_REP           9500            .15        147            80
        152 Peter                Hall                      PHALL                     011.44.1344.478968   20-AUG-97 SA_REP           9000            .25        145            80

EMPLOYEE_ID FIRST_NAME           LAST_NAME                 EMAIL                     PHONE_NUMBER         HIRE_DATE JOB_ID         SALARY COMMISSION_PCT MANAGER_ID DEPARTMENT_ID
----------- -------------------- ------------------------- ------------------------- -------------------- --------- ---------- ---------- -------------- ---------- -------------
        201 Michael              Hartstein                 MHARTSTE                  515.123.5555         17-FEB-96 MK_MAN          13000 NULL                  100            20
        205 Shelley              Higgins                   SHIGGINS                  515.123.8080         07-JUN-94 AC_MGR          12000 NULL                  101           110
        118 Guy                  Himuro                    GHIMURO                   515.127.4565         15-NOV-98 PU_CLERK         2600 NULL                  114            30
        103 Alexander            Hunold                    AHUNOLD                   590.423.4567         03-JAN-90 IT_PROG          9000 NULL                  102            60
        175 Alyssa               Hutton                    AHUTTON                   011.44.1644.429266   19-MAR-97 SA_REP           8800            .25        149            80
        179 Charles              Johnson                   CJOHNSON                  011.44.1644.429262   04-JAN-00 SA_REP           6200             .1        149            80
        195 Vance                Jones                     VJONES                    650.501.4876         17-MAR-99 SH_CLERK         2800 NULL                  123            50
        122 Payam                Kaufling                  PKAUFLIN                  650.123.3234         01-MAY-95 ST_MAN           7900 NULL                  100            50
        115 Alexander            Khoo                      AKHOO                     515.127.4562         18-MAY-95 PU_CLERK         3100 NULL                  114            30
        100 Steven               King                      SKING                     515.123.4567         17-JUN-87 AD_PRES         24000 NULL           NULL                  90
        156 Janette              King                      JKING                     011.44.1345.429268   30-JAN-96 SA_REP          10000            .35        146            80
        101 Neena                Kochhar                   NKOCHHAR                  515.123.4568         21-SEP-89 AD_VP           17000 NULL                  100            90
        173 Sundita              Kumar                     SKUMAR                    011.44.1343.329268   21-APR-00 SA_REP           6100             .1        148            80
        137 Renske               Ladwig                    RLADWIG                   650.121.1234         14-JUL-95 ST_CLERK         3600 NULL                  123            50
        127 James                Landry                    JLANDRY                   650.124.1334         14-JAN-99 ST_CLERK         2400 NULL                  120            50
        165 David                Lee                       DLEE                      011.44.1346.529268   23-FEB-00 SA_REP           6800             .1        147            80
        177 Jack                 Livingston                JLIVINGS                  011.44.1644.429264   23-APR-98 SA_REP           8400             .2        149            80
        107 Diana                Lorentz                   DLORENTZ                  590.423.5567         07-FEB-99 IT_PROG          4200 NULL                  103            60
        133 Jason                Mallin                    JMALLIN                   650.127.1934         14-JUN-96 ST_CLERK         3300 NULL                  122            50
        128 Steven               Markle                    SMARKLE                   650.124.1434         08-MAR-00 ST_CLERK         2200 NULL                  120            50
        131 James                Marlow                    JAMRLOW                   650.124.7234         16-FEB-97 ST_CLERK         2500 NULL                  121            50

EMPLOYEE_ID FIRST_NAME           LAST_NAME                 EMAIL                     PHONE_NUMBER         HIRE_DATE JOB_ID         SALARY COMMISSION_PCT MANAGER_ID DEPARTMENT_ID
----------- -------------------- ------------------------- ------------------------- -------------------- --------- ---------- ---------- -------------- ---------- -------------
        164 Mattea               Marvins                   MMARVINS                  011.44.1346.329268   24-JAN-00 SA_REP           7200             .1        147            80
        143 Randall              Matos                     RMATOS                    650.121.2874         15-MAR-98 ST_CLERK         2600 NULL                  124            50
        203 Susan                Mavris                    SMAVRIS                   515.123.7777         07-JUN-94 HR_REP           6500 NULL                  101            40
        194 Samuel               McCain                    SMCCAIN                   650.501.3876         01-JUL-98 SH_CLERK         3200 NULL                  123            50
        158 Allan                McEwen                    AMCEWEN                   011.44.1345.829268   01-AUG-96 SA_REP           9000            .35        146            80
        126 Irene                Mikkilineni               IMIKKILI                  650.124.1224         28-SEP-98 ST_CLERK         2700 NULL                  120            50
        124 Kevin                Mourgos                   KMOURGOS                  650.123.5234         16-NOV-99 ST_MAN           5800 NULL                  100            50
        125 Julia                Nayer                     JNAYER                    650.124.1214         16-JUL-97 ST_CLERK         3200 NULL                  120            50
        198 Donald               OConnell                  DOCONNEL                  650.507.9833         21-JUN-99 SH_CLERK         2600 NULL                  124            50
        153 Christopher          Olsen                     COLSEN                    011.44.1344.498718   30-MAR-98 SA_REP           8000             .2        145            80
        132 TJ                   Olson                     TJOLSON                   650.124.8234         10-APR-99 ST_CLERK         2100 NULL                  121            50
        168 Lisa                 Ozer                      LOZER                     011.44.1343.929268   11-MAR-97 SA_REP          11500            .25        148            80
        146 Karen                Partners                  KPARTNER                  011.44.1344.467268   05-JAN-97 SA_MAN          13500             .3        100            80
        106 Valli                Pataballa                 VPATABAL                  590.423.4560         05-FEB-98 IT_PROG          4800 NULL                  103            60
        140 Joshua               Patel                     JPATEL                    650.121.1834         06-APR-98 ST_CLERK         2500 NULL                  123            50
        191 Randall              Perkins                   RPERKINS                  650.505.4876         19-DEC-99 SH_CLERK         2500 NULL                  122            50
        136 Hazel                Philtanker                HPHILTAN                  650.127.1634         06-FEB-00 ST_CLERK         2200 NULL                  122            50
        113 Luis                 Popp                      LPOPP                     515.124.4567         07-DEC-99 FI_ACCOUNT       6900 NULL                  108           100
        141 Trenna               Rajs                      TRAJS                     650.121.8009         17-OCT-95 ST_CLERK         3500 NULL                  124            50
        114 Den                  Raphaely                  DRAPHEAL                  515.127.4561         07-DEC-94 PU_MAN          11000 NULL                  100            30
        134 Michael              Rogers                    MROGERS                   650.127.1834         26-AUG-98 ST_CLERK         2900 NULL                  122            50

EMPLOYEE_ID FIRST_NAME           LAST_NAME                 EMAIL                     PHONE_NUMBER         HIRE_DATE JOB_ID         SALARY COMMISSION_PCT MANAGER_ID DEPARTMENT_ID
----------- -------------------- ------------------------- ------------------------- -------------------- --------- ---------- ---------- -------------- ---------- -------------
        145 John                 Russell                   JRUSSEL                   011.44.1344.429268   01-OCT-96 SA_MAN          14000             .4        100            80
        184 Nandita              Sarchand                  NSARCHAN                  650.509.1876         27-JAN-96 SH_CLERK         4200 NULL                  121            50
        111 Ismael               Sciarra                   ISCIARRA                  515.124.4369         30-SEP-97 FI_ACCOUNT       7700 NULL                  108           100
        139 John                 Seo                       JSEO                      650.121.2019         12-FEB-98 ST_CLERK         2700 NULL                  123            50
        161 Sarath               Sewall                    SSEWALL                   011.44.1345.529268   03-NOV-98 SA_REP           7000            .25        146            80
        159 Lindsey              Smith                     LSMITH                    011.44.1345.729268   10-MAR-97 SA_REP           8000             .3        146            80
        171 William              Smith                     WSMITH                    011.44.1343.629268   23-FEB-99 SA_REP           7400            .15        148            80
        138 Stephen              Stiles                    SSTILES                   650.121.2034         26-OCT-97 ST_CLERK         3200 NULL                  123            50
        182 Martha               Sullivan                  MSULLIVA                  650.507.9878         21-JUN-99 SH_CLERK         2500 NULL                  120            50
        157 Patrick              Sully                     PSULLY                    011.44.1345.929268   04-MAR-96 SA_REP           9500            .35        146            80
        180 Winston              Taylor                    WTAYLOR                   650.507.9876         24-JAN-98 SH_CLERK         3200 NULL                  120            50
        176 Jonathon             Taylor                    JTAYLOR                   011.44.1644.429265   24-MAR-98 SA_REP           8600             .2        149            80
        117 Sigal                Tobias                    STOBIAS                   515.127.4564         24-JUL-97 PU_CLERK         2800 NULL                  114            30
        150 Peter                Tucker                    PTUCKER                   011.44.1344.129268   30-JAN-97 SA_REP          10000             .3        145            80
        155 Oliver               Tuvault                   OTUVAULT                  011.44.1344.486508   23-NOV-99 SA_REP           7000            .15        145            80
        112 Jose Manuel          Urman                     JMURMAN                   515.124.4469         07-MAR-98 FI_ACCOUNT       7800 NULL                  108           100
        144 Peter                Vargas                    PVARGAS                   650.121.2004         09-JUL-98 ST_CLERK         2500 NULL                  124            50
        162 Clara                Vishney                   CVISHNEY                  011.44.1346.129268   11-NOV-97 SA_REP          10500            .25        147            80
        123 Shanta               Vollman                   SVOLLMAN                  650.123.4234         10-OCT-97 ST_MAN           6500 NULL                  100            50
        196 Alana                Walsh                     AWALSH                    650.507.9811         24-APR-98 SH_CLERK         3100 NULL                  124            50
        120 Matthew              Weiss                     MWEISS                    650.123.1234         18-JUL-96 ST_MAN           8000 NULL                  100            50

EMPLOYEE_ID FIRST_NAME           LAST_NAME                 EMAIL                     PHONE_NUMBER         HIRE_DATE JOB_ID         SALARY COMMISSION_PCT MANAGER_ID DEPARTMENT_ID
----------- -------------------- ------------------------- ------------------------- -------------------- --------- ---------- ---------- -------------- ---------- -------------
        200 Jennifer             Whalen                    JWHALEN                   515.123.4444         17-SEP-87 AD_ASST          4400 NULL                  101            10
        149 Eleni                Zlotkey                   EZLOTKEY                  011.44.1344.429018   29-JAN-00 SA_MAN          10500             .2        100            80

107 rows selected. 


SQL> select * from employees order by email desc;

EMPLOYEE_ID FIRST_NAME           LAST_NAME                 EMAIL                     PHONE_NUMBER         HIRE_DATE JOB_ID         SALARY COMMISSION_PCT MANAGER_ID DEPARTMENT_ID
----------- -------------------- ------------------------- ------------------------- -------------------- --------- ---------- ---------- -------------- ---------- -------------
        180 Winston              Taylor                    WTAYLOR                   650.507.9876         24-JAN-98 SH_CLERK         3200 NULL                  120            50
        171 William              Smith                     WSMITH                    011.44.1343.629268   23-FEB-99 SA_REP           7400            .15        148            80
        206 William              Gietz                     WGIETZ                    515.123.8181         07-JUN-94 AC_ACCOUNT       8300 NULL                  205           110
        106 Valli                Pataballa                 VPATABAL                  590.423.4560         05-FEB-98 IT_PROG          4800 NULL                  103            60
        195 Vance                Jones                     VJONES                    650.501.4876         17-MAR-99 SH_CLERK         2800 NULL                  123            50
        141 Trenna               Rajs                      TRAJS                     650.121.8009         17-OCT-95 ST_CLERK         3500 NULL                  124            50
        132 TJ                   Olson                     TJOLSON                   650.124.8234         10-APR-99 ST_CLERK         2100 NULL                  121            50
        190 Timothy              Gates                     TGATES                    650.505.3876         11-JUL-98 SH_CLERK         2900 NULL                  122            50
        170 Tayler               Fox                       TFOX                      011.44.1343.729268   24-JAN-98 SA_REP           9600             .2        148            80
        123 Shanta               Vollman                   SVOLLMAN                  650.123.4234         10-OCT-97 ST_MAN           6500 NULL                  100            50
        117 Sigal                Tobias                    STOBIAS                   515.127.4564         24-JUL-97 PU_CLERK         2800 NULL                  114            30
        138 Stephen              Stiles                    SSTILES                   650.121.2034         26-OCT-97 ST_CLERK         3200 NULL                  123            50
        161 Sarath               Sewall                    SSEWALL                   011.44.1345.529268   03-NOV-98 SA_REP           7000            .25        146            80
        194 Samuel               McCain                    SMCCAIN                   650.501.3876         01-JUL-98 SH_CLERK         3200 NULL                  123            50
        203 Susan                Mavris                    SMAVRIS                   515.123.7777         07-JUN-94 HR_REP           6500 NULL                  101            40
        128 Steven               Markle                    SMARKLE                   650.124.1434         08-MAR-00 ST_CLERK         2200 NULL                  120            50
        173 Sundita              Kumar                     SKUMAR                    011.44.1343.329268   21-APR-00 SA_REP           6100             .1        148            80
        100 Steven               King                      SKING                     515.123.4567         17-JUN-87 AD_PRES         24000 NULL           NULL                  90
        205 Shelley              Higgins                   SHIGGINS                  515.123.8080         07-JUN-94 AC_MGR          12000 NULL                  101           110
        192 Sarah                Bell                      SBELL                     650.501.1876         04-FEB-96 SH_CLERK         4000 NULL                  123            50
        116 Shelli               Baida                     SBAIDA                    515.127.4563         24-DEC-97 PU_CLERK         2900 NULL                  114            30

EMPLOYEE_ID FIRST_NAME           LAST_NAME                 EMAIL                     PHONE_NUMBER         HIRE_DATE JOB_ID         SALARY COMMISSION_PCT MANAGER_ID DEPARTMENT_ID
----------- -------------------- ------------------------- ------------------------- -------------------- --------- ---------- ---------- -------------- ---------- -------------
        166 Sundar               Ande                      SANDE                     011.44.1346.629268   24-MAR-00 SA_REP           6400             .1        147            80
        191 Randall              Perkins                   RPERKINS                  650.505.4876         19-DEC-99 SH_CLERK         2500 NULL                  122            50
        143 Randall              Matos                     RMATOS                    650.121.2874         15-MAR-98 ST_CLERK         2600 NULL                  124            50
        137 Renske               Ladwig                    RLADWIG                   650.121.1234         14-JUL-95 ST_CLERK         3600 NULL                  123            50
        144 Peter                Vargas                    PVARGAS                   650.121.2004         09-JUL-98 ST_CLERK         2500 NULL                  124            50
        150 Peter                Tucker                    PTUCKER                   011.44.1344.129268   30-JAN-97 SA_REP          10000             .3        145            80
        157 Patrick              Sully                     PSULLY                    011.44.1345.929268   04-MAR-96 SA_REP           9500            .35        146            80
        122 Payam                Kaufling                  PKAUFLIN                  650.123.3234         01-MAY-95 ST_MAN           7900 NULL                  100            50
        152 Peter                Hall                      PHALL                     011.44.1344.478968   20-AUG-97 SA_REP           9000            .25        145            80
        202 Pat                  Fay                       PFAY                      603.123.6666         17-AUG-97 MK_REP           6000 NULL                  201            20
        155 Oliver               Tuvault                   OTUVAULT                  011.44.1344.486508   23-NOV-99 SA_REP           7000            .15        145            80
        184 Nandita              Sarchand                  NSARCHAN                  650.509.1876         27-JAN-96 SH_CLERK         4200 NULL                  121            50
        101 Neena                Kochhar                   NKOCHHAR                  515.123.4568         21-SEP-89 AD_VP           17000 NULL                  100            90
        108 Nancy                Greenberg                 NGREENBE                  515.124.4569         17-AUG-94 FI_MGR          12000 NULL                  101           100
        154 Nanette              Cambrault                 NCAMBRAU                  011.44.1344.987668   09-DEC-98 SA_REP           7500             .2        145            80
        120 Matthew              Weiss                     MWEISS                    650.123.1234         18-JUL-96 ST_MAN           8000 NULL                  100            50
        182 Martha               Sullivan                  MSULLIVA                  650.507.9878         21-JUN-99 SH_CLERK         2500 NULL                  120            50
        134 Michael              Rogers                    MROGERS                   650.127.1834         26-AUG-98 ST_CLERK         2900 NULL                  122            50
        164 Mattea               Marvins                   MMARVINS                  011.44.1346.329268   24-JAN-00 SA_REP           7200             .1        147            80
        201 Michael              Hartstein                 MHARTSTE                  515.123.5555         17-FEB-96 MK_MAN          13000 NULL                  100            20
        130 Mozhe                Atkinson                  MATKINSO                  650.124.6234         30-OCT-97 ST_CLERK         2800 NULL                  121            50

EMPLOYEE_ID FIRST_NAME           LAST_NAME                 EMAIL                     PHONE_NUMBER         HIRE_DATE JOB_ID         SALARY COMMISSION_PCT MANAGER_ID DEPARTMENT_ID
----------- -------------------- ------------------------- ------------------------- -------------------- --------- ---------- ---------- -------------- ---------- -------------
        159 Lindsey              Smith                     LSMITH                    011.44.1345.729268   10-MAR-97 SA_REP           8000             .3        146            80
        113 Luis                 Popp                      LPOPP                     515.124.4567         07-DEC-99 FI_ACCOUNT       6900 NULL                  108           100
        168 Lisa                 Ozer                      LOZER                     011.44.1343.929268   11-MAR-97 SA_REP          11500            .25        148            80
        160 Louise               Doran                     LDORAN                    011.44.1345.629268   15-DEC-97 SA_REP           7500             .3        146            80
        102 Lex                  De Haan                   LDEHAAN                   515.123.4569         13-JAN-93 AD_VP           17000 NULL                  100            90
        129 Laura                Bissot                    LBISSOT                   650.124.5234         20-AUG-97 ST_CLERK         3300 NULL                  121            50
        146 Karen                Partners                  KPARTNER                  011.44.1344.467268   05-JAN-97 SA_MAN          13500             .3        100            80
        124 Kevin                Mourgos                   KMOURGOS                  650.123.5234         16-NOV-99 ST_MAN           5800 NULL                  100            50
        178 Kimberely            Grant                     KGRANT                    011.44.1644.429263   24-MAY-99 SA_REP           7000            .15        149 NULL         
        135 Ki                   Gee                       KGEE                      650.127.1734         12-DEC-99 ST_CLERK         2400 NULL                  122            50
        197 Kevin                Feeney                    KFEENEY                   650.507.9822         23-MAY-98 SH_CLERK         3000 NULL                  124            50
        119 Karen                Colmenares                KCOLMENA                  515.127.4566         10-AUG-99 PU_CLERK         2500 NULL                  114            30
        188 Kelly                Chung                     KCHUNG                    650.505.1876         14-JUN-97 SH_CLERK         3800 NULL                  122            50
        200 Jennifer             Whalen                    JWHALEN                   515.123.4444         17-SEP-87 AD_ASST          4400 NULL                  101            10
        176 Jonathon             Taylor                    JTAYLOR                   011.44.1644.429265   24-MAR-98 SA_REP           8600             .2        149            80
        139 John                 Seo                       JSEO                      650.121.2019         12-FEB-98 ST_CLERK         2700 NULL                  123            50
        145 John                 Russell                   JRUSSEL                   011.44.1344.429268   01-OCT-96 SA_MAN          14000             .4        100            80
        140 Joshua               Patel                     JPATEL                    650.121.1834         06-APR-98 ST_CLERK         2500 NULL                  123            50
        125 Julia                Nayer                     JNAYER                    650.124.1214         16-JUL-97 ST_CLERK         3200 NULL                  120            50
        112 Jose Manuel          Urman                     JMURMAN                   515.124.4469         07-MAR-98 FI_ACCOUNT       7800 NULL                  108           100
        133 Jason                Mallin                    JMALLIN                   650.127.1934         14-JUN-96 ST_CLERK         3300 NULL                  122            50

EMPLOYEE_ID FIRST_NAME           LAST_NAME                 EMAIL                     PHONE_NUMBER         HIRE_DATE JOB_ID         SALARY COMMISSION_PCT MANAGER_ID DEPARTMENT_ID
----------- -------------------- ------------------------- ------------------------- -------------------- --------- ---------- ---------- -------------- ---------- -------------
        177 Jack                 Livingston                JLIVINGS                  011.44.1644.429264   23-APR-98 SA_REP           8400             .2        149            80
        127 James                Landry                    JLANDRY                   650.124.1334         14-JAN-99 ST_CLERK         2400 NULL                  120            50
        156 Janette              King                      JKING                     011.44.1345.429268   30-JAN-96 SA_REP          10000            .35        146            80
        181 Jean                 Fleaur                    JFLEAUR                   650.507.9877         23-FEB-98 SH_CLERK         3100 NULL                  120            50
        189 Jennifer             Dilly                     JDILLY                    650.505.2876         13-AUG-97 SH_CLERK         3600 NULL                  122            50
        186 Julia                Dellinger                 JDELLING                  650.509.3876         24-JUN-98 SH_CLERK         3400 NULL                  121            50
        110 John                 Chen                      JCHEN                     515.124.4269         28-SEP-97 FI_ACCOUNT       8200 NULL                  108           100
        131 James                Marlow                    JAMRLOW                   650.124.7234         16-FEB-97 ST_CLERK         2500 NULL                  121            50
        111 Ismael               Sciarra                   ISCIARRA                  515.124.4369         30-SEP-97 FI_ACCOUNT       7700 NULL                  108           100
        126 Irene                Mikkilineni               IMIKKILI                  650.124.1224         28-SEP-98 ST_CLERK         2700 NULL                  120            50
        136 Hazel                Philtanker                HPHILTAN                  650.127.1634         06-FEB-00 ST_CLERK         2200 NULL                  122            50
        169 Harrison             Bloom                     HBLOOM                    011.44.1343.829268   23-MAR-98 SA_REP          10000             .2        148            80
        204 Hermann              Baer                      HBAER                     515.123.8888         07-JUN-94 PR_REP          10000 NULL                  101            70
        118 Guy                  Himuro                    GHIMURO                   515.127.4565         15-NOV-98 PU_CLERK         2600 NULL                  114            30
        183 Girard               Geoni                     GGEONI                    650.507.9879         03-FEB-00 SH_CLERK         2800 NULL                  120            50
        148 Gerald               Cambrault                 GCAMBRAU                  011.44.1344.619268   15-OCT-99 SA_MAN          11000             .3        100            80
        149 Eleni                Zlotkey                   EZLOTKEY                  011.44.1344.429018   29-JAN-00 SA_MAN          10500             .2        100            80
        172 Elizabeth            Bates                     EBATES                    011.44.1343.529268   24-MAR-99 SA_REP           7300            .15        148            80
        174 Ellen                Abel                      EABEL                     011.44.1644.429267   11-MAY-96 SA_REP          11000             .3        149            80
        114 Den                  Raphaely                  DRAPHEAL                  515.127.4561         07-DEC-94 PU_MAN          11000 NULL                  100            30
        198 Donald               OConnell                  DOCONNEL                  650.507.9833         21-JUN-99 SH_CLERK         2600 NULL                  124            50

EMPLOYEE_ID FIRST_NAME           LAST_NAME                 EMAIL                     PHONE_NUMBER         HIRE_DATE JOB_ID         SALARY COMMISSION_PCT MANAGER_ID DEPARTMENT_ID
----------- -------------------- ------------------------- ------------------------- -------------------- --------- ---------- ---------- -------------- ---------- -------------
        107 Diana                Lorentz                   DLORENTZ                  590.423.5567         07-FEB-99 IT_PROG          4200 NULL                  103            60
        165 David                Lee                       DLEE                      011.44.1346.529268   23-FEB-00 SA_REP           6800             .1        147            80
        163 Danielle             Greene                    DGREENE                   011.44.1346.229268   19-MAR-99 SA_REP           9500            .15        147            80
        199 Douglas              Grant                     DGRANT                    650.507.9844         13-JAN-00 SH_CLERK         2600 NULL                  124            50
        109 Daniel               Faviet                    DFAVIET                   515.124.4169         16-AUG-94 FI_ACCOUNT       9000 NULL                  108           100
        151 David                Bernstein                 DBERNSTE                  011.44.1344.345268   24-MAR-97 SA_REP           9500            .25        145            80
        105 David                Austin                    DAUSTIN                   590.423.4569         25-JUN-97 IT_PROG          4800 NULL                  103            60
        162 Clara                Vishney                   CVISHNEY                  011.44.1346.129268   11-NOV-97 SA_REP          10500            .25        147            80
        153 Christopher          Olsen                     COLSEN                    011.44.1344.498718   30-MAR-98 SA_REP           8000             .2        145            80
        179 Charles              Johnson                   CJOHNSON                  011.44.1644.429262   04-JAN-00 SA_REP           6200             .1        149            80
        142 Curtis               Davies                    CDAVIES                   650.121.2994         29-JAN-97 ST_CLERK         3100 NULL                  124            50
        193 Britney              Everett                   BEVERETT                  650.501.2876         03-MAR-97 SH_CLERK         3900 NULL                  123            50
        104 Bruce                Ernst                     BERNST                    590.423.4568         21-MAY-91 IT_PROG          6000 NULL                  103            60
        196 Alana                Walsh                     AWALSH                    650.507.9811         24-APR-98 SH_CLERK         3100 NULL                  124            50
        158 Allan                McEwen                    AMCEWEN                   011.44.1345.829268   01-AUG-96 SA_REP           9000            .35        146            80
        115 Alexander            Khoo                      AKHOO                     515.127.4562         18-MAY-95 PU_CLERK         3100 NULL                  114            30
        175 Alyssa               Hutton                    AHUTTON                   011.44.1644.429266   19-MAR-97 SA_REP           8800            .25        149            80
        103 Alexander            Hunold                    AHUNOLD                   590.423.4567         03-JAN-90 IT_PROG          9000 NULL                  102            60
        121 Adam                 Fripp                     AFRIPP                    650.123.2234         10-APR-97 ST_MAN           8200 NULL                  100            50
        147 Alberto              Errazuriz                 AERRAZUR                  011.44.1344.429278   10-MAR-97 SA_MAN          12000             .3        100            80
        187 Anthony              Cabrio                    ACABRIO                   650.509.4876         07-FEB-99 SH_CLERK         3000 NULL                  121            50

EMPLOYEE_ID FIRST_NAME           LAST_NAME                 EMAIL                     PHONE_NUMBER         HIRE_DATE JOB_ID         SALARY COMMISSION_PCT MANAGER_ID DEPARTMENT_ID
----------- -------------------- ------------------------- ------------------------- -------------------- --------- ---------- ---------- -------------- ---------- -------------
        185 Alexis               Bull                      ABULL                     650.509.2876         20-FEB-97 SH_CLERK         4100 NULL                  121            50
        167 Amit                 Banda                     ABANDA                    011.44.1346.729268   21-APR-00 SA_REP           6200             .1        147            80

107 rows selected. 

SQL> command >> output.txt

Error starting at line : 1 in command -
command >> output.txt
Error report -
Unknown Command

SQL> 


SQL> 

SQL> select product, price_purchesed, price_sold, qty_purchesed,qty_sold, (price_sold-price_purchesed)*qty_sold as profit,(price_sold-price_purchesed)*qty_sold*15/100 as vat,(price_sold-price_purchesed)*qty_sold-(((price_sold-price_purchesed)*qty_sold)*15/100) as net_profit from asda;

PRODUCT              PRICE_PURCHESED PRICE_SOLD QTY_PURCHESED   QTY_SOLD     PROFIT        VAT NET_PROFIT
-------------------- --------------- ---------- ------------- ---------- ---------- ---------- ----------
7up                             1.75          2            15         10        2.5       .375      2.125
coke                             2.5        3.5            20         15         15       2.25      12.75
fanta                            2.2        3.1            10          5        4.5       .675      3.825
pepsi                            1.2          2            20         15         12        1.8       10.2

SQL> 
